.. _xbdp quickstart zcu102:

ZCU102 Quick start
===============================================================================

This guide provides quick instructions on how to setup the
:adi:`X-Band Phased Array Platform <resources/evaluation-hardware-and-software/evaluation-boards-kits/x-band-development-platform>` on:

- :xilinx:`ZCU102`

.. image:: ../../images/zcu102.jpg
   :width: 900

.. esd-warning::

Using Linux as software
-------------------------------------------------------------------------------

Necessary files
~~~~~~~~~~~~~~~~~~~~~~~~~~~~~~~~~~~~~~~~~~~~~~~~~~~~~~~~~~~~~~~~~~~~~~~~~~~~~~~

.. note::

  The SD card includes several folders in the root directory of the BOOT
  partition. In order to configure the SD card to work with a specific FPGA
  board and ADI hardware, several files must be copied onto the root directory.
  Using the host PC, drag and drop the required files onto the BOOT partition,
  and use the EJECT function when removing the SD card from the reader.

The following files are needed for the system to boot:

- HDL boot image: ``BOOT.BIN``
- Linux Kernel image: ``Image``
- Linux device tree: ``system.dtb``

They can either be taken from the SD card -- already generated by us, or you
can build them manually:

- Instructions on how to choose the boot files from the SD card can be found in
  the **Platform-Specific Manual Steps** section from here:
  :external+kuiper:ref:`hardware-configuration`.

- Instructions on how to manually build the boot files from source can be found
  here:

   - :ref:`linux-kernel zynqmp`
   - :external+hdl:ref:`ad9081_fmca_ebz_x_band` build documentation. More HDL build details
     at :external+hdl:ref:`build_hdl`.

.. important::

  Some projects provide multiple devicetree files in the SD card's boot
  folders. Make sure you select the devicetree that matches your specific use
  case.

Required Software
~~~~~~~~~~~~~~~~~~~~~~~~~~~~~~~~~~~~~~~~~~~~~~~~~~~~~~~~~~~~~~~~~~~~~~~~~~~~~~~

- SD Card 16GB imaged with :external+kuiper:doc:`Kuiper <index>`
  (check out that guide on how to do it, then come back to this section)
- A UART terminal (Putty/Tera Term/Minicom, etc.) with baud rate 115200 (8N1)

Additional Software
~~~~~~~~~~~~~~~~~~~~~~~~~~~~~~~~~~~~~~~~~~~~~~~~~~~~~~~~~~~~~~~~~~~~~~~~~~~~~~~
- MATLAB

Required Hardware
~~~~~~~~~~~~~~~~~~~~~~~~~~~~~~~~~~~~~~~~~~~~~~~~~~~~~~~~~~~~~~~~~~~~~~~~~~~~~~~

- AMD Xilinx :xilinx:`ZCU102` Rev 1.0 or later FPGA board and its power supply
- :adi:`X-Band Phased Array Platform <resources/evaluation-hardware-and-software/evaluation-boards-kits/x-band-development-platform>` which consists of:
   - 1x :ref:`stingray`
   - 2x ADAR1000EVAL1Z-ANT 10 GHz Lattice Spacing Antenna Tiles
   - 1x :ref:`xud1a`
   - 1x :adi:`AD9081-FMCA-EBZ (MxFE) <resources/evaluation-hardware-and-software/evaluation-boards-kits/eval-ad9081>`
- 2x ADAR1000EVAL1Z-ANT Snap-on Antenna Boards
- `RF Shields <https://www.digikey.com/en/products/detail/laird-technologies-emi/BMI-S-202-C/2175915>`_ (included with ADXUD1AEBZ)
- Interposer Board (included with ADXUD1AEBZ)
- `12V AC/DC Desktop Adapter 12V 200W Wall Supply <https://www.digikey.com/en/products/detail/sl-power-electronics-manufacture-of-condor-ault-brands/TE240A1251F01/6580447>`_
  and `Power Cord <https://www.digikey.com/en/products/detail/tripp-lite/P007-003/5359145?s=N4IgTCBcDaICoBkAcB2ArAWgHIBEQF0BfIA>`_ (both included with ADAR1000EVAL1Z)
- `12V AC/DC Desktop Adapter 12V 30W Wall Supply <https://www.digikey.com/en/products/detail/sl-power-electronics-manufacture-of-condor-ault-brands/ME30A1203F01/5400157>`_
  and `Power Cord <https://www.digikey.com/en/products/detail/tripp-lite/P007-003/5359145?s=N4IgTCBcDaICoBkAcB2ArAWgHIBEQF0BfIA>`_ (both included with ADXUD1AEBZ)
- 2x :mouser:`12-Pin PMOD Cables 8 Inch <200-IDSD06D0800T>` (included with ADAR1000EVAL1Z)
- 4x `12-Pin 0.100” Male-Male Headers <https://www.digikey.com/en/products/detail/samtec-inc/TSW-106-22-T-D/7867287>`_ (included with ADAR1000EVAL1Z)
- 2x :mouser:`12-Pin PMOD Cables 16 Inch <IDSD-06-D-1600-R>`
- (Optional) 1x `14-Pin PMOD Cable 6 Inch <https://www.digikey.com/en/products/detail/assmann-wsw-components/H3AKH-1406G/998997>`_
  :digikey:`14-Pin PMOD Cable 6 Inch <H3AKH-1406G>`
- 1x :mouser:`FMC Extender Board <REF-228680-01>`
- 1x `FMC Ribbon Cable <https://www.digikey.com/en/products/detail/samtec-inc/HDR-169468-01/6678214?Site=US&s=N4IgTCBcDaIBIBEBKBaAjANgJwBYMA4UAGNEAXQF8g>`_
- 4x `2 Ways Power Splitter <https://www.minicircuits.com/WebStore/dashboard.html?model=ZX10-2-183-S%2B>`_
- (Optional) 4x `VLF-8400+ SMA LPF <https://www.minicircuits.com/WebStore/dashboard.html?model=VLF-8400%2B>`_ (ADC)
- (Optional) 4x `VLF-5500+ SMA LPF <https://www.minicircuits.com/WebStore/dashboard.html?model=VLF-5500%2B>`_ (DAC)
- 4x `SMA-M to SMA-M 50 Ohm Adapters <https://www.digikey.com/en/products/detail/amphenol-sv-microwave/2993-6001/6201445>`_
  or `SMA-M to SMA-M 50 Ohm Cables <https://www.centricrf.com/cable-assemblies/sma-cable-assemblies/27-ghz-047-flexible-sma-sma/c589-047-03-sma-27ghz-flexible-cable-047-vswr-1-3-s-steel-sma-3/>`_
- 16x `SMPM-SMA 12 Inch Cables <https://www.centricrf.com/discontinued-products/c575-047-12-cable-mini-smp-f-to-sma-m-047-flexible-27ghz-vswr-1-35-12-clearance/>`_
  (2x included with ADAR1000EVAL1Z, 1x included with ADXUD1AEBZ, 1x included with AD9081-FMC-EBZ)
- 3x `Fan <https://acinfinity.com/axial-1238-120v-ac-muffin-cooling-fan-120mm-x-120mm-x-38mm/>`_
- SD card with at least 16GB of memory (included with AD9081-FMCA-EBZ)
- Micro-USB cable (UART)
- LAN cable (Ethernet)
- (Optional) USB to Ethernet Dongle
- (Optional) RF Signal Generator (20 GHz)
- (Optional) RF Spectrum Analyzer (20 GHz)
- (Optional) Waveform Generator (12 GHz)
- (Optional) USB keyboard & mouse and a HDMI compatible monitor

.. note::

  If using the 10 GHz lattice spacing antenna tiles,
  `SMPM Bullets <https://www.digikey.com/en/products/detail/cinch-connectivity-solutions-johnson/125-0901-811/11623902>`_,
  (included with ADAR1000EVAL1Z-ANT) are recommended to directly connect the
  antenna tiles to the Stingray board. Users can cable out to a custom antenna
  with different lattice spacings, if desired

Testing
~~~~~~~~~~~~~~~~~~~~~~~~~~~~~~~~~~~~~~~~~~~~~~~~~~~~~~~~~~~~~~~~~~~~~~~~~~~~~~~

Creating the setup
^^^^^^^^^^^^^^^^^^^^^^^^^^^^^^^^^^^^^^^^^^^^^^^^^^^^^^^^^^^^^^^^^^^^^^^^^^^^^^^

.. image:: ../images/xbdp-system-block-diagram.png
   :width: 800

Follow the steps in this order, to avoid damaging the components:

#. Connect the :adi:`EVAL-AD9081` FMC board to the
   :xilinx:`ZCU102` HPC0 FMC socket as shown below:

   .. note::
      Don't forget to use the FMC Extender Board to raise the :adi:`EVAL-AD9081` up!

   .. image:: ../images/mxfe_connection.jpg
      :width: 400

#. Connect the :ref:`XUD1A<xud1a>` evaluation board to the :xilinx:`ZCU102`'s
   HPC1 port, using the FMC ribbon cable, interposer board, and 14 pin PMOD
   cable. The FMC ribbon cable is used both to move the interposer board and
   :ref:`XUD1A<xud1a>` away from the
   :adi:`MxFE <resources/evaluation-hardware-and-software/evaluation-boards-kits/eval-ad9081>`
   evaluation board as well as to allow access to the HPC1 connector which is
   otherwise blocked by the
   :adi:`MxFE <resources/evaluation-hardware-and-software/evaluation-boards-kits/eval-ad9081>`
   evaluation board

   .. note::
      The Interposer board PMOD is pin-compatible with the :ref:`XUD1A<xud1a>` PMOD enabling a direct connect.
      The 14-Pin PMOD 6 Inch Cable is optional, but recommended as it allows :ref:`XUD1A<xud1a>` to move away
      from the interposer board for easier RF cabling connections

   The digital connections between the :xilinx:`ZCU102` and the
   :ref:`XUD1A<xud1a>` are shown in the image below:

   .. image:: ../images/xud1a_fmc_v2.png
      :width: 800

#. Connect the :ref:`XUD1A<xud1a>` board to the :adi:`EVAL-AD9081`, using 8 SMPM
   to SMA cables and, optionally, RF Low Pass Filters, as indicated in the table
   below:

   .. note::
      The :ref:`XUD1A<xud1a>` contains IF bandpass filters per channel (FL3, FL6, FL7, FL8). The rejection for
      these filters is not sufficient for optimized system performance and additional rejection is
      required to suppress mixing products, LO feedthrough, DAC image, etc.

   .. list-table::
      :header-rows: 1

      - - Connection #
        - MxFE Connector (SMA)
        - (Optional) RF Filter
        - XUD1A Connector (SMPM)
      - - 1
        - ADC3
        - `VLF-8400+ <https://www.minicircuits.com/WebStore/dashboard.html?model=VLF-8400%2B>`_
        - J10
      - - 2
        - ADC1
        - `VLF-8400+ <https://www.minicircuits.com/WebStore/dashboard.html?model=VLF-8400%2B>`_
        - J8
      - - 3
        - DAC3
        - `VLF-5500+ <https://www.minicircuits.com/WebStore/dashboard.html?model=VLF-5500%2B>`_
        - J9
      - - 4
        - DAC2
        - `VLF-5500+ <https://www.minicircuits.com/WebStore/dashboard.html?model=VLF-5500%2B>`_
        - J7
      - - 5
        - DAC1
        - `VLF-5500+ <https://www.minicircuits.com/WebStore/dashboard.html?model=VLF-5500%2B>`_
        - J5
      - - 6
        - DAC0
        - `VLF-5500+ <https://www.minicircuits.com/WebStore/dashboard.html?model=VLF-5500%2B>`_
        - J1
      - - 7
        - ADC0
        - `VLF-8400+ <https://www.minicircuits.com/WebStore/dashboard.html?model=VLF-8400%2B>`_
        - J6
      - - 8
        - ADC2
        - `VLF-8400+ <https://www.minicircuits.com/WebStore/dashboard.html?model=VLF-8400%2B>`_
        - J2

   The connections between the :ref:`XUD1A<xud1a>`, :adi:`EVAL-AD9081`, and
   :xilinx:`ZCU102` boards should look similar to the image below:

   .. image:: ../images/ad9081-xud1a-connect.png
      :width: 800

#. Connect the :ref:`Stingray<stingray>` board to the PMOD connectors on the
   ZCU102, using the 12 pin PMOD cables and any required adapters, as described
   below:

   - J55 from the ZCU102 should connect to P3 on the :ref:`Stingray<stingray>`
     board
   - J87 from the ZCU102 should connect to P4 on the :ref:`Stingray<stingray>`
     board

   .. note::
      Pin 1 should connect to pin 1. This will require two PMOD cables to vertically flip the pinout from
      the ZCU102 to match that of the :ref:`Stingray<stingray>` board. Length depends on desired setup, but the total length
      of each combined PMOD cable will need to be at least 20“ (50cm). You can use any combination of 12-pin
      cable compatible with PMOD headers and 12 Pin 0.100” Male-Male Headers

   The digital connections between the :xilinx:`ZCU102` and the
   :ref:`Stingray<stingray>` are shown in the image below:

   .. image:: ../images/stingray_zcu102_pmod.png
      :width: 800

#. Connect the :ref:`Stingray<stingray>` to the :ref:`XUD1A<xud1a>`, using 8
   SMPM to SMA cables and 4 SMA to SMA 50 Ohm adapters or cables. The
   :ref:`XUD1A<xud1a>` has 4 RFIO ports whereas the :ref:`Stingray<stingray>`
   board has 8. For this system, the :ref:`Stingray's<stingray>` 8 channels will
   be paired using external splitter/combiners to create 4 digital channels
   which can interface with the :ref:`XUD1A<xud1a>` and
   :adi:`MxFE <resources/evaluation-hardware-and-software/evaluation-boards-kits/eval-ad9081>`.
   The tables below show how these connections should be made:

   .. list-table::
      :header-rows: 1

      - - Connection #
        - Stingray Connectors (SMPM)
        - Splitter # (Ports 1/2) (SMA)
      - - 1
        - J1, J3
        - 1
      - - 2
        - J2, J4
        - 2
      - - 3
        - J6, J8
        - 3
      - - 4
        - J5, J7
        - 4

   .. list-table::
      :header-rows: 1

      - - Connection #
        - XUD1A Connectors (SMA)
        - Splitter # (Sum Port) (SMA)
      - - 1
        - J1D
        - 1
      - - 2
        - J1C
        - 2
      - - 3
        - J1B
        - 3
      - - 4
        - J1A
        - 4

   The connection between the :ref:`XUD1A<xud1a>` and :ref:`Stingray<stingray>`
   boards should look similar to the one in the image below:

   .. image:: ../images/xud1a_stingray_connection.jpg
    :width: 600

#. Insert SD card into the SD card socket on the FPGA
#. Configure :xilinx:`ZCU102` for SD card boot mode (mode SW6[4:1] switch in the
   position **OFF,OFF,OFF,ON** as seen in the below picture)

   .. image:: ../../images/zcu102_1p0_bootmode.jpg
      :width: 400

#. Plug-in an RJ45 Ethernet cable from your router/switch to the Ethernet port
   on the FPGA board

   .. note::

     Modifications to the network settings can be made following the guidance
     detailed on the :dokuwiki:`Network Configuration <resources/tools-software/linux-software/network-config>`
     wiki

   .. _xbdp quickstart zcu102 uart:

#. Connect USB UART J83 (Micro-USB) to your host PC

   .. note::

     If the USB to UART bridge is not installed or automatically recognized,
     then a `driver <https://www.silabs.com/software-and-tools/usb-to-uart-bridge-vcp-drivers?tab=downloads>`_
     must be installed. This will allow control using the UART connection
     through PuTTy or other SSH/Telnet Client

   The COM port can be identified through the device manager as the standard COM
   port:

   .. image:: ../images/comport.png
      :width: 600

#. (Optional) Connect a monitor to the FPGA by HDMI, and a mouse and a keyboard.
   This requires setting the :xilinx:`ZCU102` in USB Host Mode by configuring
   the jumpers as indicated below:

   - Shunt J7
   - J109 → Shunt pins 2-3
   - J110 → Shunt pins 2-3
   - J112 → Shunt pins 1-2
   - J113 → Shunt pins 1-2

   .. image:: ../../images/zcu102_usb_host_mode.jpg
      :width: 400

   .. note::

     If Display Port output is not working (and control using the UART
     connection through PuTTy), try
     :dokuwiki:`this <resources/eval/user-guides/ad-fmcomms2-ebz/software/linux/zynqmp#displayport_-_no_picture>`
     procedure at the bottom of the page

#. Connect the provided power adapters for the :xilinx:`ZCU102`,
   :ref:`XUD1A<xud1a>`, and :ref:`Stingray <stingray>` boards
#. Turn on the power switch on the FPGA board
#. Observe Kernel and serial console output messages on your terminal (use the
   first ttyUSB or COM port registered)

Boot messages
^^^^^^^^^^^^^^^^^^^^^^^^^^^^^^^^^^^^^^^^^^^^^^^^^^^^^^^^^^^^^^^^^^^^^^^^^^^^^^^

The following is what is printed in the serial console, after you have
connected to the proper ttyUSB or COM port:

.. important::

    Due to the Stingray power-up sequence, ``Failed to read/write scratchpad``
    errors are expected. However, this does not affect proper working of the
    device.

.. collapsible:: Complete boot log

   ::

      U-Boot 2018.01-01677-geb93226123b (Mar 09 2026 - 12:20:54 +0200) Xilinx ZynqMP ZCU102 revA, Build: jenkins-development-build_uboot-69

      I2C:   ready
      DRAM:  4 GiB
      EL Level:       EL2
      Chip ID:        zu9eg
      MMC:   sdhci@ff170000: 0 (SD)
      *** Warning - bad CRC, using default environment

      In:    serial@ff000000
      Out:   serial@ff000000
      Err:   serial@ff000000
      Bootmode: LVL_SHFT_SD_MODE1
      Net:   ZYNQ GEM: ff0e0000, phyaddr 15, interface rgmii-id

      Warning: ethernet@ff0e0000 (eth0) using random MAC address - a2:e3:7e:26:a0:40
      eth0: ethernet@ff0e0000
      Hit any key to stop autoboot:  0
      switch to partitions #0, OK
      mmc0 is current device
      Device: sdhci@ff170000
      Manufacturer ID: 3
      OEM: 5344
      Name: SL16G
      Tran Speed: 50000000
      Rd Block Len: 512
      SD version 3.0
      High Capacity: Yes
      Capacity: 14.8 GiB
      Bus Width: 4-bit
      Erase Group Size: 512 Bytes
      reading system.dtb
      73091 bytes read in 26 ms (2.7 MiB/s)
      reading Image
      48239104 bytes read in 3174 ms (14.5 MiB/s)
      ## Flattened Device Tree blob at 04000000
        Booting using the fdt blob at 0x4000000
        Loading Device Tree to 000000000ffeb000, end 000000000ffffd82 ... OK

      Starting kernel ...

      [    0.000000] Booting Linux on physical CPU 0x0000000000 [0x410fd034]
      [    0.000000] Linux version 6.12.77-g74aa3bd4fa60 (root@aed3fdd14421) (aarch64-linux-gnu-gcc (Ubuntu 13.3.0-6ubuntu2~24.04.1) 13.3.0, GNU ld (GNU Binutils for                Ubuntu) 2.42) #1 SMP Thu Apr 23 08:27:30 UTC 2026
      [    0.000000] Machine model: Stingray ZynqMP ZCU102 Rev1.0
      [    0.000000] earlycon: cdns0 at MMIO 0x00000000ff000000 (options '115200n8')
      [    0.000000] printk: legacy bootconsole [cdns0] enabled
      [    0.000000] efi: UEFI not found.
      [    0.000000] OF: reserved mem: 0x000000003ed00000..0x000000003ed3ffff (256 KiB) nomap non-reusable memory@3ed00000
      [    0.000000] OF: reserved mem: 0x000000003ef00000..0x000000003ef3ffff (256 KiB) nomap non-reusable memory@3ef00000
      [    0.000000] Zone ranges:
      [    0.000000]   DMA      [mem 0x0000000000000000-0x00000000ffffffff]
      [    0.000000]   DMA32    empty
      [    0.000000]   Normal   [mem 0x0000000100000000-0x000000087fffffff]
      [    0.000000] Movable zone start for each node
      [    0.000000] Early memory node ranges
      [    0.000000]   node   0: [mem 0x0000000000000000-0x000000003ecfffff]
      [    0.000000]   node   0: [mem 0x000000003ed00000-0x000000003ed3ffff]
      [    0.000000]   node   0: [mem 0x000000003ed40000-0x000000003eefffff]
      [    0.000000]   node   0: [mem 0x000000003ef00000-0x000000003ef3ffff]
      [    0.000000]   node   0: [mem 0x000000003ef40000-0x000000007fffffff]
      [    0.000000]   node   0: [mem 0x0000000800000000-0x000000087fffffff]
      [    0.000000] Initmem setup node 0 [mem 0x0000000000000000-0x000000087fffffff]
      [    0.000000] cma: Reserved 256 MiB at 0x0000000070000000 on node -1
      [    0.000000] psci: probing for conduit method from DT.
      [    0.000000] psci: PSCIv1.1 detected in firmware.
      [    0.000000] psci: Using standard PSCI v0.2 function IDs
      [    0.000000] psci: MIGRATE_INFO_TYPE not supported.
      [    0.000000] psci: SMC Calling Convention v1.5
      [    0.000000] percpu: Embedded 29 pages/cpu s79576 r8192 d31016 u118784
      [    0.000000] Detected VIPT I-cache on CPU0
      [    0.000000] CPU features: detected: ARM erratum 845719
      [    0.000000] alternatives: applying boot alternatives
      [    0.000000] Kernel command line: earlycon clk_ignore_unused root=/dev/mmcblk0p2 rw rootwait
      [    0.000000] Dentry cache hash table entries: 524288 (order: 10, 4194304 bytes, linear)
      [    0.000000] Inode-cache hash table entries: 262144 (order: 9, 2097152 bytes, linear)
      [    0.000000] Built 1 zonelists, mobility grouping on.  Total pages: 1048576
      [    0.000000] mem auto-init: stack:all(zero), heap alloc:off, heap free:off
      [    0.000000] software IO TLB: area num 4.
      [    0.000000] software IO TLB: mapped [mem 0x000000006c000000-0x0000000070000000] (64MB)
      [    0.000000] SLUB: HWalign=64, Order=0-3, MinObjects=0, CPUs=4, Nodes=1
      [    0.000000] rcu: Hierarchical RCU implementation.
      [    0.000000] rcu:     RCU event tracing is enabled.
      [    0.000000] rcu:     RCU restricting CPUs from NR_CPUS=8 to nr_cpu_ids=4.
      [    0.000000]  Tracing variant of Tasks RCU enabled.
      [    0.000000] rcu: RCU calculated value of scheduler-enlistment delay is 25 jiffies.
      [    0.000000] rcu: Adjusting geometry for rcu_fanout_leaf=16, nr_cpu_ids=4
      [    0.000000] RCU Tasks Trace: Setting shift to 2 and lim to 1 rcu_task_cb_adjust=1 rcu_task_cpu_ids=4.
      [    0.000000] NR_IRQS: 64, nr_irqs: 64, preallocated irqs: 0
      [    0.000000] GIC: Adjusting CPU interface base to 0x00000000f902f000
      [    0.000000] Root IRQ handler: gic_handle_irq
      [    0.000000] GIC: Using split EOI/Deactivate mode
      [    0.000000] rcu: srcu_init: Setting srcu_struct sizes based on contention.
      [    0.000000] arch_timer: cp15 timer(s) running at 100.00MHz (phys).
      [    0.000000] clocksource: arch_sys_counter: mask: 0x1ffffffffffffff max_cycles: 0x171024e7e0, max_idle_ns: 440795205315 ns
      [    0.000000] sched_clock: 57 bits at 100MHz, resolution 10ns, wraps every 4398046511100ns
      [    0.008405] Console: colour dummy device 80x25
      [    0.012465] printk: legacy console [tty0] enabled
      [    0.017130] printk: legacy bootconsole [cdns0] disabled
      [    0.000000] Booting Linux on physical CPU 0x0000000000 [0x410fd034]
      [    0.000000] Linux version 6.12.77-g74aa3bd4fa60 (root@aed3fdd14421) (aarch64-linux-gnu-gcc (Ubuntu 13.3.0-6ubuntu2~24.04.1) 13.3.0, GNU ld (GNU Binutils for                Ubuntu) 2.42) #1 SMP Thu Apr 23 08:27:30 UTC 2026
      [    0.000000] Machine model: Stingray ZynqMP ZCU102 Rev1.0
      [    0.000000] earlycon: cdns0 at MMIO 0x00000000ff000000 (options '115200n8')
      [    0.000000] printk: legacy bootconsole [cdns0] enabled
      [    0.000000] efi: UEFI not found.
      [    0.000000] OF: reserved mem: 0x000000003ed00000..0x000000003ed3ffff (256 KiB) nomap non-reusable memory@3ed00000
      [    0.000000] OF: reserved mem: 0x000000003ef00000..0x000000003ef3ffff (256 KiB) nomap non-reusable memory@3ef00000
      [    0.000000] Zone ranges:
      [    0.000000]   DMA      [mem 0x0000000000000000-0x00000000ffffffff]
      [    0.000000]   DMA32    empty
      [    0.000000]   Normal   [mem 0x0000000100000000-0x000000087fffffff]
      [    0.000000] Movable zone start for each node
      [    0.000000] Early memory node ranges
      [    0.000000]   node   0: [mem 0x0000000000000000-0x000000003ecfffff]
      [    0.000000]   node   0: [mem 0x000000003ed00000-0x000000003ed3ffff]
      [    0.000000]   node   0: [mem 0x000000003ed40000-0x000000003eefffff]
      [    0.000000]   node   0: [mem 0x000000003ef00000-0x000000003ef3ffff]
      [    0.000000]   node   0: [mem 0x000000003ef40000-0x000000007fffffff]
      [    0.000000]   node   0: [mem 0x0000000800000000-0x000000087fffffff]
      [    0.000000] Initmem setup node 0 [mem 0x0000000000000000-0x000000087fffffff]
      [    0.000000] cma: Reserved 256 MiB at 0x0000000070000000 on node -1
      [    0.000000] psci: probing for conduit method from DT.
      [    0.000000] psci: PSCIv1.1 detected in firmware.
      [    0.000000] psci: Using standard PSCI v0.2 function IDs
      [    0.000000] psci: MIGRATE_INFO_TYPE not supported.
      [    0.000000] psci: SMC Calling Convention v1.5
      [    0.000000] percpu: Embedded 29 pages/cpu s79576 r8192 d31016 u118784
      [    0.000000] Detected VIPT I-cache on CPU0
      [    0.000000] CPU features: detected: ARM erratum 845719
      [    0.000000] alternatives: applying boot alternatives
      [    0.000000] Kernel command line: earlycon clk_ignore_unused root=/dev/mmcblk0p2 rw rootwait
      [    0.000000] Dentry cache hash table entries: 524288 (order: 10, 4194304 bytes, linear)
      [    0.000000] Inode-cache hash table entries: 262144 (order: 9, 2097152 bytes, linear)
      [    0.000000] Built 1 zonelists, mobility grouping on.  Total pages: 1048576
      [    0.000000] mem auto-init: stack:all(zero), heap alloc:off, heap free:off
      [    0.000000] software IO TLB: area num 4.
      [    0.000000] software IO TLB: mapped [mem 0x000000006c000000-0x0000000070000000] (64MB)
      [    0.000000] SLUB: HWalign=64, Order=0-3, MinObjects=0, CPUs=4, Nodes=1
      [    0.000000] rcu: Hierarchical RCU implementation.
      [    0.000000] rcu:     RCU event tracing is enabled.
      [    0.000000] rcu:     RCU restricting CPUs from NR_CPUS=8 to nr_cpu_ids=4.
      [    0.000000]  Tracing variant of Tasks RCU enabled.
      [    0.000000] rcu: RCU calculated value of scheduler-enlistment delay is 25 jiffies.
      [    0.000000] rcu: Adjusting geometry for rcu_fanout_leaf=16, nr_cpu_ids=4
      [    0.000000] RCU Tasks Trace: Setting shift to 2 and lim to 1 rcu_task_cb_adjust=1 rcu_task_cpu_ids=4.
      [    0.000000] NR_IRQS: 64, nr_irqs: 64, preallocated irqs: 0
      [    0.000000] GIC: Adjusting CPU interface base to 0x00000000f902f000
      [    0.000000] Root IRQ handler: gic_handle_irq
      [    0.000000] GIC: Using split EOI/Deactivate mode
      [    0.000000] rcu: srcu_init: Setting srcu_struct sizes based on contention.
      [    0.000000] arch_timer: cp15 timer(s) running at 100.00MHz (phys).
      [    0.000000] clocksource: arch_sys_counter: mask: 0x1ffffffffffffff max_cycles: 0x171024e7e0, max_idle_ns: 440795205315 ns
      [    0.000000] sched_clock: 57 bits at 100MHz, resolution 10ns, wraps every 4398046511100ns
      [    0.008405] Console: colour dummy device 80x25
      [    0.012465] printk: legacy console [tty0] enabled
      [    0.017130] printk: legacy bootconsole [cdns0] disabled
      [    0.022351] Calibrating delay loop (skipped), value calculated using timer frequency.. 200.00 BogoMIPS (lpj=400000)
      [    0.022371] pid_max: default: 32768 minimum: 301
      [    0.022478] Mount-cache hash table entries: 8192 (order: 4, 65536 bytes, linear)
      [    0.022503] Mountpoint-cache hash table entries: 8192 (order: 4, 65536 bytes, linear)
      [    0.024098] rcu: Hierarchical SRCU implementation.
      [    0.024111] rcu:     Max phase no-delay instances is 1000.
      [    0.024301] Timer migration: 1 hierarchy levels; 8 children per group; 1 crossnode level
      [    0.024421] EFI services will not be available.
      [    0.024599] smp: Bringing up secondary CPUs ...
      [    0.025045] Detected VIPT I-cache on CPU1
      [    0.025111] CPU1: Booted secondary processor 0x0000000001 [0x410fd034]
      [    0.025602] Detected VIPT I-cache on CPU2
      [    0.025647] CPU2: Booted secondary processor 0x0000000002 [0x410fd034]
      [    0.026094] Detected VIPT I-cache on CPU3
      [    0.026139] CPU3: Booted secondary processor 0x0000000003 [0x410fd034]
      [    0.026205] smp: Brought up 1 node, 4 CPUs
      [    0.026245] SMP: Total of 4 processors activated.
      [    0.026254] CPU: All CPU(s) started at EL2
      [    0.026262] CPU features: detected: 32-bit EL0 Support
      [    0.026274] CPU features: detected: CRC32 instructions
      [    0.026316] alternatives: applying system-wide alternatives
      [    0.027358] Memory: 3732220K/4194304K available (20608K kernel code, 3332K rwdata, 17976K rodata, 5056K init, 747K bss, 195592K reserved, 262144K cma-reserv               ed)
      [    0.028093] devtmpfs: initialized
      [    0.036108] clocksource: jiffies: mask: 0xffffffff max_cycles: 0xffffffff, max_idle_ns: 7645041785100000 ns
      [    0.036145] futex hash table entries: 1024 (order: 4, 65536 bytes, linear)
      [    0.041625] 20784 pages in range for non-PLT usage
      [    0.041644] 512304 pages in range for PLT usage
      [    0.041763] pinctrl core: initialized pinctrl subsystem
      [    0.042886] NET: Registered PF_NETLINK/PF_ROUTE protocol family
      [    0.043590] DMA: preallocated 512 KiB GFP_KERNEL pool for atomic allocations
      [    0.043719] DMA: preallocated 512 KiB GFP_KERNEL|GFP_DMA pool for atomic allocations
      [    0.043899] DMA: preallocated 512 KiB GFP_KERNEL|GFP_DMA32 pool for atomic allocations
      [    0.043938] audit: initializing netlink subsys (disabled)
      [    0.044098] audit: type=2000 audit(0.036:1): state=initialized audit_enabled=0 res=1
      [    0.044385] cpuidle: using governor menu
      [    0.044476] hw-breakpoint: found 6 breakpoint and 4 watchpoint registers.
      [    0.044563] ASID allocator initialised with 65536 entries
      [    0.052122] /axi/interrupt-controller@f9010000: Fixed dependency cycle(s) with /axi/interrupt-controller@f9010000
      [    0.052281] /axi/pcie@fd0e0000: Fixed dependency cycle(s) with /axi/pcie@fd0e0000
      [    0.054911] /axi/pcie@fd0e0000: Fixed dependency cycle(s) with /axi/pcie@fd0e0000
      [    0.054988] /axi/pcie@fd0e0000: Fixed dependency cycle(s) with /axi/pcie@fd0e0000/legacy-interrupt-controller
      [    0.058926] /axi/display@fd4a0000: Fixed dependency cycle(s) with /dpcon
      [    0.059001] /dpcon: Fixed dependency cycle(s) with /axi/display@fd4a0000
      [    0.065882] HugeTLB: registered 1.00 GiB page size, pre-allocated 0 pages
      [    0.065899] HugeTLB: 0 KiB vmemmap can be freed for a 1.00 GiB page
      [    0.065911] HugeTLB: registered 32.0 MiB page size, pre-allocated 0 pages
      [    0.065922] HugeTLB: 0 KiB vmemmap can be freed for a 32.0 MiB page
      [    0.065934] HugeTLB: registered 2.00 MiB page size, pre-allocated 0 pages
      [    0.065944] HugeTLB: 0 KiB vmemmap can be freed for a 2.00 MiB page
      [    0.065956] HugeTLB: registered 64.0 KiB page size, pre-allocated 0 pages
      [    0.065966] HugeTLB: 0 KiB vmemmap can be freed for a 64.0 KiB page
      [    0.134562] raid6: neonx8   gen()  2269 MB/s
      [    0.202639] raid6: neonx4   gen()  2229 MB/s
      [    0.270707] raid6: neonx2   gen()  2121 MB/s
      [    0.338788] raid6: neonx1   gen()  1809 MB/s
      [    0.406861] raid6: int64x8  gen()  1415 MB/s
      [    0.474933] raid6: int64x4  gen()  1567 MB/s
      [    0.543005] raid6: int64x2  gen()  1399 MB/s
      [    0.611073] raid6: int64x1  gen()  1030 MB/s
      [    0.611084] raid6: using algorithm neonx8 gen() 2269 MB/s
      [    0.679132] raid6: .... xor() 1658 MB/s, rmw enabled
      [    0.679144] raid6: using neon recovery algorithm
      [    0.679689] iommu: Default domain type: Translated
      [    0.679702] iommu: DMA domain TLB invalidation policy: strict mode
      [    0.681757] SCSI subsystem initialized
      [    0.681937] usbcore: registered new interface driver usbfs
      [    0.681976] usbcore: registered new interface driver hub
      [    0.682010] usbcore: registered new device driver usb
      [    0.682226] mc: Linux media interface: v0.10
      [    0.682286] videodev: Linux video capture interface: v2.00
      [    0.682344] pps_core: LinuxPPS API ver. 1 registered
      [    0.682356] pps_core: Software ver. 5.3.6 - Copyright 2005-2007 Rodolfo Giometti <giometti@linux.it>
      [    0.682380] PTP clock support registered
      [    0.682421] EDAC MC: Ver: 3.0.0
      [    0.682750] zynqmp-ipi-mbox mailbox@ff9905c0: Registered ZynqMP IPI mbox with TX/RX channels.
      [    0.683398] jesd204: created con: id=0, topo=0, link=0, /axi/spi@ff050000/hmc7044@0 <-> /fpga-axi@0/axi-adxcvr-tx@84b60000
      [    0.683432] jesd204: created con: id=1, topo=0, link=2, /axi/spi@ff050000/hmc7044@0 <-> /fpga-axi@0/axi-adxcvr-rx@84a60000
      [    0.683462] jesd204: created con: id=2, topo=0, link=0, /fpga-axi@0/axi-adxcvr-tx@84b60000 <-> /fpga-axi@0/axi-jesd204-tx@84b90000
      [    0.683490] jesd204: created con: id=3, topo=0, link=2, /fpga-axi@0/axi-adxcvr-rx@84a60000 <-> /fpga-axi@0/axi-jesd204-rx@84a90000
      [    0.683517] jesd204: created con: id=4, topo=0, link=0, /fpga-axi@0/axi-jesd204-tx@84b90000 <-> /fpga-axi@0/axi-ad9081-tx-hpc@84b10000
      [    0.683545] jesd204: created con: id=5, topo=0, link=2, /fpga-axi@0/axi-jesd204-rx@84a90000 <-> /fpga-axi@0/axi-ad9081-rx-hpc@84a10000
      [    0.683620] jesd204: created con: id=6, topo=0, link=2, /fpga-axi@0/axi-ad9081-rx-hpc@84a10000 <-> /axi/spi@ff040000/ad9081@0
      [    0.683649] jesd204: created con: id=7, topo=0, link=0, /fpga-axi@0/axi-ad9081-tx-hpc@84b10000 <-> /axi/spi@ff040000/ad9081@0
      [    0.683683] jesd204: /axi/spi@ff040000/ad9081@0: JESD204[0:2] transition uninitialized -> initialized
      [    0.683706] jesd204: /axi/spi@ff040000/ad9081@0: JESD204[0:0] transition uninitialized -> initialized
      [    0.683728] jesd204: found 8 devices and 1 topologies
      [    0.683792] FPGA manager framework
      [    0.683841] Advanced Linux Sound Architecture Driver Initialized.
      [    0.684440] Bluetooth: Core ver 2.22
      [    0.684469] NET: Registered PF_BLUETOOTH protocol family
      [    0.684480] Bluetooth: HCI device and connection manager initialized
      [    0.684494] Bluetooth: HCI socket layer initialized
      [    0.684507] Bluetooth: L2CAP socket layer initialized
      [    0.684526] Bluetooth: SCO socket layer initialized
      [    0.685035] vgaarb: loaded
      [    0.688660] clocksource: Switched to clocksource arch_sys_counter
      [    0.688913] VFS: Disk quotas dquot_6.6.0
      [    0.688938] VFS: Dquot-cache hash table entries: 512 (order 0, 4096 bytes)
      [    0.695070] NET: Registered PF_INET protocol family
      [    0.695251] IP idents hash table entries: 65536 (order: 7, 524288 bytes, linear)
      [    0.698014] tcp_listen_portaddr_hash hash table entries: 2048 (order: 3, 32768 bytes, linear)
      [    0.698060] Table-perturb hash table entries: 65536 (order: 6, 262144 bytes, linear)
      [    0.698080] TCP established hash table entries: 32768 (order: 6, 262144 bytes, linear)
      [    0.698299] TCP bind hash table entries: 32768 (order: 8, 1048576 bytes, linear)
      [    0.699122] TCP: Hash tables configured (established 32768 bind 32768)
      [    0.699205] UDP hash table entries: 2048 (order: 4, 65536 bytes, linear)
      [    0.699290] UDP-Lite hash table entries: 2048 (order: 4, 65536 bytes, linear)
      [    0.699443] NET: Registered PF_UNIX/PF_LOCAL protocol family
      [    0.699885] RPC: Registered named UNIX socket transport module.
      [    0.699899] RPC: Registered udp transport module.
      [    0.699909] RPC: Registered tcp transport module.
      [    0.699918] RPC: Registered tcp-with-tls transport module.
      [    0.699927] RPC: Registered tcp NFSv4.1 backchannel transport module.
      [    0.700933] PCI: CLS 0 bytes, default 64
      [    0.705669] Initialise system trusted keyrings
      [    0.705798] workingset: timestamp_bits=62 max_order=20 bucket_order=0
      [    0.706309] NFS: Registering the id_resolver key type
      [    0.706336] Key type id_resolver registered
      [    0.706347] Key type id_legacy registered
      [    0.706369] nfs4filelayout_init: NFSv4 File Layout Driver Registering...
      [    0.706382] nfs4flexfilelayout_init: NFSv4 Flexfile Layout Driver Registering...
      [    0.706408] jffs2: version 2.2. (NAND) (SUMMARY)  © 2001-2006 Red Hat, Inc.
      [    0.706502] fuse: init (API version 7.41)
      [    0.763126] NET: Registered PF_ALG protocol family
      [    0.763144] xor: measuring software checksum speed
      [    0.764456]    8regs           :  2519 MB/sec
      [    0.765779]    32regs          :  2499 MB/sec
      [    0.767175]    arm64_neon      :  2369 MB/sec
      [    0.767185] xor: using function: 8regs (2519 MB/sec)
      [    0.767197] Key type asymmetric registered
      [    0.767209] Asymmetric key parser 'x509' registered
      [    0.767257] Block layer SCSI generic (bsg) driver version 0.4 loaded (major 246)
      [    0.767273] io scheduler mq-deadline registered
      [    0.767284] io scheduler kyber registered
      [    0.767304] io scheduler bfq registered
      [    0.785425] ledtrig-cpu: registered to indicate activity on CPUs
      [    0.821346] Serial: 8250/16550 driver, 4 ports, IRQ sharing disabled
      [    0.838662] brd: module loaded
      [    0.842202] loop: module loaded
      [    0.843013] Registered mathworks_ip class
      [    0.843636] mtdoops: mtd device (mtddev=name/number) must be supplied
      [    0.848668] tun: Universal TUN/TAP device driver, 1.6
      [    0.848818] CAN device driver interface
      [    0.849498] SPI driver wl1271_spi has no spi_device_id for ti,wl1271
      [    0.849512] SPI driver wl1271_spi has no spi_device_id for ti,wl1273
      [    0.849523] SPI driver wl1271_spi has no spi_device_id for ti,wl1281
      [    0.849533] SPI driver wl1271_spi has no spi_device_id for ti,wl1283
      [    0.849543] SPI driver wl1271_spi has no spi_device_id for ti,wl1285
      [    0.849553] SPI driver wl1271_spi has no spi_device_id for ti,wl1801
      [    0.849563] SPI driver wl1271_spi has no spi_device_id for ti,wl1805
      [    0.849573] SPI driver wl1271_spi has no spi_device_id for ti,wl1807
      [    0.849583] SPI driver wl1271_spi has no spi_device_id for ti,wl1831
      [    0.849593] SPI driver wl1271_spi has no spi_device_id for ti,wl1835
      [    0.849603] SPI driver wl1271_spi has no spi_device_id for ti,wl1837
      [    0.849753] usbcore: registered new interface driver asix
      [    0.849795] usbcore: registered new interface driver ax88179_178a
      [    0.849835] usbcore: registered new interface driver cdc_ether
      [    0.849872] usbcore: registered new interface driver net1080
      [    0.849913] usbcore: registered new interface driver cdc_subset
      [    0.849951] usbcore: registered new interface driver zaurus
      [    0.849991] usbcore: registered new interface driver cdc_ncm
      [    0.850032] usbcore: registered new interface driver r8153_ecm
      [    0.851383] usbcore: registered new interface driver uas
      [    0.851428] usbcore: registered new interface driver usb-storage
      [    0.851505] usbcore: registered new interface driver usbserial_generic
      [    0.851533] usbserial: USB Serial support registered for generic
      [    0.851565] usbcore: registered new interface driver ftdi_sio
      [    0.851590] usbserial: USB Serial support registered for FTDI USB Serial Device
      [    0.851645] usbcore: registered new interface driver upd78f0730
      [    0.851670] usbserial: USB Serial support registered for upd78f0730
      [    0.853539] rtc_zynqmp ffa60000.rtc: registered as rtc0
      [    0.853566] rtc_zynqmp ffa60000.rtc: setting system clock to 1974-03-25T09:31:48 UTC (133435908)
      [    0.853652] i2c_dev: i2c /dev entries driver
      [    0.854395] usbcore: registered new interface driver uvcvideo
      [    0.855946] Bluetooth: HCI UART driver ver 2.3
      [    0.855960] Bluetooth: HCI UART protocol H4 registered
      [    0.855971] Bluetooth: HCI UART protocol BCSP registered
      [    0.855997] Bluetooth: HCI UART protocol LL registered
      [    0.856008] Bluetooth: HCI UART protocol ATH3K registered
      [    0.856033] Bluetooth: HCI UART protocol Three-wire (H5) registered
      [    0.856085] Bluetooth: HCI UART protocol Intel registered
      [    0.856110] Bluetooth: HCI UART protocol QCA registered
      [    0.856153] usbcore: registered new interface driver bcm203x
      [    0.856193] usbcore: registered new interface driver bpa10x
      [    0.856231] usbcore: registered new interface driver bfusb
      [    0.856273] usbcore: registered new interface driver btusb
      [    0.856327] usbcore: registered new interface driver ath3k
      [    0.856437] EDAC MC: ECC not enabled
      [    0.856842] sdhci: Secure Digital Host Controller Interface driver
      [    0.856854] sdhci: Copyright(c) Pierre Ossman
      [    0.856863] sdhci-pltfm: SDHCI platform and OF driver helper
      [    0.857153] SMCCC: SOC_ID: ID = jep106:0049:0000 Revision = 0x24738093
      [    0.857239] zynqmp_firmware_probe Platform Management API v1.1
      [    0.857285] zynqmp_firmware_probe Trustzone version v1.0
      [    0.888722] zynqmp-aes zynqmp-aes.0: will run requests pump with realtime priority
      [    0.888956] zynqmp_rsa zynqmp_rsa.0: This driver is deprecated. Please migrate to xilinx-rsa driver
      [    0.889113] usbcore: registered new interface driver usbhid
      [    0.889126] usbhid: USB HID core driver
      [    0.889322] SPI driver fb_seps525 has no spi_device_id for syncoam,seps525
      [    0.890580] ad7476 spi1.5: supply vref not found, using dummy regulator
      [    0.895669] adar1000 spi1.1: Failed to read/write scratchpad
      [    0.895687] adar1000 spi1.1: Setup failed (-5), dev: 0, cnt: 0
      [    0.895869] adar1000 spi1.1: Failed to read/write scratchpad
      [    0.895883] adar1000 spi1.1: Setup failed (-5), dev: 1, cnt: 1
      [    0.896060] adar1000 spi1.1: Failed to read/write scratchpad
      [    0.896074] adar1000 spi1.1: Setup failed (-5), dev: 2, cnt: 2
      [    0.896258] adar1000 spi1.1: Failed to read/write scratchpad
      [    0.896271] adar1000 spi1.1: Setup failed (-5), dev: 3, cnt: 3
      [    0.896668] adar1000 spi1.2: Failed to read/write scratchpad
      [    0.896683] adar1000 spi1.2: Setup failed (-5), dev: 0, cnt: 0
      [    0.896864] adar1000 spi1.2: Failed to read/write scratchpad
      [    0.896878] adar1000 spi1.2: Setup failed (-5), dev: 1, cnt: 1
      [    0.897056] adar1000 spi1.2: Failed to read/write scratchpad
      [    0.897070] adar1000 spi1.2: Setup failed (-5), dev: 2, cnt: 2
      [    0.897253] adar1000 spi1.2: Failed to read/write scratchpad
      [    0.897267] adar1000 spi1.2: Setup failed (-5), dev: 3, cnt: 3
      [    0.897638] adar1000 spi1.3: Failed to read/write scratchpad
      [    0.897653] adar1000 spi1.3: Setup failed (-5), dev: 0, cnt: 0
      [    0.897833] adar1000 spi1.3: Failed to read/write scratchpad
      [    0.897847] adar1000 spi1.3: Setup failed (-5), dev: 1, cnt: 1
      [    0.898025] adar1000 spi1.3: Failed to read/write scratchpad
      [    0.898039] adar1000 spi1.3: Setup failed (-5), dev: 2, cnt: 2
      [    0.898225] adar1000 spi1.3: Failed to read/write scratchpad
      [    0.898238] adar1000 spi1.3: Setup failed (-5), dev: 3, cnt: 3
      [    0.898608] adar1000 spi1.4: Failed to read/write scratchpad
      [    0.898622] adar1000 spi1.4: Setup failed (-5), dev: 0, cnt: 0
      [    0.898802] adar1000 spi1.4: Failed to read/write scratchpad
      [    0.898816] adar1000 spi1.4: Setup failed (-5), dev: 1, cnt: 1
      [    0.898995] adar1000 spi1.4: Failed to read/write scratchpad
      [    0.899009] adar1000 spi1.4: Setup failed (-5), dev: 2, cnt: 2
      [    0.899189] adar1000 spi1.4: Failed to read/write scratchpad
      [    0.899202] adar1000 spi1.4: Setup failed (-5), dev: 3, cnt: 3
      [    0.906251] hw perfevents: enabled with armv8_cortex_a53 PMU driver, 7 (0,8000003f) counters available
      [    0.906919] axi_sysid 85000000.axi-sysid-0: AXI System ID core version (1.01.a) found
      [    0.907286] axi_sysid 85000000.axi-sysid-0: [ad9081_fmca_ebz_x_band] [8B10B RX:RATE=10 M=8 L=4 S=1 NP=16 LINKS=1 KS/CH=64 TX:RATE=10 M=8 L=4 S=1 NP=16 LINKS               =1 KS/CH=64 TDD=1 SHARED_DEVCLK=1] on [zcu102] git branch <hdl_2026_r1> git <a77599a506f259d09aa871459427287a7cb92ebc> clean [2026-04-22 09:34:51] UTC
      [    0.908079] fpga_manager fpga0: Xilinx ZynqMP FPGA Manager registered
      [    0.908512] usbcore: registered new interface driver snd-usb-audio
      [    0.910251] pktgen: Packet Generator for packet performance testing. Version: 2.75
      [    0.914122] Initializing XFRM netlink socket
      [    0.914195] NET: Registered PF_INET6 protocol family
      [    0.914789] Segment Routing with IPv6
      [    0.914835] In-situ OAM (IOAM) with IPv6
      [    0.914895] sit: IPv6, IPv4 and MPLS over IPv4 tunneling driver
      [    0.915266] NET: Registered PF_PACKET protocol family
      [    0.915287] NET: Registered PF_KEY protocol family
      [    0.915470] can: controller area network core
      [    0.915505] NET: Registered PF_CAN protocol family
      [    0.915518] can: raw protocol
      [    0.915529] can: broadcast manager protocol
      [    0.915543] can: netlink gateway - max_hops=1
      [    0.915639] Bluetooth: RFCOMM TTY layer initialized
      [    0.915657] Bluetooth: RFCOMM socket layer initialized
      [    0.915683] Bluetooth: RFCOMM ver 1.11
      [    0.915698] Bluetooth: BNEP (Ethernet Emulation) ver 1.3
      [    0.915709] Bluetooth: BNEP filters: protocol multicast
      [    0.915723] Bluetooth: BNEP socket layer initialized
      [    0.915733] Bluetooth: HIDP (Human Interface Emulation) ver 1.2
      [    0.915746] Bluetooth: HIDP socket layer initialized
      [    0.915981] 9pnet: Installing 9P2000 support
      [    0.916003] NET: Registered PF_IEEE802154 protocol family
      [    0.916048] Key type dns_resolver registered
      [    0.924832] registered taskstats version 1
      [    0.924850] Loading compiled-in X.509 certificates
      [    0.930769] Btrfs loaded, zoned=no, fsverity=no
      [    0.931014] alg: No test for xilinx-zynqmp-rsa (zynqmp-rsa)
      [    0.944535] ff000000.serial: ttyPS0 at MMIO 0xff000000 (irq = 24, base_baud = 6249999) is a xuartps
      [    0.944594] printk: legacy console [ttyPS0] enabled
      [    2.885870] ff010000.serial: ttyPS1 at MMIO 0xff010000 (irq = 25, base_baud = 6249999) is a xuartps
      [    2.980840] hmc7044 spi4.0: PLL1: Locked, CLKIN1 @ 100000000 Hz, PFD: 1000 kHz - PLL2: Locked @ 3000.000000 MHz
      [    2.991339] jesd204: /axi/spi@ff050000/hmc7044@0,jesd204:1,parent=spi4.0: Using as SYSREF provider
      [    3.001089] spi-nor spi0.0: SPI-NOR-UniqueID 2eae970008f1ff0a001adc9676ad
      [    3.007889] spi-nor spi0.0: found mt25qu512a, expected m25p80
      [    3.014080] 4 fixed-partitions partitions found on MTD device spi0.0
      [    3.020448] Creating 4 MTD partitions on "spi0.0":
      [    3.025267] 0x000000000000-0x000000100000 : "qspi-fsbl-uboot"
      [    3.032048] 0x000000100000-0x000000600000 : "qspi-linux"
      [    3.038172] 0x000000600000-0x000000620000 : "qspi-device-tree"
      [    3.044815] 0x000000620000-0x000000c00000 : "qspi-rootfs"
      [    3.055999] xilinx-axipmon ffa00000.perf-monitor: Probed Xilinx APM
      [    3.062706] xilinx-axipmon fd0b0000.perf-monitor: Probed Xilinx APM
      [    3.069348] xilinx-axipmon fd490000.perf-monitor: Probed Xilinx APM
      [    3.075957] xilinx-axipmon ffa10000.perf-monitor: Probed Xilinx APM
      [    3.083287] i2c i2c-0: using pinctrl states for GPIO recovery
      [    3.089256] i2c i2c-0: using generic GPIOs for recovery
      [    3.094903] pca953x 0-0020: supply vcc not found, using dummy regulator
      [    3.101615] pca953x 0-0020: using no AI
      [    3.107258] pca953x 0-0021: supply vcc not found, using dummy regulator
      [    3.113949] pca953x 0-0021: using no AI
      [    3.118714] pca954x 0-0075: supply vdd not found, using dummy regulator
      [    3.125942] ina2xx 2-0040: supply vs not found, using dummy regulator
      [    3.133091] ina2xx 2-0040: power monitor ina226 (Rshunt = 5000 uOhm)
      [    3.139699] ina2xx 2-0041: supply vs not found, using dummy regulator
      [    3.146765] ina2xx 2-0041: power monitor ina226 (Rshunt = 5000 uOhm)
      [    3.153387] ina2xx 2-0042: supply vs not found, using dummy regulator
      [    3.160444] ina2xx 2-0042: power monitor ina226 (Rshunt = 5000 uOhm)
      [    3.167050] ina2xx 2-0043: supply vs not found, using dummy regulator
      [    3.174109] ina2xx 2-0043: power monitor ina226 (Rshunt = 5000 uOhm)
      [    3.180724] ina2xx 2-0044: supply vs not found, using dummy regulator
      [    3.187781] ina2xx 2-0044: power monitor ina226 (Rshunt = 5000 uOhm)
      [    3.194384] ina2xx 2-0045: supply vs not found, using dummy regulator
      [    3.201454] ina2xx 2-0045: power monitor ina226 (Rshunt = 5000 uOhm)
      [    3.208059] ina2xx 2-0046: supply vs not found, using dummy regulator
      [    3.215142] ina2xx 2-0046: power monitor ina226 (Rshunt = 5000 uOhm)
      [    3.221743] ina2xx 2-0047: supply vs not found, using dummy regulator
      [    3.228800] ina2xx 2-0047: power monitor ina226 (Rshunt = 5000 uOhm)
      [    3.235401] ina2xx 2-004a: supply vs not found, using dummy regulator
      [    3.242472] ina2xx 2-004a: power monitor ina226 (Rshunt = 5000 uOhm)
      [    3.249079] ina2xx 2-004b: supply vs not found, using dummy regulator
      [    3.256128] ina2xx 2-004b: power monitor ina226 (Rshunt = 5000 uOhm)
      [    3.262571] i2c i2c-0: Added multiplexed i2c bus 2
      [    3.267795] ina2xx 3-0040: supply vs not found, using dummy regulator
      [    3.274943] ina2xx 3-0040: power monitor ina226 (Rshunt = 2000 uOhm)
      [    3.281549] ina2xx 3-0041: supply vs not found, using dummy regulator
      [    3.288604] ina2xx 3-0041: power monitor ina226 (Rshunt = 5000 uOhm)
      [    3.295215] ina2xx 3-0042: supply vs not found, using dummy regulator
      [    3.302285] ina2xx 3-0042: power monitor ina226 (Rshunt = 5000 uOhm)
      [    3.308902] ina2xx 3-0043: supply vs not found, using dummy regulator
      [    3.315957] ina2xx 3-0043: power monitor ina226 (Rshunt = 5000 uOhm)
      [    3.322563] ina2xx 3-0044: supply vs not found, using dummy regulator
      [    3.329634] ina2xx 3-0044: power monitor ina226 (Rshunt = 5000 uOhm)
      [    3.336237] ina2xx 3-0045: supply vs not found, using dummy regulator
      [    3.343297] ina2xx 3-0045: power monitor ina226 (Rshunt = 5000 uOhm)
      [    3.349906] ina2xx 3-0046: supply vs not found, using dummy regulator
      [    3.356965] ina2xx 3-0046: power monitor ina226 (Rshunt = 5000 uOhm)
      [    3.363578] ina2xx 3-0047: supply vs not found, using dummy regulator
      [    3.370636] ina2xx 3-0047: power monitor ina226 (Rshunt = 5000 uOhm)
      [    3.377075] i2c i2c-0: Added multiplexed i2c bus 3
      [    3.428864] i2c i2c-0: Added multiplexed i2c bus 4
      [    3.433856] i2c i2c-0: Added multiplexed i2c bus 5
      [    3.438662] pca954x 0-0075: registered 4 multiplexed busses for I2C mux pca9544
      [    3.446063] cdns-i2c ff020000.i2c: 400 kHz mmio ff020000 irq 44
      [    3.453141] i2c i2c-1: using pinctrl states for GPIO recovery
      [    3.459093] i2c i2c-1: using generic GPIOs for recovery
      [    3.464759] pca954x 1-0074: supply vdd not found, using dummy regulator
      [    3.471887] at24 6-0054: supply vcc not found, using dummy regulator
      [    3.478822] at24 6-0054: 1024 byte 24c08 EEPROM, writable, 1 bytes/write
      [    3.485593] i2c i2c-1: Added multiplexed i2c bus 6
      [    3.491037] si5341 7-0036: no regulator set, defaulting vdd_sel to 2.5V for out
      [    3.498363] si5341 7-0036: no regulator set, defaulting vdd_sel to 2.5V for out
      [    3.505674] si5341 7-0036: no regulator set, defaulting vdd_sel to 2.5V for out
      [    3.512990] si5341 7-0036: no regulator set, defaulting vdd_sel to 2.5V for out
      [    3.520307] si5341 7-0036: no regulator set, defaulting vdd_sel to 2.5V for out
      [    3.527616] si5341 7-0036: no regulator set, defaulting vdd_sel to 2.5V for out
      [    3.534924] si5341 7-0036: no regulator set, defaulting vdd_sel to 2.5V for out
      [    3.542234] si5341 7-0036: no regulator set, defaulting vdd_sel to 2.5V for out
      [    3.550350] si5341 7-0036: Chip: 5341 Grade: 1 Rev: 1
      [    3.579724] i2c i2c-1: Added multiplexed i2c bus 7
      [    3.586854] si570 8-005d: registered, current frequency 300000000 Hz
      [    3.593281] i2c i2c-1: Added multiplexed i2c bus 8
      [    3.600339] si570 9-005d: registered, current frequency 156250000 Hz
      [    3.606765] i2c i2c-1: Added multiplexed i2c bus 9
      [    3.611838] si5324 10-0069: si5328 probed
      [    3.666610] si5324 10-0069: si5328 probe successful
      [    3.671561] i2c i2c-1: Added multiplexed i2c bus 10
      [    3.676638] i2c i2c-1: Added multiplexed i2c bus 11
      [    3.681713] i2c i2c-1: Added multiplexed i2c bus 12
      [    3.686770] i2c i2c-1: Added multiplexed i2c bus 13
      [    3.691661] pca954x 1-0074: registered 8 multiplexed busses for I2C switch pca9548
      [    3.699455] pca954x 1-0075: supply vdd not found, using dummy regulator
      [    3.706536] at24 14-0050: supply vcc not found, using dummy regulator
      [    3.713374] at24 14-0050: 256 byte 24c02 EEPROM, writable, 1 bytes/write
      [    3.720147] i2c i2c-1: Added multiplexed i2c bus 14
      [    3.725332] at24 15-0050: supply vcc not found, using dummy regulator
      [    3.732144] at24 15-0050: 256 byte 24c02 EEPROM, writable, 1 bytes/write
      [    3.738918] i2c i2c-1: Added multiplexed i2c bus 15
      [    3.743987] i2c i2c-1: Added multiplexed i2c bus 16
      [    3.749084] i2c i2c-1: Added multiplexed i2c bus 17
      [    3.754147] i2c i2c-1: Added multiplexed i2c bus 18
      [    3.759221] i2c i2c-1: Added multiplexed i2c bus 19
      [    3.764283] i2c i2c-1: Added multiplexed i2c bus 20
      [    3.769349] i2c i2c-1: Added multiplexed i2c bus 21
      [    3.774238] pca954x 1-0075: registered 8 multiplexed busses for I2C switch pca9548
      [    3.781870] cdns-i2c ff030000.i2c: 400 kHz mmio ff030000 irq 45
      [    3.792993] cdns-wdt fd4d0000.watchdog: Xilinx Watchdog Timer with timeout 60s
      [    3.858182] axi_adxcvr_drv 84a60000.axi-adxcvr-rx: AXI-ADXCVR-RX (17.05.a) using CPLL on GTH4. Number of lanes: 4.
      [    3.887815] mmc0: SDHCI controller on ff170000.mmc [ff170000.mmc] using ADMA 64-bit
      [    3.895655] axi_adxcvr_drv 84b60000.axi-adxcvr-tx: AXI-ADXCVR-TX (17.05.a) using QPLL on GTH4. Number of lanes: 4.
      [    3.906631] axi-jesd204-rx 84a90000.axi-jesd204-rx: AXI-JESD204-RX (1.07.a). Encoder 8b10b, width 4/4, lanes 4, jesd204-fsm.
      [    3.918324] axi-jesd204-tx 84b90000.axi-jesd204-tx: AXI-JESD204-TX (1.06.a). Encoder 8b10b, width 4/4, lanes 4, jesd204-fsm.
      [    3.930311] nwl-pcie fd0e0000.pcie: host bridge /axi/pcie@fd0e0000 ranges:
      [    3.937231] nwl-pcie fd0e0000.pcie:      MEM 0x00e0000000..0x00efffffff -> 0x00e0000000
      [    3.939172] mmc0: new high speed SDHC card at address aaaa
      [    3.945245] nwl-pcie fd0e0000.pcie:      MEM 0x0600000000..0x07ffffffff -> 0x0600000000
      [    3.951143] mmcblk0: mmc0:aaaa SL16G 14.8 GiB
      [    3.958854] nwl-pcie fd0e0000.pcie: Link is DOWN
      [    3.968334] nwl-pcie fd0e0000.pcie: PCI host bridge to bus 0000:00
      [    3.973264]  mmcblk0: p1 p2 p3
      [    3.974541] pci_bus 0000:00: root bus resource [bus 00-ff]
      [    3.983052] pci_bus 0000:00: root bus resource [mem 0xe0000000-0xefffffff]
      [    3.989943] pci_bus 0000:00: root bus resource [mem 0x600000000-0x7ffffffff pref]
      [    3.997461] pci 0000:00:00.0: [10ee:d021] type 01 class 0x060400 PCIe Root Port
      [    4.004797] pci 0000:00:00.0: PCI bridge to [bus 00]
      [    4.009773] pci 0000:00:00.0:   bridge window [mem 0x00000000-0x000fffff]
      [    4.016574] pci 0000:00:00.0:   bridge window [mem 0x00000000-0x000fffff 64bit pref]
      [    4.024363] pci 0000:00:00.0: PME# supported from D0 D1 D2 D3hot
      [    4.033211] pci 0000:00:00.0: bridge configuration invalid ([bus 00-00]), reconfiguring
      [    4.041377] pci_bus 0000:01: busn_res: [bus 01-ff] end is updated to 01
      [    4.048013] pci 0000:00:00.0: PCI bridge to [bus 01]
      [    4.052988] pci_bus 0000:00: resource 4 [mem 0xe0000000-0xefffffff]
      [    4.059257] pci_bus 0000:00: resource 5 [mem 0x600000000-0x7ffffffff pref]
      [    4.066788] ahci-ceva fd0c0000.ahci: supply ahci not found, using dummy regulator
      [    4.074371] ahci-ceva fd0c0000.ahci: supply phy not found, using dummy regulator
      [    4.081860] ahci-ceva fd0c0000.ahci: supply target not found, using dummy regulator
      [    4.089800] ahci-ceva fd0c0000.ahci: AHCI vers 0001.0301, 32 command slots, 6 Gbps, platform mode
      [    4.098689] ahci-ceva fd0c0000.ahci: 2/2 ports implemented (port mask 0x3)
      [    4.105566] ahci-ceva fd0c0000.ahci: flags: 64bit ncq sntf pm clo only pmp fbs pio slum part ccc sds apst
      [    4.116224] scsi host0: ahci-ceva
      [    4.119897] scsi host1: ahci-ceva
      [    4.123347] ata1: SATA max UDMA/133 mmio [mem 0xfd0c0000-0xfd0c1fff] port 0x100 irq 55 lpm-pol 0
      [    4.132136] ata2: SATA max UDMA/133 mmio [mem 0xfd0c0000-0xfd0c1fff] port 0x180 irq 55 lpm-pol 0
      [    4.141811] ad9081 spi3.0: supply vdd not found, using dummy regulator
      [    4.454938] ata1: SATA link down (SStatus 0 SControl 330)
      [    4.460361] ata2: SATA link down (SStatus 0 SControl 330)
      [    5.995177] ad9081 spi3.0: AD9081 Rev. 2 Grade 10 (API 1.7.0) probed
      [    6.003399] macb ff0e0000.ethernet: invalid hw address, using random
      [    6.011961] macb ff0e0000.ethernet eth0: Cadence GEM rev 0x50070106 at 0xff0e0000 irq 41 (66:02:cc:e4:80:3f)
      [    6.041634] xhci-hcd xhci-hcd.1.auto: xHCI Host Controller
      [    6.047147] xhci-hcd xhci-hcd.1.auto: new USB bus registered, assigned bus number 1
      [    6.054930] xhci-hcd xhci-hcd.1.auto: hcc params 0x0238f625 hci version 0x100 quirks 0x0000808002000810
      [    6.064375] xhci-hcd xhci-hcd.1.auto: irq 56, io mem 0xfe200000
      [    6.070410] xhci-hcd xhci-hcd.1.auto: xHCI Host Controller
      [    6.075905] xhci-hcd xhci-hcd.1.auto: new USB bus registered, assigned bus number 2
      [    6.083575] xhci-hcd xhci-hcd.1.auto: Host supports USB 3.0 SuperSpeed
      [    6.090278] usb usb1: New USB device found, idVendor=1d6b, idProduct=0002, bcdDevice= 6.12
      [    6.098563] usb usb1: New USB device strings: Mfr=3, Product=2, SerialNumber=1
      [    6.105794] usb usb1: Product: xHCI Host Controller
      [    6.110677] usb usb1: Manufacturer: Linux 6.12.77-g74aa3bd4fa60 xhci-hcd
      [    6.117378] usb usb1: SerialNumber: xhci-hcd.1.auto
      [    6.122658] hub 1-0:1.0: USB hub found
      [    6.126442] hub 1-0:1.0: 1 port detected
      [    6.130739] usb usb2: New USB device found, idVendor=1d6b, idProduct=0003, bcdDevice= 6.12
      [    6.139015] usb usb2: New USB device strings: Mfr=3, Product=2, SerialNumber=1
      [    6.146244] usb usb2: Product: xHCI Host Controller
      [    6.151125] usb usb2: Manufacturer: Linux 6.12.77-g74aa3bd4fa60 xhci-hcd
      [    6.157832] usb usb2: SerialNumber: xhci-hcd.1.auto
      [    6.163016] hub 2-0:1.0: USB hub found
      [    6.166792] hub 2-0:1.0: 1 port detected
      [    6.197575] cf_axi_adc 84a10000.axi-ad9081-rx-hpc: ADI AIM (10.03.) probed ADC AD9081 as MASTER
      [    6.221751] jesd204: /axi/spi@ff040000/ad9081@0,jesd204:0,parent=spi3.0: JESD204[0:2] transition initialized -> probed
      [    6.232488] jesd204: /axi/spi@ff040000/ad9081@0,jesd204:0,parent=spi3.0: JESD204[0:0] transition initialized -> probed
      [    6.243212] jesd204: /axi/spi@ff040000/ad9081@0,jesd204:0,parent=spi3.0: JESD204[0:2] transition probed -> initialized
      [    6.253933] jesd204: /axi/spi@ff040000/ad9081@0,jesd204:0,parent=spi3.0: JESD204[0:0] transition probed -> initialized
      [    6.264655] jesd204: /axi/spi@ff040000/ad9081@0,jesd204:0,parent=spi3.0: JESD204[0:2] transition initialized -> probed
      [    6.275377] jesd204: /axi/spi@ff040000/ad9081@0,jesd204:0,parent=spi3.0: JESD204[0:0] transition initialized -> probed
      [    6.286097] jesd204: /axi/spi@ff040000/ad9081@0,jesd204:0,parent=spi3.0: JESD204[0:2] transition probed -> idle
      [    6.296205] jesd204: /axi/spi@ff040000/ad9081@0,jesd204:0,parent=spi3.0: JESD204[0:0] transition probed -> idle
      [    6.306317] jesd204: /axi/spi@ff040000/ad9081@0,jesd204:0,parent=spi3.0: JESD204[0:2] transition idle -> device_init
      [    6.316855] jesd204: /axi/spi@ff040000/ad9081@0,jesd204:0,parent=spi3.0: JESD204[0:0] transition idle -> device_init
      [    6.327398] jesd204: /axi/spi@ff040000/ad9081@0,jesd204:0,parent=spi3.0: JESD204[0:2] transition device_init -> link_init
      [    6.338374] jesd204: /axi/spi@ff040000/ad9081@0,jesd204:0,parent=spi3.0: JESD204[0:0] transition device_init -> link_init
      [    6.349369] jesd204: /axi/spi@ff040000/ad9081@0,jesd204:0,parent=spi3.0: JESD204[0:2] transition link_init -> link_supported
      [    6.360610] jesd204: /axi/spi@ff040000/ad9081@0,jesd204:0,parent=spi3.0: JESD204[0:0] transition link_init -> link_supported
      [    6.372019] hmc7044 spi4.0: hmc7044_jesd204_link_pre_setup: Link2 forcing continuous SYSREF mode
      [    6.381070] jesd204: /axi/spi@ff040000/ad9081@0,jesd204:0,parent=spi3.0: JESD204[0:2] transition link_supported -> link_pre_setup
      [    6.392745] jesd204: /axi/spi@ff040000/ad9081@0,jesd204:0,parent=spi3.0: JESD204[0:0] transition link_supported -> link_pre_setup
      [    6.416758] jesd204: /axi/spi@ff040000/ad9081@0,jesd204:0,parent=spi3.0: JESD204[0:2] transition link_pre_setup -> clk_sync_stage1
      [    6.428513] jesd204: /axi/spi@ff040000/ad9081@0,jesd204:0,parent=spi3.0: JESD204[0:0] transition link_pre_setup -> clk_sync_stage1
      [    6.440266] jesd204: /axi/spi@ff040000/ad9081@0,jesd204:0,parent=spi3.0: JESD204[0:2] transition clk_sync_stage1 -> clk_sync_stage2
      [    6.452108] jesd204: /axi/spi@ff040000/ad9081@0,jesd204:0,parent=spi3.0: JESD204[0:0] transition clk_sync_stage1 -> clk_sync_stage2
      [    6.463963] jesd204: /axi/spi@ff040000/ad9081@0,jesd204:0,parent=spi3.0: JESD204[0:2] transition clk_sync_stage2 -> clk_sync_stage3
      [    6.475810] jesd204: /axi/spi@ff040000/ad9081@0,jesd204:0,parent=spi3.0: JESD204[0:0] transition clk_sync_stage2 -> clk_sync_stage3
      [    6.487651] jesd204: /axi/spi@ff040000/ad9081@0,jesd204:0,parent=spi3.0: JESD204[0:2] transition clk_sync_stage3 -> clk_sync_stage4
      [    6.499486] jesd204: /axi/spi@ff040000/ad9081@0,jesd204:0,parent=spi3.0: JESD204[0:0] transition clk_sync_stage3 -> clk_sync_stage4
      [    6.513348] jesd204: /axi/spi@ff040000/ad9081@0,jesd204:0,parent=spi3.0: JESD204[0:2] transition clk_sync_stage4 -> link_setup
      [    6.524755] jesd204: /axi/spi@ff040000/ad9081@0,jesd204:0,parent=spi3.0: JESD204[0:0] transition clk_sync_stage4 -> link_setup
      [    6.541448] jesd204: /axi/spi@ff040000/ad9081@0,jesd204:0,parent=spi3.0: JESD204[0:2] transition link_setup -> opt_setup_stage1
      [    6.552949] jesd204: /axi/spi@ff040000/ad9081@0,jesd204:0,parent=spi3.0: JESD204[0:0] transition link_setup -> opt_setup_stage1
      [    6.572669] jesd204: /axi/spi@ff040000/ad9081@0,jesd204:0,parent=spi3.0: JESD204[0:2] transition opt_setup_stage1 -> opt_setup_stage2
      [    6.584691] jesd204: /axi/spi@ff040000/ad9081@0,jesd204:0,parent=spi3.0: JESD204[0:0] transition opt_setup_stage1 -> opt_setup_stage2
      [    6.596978] jesd204: /axi/spi@ff040000/ad9081@0,jesd204:0,parent=spi3.0: JESD204[0:2] transition opt_setup_stage2 -> opt_setup_stage3
      [    6.608999] jesd204: /axi/spi@ff040000/ad9081@0,jesd204:0,parent=spi3.0: JESD204[0:0] transition opt_setup_stage2 -> opt_setup_stage3
      [    6.621019] jesd204: /axi/spi@ff040000/ad9081@0,jesd204:0,parent=spi3.0: JESD204[0:2] transition opt_setup_stage3 -> opt_setup_stage4
      [    6.633028] jesd204: /axi/spi@ff040000/ad9081@0,jesd204:0,parent=spi3.0: JESD204[0:0] transition opt_setup_stage3 -> opt_setup_stage4
      [    6.645050] jesd204: /axi/spi@ff040000/ad9081@0,jesd204:0,parent=spi3.0: JESD204[0:2] transition opt_setup_stage4 -> opt_setup_stage5
      [    6.657068] jesd204: /axi/spi@ff040000/ad9081@0,jesd204:0,parent=spi3.0: JESD204[0:0] transition opt_setup_stage4 -> opt_setup_stage5
      [    6.673262] jesd204: /axi/spi@ff040000/ad9081@0,jesd204:0,parent=spi3.0: JESD204[0:2] transition opt_setup_stage5 -> clocks_enable
      [    6.685016] jesd204: /axi/spi@ff040000/ad9081@0,jesd204:0,parent=spi3.0: JESD204[0:0] transition opt_setup_stage5 -> clocks_enable
      [    6.698865] jesd204: /axi/spi@ff040000/ad9081@0,jesd204:0,parent=spi3.0: JESD204[0:2] transition clocks_enable -> link_enable
      [    6.710188] jesd204: /axi/spi@ff040000/ad9081@0,jesd204:0,parent=spi3.0: JESD204[0:0] transition clocks_enable -> link_enable
      [    6.737059] ad9081 spi3.0: JESD RX (JTX) Link2 in DATA, SYNC deasserted, PLL locked, PHASE established, MODE valid
      [    6.747933] ad9081 spi3.0: JESD TX (JRX) Link0 0xF lanes in DATA
      [    6.754027] jesd204: /axi/spi@ff040000/ad9081@0,jesd204:0,parent=spi3.0: JESD204[0:2] transition link_enable -> link_running
      [    6.765267] jesd204: /axi/spi@ff040000/ad9081@0,jesd204:0,parent=spi3.0: JESD204[0:0] transition link_enable -> link_running
      [    6.776514] jesd204: /axi/spi@ff040000/ad9081@0,jesd204:0,parent=spi3.0: JESD204[0:2] transition link_running -> opt_post_setup_stage1
      [    6.788618] jesd204: /axi/spi@ff040000/ad9081@0,jesd204:0,parent=spi3.0: JESD204[0:0] transition link_running -> opt_post_setup_stage1
      [    6.800729] jesd204: /axi/spi@ff040000/ad9081@0,jesd204:0,parent=spi3.0: JESD204[0:2] transition opt_post_setup_stage1 -> opt_post_setup_stage2
      [    6.813608] jesd204: /axi/spi@ff040000/ad9081@0,jesd204:0,parent=spi3.0: JESD204[0:0] transition opt_post_setup_stage1 -> opt_post_setup_stage2
      [    6.826492] jesd204: /axi/spi@ff040000/ad9081@0,jesd204:0,parent=spi3.0: JESD204[0:2] transition opt_post_setup_stage2 -> opt_post_setup_stage3
      [    6.839369] jesd204: /axi/spi@ff040000/ad9081@0,jesd204:0,parent=spi3.0: JESD204[0:0] transition opt_post_setup_stage2 -> opt_post_setup_stage3
      [    6.852256] jesd204: /axi/spi@ff040000/ad9081@0,jesd204:0,parent=spi3.0: JESD204[0:2] transition opt_post_setup_stage3 -> opt_post_running_stage
      [    6.865237] jesd204: /axi/spi@ff040000/ad9081@0,jesd204:0,parent=spi3.0: JESD204[0:0] transition opt_post_setup_stage3 -> opt_post_running_stage
      [    6.878220] cf_axi_dds 84b10000.axi-ad9081-tx-hpc: Analog Devices CF_AXI_DDS_DDS MASTER (9.02.b) at 0x84B10000 mapped to 0x(____ptrval____), probed DDS AD90               81
      [    6.892858] adi_iio_fakedev fpga-axi@0:iio-axi-tdd-0@0: Faking 53 attributes from 9c460000.axi-tdd-0
      [    6.908134] input: gpio-keys as /devices/platform/gpio-keys/input/input0
      [    6.915285] of_cfs_init
      [    6.917761] of_cfs_init: OK
      [    6.920632] cfg80211: Loading compiled-in X.509 certificates for regulatory database
      [    6.966442] Loaded X.509 cert 'sforshee: 00b28ddf47aef9cea7'
      [    6.972875] Loaded X.509 cert 'wens: 61c038651aabdcf94bd0ac7ff06c7248db18c600'
      [    6.980158] clk: Not disabling unused clocks
      [    6.984438] PM: genpd: Disabling unused power domains
      [    6.989847] ALSA device list:
      [    6.992817]   No soundcards found.
      [    6.996588] platform regulatory.0: Direct firmware load for regulatory.db failed with error -2
      [    7.005221] cfg80211: failed to load regulatory.db
      [    7.178984] EXT4-fs (mmcblk0p2): mounted filesystem bebadde1-281a-4b49-ae13-22fcc46850c1 r/w with ordered data mode. Quota mode: none.
      [    7.191188] VFS: Mounted root (ext4 filesystem) on device 179:2.
      [    7.207494] devtmpfs: mounted
      [    7.211764] Freeing unused kernel memory: 5056K
      [    7.216373] Run /sbin/init as init process
      [    7.856452] systemd[1]: System time advanced to built-in epoch: Wed 2025-09-03 14:38:20 EDT
      [    7.888440] systemd[1]: Failed to find module 'autofs4'
      [    7.956741] systemd[1]: systemd 257.9-1~deb13u1 running in system mode (+PAM +AUDIT +SELINUX +APPARMOR +IMA +IPE +SMACK +SECCOMP +GCRYPT -GNUTLS +OPENSSL +A               CL +BLKID +CURL +ELFUTILS +FIDO2 +IDN2 -IDN +IPTC +KMOD +LIBCRYPTSETUP +LIBCRYPTSETUP_PLUGINS +LIBFDISK +PCRE2 +PWQUALITY +P11KIT +QRENCODE +TPM2 +BZIP2 +LZ4 +               XZ +ZLIB +ZSTD +BPF_FRAMEWORK +BTF -XKBCOMMON -UTMP +SYSVINIT +LIBARCHIVE)
      [    7.991028] systemd[1]: Detected architecture arm64.

      Welcome to Debian GNU/Linux 13 (trixie)!

      [    8.033606] systemd[1]: Hostname set to <analog>.
      [    8.132114] systemd[1]: bpf-restrict-fs: BPF LSM hook not enabled in the kernel, BPF LSM not supported.
      [    9.682102] systemd[1]: /usr/lib/systemd/system/iiod.service:16: Invalid environment assignment, ignoring: $IIOD_EXTRA_OPTS=
      [    9.941792] systemd[1]: Queued start job for default target graphical.target.
      [    9.954913] systemd[1]: Created slice system-getty.slice - Slice /system/getty.
      [  OK  ] Created slice system-getty.slice - Slice /system/getty.
      [    9.973719] systemd[1]: Created slice system-modprobe.slice - Slice /system/modprobe.
      [  OK  ] Created slice system-modprobe.slice - Slice /system/modprobe.
      [    9.993645] systemd[1]: Created slice system-serial\x2dgetty.slice - Slice /system/serial-getty.
      [  OK  ] Created slice system-serial\x2dget…slice - Slice /system/serial-getty.
      [   10.013612] systemd[1]: Created slice system-systemd\x2dfsck.slice - Slice /system/systemd-fsck.
      [  OK  ] Created slice system-systemd\x2dfs…slice - Slice /system/systemd-fsck.
      [   10.033135] systemd[1]: Created slice user.slice - User and Session Slice.
      [  OK  ] Created slice user.slice - User and Session Slice.
      [   10.052941] systemd[1]: Started systemd-ask-password-wall.path - Forward Password Requests to Wall Directory Watch.
      [  OK  ] Started systemd-ask-password-wall.…d Requests to Wall Directory Watch.
      [   10.077009] systemd[1]: proc-sys-fs-binfmt_misc.automount - Arbitrary Executable File Formats File System Automount Point was skipped because of an unmet co               ndition check (ConditionPathExists=/proc/sys/fs/binfmt_misc).
      [   10.096413] systemd[1]: Expecting device dev-disk-by\x2dpartuuid-33e2fcf5\x2d01.device - /dev/disk/by-partuuid/33e2fcf5-01...
              Expecting device dev-disk-by\x2dpa…dev/disk/by-partuuid/33e2fcf5-01...
      [   10.120729] systemd[1]: Expecting device dev-ttyGS0.device - /dev/ttyGS0...
              Expecting device dev-ttyGS0.device - /dev/ttyGS0...
      [   10.140728] systemd[1]: Expecting device dev-ttyGS1.device - /dev/ttyGS1...
              Expecting device dev-ttyGS1.device - /dev/ttyGS1...
      [   10.160729] systemd[1]: Expecting device dev-ttyPS0.device - /dev/ttyPS0...
              Expecting device dev-ttyPS0.device - /dev/ttyPS0...
      [   10.180736] systemd[1]: Expecting device dev-ttyS0.device - /dev/ttyS0...
              Expecting device dev-ttyS0.device - /dev/ttyS0...
      [   10.200878] systemd[1]: Reached target nss-user-lookup.target - User and Group Name Lookups.
      [  OK  ] Reached target nss-user-lookup.target - User and Group Name Lookups.
      [   10.220777] systemd[1]: Reached target remote-fs.target - Remote File Systems.
      [  OK  ] Reached target remote-fs.target - Remote File Systems.
      [   10.240778] systemd[1]: Reached target slices.target - Slice Units.
      [  OK  ] Reached target slices.target - Slice Units.
      [   10.260803] systemd[1]: Reached target swap.target - Swaps.
      [  OK  ] Reached target swap.target - Swaps.
      [   10.284435] systemd[1]: Listening on systemd-creds.socket - Credential Encryption/Decryption.
      [  OK  ] Listening on systemd-creds.socket - Credential Encryption/Decryption.
      [   10.305025] systemd[1]: Listening on systemd-initctl.socket - initctl Compatibility Named Pipe.
      [  OK  ] Listening on systemd-initctl.socke…- initctl Compatibility Named Pipe.
      [   10.325044] systemd[1]: Listening on systemd-journald-dev-log.socket - Journal Socket (/dev/log).
      [  OK  ] Listening on systemd-journald-dev-…socket - Journal Socket (/dev/log).
      [   10.345061] systemd[1]: Listening on systemd-journald.socket - Journal Sockets.
      [  OK  ] Listening on systemd-journald.socket - Journal Sockets.
      [   10.364836] systemd[1]: systemd-pcrextend.socket - TPM PCR Measurements was skipped because of an unmet condition check (ConditionSecurity=measured-uki).
      [   10.378678] systemd[1]: systemd-pcrlock.socket - Make TPM PCR Policy was skipped because of an unmet condition check (ConditionSecurity=measured-uki).
      [   10.392472] systemd[1]: Listening on systemd-udevd-control.socket - udev Control Socket.
      [  OK  ] Listening on systemd-udevd-control.socket - udev Control Socket.
      [   10.412917] systemd[1]: Listening on systemd-udevd-kernel.socket - udev Kernel Socket.
      [  OK  ] Listening on systemd-udevd-kernel.socket - udev Kernel Socket.
      [   10.439208] systemd[1]: Mounting dev-hugepages.mount - Huge Pages File System...
              Mounting dev-hugepages.mount - Huge Pages File System...
      [   10.463100] systemd[1]: Mounting dev-mqueue.mount - POSIX Message Queue File System...
              Mounting dev-mqueue.mount - POSIX Message Queue File System...
      [   10.487403] systemd[1]: Mounting run-lock.mount - Legacy Locks Directory /run/lock...
              Mounting run-lock.mount - Legacy Locks Directory /run/lock...
      [   10.522002] systemd[1]: Mounting sys-kernel-debug.mount - Kernel Debug File System...
              Mounting sys-kernel-debug.mount - Kernel Debug File System...
      [   10.544595] systemd[1]: Mounting sys-kernel-tracing.mount - Kernel Trace File System...
              Mounting sys-kernel-tracing.mount - Kernel Trace File System...
      [   10.560003] systemd[1]: Mounting tmp.mount - Temporary Directory /tmp...
              Mounting tmp.mount - Temporary Directory /t[   10.571800] systemd[1]: Starting fake-hwclock-load.service - Restore the current clock...
      mp...
              Starting fake-hwclock-load.service - Restore the current clock...
      [   10.609434] systemd[1]: kmod-static-nodes.service - Create List of Static Device Nodes was skipped because of an unmet condition check (ConditionFileNotEmpt               y=/lib/modules/6.12.77-g74aa3bd4fa60/modules.devname).
      [   10.631252] systemd[1]: Starting modprobe@configfs.service - Load Kernel Module configfs...
              Starting modprobe@configfs.service - Load Kernel Module configfs...
      [   10.655673] systemd[1]: Starting modprobe@drm.service - Load Kernel Module drm...
              Starting modprobe@drm.service - Load Kernel Module drm...
      [   10.679735] systemd[1]: Starting modprobe@efi_pstore.service - Load Kernel Module efi_pstore...
              Starting modprobe@efi_pstore.servi… - Load Kernel Module efi_pstore...
      [   10.707615] systemd[1]: Starting modprobe@fuse.service - Load Kernel Module fuse...
              Starting modprobe@fuse.service - Load Kernel Module fuse...
      [   10.729358] systemd[1]: systemd-hibernate-clear.service - Clear Stale Hibernate Storage Info was skipped because of an unmet condition check (ConditionPathE               xists=/sys/firmware/efi/efivars/HibernateLocation-8cf2644b-4b0b-428f-9387-6d876050dc67).
      [   10.752117] systemd[1]: systemd-journald.service: unit configures an IP firewall, but the local system does not support BPF/cgroup firewalling.
      [   10.765066] systemd[1]: systemd-journald.service: (This warning is only shown for the first unit using IP firewalling.)
      [   10.778137] systemd[1]: Starting systemd-journald.service - Journal Service...
              Starting systemd-journald.service - Journal Service...
      [   10.811416] systemd[1]: Starting systemd-modules-load.service - Load Kernel Modules...
              Starting systemd-modules-load.service - Load Kernel Modules...
      [   10.836888] systemd[1]: systemd-pcrmachine.service - TPM PCR Machine ID Measurement was skipped because of an unmet condition check (ConditionSecurity=measu               red-uki).
      [   10.854411] systemd[1]: Starting systemd-tmpfiles-setup-dev-early.service - Create Static Device Nodes in /dev gracefully...
              Starting systemd-tmpfiles-setup-de… Device Nodes in /dev gracefully...
      [   10.880931] systemd[1]: systemd-tpm2-setup-early.service - Early TPM SRK Setup was skipped because of an unmet condition check (ConditionSecurity=measured-u               ki).
      [   10.898049] systemd[1]: Starting systemd-udev-load-credentials.service - Load udev Rules from Credentials...
              Starting systemd-udev-load-credent…Load udev Rules from Credentials...
      [   10.923440] systemd[1]: Starting systemd-udev-trigger.service - Coldplug All udev Devices...
              Starting systemd-udev-trigger.service - Coldplug All udev Devices...
      [   10.952373] systemd[1]: Mounted dev-hugepages.mount - Huge Pages File System.
      [  OK  ] Mounted dev-hugepages.mount - Huge Pages File System.
      [   10.969892] systemd-journald[206]: Collecting audit messages is disabled.
      [   10.977433] systemd[1]: Mounted dev-mqueue.mount - POSIX Message Queue File System.
      [  OK  ] Mounted dev-mqueue.mount - POSIX Message Queue File System.
      [   11.001377] systemd[1]: Mounted run-lock.mount - Legacy Locks Directory /run/lock.
      [  OK  ] Mounted run-lock.mount - Legacy Locks Directory /run/lock.
      [   11.021361] systemd[1]: Mounted sys-kernel-debug.mount - Kernel Debug File System.
      [  OK  ] Mounted sys-kernel-debug.mount - Kernel Debug File System.
      [   11.041209] systemd[1]: Mounted sys-kernel-tracing.mount - Kernel Trace File System.
      [  OK  ] Mounted sys-kernel-tracing.mount - Kernel Trace File System.
      [   11.061226] systemd[1]: Mounted tmp.mount - Temporary Directory /tmp.
      [  OK  ] Mounted tmp.mount - Temporary Directory /tmp.
      [   11.081667] systemd[1]: fake-hwclock-load.service: Deactivated successfully.
      [   11.089165] systemd[1]: Finished fake-hwclock-load.service - Restore the current clock.
      [  OK  ] Finished fake-hwclock-load.service - Restore the current clock.
      [   11.109911] systemd[1]: modprobe@configfs.service: Deactivated successfully.
      [   11.117450] systemd[1]: Finished modprobe@configfs.service - Load Kernel Module configfs.
      [  OK  ] Finished modprobe@configfs.service - Load Kernel Module configfs.
      [   11.137747] systemd[1]: modprobe@drm.service: Deactivated successfully.
      [   11.145060] systemd[1]: Finished modprobe@drm.service - Load Kernel Module drm.
      [  OK  ] Finished modprobe@drm.service - Load Kernel Module drm.
      [   11.165744] systemd[1]: modprobe@efi_pstore.service: Deactivated successfully.
      [   11.173485] systemd[1]: Finished modprobe@efi_pstore.service - Load Kernel Module efi_pstore.
      [  OK  ] Finished modprobe@efi_pstore.service - Load Kernel Module efi_pstore.
      [   11.193437] systemd[1]: Started systemd-journald.service - Journal Service.
      [  OK  ] Started systemd-journald.service - Journal Service.
      [  OK  ] Finished modprobe@fuse.service - Load Kernel Module fuse.
      [  OK  ] Finished systemd-modules-load.service - Load Kernel Modules.
      [  OK  ] Finished systemd-tmpfiles-setup-de…ic Device Nodes in /dev gracefully.
      [  OK  ] Finished systemd-udev-load-credent…- Load udev Rules from Credentials.
              Mounting sys-fs-fuse-connections.mount - FUSE Control File System...
              Mounting sys-kernel-config.mount - Kernel Configuration File System...
              Starting systemd-remount-fs.servic…unt Root and Kernel File Systems...
              Starting systemd-sysctl.service - Apply Kernel Variables...
      [  OK  ] Mounted sys-fs-fuse-connections.mount - FUSE Control File System.
      [  OK  ] Mounted sys-kernel-config.mount - Kernel Configuration File System.
      [  OK  ] Finished systemd-sysctl.service - Apply Kernel Variables.
      [  OK  ] Finished systemd-remount-fs.servic…mount Root and Kernel File Systems.
              Starting systemd-journal-flush.ser…sh Journal to Persistent Storage...
              Starting systemd-random-seed.service - Load/Save OS Random Seed...
              Starting systemd-tmpfiles-setup-de…eate Static Device Nodes in /dev...
      [  OK  ] Finished systemd-tmpfiles-setup-de…Create Static Device Nodes in /dev.
      [  OK  ] Reached target local-fs-pre.target…Preparation for Local File Systems.
              Starting systemd-udevd.service - R…ager for Device Events and Files...
      [  OK  ] Finished systemd-udev-trigger.service - Coldplug All udev Devices.
              Starting ifupdown-pre.service - He…synchronize boot up for ifupdown...
              Starting systemd-udev-settle.servi…o Complete Device Initialization...
      [  OK  ] Finished systemd-random-seed.service - Load/Save OS Random Seed.
      [  OK  ] Finished ifupdown-pre.service - He…o synchronize boot up for ifupdown.
      [  OK  ] Finished systemd-journal-flush.ser…lush Journal to Persistent Storage.
      [  OK  ] Started systemd-udevd.service - Ru…anager for Device Events and Files.
              Starting plymouth-start.service - Show Plymouth Boot Screen...
      [  OK  ] Found device dev-ttyPS0.device - /dev/ttyPS0.
      mtdoops: mtd device (mtddev=name/number) must be supplied
      adar1000 spi1.1: Failed to read/write scratchpad
      adar1000 spi1.1: Failed to read/write scratchpad
      adar1000 spi1.1: Failed to read/write scratchpad
      adar1000 spi1.1: Failed to read/write scratchpad
      adar1000 spi1.2: Failed to read/write scratchpad
      adar1000 spi1.2: Failed to read/write scratchpad
      adar1000 spi1.2: Failed to read/write scratchpad
      adar1000 spi1.2: Failed to read/write scratchpad
      adar1000 spi1.3: Failed to read/write scratchpad
      adar1000 spi1.3: Failed to read/write scratchpad
      adar1000 spi1.3: Failed to read/write scratchpad
      adar1000 spi1.3: Failed to read/write scratchpad
      adar1000 spi1.4: Failed to read/write scratchpad
      adar1000 spi1.4: Failed to read/write scratchpad
      adar1000 spi1.4: Failed to read/write scratchpad
      adar1000 spi1.4: Failed to read/write scratchpad
      systemd[1]: Failed to find module 'autofs4'
      [  OK  ] Started plymouth-start.service - Show Plymouth Boot Screen.
      [  OK  ] Found device dev-disk-by\x2dpartuu… /dev/disk/by-partuuid/33e2fcf5-01.
      [  OK  ] Finished systemd-udev-settle.servi… To Complete Device Initialization.
      [  OK  ] Started systemd-ask-password-plymo…quests to Plymouth Directory Watch.
      [  OK  ] Reached target paths.target - Path Units.
      [  OK  ] Listening on systemd-rfkill.socket…ll Switch Status /dev/rfkill Watch.
              Starting systemd-fsck@dev-disk-by\…dev/disk/by-partuuid/33e2fcf5-01...
      [  OK  ] Finished systemd-fsck@dev-disk-by\… /dev/disk/by-partuuid/33e2fcf5-01.
              Mounting boot.mount - /boot...
      [  OK  ] Mounted boot.mount - /boot.
      [  OK  ] Reached target local-fs.target - Local File Systems.
      [  OK  ] Listening on systemd-sysext.socket… System Extension Image Management.
              Starting networking.service - Raise network interfaces...
              Starting plymouth-read-write.servi…ymouth To Write Out Runtime Data...
              Starting systemd-tmpfiles-setup.se…ate System Files and Directories...
      [  OK  ] Finished plymouth-read-write.servi…Plymouth To Write Out Runtime Data.
      [  OK  ] Finished systemd-tmpfiles-setup.se…reate System Files and Directories.
      [  OK  ] Reached target sysinit.target - System Initialization.
      [  OK  ] Started apt-daily.timer - Daily apt download activities.
      [  OK  ] Started apt-daily-upgrade.timer - …y apt upgrade and clean activities.
      [  OK  ] Started dpkg-db-backup.timer - Daily dpkg database backup timer.
      [  OK  ] Started e2scrub_all.timer - Period…Metadata Check for All Filesystems.
      [  OK  ] Started fake-hwclock-save.timer - Periodically save current clock.
      [  OK  ] Started fstrim.timer - Discard unused filesystem blocks once a week.
      [  OK  ] Started logrotate.timer - Daily rotation of log files.
      [  OK  ] Started man-db.timer - Daily man-db regeneration.
      [  OK  ] Started ntpsec-rotate-stats.timer - Rotate ntpd stats daily.
      [  OK  ] Started systemd-tmpfiles-clean.tim…y Cleanup of Temporary Directories.
      [  OK  ] Reached target timers.target - Timer Units.
      [  OK  ] Listening on avahi-daemon.socket -…DNS/DNS-SD Stack Activation Socket.
      [  OK  ] Listening on dbus.socket - D-Bus System Message Bus Socket.
      [  OK  ] Listening on sshd-unix-local.socke…temd-ssh-generator, AF_UNIX Local).
      [  OK  ] Listening on systemd-hostnamed.socket - Hostname Service Socket.
      [  OK  ] Reached target sockets.target - Socket Units.
      [  OK  ] Reached target basic.target - Basic System.
              Starting accounts-daemon.service - Accounts Service...
              Starting adi-power.service - Analog Devices power up/down sequence...
              Starting avahi-daemon.service - Avahi mDNS/DNS-SD Stack...
              Starting blueman-mechanism.service - Bluetooth management mechanism...
      [  OK  ] Started cron.service - Regular background program processing daemon.
              Starting dbus.service - D-Bus System Message Bus...
              Starting e2scrub_reap.service - Re…ne ext4 Metadata Check Snapshots...
      [  OK  ] Started fan-control.service - fan-control.
              Starting fix-display-port.service - Fix DP audio and X11...
              Starting iiod_context_attr.service…ating IIOD Context Attributes......
              Starting systemd-logind.service - User Login Management...
              Starting udisks2.service - Disk Manager...
              Starting xserver.service - ADI X Server...
      [  OK  ] Finished networking.service - Raise network interfaces.
      [  OK  ] Started systemd-logind.service - User Login Management.
      [  OK  ] Finished fix-display-port.service - Fix DP audio and X11.
      [  OK  ] Started dbus.service - D-Bus System Message Bus.
              Starting NetworkManager.service - Network Manager...
              Starting wpa_supplicant.service - WPA supplicant...
      [  OK  ] Started avahi-daemon.service - Avahi mDNS/DNS-SD Stack.
              Starting polkit.service - Authorization Manager...
      [  OK  ] Created slice user-1000.slice - User Slice of UID 1000.
              Starting user-runtime-dir@1000.ser…Runtime Directory /run/user/1000...
      [  OK  ] Finished user-runtime-dir@1000.ser…r Runtime Directory /run/user/1000.
      [  OK  ] Started wpa_supplicant.service - WPA supplicant.
      [  OK  ] Started polkit.service - Authorization Manager.
      [  OK  ] Finished iiod_context_attr.service…reating IIOD Context Attributes....
      [  OK  ] Started accounts-daemon.service - Accounts Service.
              Starting systemd-hostnamed.service - Hostname Service...
      [  OK  ] Finished e2scrub_reap.service - Re…line ext4 Metadata Check Snapshots.
      [  OK  ] Started udisks2.service - Disk Manager.
      adar1000 spi1.3: Failed to read/write scratchpad
      adar1000 spi1.3: Failed to read/write scratchpad
      adar1000 spi1.3: Failed to read/write scratchpad
      adar1000 spi1.3: Failed to read/write scratchpad
      adar1000 spi1.4: Failed to read/write scratchpad
      adar1000 spi1.4: Failed to read/write scratchpad
      adar1000 spi1.4: Failed to read/write scratchpad
      adar1000 spi1.4: Failed to read/write scratchpad
      [  OK  ] Started systemd-hostnamed.service - Hostname Service.
              Starting NetworkManager-dispatcher…anager Script Dispatcher Service...
      [  OK  ] Started NetworkManager.service - Network Manager.
      [  OK  ] Reached target network.target - Network.
              Starting htpdate.service - HTTP based time synchronization tool...
      [  OK  ] Started iiod.service - IIO Daemon.
              Starting ntpsec.service - Network Time Service...
              Starting ssh.service - OpenBSD Secure Shell server...
              Starting systemd-user-sessions.service - Permit User Sessions...
      [  OK  ] Started udiskie.service - Udiskie …rvice for managing removable media.
      [  OK  ] Started NetworkManager-dispatcher.… Manager Script Dispatcher Service.
      [  OK  ] Finished systemd-user-sessions.service - Permit User Sessions.
              Starting plymouth-quit-wait.servic…d until boot process finishes up...
              Starting user@1000.service - User Manager for UID 1000...
      [  OK  ] Started htpdate.service - HTTP based time synchronization tool.
      [  OK  ] Started ntpsec.service - Network Time Service.
      [  OK  ] Started ssh.service - OpenBSD Secure Shell server.
      [  OK  ] Started blueman-mechanism.service - Bluetooth management mechanism.
      [  OK  ] Started user@1000.service - User Manager for UID 1000.
      [  OK  ] Started session-c1.scope - Session c1 of User analog.
      [  OK  ] Finished xserver.service - ADI X Server.
              Starting lightdm.service - Light Display Manager...
              Starting x11vnc.service - VNC Server for X11...
              Starting rtkit-daemon.service - Re…imeKit Scheduling Policy Service...
      [FAILED] Failed to start x11vnc.service - VNC Server for X11.

      Debian GNU/Linux 13 analog ttyPS0

      analog login: root (automatic login)

      Linux analog 6.12.77-g74aa3bd4fa60 #1 SMP Thu Apr 23 08:27:30 UTC 2026 aarch64

      The programs included with the Debian GNU/Linux system are free software;
      the exact distribution terms for each program are described in the
      individual files in /usr/share/doc/*/copyright.

      Debian GNU/Linux comes with ABSOLUTELY NO WARRANTY, to the extent
      permitted by applicable law.
      root@analog:~#

ADXUD1AEBZ Interposer FMC EEPROM Programming
^^^^^^^^^^^^^^^^^^^^^^^^^^^^^^^^^^^^^^^^^^^^^^^^^^^^^^^^^^^^^^^^^^^^^^^^^^^^^^^

The :ref:`ADXUD1AEBZ<xud1a>` Interposer Board FMC EEPROM is not factory programmed. The
following commands in a UART Terminal (e.g. PuTTY) can be executed to program
the FMC EEPROM.

.. shell::

   root@analog:~#
   root@analog:~# find /sys -name eeprom
   /sys/devices/platform/axi/ff030000.i2c/i2c-1/i2c-15/15-0050/eeprom
   /sys/devices/platform/axi/ff030000.i2c/i2c-1/i2c-6/6-0054/eeprom
   root@analog:~#
   root@analog:~# fru-dump -i /usr/local/src/fru_tools/masterfiles/AD-FMCOMMS2-EBZ-FRU.bin -o /sys/bus/i2c/devices/15-0050/eeprom
   read 251 bytes from /usr/local/src/fru_tools/masterfiles/AD-FMCOMMS2-EBZ-FRU.bin
   wrote 251 bytes to /sys/bus/i2c/devices/15-0050/eeprom
   root@analog:~#
   root@analog:~# fru-dump -i /sys/bus/i2c/devices/15-0050/eeprom -b
   read 256 bytes from /sys/bus/i2c/devices/15-0050/eeprom
   Date of Man     : Mon Jul 22 20:23:00 2013
   Manufacturer    : Analog Devices
   Product Name    : AD9361 RF Hardware Development Kit
   Serial Number   : 00045
   Part Number     : AD-FMCOMMS2-EBZ
   FRU File ID     : Empty Field
   PCB Rev         : C
   PCB ID          : 9361FMC01A
   BOM Rev         : 1
   Uses LVDS       : Y
   root@analog:~#
   root@analog:~# poweroff

Useful commands for the serial terminal
^^^^^^^^^^^^^^^^^^^^^^^^^^^^^^^^^^^^^^^^^^^^^^^^^^^^^^^^^^^^^^^^^^^^^^^^^^^^^^^

The below commands are to be run in the serial terminal connected to the FPGA.

To find out the IP of the FPGA board, run the following command and take the
IP specified at "eth0 inet":

.. shell::

   $ifconfig

To see the IIO devices detected, run:

.. shell::

   $iio_info | grep iio:device

The following devices should be visible:

.. list-table::
   :header-rows: 1

   * - IIO Device
     - Device Name
     - Driver Documentation
   * - iio:device2
     - adar1000_csb_1_1
     - :external+linux:ref:`adar1000`
   * - iio:device3
     - adar1000_csb_1_2
     - :external+linux:ref:`adar1000`
   * - iio:device4
     - adar1000_csb_1_3
     - :external+linux:ref:`adar1000`
   * - iio:device5
     - adar1000_csb_1_4
     - :external+linux:ref:`adar1000`
   * - iio:device6
     - adar1000_csb_2_1
     - :external+linux:ref:`adar1000`
   * - iio:device7
     - adar1000_csb_2_2
     - :external+linux:ref:`adar1000`
   * - iio:device8
     - adar1000_csb_2_3
     - :external+linux:ref:`adar1000`
   * - iio:device9
     - adar1000_csb_2_4
     - :external+linux:ref:`adar1000`
   * - iio:device18
     - adf4371-0
     - :external+linux:ref:`adf4371`
   * - iio:device19
     - hmc7044
     - :external+linux:ref:`hmc7044`
   * - iio:device20
     - axi-ad9081-rx-hpc
     - :external+linux:ref:`ad9081`
       :external+linux:ref:`axi-adc-hdl`
   * - iio:device21
     - TDD Core
     - :external+hdl:ref:`axi_tdd`
   * - iio:device22
     - one-bit-adc-dac
     - TBD
   * - iio:device23
     - one-bit-adc-dac
     - TBD
   * - iio:device24
     - one-bit-adc-dac
     - TBD
   * - iio:device25
     - axi-ad9081-tx-hpc
     - :external+linux:ref:`ad9081`
       :external+linux:ref:`axi-dac-dds-hdl`

.. note::

   All programmable devices on the X-Band platform are abstracted by IIO
   devices. All these drivers feature a runtime API which can be controlled
   using :doc:`IIO Oscilloscope </software/iio-oscilloscope/index>`,
   :doc:`LibIIO </software/libiio/index>`, etc. However some configuration
   is static and done inside the device tree. See instructions on building
   custom kernel and devicetree images :external+kuiper:doc:`here <index>`



To see the EEPROM specifications, run:

.. shell::

   $fru-dump -b /sys/bus/i2c/devices/15-0050/eeprom

To use the :dokuwiki:`JESD204 status utility <resources/tools-software/linux-software/jesd_status>`,
run:

.. shell::

   $jesd_status
   lqqqqqqqqqqqqqqqqqqqqqqqqqqqqqqqqqqqqqqqqqqqqqqqqqqqqqqqqqqqqqqqqqqqqqqqqqqqqqqk
   xl(DEVICES) Found 2 JESD204 Link Layer peripheralsqqqqqqqqqqqqqqqqqqqqqqqqqqqqkx
   xx                                                                            xx
   xx(0): axi-jesd204-rx/84a90000.axi-jesd204-rx  [*]                            xx
   xx(1): axi-jesd204-tx/84b90000.axi-jesd204-tx                                 xx
   xmqqqqqqqqqqqqqqqqqqqqqqqqqqqqqqqqqqqqqqqqqqqqqqqqqqqqqqqqqqqqqqqqqqqqqqqqqqqqjx
   xl(STATUS)qqqqqqqqqqqqqqqqqqqqqqqqqqqqqqqqqqqqqqqqqqqqqqqqqqqqqqqqqqqqqqqqqqqqkx
   xxLink is                      enabled                                        xx
   xxLink Status                  DATA                                           xx
   xxMeasured Link Clock (MHz)    250.026                                        xx
   xxReported Link Clock (MHz)    250.000                                        xx
   xxMeasured Device Clock (MHz)  250.026                                        xx
   xxReported Device Clock (MHz)  250.000                                        xx
   xxDesired Device Clock (MHz)   250.000                                        xx
   xxLane rate (MHz)              10000.000                                      xx
   xxLane rate / 40 (MHz)         250.000                                        xx
   xxLMFC rate (MHz)              7.812                                          xx
   xxSYSREF captured              Yes                                            xx
   xxSYSREF alignment error       No                                             xx
   xxSYNC~                                                                       xx
   xmqqqqqqqqqqqqqqqqqqqqqqqqqqqqqqqqqqqqqqqqqqqqqqqqqqqqqqqqqqqqqqqqqqqqqqqqqqqqjx
   xl(LANE STATUS)qqqqqqqqqqqqqqqqqqqqqqqqqqqqqqqqqqqqqqqqqqqqqqqqqqqqqqqqqqqqqqqkx
   xxLane#                             0      1      2      3                    xt
   xxErrors                            0      0      0      0                    xj

To power off the system, run the following command, and wait for the final
message to be printed, then power off the FPGA board from the switch as well.

.. shell::

   $poweroff

To reboot the system, run:

.. shell::

   $reboot

.. important::

   Even though this is Linux, this is a persistent file system. Care should be
   taken not to corrupt the file system -- please shut down things, don't just
   turn off the power switch. Depending on your monitor, the standard power off
   could be hiding. You can do this from the terminal as well with :code:`sudo
   shutdown -h now` or the above-mentioned command for powering off.

.. _xbdp quickstart zcu102 matlab:

MATLAB Support
~~~~~~~~~~~~~~~~~~~~~~~~~~~~~~~~~~~~~~~~~~~~~~~~~~~~~~~~~~~~~~~~~~~~~~~~~~~~~~~

.. warning::
   MATLAB 2021b is the primary version that all the code is tested with.

MATLAB support is provided through the
:doc:`High Speed Converter Toolbox </software/matlab/hsx-toolbox/index>`
and :doc:`RF Microwave Toolbox </software/matlab/rf-microwave-toolbox/index>`,
with unique classes for transmit and receive functionality. The X-Band Platform can be
controlled via MATLAB using example scripts which are available as part of the
:git-RFMicrowaveToolbox:`RF Microwave Toolbox </>`. These toolboxes can either
be manually downloaded from the Releases section of the GitHub page, or
downloaded and installed via MATLAB Add-On Explorer. MATLAB is used to exercise
the board through LibIIO objects and provide higher level application
functionality.

.. admonition:: Download

   Download and install the latest :git-libiio:`LibIIO </releases>` package on your machine

In order to work with the platform, a number of
toolboxes and support packages are required:

.. list-table:: MATLAB Toolboxes
   :header-rows: 1

   * - Toolbox
     - Purpose
   * - :mw:`Communications Toolbox <products/communications>`
     - Required Dependencies
   * - :mw:`DSP System Toolbox <products/dsp-system>`
     - Required Dependencies
   * - :mw:`Signal Processing Toolbox <products/signal>`
     - Required Dependencies
   * - :mw:`Curve Fitting Toolbox <products/curvefitting>`
     - Required Dependencies
   * - :mw:`Instrument Control Toolbox <products/instrument>`
     - Required Dependencies
   * - :mw:`Support Package for AMD Zynq-Based Radio <matlabcentral/fileexchange/48491-communications-toolbox-support-package-for-xilinx-zynq-based-radio>`
       or :mw:`Support Package for ADALM-Pluto <hardware-support/adalm-pluto-radio.html?s_tid=AO_HS_info>`
     - LibIIO Matlab Bindings
   * - :git-HighSpeedConverterToolbox:`High Speed Converter Toolbox </>`
     - AD9081 Control
   * - :git-RFMicrowaveToolbox:`RF Microwave Toolbox </>`
     - ADAR1000EVAL1Z & ADXUD1A Control
   * - :git-genalyzer:`Genalyzer </>`
     - DSP of RF Signals
   * - :mw:`MinGW-w64 C/C++ Compiler <matlabcentral/fileexchange/52848-matlab-support-for-mingw-w64-c-c-compiler>`
     - Genalyzer Compiler

.. note::

   It's recommended to install via the download from GitHub as this is generally
   more up to date than the MATLAB Add-On Explorer page

Example scripts are located within the add-on install directory, which is
usually located in the directory:
``C:\Users\<username>\AppData\Roaming\MathWorks\MATLAB Add-Ons\Toolboxes``

The example scripts are specifically located in the following folder: ``Analog
Devices, Inc. RFMicrowave Toolbox\rfm_examples``

Controlling X-Band Platform With MATLAB
^^^^^^^^^^^^^^^^^^^^^^^^^^^^^^^^^^^^^^^^^^^^^^^^^^^^^^^^^^^^^^^^^^^^^^^^^^^^^^^

The control interface for the X-Band Platform is implemented using standard
system objects in MATLAB. Basic information for instantiating the objects is
provided in the toolbox documentation within MATLAB and on
:doc:`this page </software/matlab/hsx-toolbox/index>`
and :doc:`this page </software/matlab/rf-microwave-toolbox/index>`.
Here is an example instantiation of the objects:

.. code-block:: matlab

   >> tx = adi.AD9081.Tx;

   tx =

     adi.AD9081.Tx with properties:

       ChannelNCOFrequencies: [0 0 0 0]
          MainNCOFrequencies: [0 0 0 0]
            ChannelNCOPhases: [0 0 0 0]
               MainNCOPhases: [0 0 0 0]
        ChannelNCOGainScales: [0 0 0 0]
                  NCOEnables: [0 0 0 0]
             EnabledChannels: 1
                         uri: 'ip:analog'
                  DataSource: 'DMA'
         EnableCyclicBuffers: false

   >> rx = adi.AD9081.Rx;

   rx =

     adi.AD9081.Rx with properties:

                SamplingRate: NaN
       ChannelNCOFrequencies: [0 0 0 0]
          MainNCOFrequencies: [0 0 0 0]
            ChannelNCOPhases: [0 0 0 0]
               MainNCOPhases: [0 0 0 0]
                    TestMode: 'off'
                 EnablePFIRs: false
               PFIRFilenames: ''
             SamplesPerFrame: 32768
             EnabledChannels: 1
                         uri: 'ip:analog'

   >> sray = adi.Stingray;

   sray =

     Stingray with properties

                             ADF4371Frequency: 15000000000
                                  ADF4371Name: RF16x
                                 ADF4371Phase: 359999
                                BeamMemEnable: logical [2x4]
                                BiasDACEnable: logical [2x4]
                                  BiasDACMode: cell [2x4]
                                BiasMemEnable: logical [2x4]
