.. imported from: https://wiki.analog.com/resources/eval/user-guides/ad-fmcdaq3-ebz/quickstart/zynq

.. _ad_fmcdaq3_ebz quickstart zc706:

ZC706 Quickstart
================

This guide provides some quick instructions on how to setup the
:adi:`AD-FMCDAQ3-EBZ` on:

- :xilinx:`ZC706` (rev 1.1 or  higher)  FMC HPC

.. image:: ../../images/zc706.png
   :width: 900

.. esd-warning::

.. important::

   The ZC706 is built around a XC7Z045 FFG900 - 2 FPGA, which means the design
   will be overclocked when configured for 1233MSPS. In a production design a
   XC7Z045 FFG900 -3 FPGA should be used or the lane rate should be within the
   supported range for the specific FPGA.

Using Linux as software
-----------------------

Necessary files
~~~~~~~~~~~~~~~

.. note::

  The SD card includes several folders in the root directory of the BOOT
  partition. In order to configure the SD card to work with a specific FPGA
  board and ADI hardware, several files must be copied onto the root directory.
  Using the host PC, drag and drop the required files onto the BOOT partition,
  and use the EJECT function when removing the SD card from the reader.

The following files are needed for the system to boot:

- HDL boot image: ``BOOT.BIN``
- Linux Kernel image: ``uImage``
- Linux device tree: ``devicetree.dtb``

They can either be taken from the SD card -- already generated by us, or you can
build them manually:

- Instructions on how to choose the boot files from the SD card can be found in
  the **Platform-Specific Manual Steps** section from here:
  :external+kuiper:ref:`hardware-configuration`.
- Instructions on how to manually build the boot files from source can be found
  here:

   - :ref:`linux-kernel zynq`
   - :external+hdl:ref:`daq3` build documentation. More HDL build details at
     :external+hdl:ref:`build_hdl`.

.. important::

  Some projects provide multiple devicetree files in the SD card's boot folders.
  Make sure you select the devicetree that matches your specific use case.

Required software
~~~~~~~~~~~~~~~~~

- SD Card 16GB imaged with :external+kuiper:doc:`Kuiper <index>` (check out that
  guide on how to do it, then come back to this section)
- A UART terminal (Putty/Tera Term/Minicom, etc.) with baud rate 115200 (8N1)

Required hardware
~~~~~~~~~~~~~~~~~

- AMD Xilinx :xilinx:`ZC706` Rev 1.1 or higher FPGA board and its power supply
- :adi:`AD-FMCDAQ3-EBZ` FMC evaluation board
- You need a Host PC (Windows or Linux)
- Mini-USB cable (UART)
- LAN cable (Ethernet)
- (Optional) 2x SMA cable for analog signal loopback
- (Optional) USB keyboard & mouse and a HDMI compatible monitor

Testing
~~~~~~~

Creating the setup
^^^^^^^^^^^^^^^^^^

In the following example, we will make a physical loopback between the ADC and
the DAC channels on the evaluation board, using SMA cables.

.. caution::

   This project was tested with **VADJ = 2.5 V**

Follow the steps in this order, to avoid damaging the components:

You will need to:

#. Get the :xilinx:`ZC706 <products/boards-and-kits/ek-z7-zc706-g.html>`
#. Insert the SD-CARD into the SD Card Interface Connector (J30)

.. image:: ../images/ad-fmcdaq3-ebz_zc706.png
   :width: 900

#. Plug the :adi:`AD-FMCDAQ3-EBZ` into the HPC Connector
#. Plug your HDMI display device into the HDMI Video Connector (P1)
#. Plug your USB mouse/keyboard into the USB 2.0 ULPI Controller, w/Micro-B
   Connector (J49)
#. Plug the Power Supply into 12V Power input connector (J22) (DO NOT turn the
   device on).
#. Set the jumpers: The main one is: SW11 - Big Blue Switch in the middle, which
   controls the Boot Mode, it needs to be set: **1: Down, 2: Down, 3: Up, 4: Up,
   5: Down**. Other Jumpers can be checked via looking at the picture. (click
   the picture to make it bigger)
#. Turn it on.
#. Wait ~30 seconds for the "DONE" LED to turn green. This is above the power
   switch.
#. Wait another ~30 seconds for the HDMI display device to start showing signs
   of life.

Alternatively, you can connect to board using USB-to-UART cable (using for
example ``TeraTerm``). Check network IP (for example by running ``ifconfig``
command), run ``enable_dummy_display.sh`` and then you can also connect by VNC
without using a monitor.

Boot messages
^^^^^^^^^^^^^

The following is what is printed in the serial console, after you have connected
to the proper ttyUSB or COM port:

.. collapsible:: Complete boot log

    ::

      U-Boot 2018.01-21442-gf06dec3cab (Feb 13 2025 - 17:06:16 +0200) Xilinx Zynq ZC706, Build: jenkins-development-build_uboot-57
      Model: Zynq ZC706 Development Board
      Board: Xilinx Zynq
      Silicon: v3.1
      I2C:   ready
      DRAM:  ECC disabled 1 GiB
      MMC:   sdhci@e0100000: 0 (SD)
      SF: Detected s25fl128s_64k with page size 512 Bytes, erase size 128 KiB, total 32 MiB
      In:    serial@e0001000
      Out:   serial@e0001000
      Err:   serial@e0001000
      Net:   ZYNQ GEM: e000b000, phyaddr 7, interface rgmii-id
      eth0: ethernet@e000b000
      reading uEnv.txt
      407 bytes read in 24 ms (15.6 KiB/s)
      Importing environment from SD ...
      Hit any key to stop autoboot:  0
      Device: sdhci@e0100000
      Manufacturer ID: 1d
      OEM: 4144
      Name: 00000
      Tran Speed: 50000000
      Rd Block Len: 512
      SD version 3.0
      High Capacity: Yes
      Capacity: 29.1 GiB
      Bus Width: 4-bit
      Erase Group Size: 512 Bytes
      reading uEnv.txt
      407 bytes read in 23 ms (16.6 KiB/s)
      Loaded environment from uEnv.txt
      Importing environment from SD ...
      Running uenvcmd ...
      Copying Linux from SD to RAM...
      reading uImage
      8412448 bytes read in 489 ms (16.4 MiB/s)
      reading devicetree.dtb
      26672 bytes read in 30 ms (868.2 KiB/s)
      ** Unable to read file uramdisk.image.gz **
      ## Booting kernel from Legacy Image at 03000000 ...
         Image Name:   Linux-6.1.70-284114-g2e8908932df
         Image Type:   ARM Linux Kernel Image (uncompressed)
         Data Size:    8412384 Bytes = 8 MiB
         Load Address: 00008000
         Entry Point:  00008000
         Verifying Checksum ... OK
      ## Flattened Device Tree blob at 02a00000
         Booting using the fdt blob at 0x2a00000
         Loading Kernel Image ... OK
         Loading Device Tree to 1fff6000, end 1ffff82f ... OK

      Starting kernel ...

      Booting Linux on physical CPU 0x0
      Linux version 6.1.70-284114-g2e8908932dfd (jenkins@romlxbuild1) (arm-xilinx-linux-gnueabi-gcc.real (GCC) 12.2.0, GNU ld (GNU Binutils) 2.39.0.20220819) #1060 SMP PREEMPT Tue Mar 18 16:11:24 EET 2025
      CPU: ARMv7 Processor [413fc090] revision 0 (ARMv7), cr=18c5387d
      CPU: PIPT / VIPT nonaliasing data cache, VIPT aliasing instruction cache
      OF: fdt: Machine model: Xilinx Zynq ZC706
      OF: fdt: earlycon: stdout-path /amba@0/uart@E0001000 not found
      Memory policy: Data cache writealloc
      cma: Reserved 128 MiB at 0x38000000
      Zone ranges:
        Normal   [mem 0x0000000000000000-0x000000002fffffff]
        HighMem  [mem 0x0000000030000000-0x000000003fffffff]
      Movable zone start for each node
      Early memory node ranges
        node   0: [mem 0x0000000000000000-0x000000003fffffff]
      Initmem setup node 0 [mem 0x0000000000000000-0x000000003fffffff]
      percpu: Embedded 11 pages/cpu s14420 r8192 d22444 u45056
      Built 1 zonelists, mobility grouping on.  Total pages: 260608
      Kernel command line: console=ttyPS0,115200 root=/dev/mmcblk0p2 rw earlycon rootfstype=ext4 rootwait clk_ignore_unused cpuidle.off=1
      Dentry cache hash table entries: 131072 (order: 7, 524288 bytes, linear)
      Inode-cache hash table entries: 65536 (order: 6, 262144 bytes, linear)
      mem auto-init: stack:all(zero), heap alloc:off, heap free:off
      Memory: 881940K/1048576K available (12288K kernel code, 818K rwdata, 10376K rodata, 1024K init, 470K bss, 35564K reserved, 131072K cma-reserved, 131072K highmem)
      rcu: Preemptible hierarchical RCU implementation.
      rcu:    RCU event tracing is enabled.
      rcu:    RCU restricting CPUs from NR_CPUS=4 to nr_cpu_ids=2.
      rcu: RCU calculated value of scheduler-enlistment delay is 10 jiffies.
      rcu: Adjusting geometry for rcu_fanout_leaf=16, nr_cpu_ids=2
      NR_IRQS: 16, nr_irqs: 16, preallocated irqs: 16
      efuse mapped to (ptrval)
      slcr mapped to (ptrval)
      L2C: platform modifies aux control register: 0x72360000 -> 0x72760000
      L2C: DT/platform modifies aux control register: 0x72360000 -> 0x72760000
      L2C-310 erratum 769419 enabled
      L2C-310 enabling early BRESP for Cortex-A9
      L2C-310 full line of zeros enabled for Cortex-A9
      L2C-310 ID prefetch enabled, offset 1 lines
      L2C-310 dynamic clock gating enabled, standby mode enabled
      L2C-310 cache controller enabled, 8 ways, 512 kB
      L2C-310: CACHE_ID 0x410000c8, AUX_CTRL 0x76760001
      rcu: srcu_init: Setting srcu_struct sizes based on contention.
      zynq_clock_init: clkc starts at (ptrval)
      Zynq clock init
      sched_clock: 64 bits at 167MHz, resolution 6ns, wraps every 4398046511103ns
      clocksource: arm_global_timer: mask: 0xffffffffffffffff max_cycles: 0x26703d7dd8, max_idle_ns: 440795208065 ns
      Switching to timer-based delay loop, resolution 6ns
      clocksource: ttc_clocksource: mask: 0xffff max_cycles: 0xffff, max_idle_ns: 537538477 ns
      timer #0 at (ptrval), irq=25
      Console: colour dummy device 80x30
      Calibrating delay loop (skipped), value calculated using timer frequency.. 333.33 BogoMIPS (lpj=1666666)
      CPU: Testing write buffer coherency: ok
      CPU0: Spectre v2: using BPIALL workaround
      pid_max: default: 32768 minimum: 301
      Mount-cache hash table entries: 2048 (order: 1, 8192 bytes, linear)
      Mountpoint-cache hash table entries: 2048 (order: 1, 8192 bytes, linear)
      CPU0: thread -1, cpu 0, socket 0, mpidr 80000000
      Setting up static identity map for 0x100000 - 0x100060
      rcu: Hierarchical SRCU implementation.
      rcu:    Max phase no-delay instances is 1000.
      smp: Bringing up secondary CPUs ...
      CPU1: thread -1, cpu 1, socket 0, mpidr 80000001
      CPU1: Spectre v2: using BPIALL workaround
      smp: Brought up 1 node, 2 CPUs
      SMP: Total of 2 processors activated (666.66 BogoMIPS).
      CPU: All CPU(s) started in SVC mode.
      devtmpfs: initialized
      VFP support v0.3: implementor 41 architecture 3 part 30 variant 9 rev 4
      clocksource: jiffies: mask: 0xffffffff max_cycles: 0xffffffff, max_idle_ns: 19112604462750000 ns
      futex hash table entries: 512 (order: 3, 32768 bytes, linear)
      pinctrl core: initialized pinctrl subsystem
      NET: Registered PF_NETLINK/PF_ROUTE protocol family
      DMA: preallocated 256 KiB pool for atomic coherent allocations
      thermal_sys: Registered thermal governor 'step_wise'
      platform axi: Fixed dependency cycle(s) with /axi/interrupt-controller@f8f01000
      amba f8801000.etb: Fixed dependency cycle(s) with /replicator/out-ports/port@1/endpoint
      amba f8803000.tpiu: Fixed dependency cycle(s) with /replicator/out-ports/port@0/endpoint
      amba f8804000.funnel: Fixed dependency cycle(s) with /replicator/in-ports/port/endpoint
      amba f889c000.ptm: Fixed dependency cycle(s) with /axi/funnel@f8804000/in-ports/port@0/endpoint
      amba f889d000.ptm: Fixed dependency cycle(s) with /axi/funnel@f8804000/in-ports/port@1/endpoint
      hw-breakpoint: found 5 (+1 reserved) breakpoint and 1 watchpoint registers.
      hw-breakpoint: maximum watchpoint size is 4 bytes.
      e0001000.serial: ttyPS0 at MMIO 0xe0001000 (irq = 27, base_baud = 3125000) is a xuartps
      printk: console [ttyPS0] enabled
      SCSI subsystem initialized
      usbcore: registered new interface driver usbfs
      usbcore: registered new interface driver hub
      usbcore: registered new device driver usb
      mc: Linux media interface: v0.10
      videodev: Linux video capture interface: v2.00
      pps_core: LinuxPPS API ver. 1 registered
      pps_core: Software ver. 5.3.6 - Copyright 2005-2007 Rodolfo Giometti <giometti@linux.it>
      PTP clock support registered
      jesd204: created con: id=0, topo=0, link=0, /axi/spi@e0006000/ad9528@0 <-> /fpga-axi@0/axi-adxcvr-rx@44a50000
      jesd204: created con: id=1, topo=0, link=0, /fpga-axi@0/axi-adxcvr-rx@44a50000 <-> /fpga-axi@0/axi-jesd204-rx@44aa0000
      jesd204: created con: id=2, topo=0, link=0, /fpga-axi@0/axi-jesd204-rx@44aa0000 <-> /fpga-axi@0/axi-ad9680-hpc@44a10000
      jesd204: created con: id=3, topo=1, link=0, /fpga-axi@0/axi-adxcvr-tx@44a60000 <-> /fpga-axi@0/axi-jesd204-tx@44a90000
      jesd204: created con: id=4, topo=1, link=0, /fpga-axi@0/axi-jesd204-tx@44a90000 <-> /fpga-axi@0/axi-ad9152-hpc@44a04000
      jesd204: created con: id=5, topo=0, link=0, /fpga-axi@0/axi-ad9680-hpc@44a10000 <-> /axi/spi@e0006000/ad9680@2
      jesd204: created con: id=6, topo=1, link=0, /fpga-axi@0/axi-ad9152-hpc@44a04000 <-> /axi/spi@e0006000/ad9152@1
      jesd204: /axi/spi@e0006000/ad9680@2: JESD204[0:0] transition uninitialized -> initialized
      jesd204: /axi/spi@e0006000/ad9152@1: JESD204[1:0] transition uninitialized -> initialized
      jesd204: found 9 devices and 2 topologies
      FPGA manager framework
      Advanced Linux Sound Architecture Driver Initialized.
      clocksource: Switched to clocksource arm_global_timer
      NET: Registered PF_INET protocol family
      IP idents hash table entries: 16384 (order: 5, 131072 bytes, linear)
      tcp_listen_portaddr_hash hash table entries: 512 (order: 0, 4096 bytes, linear)
      Table-perturb hash table entries: 65536 (order: 6, 262144 bytes, linear)
      TCP established hash table entries: 8192 (order: 3, 32768 bytes, linear)
      TCP bind hash table entries: 8192 (order: 5, 131072 bytes, linear)
      TCP: Hash tables configured (established 8192 bind 8192)
      UDP hash table entries: 512 (order: 2, 16384 bytes, linear)
      UDP-Lite hash table entries: 512 (order: 2, 16384 bytes, linear)
      NET: Registered PF_UNIX/PF_LOCAL protocol family
      RPC: Registered named UNIX socket transport module.
      RPC: Registered udp transport module.
      RPC: Registered tcp transport module.
      RPC: Registered tcp NFSv4.1 backchannel transport module.
      armv7-pmu f8891000.pmu: hw perfevents: no interrupt-affinity property, guessing.
      hw perfevents: enabled with armv7_cortex_a9 PMU driver, 7 counters available
      workingset: timestamp_bits=30 max_order=18 bucket_order=0
      NFS: Registering the id_resolver key type
      Key type id_resolver registered
      Key type id_legacy registered
      nfs4filelayout_init: NFSv4 File Layout Driver Registering...
      nfs4flexfilelayout_init: NFSv4 Flexfile Layout Driver Registering...
      fuse: init (API version 7.37)
      bounce: pool size: 64 pages
      io scheduler mq-deadline registered
      io scheduler kyber registered
      zynq-pinctrl 700.pinctrl: zynq pinctrl initialized
      dma-pl330 f8003000.dma-controller: Loaded driver for PL330 DMAC-241330
      dma-pl330 f8003000.dma-controller:      DBUFF-128x8bytes Num_Chans-8 Num_Peri-4 Num_Events-16
      brd: module loaded
      loop: module loaded
      Registered mathworks_ip class
      SPI driver spidev has no spi_device_id for adi,swspi
      spi-nor spi1.0: found s25fl128s1, expected n25q128a11
      spi-nor spi1.0: s25fl128s1 (16384 Kbytes)
      5 fixed-partitions partitions found on MTD device spi1.0
      Creating 5 MTD partitions on "spi1.0":
      0x000000000000-0x000000500000 : "boot"
      0x000000500000-0x000000520000 : "bootenv"
      0x000000520000-0x000000540000 : "config"
      0x000000540000-0x000000fc0000 : "image"
      0x000000fc0000-0x000001000000 : "spare"
      MACsec IEEE 802.1AE
      tun: Universal TUN/TAP device driver, 1.6
      macb e000b000.ethernet eth0: Cadence GEM rev 0x00020118 at 0xe000b000 irq 45 (00:0a:35:00:01:22)
      usbcore: registered new interface driver asix
      usbcore: registered new interface driver ax88179_178a
      usbcore: registered new interface driver cdc_ether
      usbcore: registered new interface driver net1080
      usbcore: registered new interface driver cdc_subset
      usbcore: registered new interface driver zaurus
      usbcore: registered new interface driver cdc_ncm
      usbcore: registered new interface driver r8153_ecm
      usbcore: registered new interface driver uas
      usbcore: registered new interface driver usb-storage
      usbcore: registered new interface driver usbserial_generic
      usbserial: USB Serial support registered for generic
      usbcore: registered new interface driver ftdi_sio
      usbserial: USB Serial support registered for FTDI USB Serial Device
      usbcore: registered new interface driver upd78f0730
      usbserial: USB Serial support registered for upd78f0730
      ULPI transceiver vendor/product ID 0x0424/0x0007
      Found SMSC USB3320 ULPI transceiver.
      ULPI integrity check: passed.
      ci_hdrc ci_hdrc.0: EHCI Host Controller
      ci_hdrc ci_hdrc.0: new USB bus registered, assigned bus number 1
      ci_hdrc ci_hdrc.0: USB 2.0 started, EHCI 1.00
      usb usb1: New USB device found, idVendor=1d6b, idProduct=0002, bcdDevice= 6.01
      usb usb1: New USB device strings: Mfr=3, Product=2, SerialNumber=1
      usb usb1: Product: EHCI Host Controller
      usb usb1: Manufacturer: Linux 6.1.70-284114-g2e8908932dfd ehci_hcd
      usb usb1: SerialNumber: ci_hdrc.0
      hub 1-0:1.0: USB hub found
      hub 1-0:1.0: 1 port detected
      SPI driver ads7846 has no spi_device_id for ti,tsc2046
      SPI driver ads7846 has no spi_device_id for ti,ads7843
      SPI driver ads7846 has no spi_device_id for ti,ads7845
      SPI driver ads7846 has no spi_device_id for ti,ads7873
      i2c_dev: i2c /dev entries driver
      si570 1-005d: registered, current frequency 156250000 Hz
      i2c i2c-0: Added multiplexed i2c bus 1
      i2c 2-0039: Fixed dependency cycle(s) with /fpga-axi@0/axi_hdmi@70e00000/port/endpoint
      adv7511 2-0039: supply avdd not found, using dummy regulator
      adv7511 2-0039: supply dvdd not found, using dummy regulator
      adv7511 2-0039: supply pvdd not found, using dummy regulator
      adv7511 2-0039: supply bgvdd not found, using dummy regulator
      adv7511 2-0039: supply dvdd-3v not found, using dummy regulator
      adv7511: probe of 2-0039 failed with error -5
      i2c i2c-0: Added multiplexed i2c bus 2
      at24 3-0054: supply vcc not found, using dummy regulator
      at24 3-0054: 1024 byte 24c08 EEPROM, writable, 1 bytes/write
      i2c i2c-0: Added multiplexed i2c bus 3
      pca953x 4-0021: supply vcc not found, using dummy regulator
      pca953x 4-0021: using no AI
      i2c i2c-0: Added multiplexed i2c bus 4
      rtc rtc0: invalid alarm value: 2026-03-24T35:84:00
      rtc-pcf8563 5-0051: registered as rtc0
      rtc-pcf8563 5-0051: setting system clock to 2026-03-24T11:45:24 UTC (1774352724)
      i2c i2c-0: Added multiplexed i2c bus 5
      at24 6-0050: supply vcc not found, using dummy regulator
      at24 6-0050: 256 byte 24c02 EEPROM, writable, 1 bytes/write
      i2c i2c-0: Added multiplexed i2c bus 6
      i2c i2c-0: Added multiplexed i2c bus 7
      i2c i2c-0: Added multiplexed i2c bus 8
      pca954x 0-0074: registered 8 multiplexed busses for I2C switch pca9548
      gspca_main: v2.14.0 registered
      usbcore: registered new interface driver uvcvideo
      cdns-wdt f8005000.watchdog: Xilinx Watchdog Timer with timeout 10s
      Xilinx Zynq CpuIdle Driver started
      failed to register cpuidle driver
      sdhci: Secure Digital Host Controller Interface driver
      sdhci: Copyright(c) Pierre Ossman
      sdhci-pltfm: SDHCI platform and OF driver helper
      ledtrig-cpu: registered to indicate activity on CPUs
      hid: raw HID events driver (C) Jiri Kosina
      usbcore: registered new interface driver usbhid
      usbhid: USB HID core driver
      SPI driver fb_seps525 has no spi_device_id for syncoam,seps525
      mmc0: SDHCI controller on e0100000.mmc [e0100000.mmc] using ADMA
      ad9528 spi0.0: supply vcc not found, using dummy regulator
      mmc0: new high speed SDHC card at address 0001
      mmcblk0: mmc0:0001 00000 29.1 GiB
       mmcblk0: p1 p2 p3
      jesd204: /axi/spi@e0006000/ad9528@0,jesd204:0,parent=spi0.0: Using as SYSREF provider
      SPI driver adis16475 has no spi_device_id for adi,adis16470
      SPI driver adis16475 has no spi_device_id for adi,adis16475-1
      SPI driver adis16475 has no spi_device_id for adi,adis16475-2
      SPI driver adis16475 has no spi_device_id for adi,adis16475-3
      SPI driver adis16475 has no spi_device_id for adi,adis16477-1
      SPI driver adis16475 has no spi_device_id for adi,adis16477-2
      SPI driver adis16475 has no spi_device_id for adi,adis16477-3
      SPI driver adis16475 has no spi_device_id for adi,adis16465-1
      SPI driver adis16475 has no spi_device_id for adi,adis16465-2
      SPI driver adis16475 has no spi_device_id for adi,adis16465-3
      SPI driver adis16475 has no spi_device_id for adi,adis16467-1
      SPI driver adis16475 has no spi_device_id for adi,adis16467-2
      SPI driver adis16475 has no spi_device_id for adi,adis16467-3
      SPI driver adis16475 has no spi_device_id for adi,adis16500
      SPI driver adis16475 has no spi_device_id for adi,adis16501
      SPI driver adis16475 has no spi_device_id for adi,adis16505-1
      SPI driver adis16475 has no spi_device_id for adi,adis16505-2
      SPI driver adis16475 has no spi_device_id for adi,adis16505-3
      SPI driver adis16475 has no spi_device_id for adi,adis16507-1
      SPI driver adis16475 has no spi_device_id for adi,adis16507-2
      SPI driver adis16475 has no spi_device_id for adi,adis16507-3
      SPI driver adis16475 has no spi_device_id for adi,adis16575-2
      SPI driver adis16475 has no spi_device_id for adi,adis16575-3
      SPI driver adis16475 has no spi_device_id for adi,adis16576-2
      SPI driver adis16475 has no spi_device_id for adi,adis16576-3
      SPI driver adis16475 has no spi_device_id for adi,adis16577-2
      SPI driver adis16475 has no spi_device_id for adi,adis16577-3
      axi_adxcvr_drv 44a50000.axi-adxcvr-rx: adxcvr_enforce_settings: Using QPLL without access, assuming desired Lane rate will be configured by a different instance
      axi_adxcvr_drv 44a50000.axi-adxcvr-rx: AXI-ADXCVR-RX (17.05.a) using QPLL on GTX2 at 0x44A50000. Number of lanes: 4.
      axi_adxcvr_drv 44a60000.axi-adxcvr-tx: AXI-ADXCVR-TX (17.05.a) using QPLL on GTX2 at 0x44A60000. Number of lanes: 4.
      axi-jesd204-rx 44aa0000.axi-jesd204-rx: AXI-JESD204-RX (1.07.a) at 0x44AA0000. Encoder 8b10b, width 4/4, lanes 4, jesd204-fsm.
      axi-jesd204-tx 44a90000.axi-jesd204-tx: AXI-JESD204-TX (1.06.a) at 0x44A90000. Encoder 8b10b, width 4/4, lanes 4, jesd204-fsm.
      axi_sysid 45000000.axi-sysid-0: AXI System ID core version (1.01.a) found
      axi_sysid 45000000.axi-sysid-0: [daq3] [RX:M=2 L=4 S=1 TX:M=2 L=4 S=1 ADC_FIFO_ADDR_WIDTH=16 DAC_FIFO_ADDR_WIDTH=16] on [zc706] git branch <main> git <1cc9a0ea8056ff52d8214890e314367a4a22b255> clean [2025-12-20 02:51:32] UTC
      fpga_manager fpga0: Xilinx Zynq FPGA Manager registered
      usbcore: registered new interface driver snd-usb-audio
      NET: Registered PF_INET6 protocol family
      Segment Routing with IPv6
      In-situ OAM (IOAM) with IPv6
      sit: IPv6, IPv4 and MPLS over IPv4 tunneling driver
      NET: Registered PF_PACKET protocol family
      NET: Registered PF_IEEE802154 protocol family
      Key type dns_resolver registered
      zynq_pm_remap_ocm: OCM pool is not available
      zynq_pm_suspend_init: Unable to map OCM.
      Registering SWP/SWPB emulation handler
      of-fpga-region fpga-full: FPGA Region probed
      ad9208 spi0.2: ad9680 PLL LOCKED
      ad9208 spi0.2: ad9680 Rev. 4 Grade 12 (API 1.0.1) probed
      jesd204: /axi/spi@e0006000/ad9152@1,jesd204:1,parent=spi0.1: JESD204[1:0] transition initialized -> probed
      jesd204: /axi/spi@e0006000/ad9152@1,jesd204:1,parent=spi0.1: JESD204[1:0] transition probed -> initialized
      jesd204: /axi/spi@e0006000/ad9152@1,jesd204:1,parent=spi0.1: JESD204[1:0] transition initialized -> probed
      jesd204: /axi/spi@e0006000/ad9152@1,jesd204:1,parent=spi0.1: JESD204[1:0] transition probed -> idle
      jesd204: /axi/spi@e0006000/ad9152@1,jesd204:1,parent=spi0.1: JESD204[1:0] transition idle -> device_init
      jesd204: /axi/spi@e0006000/ad9152@1,jesd204:1,parent=spi0.1: JESD204[1:0] transition device_init -> link_init
      jesd204: /axi/spi@e0006000/ad9152@1,jesd204:1,parent=spi0.1: JESD204[1:0] transition link_init -> link_supported
      jesd204: /axi/spi@e0006000/ad9152@1,jesd204:1,parent=spi0.1: JESD204[1:0] transition link_supported -> link_pre_setup
      jesd204: /axi/spi@e0006000/ad9152@1,jesd204:1,parent=spi0.1: JESD204[1:0] transition link_pre_setup -> clk_sync_stage1
      jesd204: /axi/spi@e0006000/ad9152@1,jesd204:1,parent=spi0.1: JESD204[1:0] transition clk_sync_stage1 -> clk_sync_stage2
      jesd204: /axi/spi@e0006000/ad9152@1,jesd204:1,parent=spi0.1: JESD204[1:0] transition clk_sync_stage2 -> clk_sync_stage3
      jesd204: /axi/spi@e0006000/ad9152@1,jesd204:1,parent=spi0.1: JESD204[1:0] transition clk_sync_stage3 -> link_setup
      jesd204: /axi/spi@e0006000/ad9152@1,jesd204:1,parent=spi0.1: JESD204[1:0] transition link_setup -> opt_setup_stage1
      jesd204: /axi/spi@e0006000/ad9152@1,jesd204:1,parent=spi0.1: JESD204[1:0] transition opt_setup_stage1 -> opt_setup_stage2
      jesd204: /axi/spi@e0006000/ad9152@1,jesd204:1,parent=spi0.1: JESD204[1:0] transition opt_setup_stage2 -> opt_setup_stage3
      jesd204: /axi/spi@e0006000/ad9152@1,jesd204:1,parent=spi0.1: JESD204[1:0] transition opt_setup_stage3 -> opt_setup_stage4
      jesd204: /axi/spi@e0006000/ad9152@1,jesd204:1,parent=spi0.1: JESD204[1:0] transition opt_setup_stage4 -> opt_setup_stage5
      jesd204: /axi/spi@e0006000/ad9152@1,jesd204:1,parent=spi0.1: JESD204[1:0] transition opt_setup_stage5 -> clocks_enable
      jesd204: /axi/spi@e0006000/ad9152@1,jesd204:1,parent=spi0.1: JESD204[1:0] transition clocks_enable -> link_enable
      ad9144 spi0.1: Link0 code grp sync: f
      ad9144 spi0.1: Link0 frame sync stat: f
      ad9144 spi0.1: Link0 good checksum stat: f
      ad9144 spi0.1: Link0 init lane_sync stat: f
      ad9144 spi0.1: Link0 4 lanes @ 12333333 kBps
      jesd204: /axi/spi@e0006000/ad9152@1,jesd204:1,parent=spi0.1: JESD204[1:0] transition link_enable -> link_running
      jesd204: /axi/spi@e0006000/ad9152@1,jesd204:1,parent=spi0.1: JESD204[1:0] transition link_running -> opt_post_running_stage
      cf_axi_dds 44a04000.axi-ad9152-hpc: Analog Devices CF_AXI_DDS_DDS MASTER (9.02.b) at 0x44A04000 mapped to 0x(ptrval), probed DDS (null)
      jesd204: /axi/spi@e0006000/ad9680@2,jesd204:2,parent=spi0.2: JESD204[0:0] transition initialized -> probed
      jesd204: /axi/spi@e0006000/ad9680@2,jesd204:2,parent=spi0.2: JESD204[0:0] transition probed -> initialized
      jesd204: /axi/spi@e0006000/ad9680@2,jesd204:2,parent=spi0.2: JESD204[0:0] transition initialized -> probed
      jesd204: /axi/spi@e0006000/ad9680@2,jesd204:2,parent=spi0.2: JESD204[0:0] transition probed -> idle
      jesd204: /axi/spi@e0006000/ad9680@2,jesd204:2,parent=spi0.2: JESD204[0:0] transition idle -> device_init
      jesd204: /axi/spi@e0006000/ad9680@2,jesd204:2,parent=spi0.2: JESD204[0:0] transition device_init -> link_init
      jesd204: /axi/spi@e0006000/ad9680@2,jesd204:2,parent=spi0.2: JESD204[0:0] transition link_init -> link_supported
      jesd204: /axi/spi@e0006000/ad9680@2,jesd204:2,parent=spi0.2: JESD204[0:0] transition link_supported -> link_pre_setup
      jesd204: /axi/spi@e0006000/ad9680@2,jesd204:2,parent=spi0.2: JESD204[0:0] transition link_pre_setup -> clk_sync_stage1
      jesd204: /axi/spi@e0006000/ad9680@2,jesd204:2,parent=spi0.2: JESD204[0:0] transition clk_sync_stage1 -> clk_sync_stage2
      jesd204: /axi/spi@e0006000/ad9680@2,jesd204:2,parent=spi0.2: JESD204[0:0] transition clk_sync_stage2 -> clk_sync_stage3
      jesd204: /axi/spi@e0006000/ad9680@2,jesd204:2,parent=spi0.2: JESD204[0:0] transition clk_sync_stage3 -> link_setup
      jesd204: /axi/spi@e0006000/ad9680@2,jesd204:2,parent=spi0.2: JESD204[0:0] transition link_setup -> opt_setup_stage1
      jesd204: /axi/spi@e0006000/ad9680@2,jesd204:2,parent=spi0.2: JESD204[0:0] transition opt_setup_stage1 -> opt_setup_stage2
      jesd204: /axi/spi@e0006000/ad9680@2,jesd204:2,parent=spi0.2: JESD204[0:0] transition opt_setup_stage2 -> opt_setup_stage3
      jesd204: /axi/spi@e0006000/ad9680@2,jesd204:2,parent=spi0.2: JESD204[0:0] transition opt_setup_stage3 -> opt_setup_stage4
      jesd204: /axi/spi@e0006000/ad9680@2,jesd204:2,parent=spi0.2: JESD204[0:0] transition opt_setup_stage4 -> opt_setup_stage5
      jesd204: /axi/spi@e0006000/ad9680@2,jesd204:2,parent=spi0.2: JESD204[0:0] transition opt_setup_stage5 -> clocks_enable
      jesd204: /axi/spi@e0006000/ad9680@2,jesd204:2,parent=spi0.2: JESD204[0:0] transition clocks_enable -> link_enable
      jesd204: /axi/spi@e0006000/ad9680@2,jesd204:2,parent=spi0.2: JESD204[0:0] transition link_enable -> link_running
      jesd204: /axi/spi@e0006000/ad9680@2,jesd204:2,parent=spi0.2: JESD204[0:0] transition link_running -> opt_post_running_stage
      cf_axi_adc 44a10000.axi-ad9680-hpc: ADI AIM (10.03.) at 0x44A10000 mapped to 0x(ptrval) probed ADC AD9680 as MASTER
      input: gpio_keys as /devices/soc0/gpio_keys/input/input0
      of_cfs_init
      of_cfs_init: OK
      clk: Not disabling unused clocks
      ALSA device list:
        No soundcards found.
      EXT4-fs (mmcblk0p2): recovery complete
      EXT4-fs (mmcblk0p2): mounted filesystem with ordered data mode. Quota mode: disabled.
      VFS: Mounted root (ext4 filesystem) on device 179:2.
      devtmpfs: mounted
      Freeing unused kernel image (initmem) memory: 1024K
      Run /sbin/init as init process
      systemd[1]: systemd 247.3-7+rpi1+deb11u6 running in system mode. (+PAM +AUDIT +SELINUX +IMA +APPARMOR +SMACK +SYSVINIT +UTMP +LIBCRYPTSETUP +GCRYPT +GNUTLS +ACL +XZ +LZ4 +ZSTD +SECCOMP +BLKID +ELFUTILS +KMOD +IDN2 -IDN +PCRE2 default-hierarchy=unified)
      systemd[1]: Detected architecture arm.

      Welcome to Kuiper GNU/Linux 11.2 (bullseye)!

      systemd[1]: Set hostname to <analog>.
      systemd[1]: /lib/systemd/system/plymouth-start.service:16: Unit configured to use KillMode=none. This is unsafe, as it disables systemd's process lifecycle management for the service. Please update your service to use a safer KillMode=, such as 'mixed' or 'control-group'. Support for KillMode=none is deprecated and will eventually be removed.
      systemd[1]: Queued start job for default target Graphical Interface.
      random: crng init done
      systemd[1]: system-getty.slice: unit configures an IP firewall, but the local system does not support BPF/cgroup firewalling.
      systemd[1]: (This warning is only shown for the first unit using IP firewalling.)
      systemd[1]: Created slice system-getty.slice.
      [  OK  ] Created slice system-getty.slice.
      systemd[1]: Created slice system-modprobe.slice.
      [  OK  ] Created slice system-modprobe.slice.
      systemd[1]: Created slice system-serial\x2dgetty.slice.
      [  OK  ] Created slice system-serial\x2dgetty.slice.
      systemd[1]: Created slice system-systemd\x2dfsck.slice.
      [  OK  ] Created slice system-systemd\x2dfsck.slice.
      systemd[1]: Created slice User and Session Slice.
      [  OK  ] Created slice User and Session Slice.
      systemd[1]: Started Forward Password Requests to Wall Directory Watch.
      [  OK  ] Started Forward Password R&uests to Wall Directory Watch.
      systemd[1]: Condition check resulted in Arbitrary Executable File Formats File System Automount Point being skipped.
      systemd[1]: Reached target Slices.
      [  OK  ] Reached target Slices.
      systemd[1]: Reached target Swap.
      [  OK  ] Reached target Swap.
      systemd[1]: Listening on Syslog Socket.
      [  OK  ] Listening on Syslog Socket.
      systemd[1]: Listening on fsck to fsckd communication Socket.
      [  OK  ] Listening on fsck to fsckd communication Socket.
      systemd[1]: Listening on initctl Compatibility Named Pipe.
      [  OK  ] Listening on initctl Compatibility Named Pipe.
      systemd[1]: Condition check resulted in Journal Audit Socket being skipped.
      systemd[1]: Listening on Journal Socket (/dev/log).
      [  OK  ] Listening on Journal Socket (/dev/log).
      systemd[1]: Listening on Journal Socket.
      [  OK  ] Listening on Journal Socket.
      systemd[1]: Listening on udev Control Socket.
      [  OK  ] Listening on udev Control Socket.
      systemd[1]: Listening on udev Kernel Socket.
      [  OK  ] Listening on udev Kernel Socket.
      systemd[1]: Condition check resulted in Huge Pages File System being skipped.
      systemd[1]: Condition check resulted in POSIX Message Queue File System being skipped.
      systemd[1]: Mounting RPC Pipe File System...
               Mounting RPC Pipe File System...
      systemd[1]: Mounting Kernel Debug File System...
               Mounting Kernel Debug File System...
      systemd[1]: Condition check resulted in Kernel Trace File System being skipped.
      systemd[1]: Condition check resulted in Kernel Module supporting RPCSEC_GSS being skipped.
      systemd[1]: Starting Restore / save the current clock...
               Starting Restore / save the current clock...
      systemd[1]: Starting Set the console keyboard layout...
               Starting Set the console keyboard layout...
      systemd[1]: Condition check resulted in Create list of static device nodes for the current kernel being skipped.
      systemd[1]: Starting Load Kernel Module configfs...
               Starting Load Kernel Module configfs...
      systemd[1]: Starting Load Kernel Module drm...
               Starting Load Kernel Module drm...
      systemd[1]: Starting Load Kernel Module fuse...
               Starting Load Kernel Module fuse...
      systemd[1]: Condition check resulted in Set Up Additional Binary Formats being skipped.
      systemd[1]: Condition check resulted in File System Check on Root Device being skipped.
      systemd[1]: Starting Journal Service...
               Starting Journal Service...
      systemd[1]: Starting Load Kernel Modules...
               Starting Load Kernel Modules...
      systemd[1]: Starting Remount Root and Kernel File Systems...
               Starting Remount Root and Kernel File Systems...
      systemd[1]: Starting Coldplug All udev Devices...
               Starting Coldplug All udev Devices...
      systemd[1]: Mounted RPC Pipe File System.
      [  OK  ] Mounted RPC Pipe File System.
      systemd[1]: Mounted Kernel Debug File System.
      [  OK  ] Mounted Kernel Debug File System.
      systemd[1]: Finished Restore / save the current clock.
      [  OK  ] Finished Restore / save the current clock.
      systemd[1]: modprobe@configfs.service: Succeeded.
      systemd[1]: Finished Load Kernel Module configfs.
      [  OK  ] Finished Load Kernel Module configfs.
      systemd[1]: modprobe@drm.service: Succeeded.
      systemd[1]: Finished Load Kernel Module drm.
      [  OK  ] Finished Load Kernel Module drm.
      systemd[1]: modprobe@fuse.service: Succeeded.
      systemd[1]: Finished Load Kernel Module fuse.
      [  OK  ] Finished Load Kernel Module fuse.
      systemd[1]: systemd-modules-load.service: Main process exited, code=exited, status=1/FAILURE
      systemd[1]: systemd-modules-load.service: Failed with result 'exit-code'.
      systemd[1]: Failed to start Load Kernel Modules.
      [FAILED] Failed to start Load Kernel Modules.
      See 'systemctl status systemd-modules-load.service' for details.
      EXT4-fs (mmcblk0p2): re-mounted. Quota mode: disabled.
      systemd[1]: Mounting FUSE Control File System...
               Mounting FUSE Control File System...
      systemd[1]: Mounting Kernel Configuration File System...
               Mounting Kernel Configuration File System...
      systemd[1]: Starting Apply Kernel Variables...
               Starting Apply Kernel Variables...
      systemd[1]: Finished Set the console keyboard layout.
      [  OK  ] Finished Set the console keyboard layout.
      systemd[1]: Started Journal Service.
      [  OK  ] Started Journal Service.
      [  OK  ] Finished Remount Root and Kernel File Systems.
      [  OK  ] Mounted FUSE Control File System.
      [  OK  ] Mounted Kernel Configuration File System.
      [  OK  ] Finished Apply Kernel Variables.
               Starting Flush Journal to Persistent Storage...
               Starting Load/Save Random Seed...
               Starting Create System Users...
      [  OK  ] Finished Load/Save Random Seed.
      [  OK  ] Finished Create System Users.
               Starting Create Static Device Nodes in /dev...
      [  OK  ] Finished Coldplug All udev Devices.
               Starting Helper to synchronize boot up for ifupdown...
               Starting Wait for udev To &plete Device Initialization...
      [  OK  ] Finished Flush Journal to Persistent Storage.
      [  OK  ] Finished Create Static Device Nodes in /dev.
      [  OK  ] Finished Helper to synchronize boot up for ifupdown.
      [  OK  ] Reached target Local File Systems (Pre).
               Starting Rule-based Manage&for Device Events and Files...
      [  OK  ] Started Rule-based Manager for Device Events and Files.
               Starting Show Plymouth Boot Screen...
      [  OK  ] Started Show Plymouth Boot Screen.
      [  OK  ] Started Forward Password R&s to Plymouth Directory Watch.
      [  OK  ] Reached target Local Encrypted Volumes.
      [  OK  ] Found device /dev/ttyPS0.
      [  OK  ] Found device /dev/disk/by-partuuid/a22286d2-01.
               Starting File System Check&isk/by-partuuid/a22286d2-01...
      [  OK  ] Started File System Check Daemon to report status.
      [  OK  ] Finished Wait for udev To Complete Device Initialization.
      [  OK  ] Finished File System Check&/disk/by-partuuid/a22286d2-01.
               Mounting /boot...
      [  OK  ] Mounted /boot.
      [  OK  ] Reached target Local File Systems.
               Starting Set console font and keymap...
               Starting Raise network interfaces...
               Starting Preprocess NFS configuration...
               Starting Tell Plymouth To Write Out Runtime Data...
               Starting Create Volatile Files and Directories...
      [  OK  ] Finished Set console font and keymap.
      [  OK  ] Finished Preprocess NFS configuration.
      [  OK  ] Finished Tell Plymouth To Write Out Runtime Data.
      [  OK  ] Reached target NFS client services.
      [  OK  ] Reached target Remote File Systems (Pre).
      [  OK  ] Reached target Remote File Systems.
      [  OK  ] Finished Create Volatile Files and Directories.
               Starting Network Time Synchronization...
               Starting Update UTMP about System Boot/Shutdown...
      [  OK  ] Finished Update UTMP about System Boot/Shutdown.
      [  OK  ] Started Network Time Synchronization.
      [  OK  ] Reached target System Time Set.
      [  OK  ] Reached target System Time Synchronized.
               Starting Load Kernel Modules...
      [  OK  ] Finished Raise network interfaces.
      [FAILED] Failed to start Load Kernel Modules.
      See 'systemctl status systemd-modules-load.service' for details.
      [  OK  ] Reached target System Initialization.
      [  OK  ] Started CUPS Scheduler.
      [  OK  ] Started Daily apt download activities.
      [  OK  ] Started Daily apt upgrade and clean activities.
      [  OK  ] Started Periodic ext4 Onli&ata Check for All Filesystems.
      [  OK  ] Started Discard unused blocks once a week.
      [  OK  ] Started Daily rotation of log files.
      [  OK  ] Started Daily man-db regeneration.
      [  OK  ] Started Daily Cleanup of Temporary Directories.
      [  OK  ] Reached target Paths.
      [  OK  ] Reached target Timers.
      [  OK  ] Listening on Avahi mDNS/DNS-SD Stack Activation Socket.
      [  OK  ] Listening on CUPS Scheduler.
      [  OK  ] Listening on D-Bus System Message Bus Socket.
      [  OK  ] Listening on Erlang Port Mapper Daemon Activation Socket.
      [  OK  ] Listening on GPS (Global P&ioning System) Daemon Sockets.
      [  OK  ] Listening on triggerhappy.socket.
      [  OK  ] Reached target Sockets.
      [  OK  ] Reached target Basic System.
               Starting Analog Devices power up/down sequence...
               Starting Avahi mDNS/DNS-SD Stack...
      [  OK  ] Started Regular background program processing daemon.
      [  OK  ] Started D-Bus System Message Bus.
               Starting dphys-swapfile - &unt, and delete a swap file...
               Starting Remove Stale Onli&t4 Metadata Check Snapshots...
      [  OK  ] Started fan-control.
               Starting Fix DP audio and X11 for Jupiter...
               Starting Creating IIOD Context Attributes......
               Starting Authorization Manager...
               Starting DHCP Client Daemon...
               Starting LSB: Switch to on&nless shift key is pressed)...
               Starting LSB: rng-tools (Debian variant)...
               Starting System Logging Service...
               Starting User Login Management...
               Starting triggerhappy global hotkey daemon...
               Starting Disk Manager...
               Starting WPA supplicant...
      [  OK  ] Started System Logging Service.
      [  OK  ] Started triggerhappy global hotkey daemon.
      [  OK  ] Finished Fix DP audio and X11 for Jupiter.
      [  OK  ] Finished dphys-swapfile - &mount, and delete a swap file.
      [  OK  ] Finished Remove Stale Onli&ext4 Metadata Check Snapshots.
      [  OK  ] Started DHCP Client Daemon.
      [  OK  ] Started WPA supplicant.
      [  OK  ] Started Avahi mDNS/DNS-SD Stack.
      [  OK  ] Started Authorization Manager.
      [  OK  ] Started User Login Management.
      [  OK  ] Reached target Network.
      [  OK  ] Reached target Network is Online.
               Starting Modem Manager...
               Starting CUPS Scheduler...
      [  OK  ] Started Erlang Port Mapper Daemon.
               Starting HTTP based time synchronization tool...
               Starting Internet superserver...
               Starting /etc/rc.local Compatibility...
               Starting OpenBSD Secure Shell server...
               Starting Permit User Sessions...
      [  OK  ] Started Unattended Upgrades Shutdown.
      [  OK  ] Started Internet superserver.
      [  OK  ] Started LSB: rng-tools (Debian variant).
      [  OK  ] Started /etc/rc.local Compatibility.
      [  OK  ] Finished Analog Devices power up/down sequence.
      [  OK  ] Finished Permit User Sessions.
               Starting Light Display Manager...
               Starting Hold until boot process finishes up...
      [  OK  ] Started LSB: Switch to ond&(unless shift key is pressed).
      [  OK  ] Started HTTP based time synchronization tool.
               Starting Manage, Install and Generate Color Profiles...
      [FAILED] Failed to start VNC Server for X11.

      Raspbian GNU/Linux 11 analog ttyPS0
      analog login: root (automatic login)
      Linux analog 6.1.70-284114-g2e8908932dfd #1060 SMP PREEMPT Tue Mar 18 16:11:24 EET 2025 armv7l
      The programs included with the Debian GNU/Linux system are free software;
      the exact distribution terms for each program are described in the
      individual files in /usr/share/doc/*/copyright.
      Debian GNU/Linux comes with ABSOLUTELY NO WARRANTY, to the extent
      permitted by applicable law.
      Last login: Tue Mar 18 19:11:09 GMT 2025 on ttyPS0
      root@analog:~#

Useful commands for the serial terminal
^^^^^^^^^^^^^^^^^^^^^^^^^^^^^^^^^^^^^^^

The below commands are to be run in the serial terminal connected to the FPGA.

To find out the IP of the FPGA board, run the following command and take the IP
specified at "eth0 inet":

.. shell::

   $ifconfig

To see the IIO devices detected, run:

.. shell::

   $iio_info | grep iio:device
    iio:device0: ad7291
    iio:device1: xadc
    iio:device2: ad9528
    iio:device3: axi-ad9152-hpc (buffer capable)
    iio:device4: axi-ad9680-hpc (buffer capable)

.. shell::

   $jesd_status

Additionally, if running ``stty rows 30`` before running ``jesd_status``, you
can expand the visible area of it and see more than 4 lanes.

To power off the system, run the following command, and wait for the final
message to be printed, then power off the FPGA board from the switch as well.

.. shell::

   $poweroff

To reboot the system, run:

.. shell::

   $reboot

Using no-OS as software
-----------------------

Necessary files
~~~~~~~~~~~~~~~

The following files are needed for the system to boot:

- HDL boot file: ``system_top.xsa``
- no-OS project: :git-no-os:`projects/fmcdaq3`

Instructions on how to build the boot files from source can be found here:

- More no-OS build details at :external+no-OS:doc:`build_guide`.
- :external+hdl:ref:`daq3`. More HDL build details at
  :external+hdl:ref:`build_hdl`.

Required Software
~~~~~~~~~~~~~~~~~

- AMD Xilinx Vivado and Vitis (downloading Vitis from `here <https://www.xilinx.com/support/download/index.html/content/xilinx/en/downloadNav/vitis.html>`_
  will include Vivado as well)
- An UART terminal (Putty/Tera Term/Minicom, etc.), Baud rate 115200 (8N1)

Required Hardware
~~~~~~~~~~~~~~~~~

- AMD Xilinx :xilinx:`ZC706` Rev 1.1 or higher FPGA board and its power supply
- :adi:`AD-FMCDAQ3-EBZ` FMC evaluation board
- 2x Micro-USB cables, one for UART and one for JTAG
- (Optional) 2x SMA cable for analog signal loopback

Testing
~~~~~~~

Creating the setup
^^^^^^^^^^^^^^^^^^

.. image:: ./../images/ad-fmcdaq3-ebz_zc706_no-os.jpg
   :width: 900

.. caution::

   This project was tested with **VADJ = 2.5 V**

Follow the steps in this order, to avoid damaging the components:

#. Connect the :adi:`AD-FMCDAQ3-EBZ` FMC board to the ZC706 **HPC** FMC socket
#. Configure :xilinx:`ZC706`` for SD card boot mode (Set the jumpers: The main
   one is: SW11 - Big Blue Switch in the middle, which controls the Boot Mode,
   it needs to be set: **1: Down, 2: Down, 3: Down, 4: Down, 5: Down**).
#. Connect USB UART (Mini-USB) to your host PC
#. Connect USB JTAG (Mini-USB) to your host PC
#. Turn on the power switch on the FPGA board
#. Observe console output messages on your terminal (use the first ttyUSB or COM
   port registered)

Console output
^^^^^^^^^^^^^^

The following is what is printed in the serial console, after you have connected
to the proper ttyUSB or COM port:

.. collapsible:: Complete boot log

   ::

      Available sampling rates:
              1 - ADC 1233 MSPS; DAC 1233 MSPS
              2 - ADC 616.5 MSPS; DAC 616.5 MSPS
      2 - ADC 616.5 MSPS; DAC 616.5 MSPS
      ad9152_xcvr: OK (6165000 kHz)
      ad9680_xcvr: OK (6165000 kHz)
      ad9680_adc: Successfully initialized (616680908 Hz)
      ad9152_dac: Successfully initialized (616680908 Hz)
      ad9680_jesd status:
              Link is enabled
              Measured Link Clock: 154.170 MHz
              Reported Link Clock: 154.125 MHz
              Lane rate: 6165.000 MHz
              Lane rate / 40: 154.125 MHz
              LMFC rate: 19.265 MHz
              Link status: DATA
              SYSREF captured: Yes
              SYSREF alignment error: No
      ad9152_jesd status:
              Link is enabled
              Measured Link Clock: 154.170 MHz
              Reported Link Clock: 154.125 MHz
              Lane rate: 6165.000 MHz
              Lane rate / 40: 154.125 MHz
              LMFC rate: 19.265 MHz
              SYNC~: deasserted
              Link status: DATA
              SYSREF captured: Yes
              SYSREF alignment error: No
      DMA_EXAMPLE: address=0x135800 samples=16384 channels=2 bits=16
      Running IIOD server...
      If successful, you may connect an IIO client application by:
      1. Disconnecting the serial terminal you use to view this message.
      2. Connecting the IIO client application using the serial backend configured as shown:
      Baudrate: 115200
      Data size: 8 bits
      Parity: none
      Stop bits: 1
      Flow control: none

IIO Oscilloscope
~~~~~~~~~~~~~~~~

.. important::
   Make sure to download/update to the latest version of
   :git-iio-oscilloscope:`IIO Oscilloscope <releases+>`.

#. Once done with the installation or an update of the latest IIO Oscilloscope,
   open the application. The user needs to supply a URI which will be used in
   the context creation of the IIO Oscilloscope. If there's only one platform is
   connected, the IIO Oscilloscope will find URI automatically; if more than one
   platforms are connected, the user needs to supply the specific URI. The
   instructions to obtain the URI can be found in the previous section.

   **Note: the "Serial Context" connection method is not enabled.**

The IIO Oscilloscope captures, in both time and frequency domains, are provided
for both the **Linux and no-OS** versions to demonstrate proper operation in
both environments.

#. Captured Loopback Signal Time Domain

   .. image:: ./../images/ad-fmcdaq3-ebz_zc706_time_domain.png
        :width: 900

#. Captured Loopback Signal Frequency Domain

   .. image:: ./../images/ad-fmcdaq3-ebz_zc706_frequency_domain.png
        :width: 900

.. important::

   Even thought this is Linux, this is a persistent file systems. Care should be
   taken not to corrupt the file system -- please shut down things, don't just
   turn off the power switch. Depending on your monitor, the standard power off
   could be hiding. You can do this from the terminal as well with ``sudo
   shutdown -h now``.
