.. _eval-ad9083 quickstart zcu102:

ZCU102 Quickstart
==================

This guide provides some quick instructions on how to setup the
:adi:`EVAL-AD9083` on:

- :xilinx:`ZCU102` FMC HPC0

.. image:: ../../images/zcu102.jpg
   :width: 900

.. esd-warning::

Using Linux as software
-----------------------

Necessary files
~~~~~~~~~~~~~~~

.. note::

  The SD card includes several folders in the root directory of the BOOT
  partition. In order to configure the SD card to work with a specific FPGA
  board and ADI hardware, several files must be copied onto the root directory.
  Using the host PC, drag and drop the required files onto the BOOT partition,
  and use the EJECT function when removing the SD card from the reader.

The following files are needed for the system to boot:

- HDL boot image: ``BOOT.BIN``
- Linux Kernel image: ``Image``
- Linux device tree: ``system.dtb``

They can either be taken from the SD card -- already generated by us, or you
can build them manually:

- Instructions on how to choose the boot files from the SD card can be found in
  the **Platform-Specific Manual Steps** section from here:
  :external+kuiper:ref:`hardware-configuration`.
- Instructions on how to manually build the boot files from source can be found
  here:

   - :ref:`linux-kernel zynqmp`
   - :external+hdl:ref:`ad9083_evb` build documentation. More HDL build
     details at :external+hdl:ref:`build_hdl`.

.. important::

  Some projects provide multiple devicetree files in the SD card's boot
  folders. Make sure you select the devicetree that matches your specific use
  case.

Required software
~~~~~~~~~~~~~~~~~

- SD Card 16GB imaged with :external+kuiper:doc:`Kuiper <index>`
  (check out that guide on how to do it, then come back to this section)
- A UART terminal (Putty/Tera Term/Minicom, etc.) with baud rate 115200 (8N1)

Required hardware
~~~~~~~~~~~~~~~~~

- AMD Xilinx :xilinx:`ZCU102` Rev 1.0 FPGA board and its power supply
- :adi:`AD9083` FMC evaluation board
- Micro-USB cable (UART)
- LAN cable (Ethernet)
- (Optional) 1 x SMA cable for analog signal loopback
- (Optional) USB keyboard & mouse and a HDMI compatible monitor

More details as to why you need these, can be found at
:ref:`eval-ad9083 prerequisites`.

Testing
~~~~~~~

Creating the setup
^^^^^^^^^^^^^^^^^^

.. image:: ../images/ad9083_zcu102_linux.jpeg
   :width: 900

.. caution::

    This project was tested with **VADJ = 1.8 V**

Follow the steps in this order, to avoid damaging the components:

#. Connect the :adi:`EVAL-AD9083` FMC board to the
   FPGA carrier **HPC0** FMC0 socket
#. Insert SD card into the SD card socket on the FPGA
#. Configure :xilinx:`ZCU102` for SD card boot mode, [4:1] switch in
   the position **OFF,OFF,OFF,ON**
#. Plug-in an Ethernet cable from your router/switch to the Ethernet port on
   the FPGA board
#. Connect USB UART J83 (Micro USB) to your host PC
#. (Optional) Connect a monitor to the FPGA by HDMI, and a mouse and a keyboard
#. Connect the power supply for the FPGA
#. Turn on the power switch on the FPGA board
#. Observe Kernel and serial console output messages on your terminal (use
   the first ttyUSB or COM port registered)

Boot messages
^^^^^^^^^^^^^

The following is what is printed in the serial console, after you have
connected to the proper ttyUSB or COM port:

.. collapsible:: Complete boot log

    ::

     Zynq MP First Stage Boot Loader
     Release 2023.2   Nov  1 2024  -  15:42:56
     NOTICE:  BL31: Non secure code at 0x8000000
     NOTICE:  BL31: v2.8(release):xilinx-v2023.2
     NOTICE:  BL31: Built : 10:57:16, Feb  7 2024
     PMUFW:  v1.1
     U-Boot 2018.01-21442-gf06dec3cab (May 22 2024 - 17:46:13 +0300) Xilinx ZynqMP ZCU102 revA, Build: jenkins-development-build_uboot-31
     I2C:   ready
     DRAM:  4 GiB
     EL Level:       EL2
     Chip ID:        zu9eg
     MMC:   sdhci@ff170000: 0 (SD)
     *** Warning - bad CRC, using default environment
     In:    serial@ff000000
     Out:   serial@ff000000
     Err:   serial@ff000000
     Bootmode: LVL_SHFT_SD_MODE1
     Net:   ZYNQ GEM: ff0e0000, phyaddr 15, interface rgmii-id
     Warning: ethernet@ff0e0000 using MAC address from ROM
     eth0: ethernet@ff0e0000
     Hit any key to stop autoboot:  0
     switch to partitions #0, OK
     mmc0 is current device
     Device: sdhci@ff170000
     Manufacturer ID: 1d
     OEM: 4144
     Name: 00000
     Tran Speed: 50000000
     Rd Block Len: 512
     SD version 3.0
     High Capacity: Yes
     Capacity: 29.1 GiB
     Bus Width: 4-bit
     Erase Group Size: 512 Bytes
     reading uEnv.txt
     407 bytes read in 24 ms (15.6 KiB/s)
     Loaded environment from uEnv.txt
     Importing environment from SD ...
     Running uenvcmd ...
     Copying Linux from SD to RAM...
     ** No boot file defined **
     reading system.dtb
     56982 bytes read in 32 ms (1.7 MiB/s)
     reading Image
     38605312 bytes read in 2554 ms (14.4 MiB/s)
     ## Flattened Device Tree blob at 04000000
     Booting using the fdt blob at 0x4000000
     Loading Device Tree to 000000000ffef000, end 000000000ffffe95 ... OK
     Starting kernel ...
     [    0.000000] Booting Linux on physical CPU 0x0000000000 [0x410fd034]
     [    0.000000] Linux version 6.1.70-284114-g2e8908932dfd (jenkins@romlxbuild1) (aarch64-xilinx-linux-gcc.real (GCC) 12.2.0, GNU ld (GNU Binutils) 2.39.0.20220819) #1061 SMP Tue Mar 18 16:40:12 EET 2025
     [    0.000000] Machine model: ZynqMP ZCU102 Rev1.0
     [    0.000000] earlycon: cdns0 at MMIO 0x00000000ff000000 (options '115200n8')
     [    0.000000] printk: bootconsole [cdns0] enabled
     [    0.000000] efi: UEFI not found.
     [    0.000000] Zone ranges:
     [    0.000000]   DMA      [mem 0x0000000000000000-0x00000000ffffffff]
     [    0.000000]   DMA32    empty
     [    0.000000]   Normal   [mem 0x0000000100000000-0x000000087fffffff]
     [    0.000000] Movable zone start for each node
     [    0.000000] Early memory node ranges
     [    0.000000]   node   0: [mem 0x0000000000000000-0x000000007fffffff]
     [    0.000000]   node   0: [mem 0x0000000800000000-0x000000087fffffff]
     [    0.000000] Initmem setup node 0 [mem 0x0000000000000000-0x000000087fffffff]
     [    0.000000] cma: Reserved 256 MiB at 0x0000000070000000
     [    0.000000] psci: probing for conduit method from DT.
     [    0.000000] psci: PSCIv1.1 detected in firmware.
     [    0.000000] psci: Using standard PSCI v0.2 function IDs
     [    0.000000] psci: MIGRATE_INFO_TYPE not supported.
     [    0.000000] psci: SMC Calling Convention v1.2
     [    0.000000] percpu: Embedded 18 pages/cpu s34536 r8192 d31000 u73728
     [    0.000000] Detected VIPT I-cache on CPU0
     [    0.000000] CPU features: detected: ARM erratum 845719
     [    0.000000] alternatives: applying boot alternatives
     [    0.000000] Built 1 zonelists, mobility grouping on.  Total pages: 1034240
     [    0.000000] Kernel command line: console=ttyPS0,115200 root=/dev/mmcblk0p2 rw earlycon rootfstype=ext4 rootwait clk_ignore_unused cpuidle.off=1 root=/dev/mmcblk0p2 rw rootwait
     [    0.000000] Dentry cache hash table entries: 524288 (order: 10, 4194304 bytes, linear)
     [    0.000000] Inode-cache hash table entries: 262144 (order: 9, 2097152 bytes, linear)
     [    0.000000] mem auto-init: stack:all(zero), heap alloc:off, heap free:off
     [    0.000000] software IO TLB: area num 4.
     [    0.000000] software IO TLB: mapped [mem 0x000000006c000000-0x0000000070000000] (64MB)
     [    0.000000] Memory: 3755136K/4194304K available (17408K kernel code, 1732K rwdata, 15684K rodata, 2752K init, 658K bss, 177024K reserved, 262144K cma-reserved)
     [    0.000000] rcu: Hierarchical RCU implementation.
     [    0.000000] rcu:     RCU event tracing is enabled.
     [    0.000000] rcu:     RCU restricting CPUs from NR_CPUS=8 to nr_cpu_ids=4.
     [    0.000000] rcu: RCU calculated value of scheduler-enlistment delay is 25 jiffies.
     [    0.000000] rcu: Adjusting geometry for rcu_fanout_leaf=16, nr_cpu_ids=4
     [    0.000000] NR_IRQS: 64, nr_irqs: 64, preallocated irqs: 0
     [    0.000000] GIC: Adjusting CPU interface base to 0x00000000f902f000
     [    0.000000] Root IRQ handler: gic_handle_irq
     [    0.000000] GIC: Using split EOI/Deactivate mode
     [    0.000000] rcu: srcu_init: Setting srcu_struct sizes based on contention.
     [    0.000000] arch_timer: cp15 timer(s) running at 100.00MHz (phys).
     [    0.000000] clocksource: arch_sys_counter: mask: 0x1ffffffffffffff max_cycles: 0x171024e7e0, max_idle_ns: 440795205315 ns
     [    0.000000] sched_clock: 57 bits at 100MHz, resolution 10ns, wraps every 4398046511100ns
     [    0.008418] Console: colour dummy device 80x25
     [    0.012487] Calibrating delay loop (skipped), value calculated using timer frequency.. 200.00 BogoMIPS (lpj=400000)
     [    0.022840] pid_max: default: 32768 minimum: 301
     [    0.027567] Mount-cache hash table entries: 8192 (order: 4, 65536 bytes, linear)
     [    0.034787] Mountpoint-cache hash table entries: 8192 (order: 4, 65536 bytes, linear)
     [    0.043548] rcu: Hierarchical SRCU implementation.
     [    0.047322] rcu:     Max phase no-delay instances is 1000.
     [    0.052771] EFI services will not be available.
     [    0.057165] smp: Bringing up secondary CPUs ...
     [    0.061916] Detected VIPT I-cache on CPU1
     [    0.061989] CPU1: Booted secondary processor 0x0000000001 [0x410fd034]
     [    0.062403] Detected VIPT I-cache on CPU2
     [    0.062458] CPU2: Booted secondary processor 0x0000000002 [0x410fd034]
     [    0.062852] Detected VIPT I-cache on CPU3
     [    0.062908] CPU3: Booted secondary processor 0x0000000003 [0x410fd034]
     [    0.062954] smp: Brought up 1 node, 4 CPUs
     [    0.096969] SMP: Total of 4 processors activated.
     [    0.101641] CPU features: detected: 32-bit EL0 Support
     [    0.106745] CPU features: detected: CRC32 instructions
     [    0.111902] CPU: All CPU(s) started at EL2
     [    0.115915] alternatives: applying system-wide alternatives
     [    0.122507] devtmpfs: initialized
     [    0.130787] Registered cp15_barrier emulation handler
     [    0.130839] Registered setend emulation handler
     [    0.134817] clocksource: jiffies: mask: 0xffffffff max_cycles: 0xffffffff, max_idle_ns: 7645041785100000 ns
     [    0.144403] futex hash table entries: 1024 (order: 4, 65536 bytes, linear)
     [    0.157301] pinctrl core: initialized pinctrl subsystem
     [    0.158250] NET: Registered PF_NETLINK/PF_ROUTE protocol family
     [    0.163624] DMA: preallocated 512 KiB GFP_KERNEL pool for atomic allocations
     [    0.169889] DMA: preallocated 512 KiB GFP_KERNEL|GFP_DMA pool for atomic allocations
     [    0.177637] DMA: preallocated 512 KiB GFP_KERNEL|GFP_DMA32 pool for atomic allocations
     [    0.185405] audit: initializing netlink subsys (disabled)
     [    0.190809] audit: type=2000 audit(0.120:1): state=initialized audit_enabled=0 res=1
     [    0.191197] hw-breakpoint: found 6 breakpoint and 4 watchpoint registers.
     [    0.205222] ASID allocator initialised with 65536 entries
     [    0.230061] HugeTLB: registered 1.00 GiB page size, pre-allocated 0 pages
     [    0.231213] HugeTLB: 0 KiB vmemmap can be freed for a 1.00 GiB page
     [    0.237438] HugeTLB: registered 32.0 MiB page size, pre-allocated 0 pages
     [    0.244182] HugeTLB: 0 KiB vmemmap can be freed for a 32.0 MiB page
     [    0.250412] HugeTLB: registered 2.00 MiB page size, pre-allocated 0 pages
     [    0.257157] HugeTLB: 0 KiB vmemmap can be freed for a 2.00 MiB page
     [    0.263387] HugeTLB: registered 64.0 KiB page size, pre-allocated 0 pages
     [    0.270132] HugeTLB: 0 KiB vmemmap can be freed for a 64.0 KiB page
     [    0.344433] raid6: neonx8   gen()  2263 MB/s
     [    0.412485] raid6: neonx4   gen()  2217 MB/s
     [    0.480559] raid6: neonx2   gen()  2123 MB/s
     [    0.548615] raid6: neonx1   gen()  1813 MB/s
     [    0.616673] raid6: int64x8  gen()  1401 MB/s
     [    0.684737] raid6: int64x4  gen()  1567 MB/s
     [    0.752791] raid6: int64x2  gen()  1364 MB/s
     [    0.820867] raid6: int64x1  gen()  1033 MB/s
     [    0.820906] raid6: using algorithm neonx8 gen() 2263 MB/s
     [    0.892908] raid6: .... xor() 1657 MB/s, rmw enabled
     [    0.892953] raid6: using neon recovery algorithm
     [    0.897216] iommu: Default domain type: Translated
     [    0.901663] iommu: DMA domain TLB invalidation policy: strict mode
     [    0.908089] SCSI subsystem initialized
     [    0.911758] usbcore: registered new interface driver usbfs
     [    0.917084] usbcore: registered new interface driver hub
     [    0.922355] usbcore: registered new device driver usb
     [    0.927511] mc: Linux media interface: v0.10
     [    0.931619] videodev: Linux video capture interface: v2.00
     [    0.937088] pps_core: LinuxPPS API ver. 1 registered
     [    0.941976] pps_core: Software ver. 5.3.6 - Copyright 2005-2007 Rodolfo Giometti <giometti@linux.it>
     [    0.951061] PTP clock support registered
     [    0.954966] EDAC MC: Ver: 3.0.0
     [    0.958390] zynqmp-ipi-mbox mailbox@ff9905c0: Registered ZynqMP IPI mbox with TX/RX channels.
     [    0.967016] jesd204: created con: id=0, topo=0, link=0, /axi/spi@ff040000/ad9528@1 <-> /fpga-axi@0/axi-adxcvr-rx@84a60000
     [    0.977451] jesd204: created con: id=1, topo=0, link=0, /fpga-axi@0/axi-adxcvr-rx@84a60000 <-> /fpga-axi@0/axi-jesd204-rx@0x84AA0000
     [    0.989290] jesd204: created con: id=2, topo=0, link=0, /fpga-axi@0/axi-jesd204-rx@0x84AA0000 <-> /fpga-axi@0/axi-ad9083-rx-hpc@84a00000
     [    1.001511] jesd204: created con: id=3, topo=0, link=0, /fpga-axi@0/axi-ad9083-rx-hpc@84a00000 <-> /axi/spi@ff040000/ad9083@0
     [    1.012737] jesd204: /axi/spi@ff040000/ad9083@0: JESD204[0:0] transition uninitialized -> initialized
     [    1.021897] jesd204: found 5 devices and 1 topologies
     [    1.026945] FPGA manager framework
     [    1.030317] Advanced Linux Sound Architecture Driver Initialized.
     [    1.036791] Bluetooth: Core ver 2.22
     [    1.039899] NET: Registered PF_BLUETOOTH protocol family
     [    1.045167] Bluetooth: HCI device and connection manager initialized
     [    1.051484] Bluetooth: HCI socket layer initialized
     [    1.056326] Bluetooth: L2CAP socket layer initialized
     [    1.061350] Bluetooth: SCO socket layer initialized
     [    1.066702] clocksource: Switched to clocksource arch_sys_counter
     [    1.072393] VFS: Disk quotas dquot_6.6.0
     [    1.076165] VFS: Dquot-cache hash table entries: 512 (order 0, 4096 bytes)
     [    1.087881] NET: Registered PF_INET protocol family
     [    1.088077] IP idents hash table entries: 65536 (order: 7, 524288 bytes, linear)
     [    1.097894] tcp_listen_portaddr_hash hash table entries: 2048 (order: 3, 32768 bytes, linear)
     [    1.103671] Table-perturb hash table entries: 65536 (order: 6, 262144 bytes, linear)
     [    1.111346] TCP established hash table entries: 32768 (order: 6, 262144 bytes, linear)
     [    1.119416] TCP bind hash table entries: 32768 (order: 8, 1048576 bytes, linear)
     [    1.127424] TCP: Hash tables configured (established 32768 bind 32768)
     [    1.133122] UDP hash table entries: 2048 (order: 4, 65536 bytes, linear)
     [    1.139781] UDP-Lite hash table entries: 2048 (order: 4, 65536 bytes, linear)
     [    1.146949] NET: Registered PF_UNIX/PF_LOCAL protocol family
     [    1.152734] RPC: Registered named UNIX socket transport module.
     [    1.158313] RPC: Registered udp transport module.
     [    1.162980] RPC: Registered tcp transport module.
     [    1.167650] RPC: Registered tcp NFSv4.1 backchannel transport module.
     [    1.174706] PCI: CLS 0 bytes, default 64
     [    1.178707] hw perfevents: enabled with armv8_pmuv3 PMU driver, 7 counters available
     [    1.186567] Initialise system trusted keyrings
     [    1.190156] workingset: timestamp_bits=62 max_order=20 bucket_order=0
     [    1.197030] NFS: Registering the id_resolver key type
     [    1.201491] Key type id_resolver registered
     [    1.205624] Key type id_legacy registered
     [    1.209620] nfs4filelayout_init: NFSv4 File Layout Driver Registering...
     [    1.216264] nfs4flexfilelayout_init: NFSv4 Flexfile Layout Driver Registering...
     [    1.223632] jffs2: version 2.2. (NAND) (SUMMARY)    2001-2006 Red Hat, Inc.
     [    1.230799] fuse: init (API version 7.37)
     [    1.270606] NET: Registered PF_ALG protocol family
     [    1.270654] xor: measuring software checksum speed
     [    1.278418]    8regs           :  2521 MB/sec
     [    1.282738]    32regs          :  2522 MB/sec
     [    1.287334]    arm64_neon      :  2356 MB/sec
     [    1.287481] xor: using function: 32regs (2522 MB/sec)
     [    1.292506] Key type asymmetric registered
     [    1.296571] Asymmetric key parser 'x509' registered
     [    1.301445] Block layer SCSI generic (bsg) driver version 0.4 loaded (major 246)
     [    1.308771] io scheduler mq-deadline registered
     [    1.313269] io scheduler kyber registered
     [    1.350547] Serial: 8250/16550 driver, 4 ports, IRQ sharing disabled
     [    1.358018] brd: module loaded
     [    1.361277] loop: module loaded
     [    1.361622] Registered mathworks_ip class
     [    1.363290] mtdoops: mtd device (mtddev=name/number) must be supplied
     [    1.371995] tun: Universal TUN/TAP device driver, 1.6
     [    1.374278] CAN device driver interface
     [    1.378719] SPI driver wl1271_spi has no spi_device_id for ti,wl1271
     [    1.384306] SPI driver wl1271_spi has no spi_device_id for ti,wl1273
     [    1.390621] SPI driver wl1271_spi has no spi_device_id for ti,wl1281
     [    1.396934] SPI driver wl1271_spi has no spi_device_id for ti,wl1283
     [    1.403249] SPI driver wl1271_spi has no spi_device_id for ti,wl1285
     [    1.409562] SPI driver wl1271_spi has no spi_device_id for ti,wl1801
     [    1.415882] SPI driver wl1271_spi has no spi_device_id for ti,wl1805
     [    1.422193] SPI driver wl1271_spi has no spi_device_id for ti,wl1807
     [    1.428507] SPI driver wl1271_spi has no spi_device_id for ti,wl1831
     [    1.434821] SPI driver wl1271_spi has no spi_device_id for ti,wl1835
     [    1.441135] SPI driver wl1271_spi has no spi_device_id for ti,wl1837
     [    1.447563] usbcore: registered new interface driver asix
     [    1.452850] usbcore: registered new interface driver ax88179_178a
     [    1.458890] usbcore: registered new interface driver cdc_ether
     [    1.464683] usbcore: registered new interface driver net1080
     [    1.470306] usbcore: registered new interface driver cdc_subset
     [    1.476189] usbcore: registered new interface driver zaurus
     [    1.481741] usbcore: registered new interface driver cdc_ncm
     [    1.487347] usbcore: registered new interface driver r8153_ecm
     [    1.494285] usbcore: registered new interface driver uas
     [    1.498438] usbcore: registered new interface driver usb-storage
     [    1.504422] usbcore: registered new interface driver usbserial_generic
     [    1.510870] usbserial: USB Serial support registered for generic
     [    1.516844] usbcore: registered new interface driver ftdi_sio
     [    1.522550] usbserial: USB Serial support registered for FTDI USB Serial Device
     [    1.529820] usbcore: registered new interface driver upd78f0730
     [    1.535694] usbserial: USB Serial support registered for upd78f0730
     [    1.542902] SPI driver ads7846 has no spi_device_id for ti,tsc2046
     [    1.548053] SPI driver ads7846 has no spi_device_id for ti,ads7843
     [    1.554193] SPI driver ads7846 has no spi_device_id for ti,ads7845
     [    1.560334] SPI driver ads7846 has no spi_device_id for ti,ads7873
     [    1.567058] rtc_zynqmp ffa60000.rtc: registered as rtc0
     [    1.571679] rtc_zynqmp ffa60000.rtc: setting system clock to 2020-10-21T05:37:46 UTC (1603258666)
     [    1.580550] i2c_dev: i2c /dev entries driver
     [    1.586548] usbcore: registered new interface driver uvcvideo
     [    1.592021] Bluetooth: HCI UART driver ver 2.3
     [    1.594854] Bluetooth: HCI UART protocol H4 registered
     [    1.599952] Bluetooth: HCI UART protocol BCSP registered
     [    1.605241] Bluetooth: HCI UART protocol LL registered
     [    1.610331] Bluetooth: HCI UART protocol ATH3K registered
     [    1.615705] Bluetooth: HCI UART protocol Three-wire (H5) registered
     [    1.621965] Bluetooth: HCI UART protocol Intel registered
     [    1.627300] Bluetooth: HCI UART protocol QCA registered
     [    1.632501] usbcore: registered new interface driver bcm203x
     [    1.638119] usbcore: registered new interface driver bpa10x
     [    1.643657] usbcore: registered new interface driver bfusb
     [    1.649106] usbcore: registered new interface driver btusb
     [    1.654568] usbcore: registered new interface driver ath3k
     [    1.660059] EDAC MC: ECC not enabled
     [    1.663689] EDAC DEVICE0: Giving out device to module zynqmp-ocm-edac controller zynqmp_ocm: DEV ff960000.memory-controller (INTERRUPT)
     [    1.676012] sdhci: Secure Digital Host Controller Interface driver
     [    1.681781] sdhci: Copyright(c) Pierre Ossman
     [    1.686104] sdhci-pltfm: SDHCI platform and OF driver helper
     [    1.692189] ledtrig-cpu: registered to indicate activity on CPUs
     [    1.697747] SMCCC: SOC_ID: ID = jep106:0049:0000 Revision = 0x24738093
     [    1.704257] zynqmp_firmware_probe Platform Management API v1.1
     [    1.710025] zynqmp_firmware_probe Trustzone version v1.0
     [    1.745286] zynqmp-aes zynqmp-aes.0: will run requests pump with realtime priority
     [    1.747529] usbcore: registered new interface driver usbhid
     [    1.752758] usbhid: USB HID core driver
     [    1.756736] SPI driver fb_seps525 has no spi_device_id for syncoam,seps525
     [    1.769185] SPI driver adis16475 has no spi_device_id for adi,adis16470
     [    1.770152] SPI driver adis16475 has no spi_device_id for adi,adis16475-1
     [    1.776907] SPI driver adis16475 has no spi_device_id for adi,adis16475-2
     [    1.783651] SPI driver adis16475 has no spi_device_id for adi,adis16475-3
     [    1.790397] SPI driver adis16475 has no spi_device_id for adi,adis16477-1
     [    1.797144] SPI driver adis16475 has no spi_device_id for adi,adis16477-2
     [    1.803892] SPI driver adis16475 has no spi_device_id for adi,adis16477-3
     [    1.810638] SPI driver adis16475 has no spi_device_id for adi,adis16465-1
     [    1.817385] SPI driver adis16475 has no spi_device_id for adi,adis16465-2
     [    1.824132] SPI driver adis16475 has no spi_device_id for adi,adis16465-3
     [    1.830879] SPI driver adis16475 has no spi_device_id for adi,adis16467-1
     [    1.837630] SPI driver adis16475 has no spi_device_id for adi,adis16467-2
     [    1.844374] SPI driver adis16475 has no spi_device_id for adi,adis16467-3
     [    1.851120] SPI driver adis16475 has no spi_device_id for adi,adis16500
     [    1.857694] SPI driver adis16475 has no spi_device_id for adi,adis16501
     [    1.864269] SPI driver adis16475 has no spi_device_id for adi,adis16505-1
     [    1.871019] SPI driver adis16475 has no spi_device_id for adi,adis16505-2
     [    1.877762] SPI driver adis16475 has no spi_device_id for adi,adis16505-3
     [    1.884510] SPI driver adis16475 has no spi_device_id for adi,adis16507-1
     [    1.891256] SPI driver adis16475 has no spi_device_id for adi,adis16507-2
     [    1.898003] SPI driver adis16475 has no spi_device_id for adi,adis16507-3
     [    1.904750] SPI driver adis16475 has no spi_device_id for adi,adis16575-2
     [    1.911497] SPI driver adis16475 has no spi_device_id for adi,adis16575-3
     [    1.918244] SPI driver adis16475 has no spi_device_id for adi,adis16576-2
     [    1.924992] SPI driver adis16475 has no spi_device_id for adi,adis16576-3
     [    1.931738] SPI driver adis16475 has no spi_device_id for adi,adis16577-2
     [    1.938485] SPI driver adis16475 has no spi_device_id for adi,adis16577-3
     [    1.946301] axi_sysid 85000000.axi-sysid-0: AXI System ID core version (1.01.a) found
     [    1.953199] axi_sysid 85000000.axi-sysid-0: [ad9083_evb] [RX:L=4 M=16 S=1] on [zcu102] git branch <hdl_2023_r2> git <2156ac7e874a1dc321d9f64a325009fafe563419> clean [2024-11-01 15:17:35] UTC
     [    1.970481] fpga_manager fpga0: Xilinx ZynqMP FPGA Manager registered
     [    1.976659] usbcore: registered new interface driver snd-usb-audio
     [    1.984244] pktgen: Packet Generator for packet performance testing. Version: 2.75
     [    1.990409] Initializing XFRM netlink socket
     [    1.994259] NET: Registered PF_INET6 protocol family
     [    1.999675] Segment Routing with IPv6
     [    2.002784] In-situ OAM (IOAM) with IPv6
     [    2.006703] sit: IPv6, IPv4 and MPLS over IPv4 tunneling driver
     [    2.012888] NET: Registered PF_PACKET protocol family
     [    2.017555] NET: Registered PF_KEY protocol family
     [    2.022395] can: controller area network core
     [    2.026653] NET: Registered PF_CAN protocol family
     [    2.031388] can: raw protocol
     [    2.034325] can: broadcast manager protocol
     [    2.038486] can: netlink gateway - max_hops=1
     [    2.042881] Bluetooth: RFCOMM TTY layer initialized
     [    2.047658] Bluetooth: RFCOMM socket layer initialized
     [    2.052762] Bluetooth: RFCOMM ver 1.11
     [    2.056481] Bluetooth: BNEP (Ethernet Emulation) ver 1.3
     [    2.061749] Bluetooth: BNEP filters: protocol multicast
     [    2.066940] Bluetooth: BNEP socket layer initialized
     [    2.071868] Bluetooth: HIDP (Human Interface Emulation) ver 1.2
     [    2.077754] Bluetooth: HIDP socket layer initialized
     [    2.082818] 9pnet: Installing 9P2000 support
     [    2.086930] NET: Registered PF_IEEE802154 protocol family
     [    2.092317] Key type dns_resolver registered
     [    2.096826] registered taskstats version 1
     [    2.100590] Loading compiled-in X.509 certificates
     [    2.105768] Btrfs loaded, crc32c=crc32c-generic, zoned=no, fsverity=no
     [    2.111968] alg: No test for xilinx-zynqmp-rsa (zynqmp-rsa)
     [    2.519549] ff000000.serial: ttyPS0 at MMIO 0xff000000 (irq = 23, base_baud = 6249999) is a xuartps
     [    2.528588] printk: console [ttyPS0] enabled
     [    2.528588] printk: console [ttyPS0] enabled
     [    2.532890] printk: bootconsole [cdns0] disabled
     [    2.532890] printk: bootconsole [cdns0] disabled
     [    2.542549] ff010000.serial: ttyPS1 at MMIO 0xff010000 (irq = 24, base_baud = 6249999) is a xuartps
     [    2.556848] nwl-pcie fd0e0000.pcie: host bridge /axi/pcie@fd0e0000 ranges:
     [    2.563746] nwl-pcie fd0e0000.pcie:      MEM 0x00e0000000..0x00efffffff -> 0x00e0000000
     [    2.571760] nwl-pcie fd0e0000.pcie:      MEM 0x0600000000..0x07ffffffff -> 0x0600000000
     [    2.579859] nwl-pcie fd0e0000.pcie: Link is DOWN
     [    2.584685] nwl-pcie fd0e0000.pcie: PCI host bridge to bus 0000:00
     [    2.590873] pci_bus 0000:00: root bus resource [bus 00-ff]
     [    2.596359] pci_bus 0000:00: root bus resource [mem 0xe0000000-0xefffffff]
     [    2.603232] pci_bus 0000:00: root bus resource [mem 0x600000000-0x7ffffffff pref]
     [    2.610729] pci 0000:00:00.0: [10ee:d021] type 01 class 0x060400
     [    2.616788] pci 0000:00:00.0: PME# supported from D0 D1 D2 D3hot
     [    2.624869] pci 0000:00:00.0: bridge configuration invalid ([bus 00-00]), reconfiguring
     [    2.632995] pci_bus 0000:01: busn_res: [bus 01-ff] end is updated to 01
     [    2.639623] pci 0000:00:00.0: PCI bridge to [bus 01]
     [    2.646877] xilinx-zynqmp-dpdma fd4c0000.dma-controller: Xilinx DPDMA engine is probed
     [    2.655826] ad9528 spi1.1: supply vcc not found, using dummy regulator
     [    2.684592] jesd204: /axi/spi@ff040000/ad9528@1,jesd204:0,parent=spi1.1: Using as SYSREF provider
     [    6.090496] ad9083 spi1.0: AD9083 Rev. 1 Grade 0 (API 1.0.1) probed
     [    6.097452] spi-nor spi0.0: SPI-NOR-UniqueID 9c82190001feff2600485d71a3bf
     [    6.104236] spi-nor spi0.0: found mt25qu512a, expected m25p80
     [    6.110238] spi-nor spi0.0: mt25qu512a (131072 Kbytes)
     [    6.115494] 4 fixed-partitions partitions found on MTD device spi0.0
     [    6.121845] Creating 4 MTD partitions on "spi0.0":
     [    6.126629] 0x000000000000-0x000000100000 : "qspi-fsbl-uboot"
     [    6.133199] 0x000000100000-0x000000600000 : "qspi-linux"
     [    6.139241] 0x000000600000-0x000000620000 : "qspi-device-tree"
     [    6.145791] 0x000000620000-0x000000c00000 : "qspi-rootfs"
     [    6.154541] macb ff0e0000.ethernet: Not enabling partial store and forward
     [    6.183686] xilinx-axipmon ffa00000.perf-monitor: Probed Xilinx APM
     [    6.190225] xilinx-axipmon fd0b0000.perf-monitor: Probed Xilinx APM
     [    6.196721] xilinx-axipmon fd490000.perf-monitor: Probed Xilinx APM
     [    6.203206] xilinx-axipmon ffa10000.perf-monitor: Probed Xilinx APM
     [    6.210462] i2c i2c-0: using pinctrl states for GPIO recovery
     [    6.216386] i2c i2c-0: using generic GPIOs for recovery
     [    6.221984] pca953x 0-0020: supply vcc not found, using dummy regulator
     [    6.228671] pca953x 0-0020: using no AI
     [    6.233234] gpio-318 (sel0): hogged as output/low
     [    6.238143] gpio-319 (sel1): hogged as output/high
     [    6.243133] gpio-320 (sel2): hogged as output/high
     [    6.248123] gpio-321 (sel3): hogged as output/high
     [    6.253284] pca953x 0-0021: supply vcc not found, using dummy regulator
     [    6.259958] pca953x 0-0021: using no AI
     [    6.265529] ina2xx 2-0040: power monitor ina226 (Rshunt = 5000 uOhm)
     [    6.272520] ina2xx 2-0041: power monitor ina226 (Rshunt = 5000 uOhm)
     [    6.279499] ina2xx 2-0042: power monitor ina226 (Rshunt = 5000 uOhm)
     [    6.286498] ina2xx 2-0043: power monitor ina226 (Rshunt = 5000 uOhm)
     [    6.293490] ina2xx 2-0044: power monitor ina226 (Rshunt = 5000 uOhm)
     [    6.300477] ina2xx 2-0045: power monitor ina226 (Rshunt = 5000 uOhm)
     [    6.307473] ina2xx 2-0046: power monitor ina226 (Rshunt = 5000 uOhm)
     [    6.314459] ina2xx 2-0047: power monitor ina226 (Rshunt = 5000 uOhm)
     [    6.321451] ina2xx 2-004a: power monitor ina226 (Rshunt = 5000 uOhm)
     [    6.328446] ina2xx 2-004b: power monitor ina226 (Rshunt = 5000 uOhm)
     [    6.334860] i2c i2c-0: Added multiplexed i2c bus 2
     [    6.340409] ina2xx 3-0040: power monitor ina226 (Rshunt = 2000 uOhm)
     [    6.347404] ina2xx 3-0041: power monitor ina226 (Rshunt = 5000 uOhm)
     [    6.354397] ina2xx 3-0042: power monitor ina226 (Rshunt = 5000 uOhm)
     [    6.361385] ina2xx 3-0043: power monitor ina226 (Rshunt = 5000 uOhm)
     [    6.368377] ina2xx 3-0044: power monitor ina226 (Rshunt = 5000 uOhm)
     [    6.375370] ina2xx 3-0045: power monitor ina226 (Rshunt = 5000 uOhm)
     [    6.382357] ina2xx 3-0046: power monitor ina226 (Rshunt = 5000 uOhm)
     [    6.389349] ina2xx 3-0047: power monitor ina226 (Rshunt = 5000 uOhm)
     [    6.395755] i2c i2c-0: Added multiplexed i2c bus 3
     [    6.468345] i2c i2c-0: Added multiplexed i2c bus 4
     [    6.473307] i2c i2c-0: Added multiplexed i2c bus 5
     [    6.478101] pca954x 0-0075: registered 4 multiplexed busses for I2C mux pca9544
     [    6.485481] cdns-i2c ff020000.i2c: 400 kHz mmio ff020000 irq 46
     [    6.492416] i2c i2c-1: using pinctrl states for GPIO recovery
     [    6.498345] i2c i2c-1: using generic GPIOs for recovery
     [    6.504316] at24 6-0054: supply vcc not found, using dummy regulator
     [    6.511222] at24 6-0054: 1024 byte 24c08 EEPROM, writable, 1 bytes/write
     [    6.517986] i2c i2c-1: Added multiplexed i2c bus 6
     [    6.523362] si5341 7-0036: no regulator set, defaulting vdd_sel to 2.5V for out
     [    6.530669] si5341 7-0036: no regulator set, defaulting vdd_sel to 2.5V for out
     [    6.537973] si5341 7-0036: no regulator set, defaulting vdd_sel to 2.5V for out
     [    6.545272] si5341 7-0036: no regulator set, defaulting vdd_sel to 2.5V for out
     [    6.552572] si5341 7-0036: no regulator set, defaulting vdd_sel to 2.5V for out
     [    6.559873] si5341 7-0036: no regulator set, defaulting vdd_sel to 2.5V for out
     [    6.567172] si5341 7-0036: no regulator set, defaulting vdd_sel to 2.5V for out
     [    6.574472] si5341 7-0036: no regulator set, defaulting vdd_sel to 2.5V for out
     [    6.582867] si5341 7-0036: Chip: 5341 Grade: 1 Rev: 3
     [    6.620950] i2c i2c-1: Added multiplexed i2c bus 7
     [    6.628599] si570 8-005d: registered, current frequency 300000000 Hz
     [    6.635003] i2c i2c-1: Added multiplexed i2c bus 8
     [    6.654766] si570 9-005d: registered, current frequency 148500000 Hz
     [    6.661173] i2c i2c-1: Added multiplexed i2c bus 9
     [    6.666203] si5324 10-0069: si5328 probed
     [    6.731042] si5324 10-0069: si5328 probe successful
     [    6.735976] i2c i2c-1: Added multiplexed i2c bus 10
     [    6.741026] i2c i2c-1: Added multiplexed i2c bus 11
     [    6.746071] i2c i2c-1: Added multiplexed i2c bus 12
     [    6.751110] i2c i2c-1: Added multiplexed i2c bus 13
     [    6.755994] pca954x 1-0074: registered 8 multiplexed busses for I2C switch pca9548
     [    6.763993] i2c i2c-1: Added multiplexed i2c bus 14
     [    6.769044] i2c i2c-1: Added multiplexed i2c bus 15
     [    6.774102] i2c i2c-1: Added multiplexed i2c bus 16
     [    6.779152] i2c i2c-1: Added multiplexed i2c bus 17
     [    6.784211] i2c i2c-1: Added multiplexed i2c bus 18
     [    6.789258] i2c i2c-1: Added multiplexed i2c bus 19
     [    6.794306] i2c i2c-1: Added multiplexed i2c bus 20
     [    6.799359] i2c i2c-1: Added multiplexed i2c bus 21
     [    6.804237] pca954x 1-0075: registered 8 multiplexed busses for I2C switch pca9548
     [    6.811852] cdns-i2c ff030000.i2c: 400 kHz mmio ff030000 irq 47
     [    6.821251] cdns-wdt fd4d0000.watchdog: Xilinx Watchdog Timer with timeout 60s
     [    6.850370] cf_axi_adc 84a00000.axi-ad9083-rx-hpc: ADI AIM (10.03.) at 0x84A00000 mapped to 0x(____ptrval____) probed ADC AD9083 as MASTER
     [    6.862900] mmc0: SDHCI controller on ff170000.mmc [ff170000.mmc] using ADMA 64-bit
     [    6.871417] axi_adxcvr_drv 84a60000.axi-adxcvr-rx: AXI-ADXCVR-RX (17.05.a) using QPLL on GTH4 at 0x84A60000. Number of lanes: 4.
     [    6.883537] jesd204: /axi/spi@ff040000/ad9083@0,jesd204:1,parent=spi1.0: JESD204[0:0] transition initialized -> probed
     [    6.894247] jesd204: /axi/spi@ff040000/ad9083@0,jesd204:1,parent=spi1.0: JESD204[0:0] transition probed -> initialized
     [    6.904955] jesd204: /axi/spi@ff040000/ad9083@0,jesd204:1,parent=spi1.0: JESD204[0:0] transition initialized -> probed
     [    6.915650] jesd204: /axi/spi@ff040000/ad9083@0,jesd204:1,parent=spi1.0: JESD204[0:0] transition probed -> idle
     [    6.925744] jesd204: /axi/spi@ff040000/ad9083@0,jesd204:1,parent=spi1.0: JESD204[0:0] transition idle -> device_init
     [    6.936273] jesd204: /axi/spi@ff040000/ad9083@0,jesd204:1,parent=spi1.0: JESD204[0:0] transition device_init -> link_init
     [    6.947243] jesd204: /axi/spi@ff040000/ad9083@0,jesd204:1,parent=spi1.0: JESD204[0:0] transition link_init -> link_supported
     [    6.958621] jesd204: /axi/spi@ff040000/ad9083@0,jesd204:1,parent=spi1.0: JESD204[0:0] transition link_supported -> link_pre_setup
     [    6.970490] jesd204: /axi/spi@ff040000/ad9083@0,jesd204:1,parent=spi1.0: JESD204[0:0] transition link_pre_setup -> clk_sync_stage1
     [    6.982240] jesd204: /axi/spi@ff040000/ad9083@0,jesd204:1,parent=spi1.0: JESD204[0:0] transition clk_sync_stage1 -> clk_sync_stage2
     [    6.994068] jesd204: /axi/spi@ff040000/ad9083@0,jesd204:1,parent=spi1.0: JESD204[0:0] transition clk_sync_stage2 -> clk_sync_stage3
     [    7.005898] jesd204: /axi/spi@ff040000/ad9083@0,jesd204:1,parent=spi1.0: JESD204[0:0] transition clk_sync_stage3 -> link_setup
     [    7.017293] jesd204: /axi/spi@ff040000/ad9083@0,jesd204:1,parent=spi1.0: JESD204[0:0] transition link_setup -> opt_setup_stage1
     [    7.028784] jesd204: /axi/spi@ff040000/ad9083@0,jesd204:1,parent=spi1.0: JESD204[0:0] transition opt_setup_stage1 -> opt_setup_stage2
     [    7.040792] jesd204: /axi/spi@ff040000/ad9083@0,jesd204:1,parent=spi1.0: JESD204[0:0] transition opt_setup_stage2 -> opt_setup_stage3
     [    7.052797] jesd204: /axi/spi@ff040000/ad9083@0,jesd204:1,parent=spi1.0: JESD204[0:0] transition opt_setup_stage3 -> opt_setup_stage4
     [    7.064806] jesd204: /axi/spi@ff040000/ad9083@0,jesd204:1,parent=spi1.0: JESD204[0:0] transition opt_setup_stage4 -> opt_setup_stage5
     [    7.079250] jesd204: /axi/spi@ff040000/ad9083@0,jesd204:1,parent=spi1.0: JESD204[0:0] transition opt_setup_stage5 -> clocks_enable
     [    7.094004] jesd204: /axi/spi@ff040000/ad9083@0,jesd204:1,parent=spi1.0: JESD204[0:0] transition clocks_enable -> link_enable
     [    7.114981] ad9083 spi1.0: JESD RX (JTX) state_204b DATA, SYNC deasserted, PLL locked, PHASE established, MODE valid
     [    7.125513] jesd204: /axi/spi@ff040000/ad9083@0,jesd204:1,parent=spi1.0: JESD204[0:0] transition link_enable -> link_running
     [    7.136735] jesd204: /axi/spi@ff040000/ad9083@0,jesd204:1,parent=spi1.0: JESD204[0:0] transition link_running -> opt_post_running_stage
     [    7.148917] axi-jesd204-rx 84aa0000.axi-jesd204-rx: AXI-JESD204-RX (1.07.a) at 0x84AA0000. Encoder 8b10b, width 4/8, lanes 4, jesd204-fsm.
     [    7.162418] zynqmp-display fd4a0000.display: vtc bridge property not present
     [    7.172859] xilinx-dp-snd-codec fd4a0000.display:zynqmp-dp-snd-codec0: Failed to get required clock freq
     [    7.182356] xilinx-dp-snd-codec: probe of fd4a0000.display:zynqmp-dp-snd-codec0 failed with error -22
     [    7.191870] xilinx-dp-snd-pcm zynqmp_dp_snd_pcm0: Xilinx DisplayPort Sound PCM probed
     [    7.199951] xilinx-dp-snd-pcm zynqmp_dp_snd_pcm1: Xilinx DisplayPort Sound PCM probed
     [    7.208138] OF: graph: no port node found in /axi/display@fd4a0000
     [    7.214661] xlnx-drm xlnx-drm.0: bound fd4a0000.display (ops 0xffffffc0091e3e98)
     [    7.228300] mmc0: new high speed SDHC card at address 0001
     [    7.234162] mmcblk0: mmc0:0001 00000 29.1 GiB
     [    7.240186]  mmcblk0: p1 p2 p3
     [    8.298728] zynqmp-display fd4a0000.display: [drm] Cannot find any crtc or sizes
     [    8.306381] [drm] Initialized xlnx 1.0.0 20130509 for fd4a0000.display on minor 0
     [    8.313886] zynqmp-display fd4a0000.display: ZynqMP DisplayPort Subsystem driver probed
     [    8.322168] ahci-ceva fd0c0000.ahci: supply ahci not found, using dummy regulator
     [    8.329742] ahci-ceva fd0c0000.ahci: supply phy not found, using dummy regulator
     [    8.337205] ahci-ceva fd0c0000.ahci: supply target not found, using dummy regulator
     [    8.355140] ahci-ceva fd0c0000.ahci: AHCI 0001.0301 32 slots 2 ports 6 Gbps 0x3 impl platform mode
     [    8.364099] ahci-ceva fd0c0000.ahci: flags: 64bit ncq sntf pm clo only pmp fbs pio slum part ccc sds apst
     [    8.374551] scsi host0: ahci-ceva
     [    8.378161] scsi host1: ahci-ceva
     [    8.381582] ata1: SATA max UDMA/133 mmio [mem 0xfd0c0000-0xfd0c1fff] port 0x100 irq 52
     [    8.389498] ata2: SATA max UDMA/133 mmio [mem 0xfd0c0000-0xfd0c1fff] port 0x180 irq 52
     [    8.399152] macb ff0e0000.ethernet: Not enabling partial store and forward
     [    8.408064] macb ff0e0000.ethernet eth0: Cadence GEM rev 0x50070106 at 0xff0e0000 irq 43 (00:0a:35:1d:ae:1b)
     [    8.502945] xhci-hcd xhci-hcd.1.auto: xHCI Host Controller
     [    8.508441] xhci-hcd xhci-hcd.1.auto: new USB bus registered, assigned bus number 1
     [    8.516202] xhci-hcd xhci-hcd.1.auto: hcc params 0x0238f625 hci version 0x100 quirks 0x0000000002010810
     [    8.525621] xhci-hcd xhci-hcd.1.auto: irq 53, io mem 0xfe200000
     [    8.531639] xhci-hcd xhci-hcd.1.auto: xHCI Host Controller
     [    8.537122] xhci-hcd xhci-hcd.1.auto: new USB bus registered, assigned bus number 2
     [    8.544776] xhci-hcd xhci-hcd.1.auto: Host supports USB 3.0 SuperSpeed
     [    8.551417] usb usb1: New USB device found, idVendor=1d6b, idProduct=0002, bcdDevice= 6.01
     [    8.559675] usb usb1: New USB device strings: Mfr=3, Product=2, SerialNumber=1
     [    8.566902] usb usb1: Product: xHCI Host Controller
     [    8.571775] usb usb1: Manufacturer: Linux 6.1.70-284114-g2e8908932dfd xhci-hcd
     [    8.578987] usb usb1: SerialNumber: xhci-hcd.1.auto
     [    8.584187] hub 1-0:1.0: USB hub found
     [    8.587949] hub 1-0:1.0: 1 port detected
     [    8.592166] usb usb2: New USB device found, idVendor=1d6b, idProduct=0003, bcdDevice= 6.01
     [    8.600428] usb usb2: New USB device strings: Mfr=3, Product=2, SerialNumber=1
     [    8.607649] usb usb2: Product: xHCI Host Controller
     [    8.612517] usb usb2: Manufacturer: Linux 6.1.70-284114-g2e8908932dfd xhci-hcd
     [    8.619735] usb usb2: SerialNumber: xhci-hcd.1.auto
     [    8.624868] hub 2-0:1.0: USB hub found
     [    8.628631] hub 2-0:1.0: 1 port detected
     [    8.641974] input: gpio-keys as /devices/platform/gpio-keys/input/input0
     [    8.649062] of_cfs_init
     [    8.651525] of_cfs_init: OK
     [    8.654376] cfg80211: Loading compiled-in X.509 certificates for regulatory database
     [    8.700308] cfg80211: Loaded X.509 cert 'sforshee: 00b28ddf47aef9cea7'
     [    8.707636] cfg80211: Loaded X.509 cert 'wens: 61c038651aabdcf94bd0ac7ff06c7248db18c600'
     [    8.709070] ata2: SATA link down (SStatus 0 SControl 330)
     [    8.715757] clk: Not disabling unused clocks
     [    8.721143] ata1: SATA link down (SStatus 0 SControl 330)
     [    8.725653] ALSA device list:
     [    8.733722]   No soundcards found.
     [    8.737460] platform regulatory.0: Direct firmware load for regulatory.db failed with error -2
     [    8.746091] cfg80211: failed to load regulatory.db
     [    8.762198] EXT4-fs (mmcblk0p2): mounted filesystem with ordered data mode. Quota mode: none.
     [    8.770751] VFS: Mounted root (ext4 filesystem) on device 179:2.
     [    8.783882] devtmpfs: mounted
     [    8.787701] Freeing unused kernel memory: 2752K
     [    8.814758] Run /sbin/init as init process
     [    9.307588] systemd[1]: System time before build time, advancing clock.
     [    9.350371] systemd[1]: systemd 247.3-7+rpi1+deb11u6 running in system mode. (+PAM +AUDIT +SELINUX +IMA +APPARMOR +SMACK +SYSVINIT +UTMP +LIBCRYPTSETUP +GCRYPT +GNUTLS +ACL +XZ +LZ4 +ZSTD +SECCOMP +BLKID +ELFUTILS +KMOD +IDN2 -IDN +PCRE2 default-hierarchy=unified)
     [    9.374315] systemd[1]: Detected architecture arm64.

     Welcome to Kuiper GNU/Linux 11.2 (bullseye)!

     [    9.403573] systemd[1]: Set hostname to <analog>.
     [    9.422744] zynqmp-display fd4a0000.display: [drm] Cannot find any crtc or sizes
     [   10.306703] random: crng init done
     [   10.310147] systemd[1]: Initializing machine ID from random generator.
     [   11.681283] systemd[1]: /lib/systemd/system/plymouth-start.service:16: Unit configured to use KillMode=none. This is unsafe, as it disables systemd's process lifecycle management for the service. Please update your service to use a safer KillMode=, such as 'mixed' or 'control-group'. Support for KillMode=none is deprecated and will eventually be removed.
     [   11.891074] systemd[1]: Queued start job for default target Graphical Interface.
     [   11.899936] systemd[1]: system-getty.slice: unit configures an IP firewall, but the local system does not support BPF/cgroup firewalling.
     [   11.912309] systemd[1]: (This warning is only shown for the first unit using IP firewalling.)
     [   11.921402] systemd[1]: Created slice system-getty.slice.
     [  OK  ] Created slice system-getty.slice.
     [   11.943195] systemd[1]: Created slice system-modprobe.slice.
     [  OK  ] Created slice system-modprobe.slice.
     [   11.963137] systemd[1]: Created slice system-serial\x2dgetty.slice.
     [  OK  ] Created slice system-serial\x2dgetty.slice.
     [   11.987111] systemd[1]: Created slice system-systemd\x2dfsck.slice.
     [  OK  ] Created slice system-systemd\x2dfsck.slice.
     [   12.011015] systemd[1]: Created slice User and Session Slice.
     [  OK  ] Created slice User and Session Slice.
     [   12.031014] systemd[1]: Started Forward Password Requests to Wall Directory Watch.
     [  OK  ] Started Forward Password R&uests to Wall Directory Watch.
     [   12.055057] systemd[1]: Condition check resulted in Arbitrary Executable File Formats File System Automount Point being skipped.
     [   12.067521] systemd[1]: Reached target Slices.
     [  OK  ] Reached target Slices.
     [   12.082926] systemd[1]: Reached target Swap.
     [  OK  ] Reached target Swap.
     [   12.107539] systemd[1]: Listening on Syslog Socket.
     [  OK  ] Listening on Syslog Socket.
     [   12.123149] systemd[1]: Listening on fsck to fsckd communication Socket.
     [  OK  ] Listening on fsck to fsckd communication Socket.
     [   12.146969] systemd[1]: Listening on initctl Compatibility Named Pipe.
     [  OK  ] Listening on initctl Compatibility Named Pipe.
     [   12.171446] systemd[1]: Listening on Journal Audit Socket.
     [  OK  ] Listening on Journal Audit Socket.
     [   12.191137] systemd[1]: Listening on Journal Socket (/dev/log).
     [  OK  ] Listening on Journal Socket (/dev/log).
     [   12.215196] systemd[1]: Listening on Journal Socket.
     [  OK  ] Listening on Journal Socket.
     [   12.238248] systemd[1]: Listening on udev Control Socket.
     [  OK  ] Listening on udev Control Socket.
     [   12.259118] systemd[1]: Listening on udev Kernel Socket.
     [  OK  ] Listening on udev Kernel Socket.
     [   12.294903] systemd[1]: Mounting Huge Pages File System...
              Mounting Huge Pages File System...
     [   12.312716] systemd[1]: Mounting POSIX Message Queue File System...
              Mounting POSIX Message Queue File System...
     [   12.336566] systemd[1]: Mounting RPC Pipe File System...
              Mounting RPC Pipe File System...
     [   12.352834] systemd[1]: Mounting Kernel Debug File System...
              Mounting Kernel Debug File System...
     [   12.371241] systemd[1]: Condition check resulted in Kernel Trace File System being skipped.
     [   12.379971] systemd[1]: Condition check resulted in Kernel Module supporting RPCSEC_GSS being skipped.
     [   12.392696] systemd[1]: Starting Restore / save the current clock...
              Starting Restore / save the current clock...
     [   12.435111] systemd[1]: Starting Set the console keyboard layout...
              Starting Set the console keyboard layout...
     [   12.459797] systemd[1]: Condition check resulted in Create list of static device nodes for the current kernel being skipped.
     [   12.473424] systemd[1]: Starting Load Kernel Module configfs...
              Starting Load Kernel Module configfs...
     [   12.493259] systemd[1]: Starting Load Kernel Module drm...
              Starting Load Kernel Module drm...
     [   12.513157] systemd[1]: Starting Load Kernel Module fuse...
              Starting Load Kernel Module fuse...
     [   12.533661] systemd[1]: Condition check resulted in Set Up Additional Binary Formats being skipped.
     [   12.542960] systemd[1]: Condition check resulted in File System Check on Root Device being skipped.
     [   12.583127] systemd[1]: Starting Journal Service...
              Starting Journal Service...
     [   12.606843] systemd[1]: Starting Load Kernel Modules...
              Starting Load Kernel Modules...
     [   12.655143] systemd[1]: Starting Remount Root and Kernel File Systems...
              Starting Remount Root and Kernel File Systems...
     [   12.681026] systemd[1]: Starting Coldplug All udev Devices...
              Starting Coldplug All udev Devices...
     [   12.704314] systemd[1]: Mounted Huge Pages File System.
     [  OK  ] Mounted Huge Pages File System.
     [   12.729186] systemd[1]: Mounted POSIX Message Queue File System.
     [  OK  ] Mounted POSIX Message Queue File System.
     [   12.751361] systemd[1]: Mounted RPC Pipe File System.
     [  OK  ] Mounted RPC Pipe File System.
     [   12.767269] systemd[1]: Mounted Kernel Debug File System.
     [  OK  ] Mounted Kernel Debug File System.
     [   12.787746] systemd[1]: Finished Restore / save the current clock.
     [  OK  ] Finished Restore / save the current clock.
     [   12.811947] systemd[1]: Finished Set the console keyboard layout.
     [  OK  ] Finished Set the console keyboard layout.
     [   12.835366] systemd[1]: Started Journal Service.
     [  OK  ] Started Journal Service.
     [  OK  ] Finished Load Kernel Module configfs.
     [  OK  ] Finished Load Kernel Module drm.
     [  OK  ] Finished Load Kernel Module fuse.
     [FAILED] Failed to start Load Kernel Modules.
     See 'systemctl status systemd-modules-load.service' for details.
     [   12.942855] EXT4-fs (mmcblk0p2): re-mounted. Quota mode: none.
     [  OK  ] Finished Remount Root and Kernel File Systems.
              Mounting FUSE Control File System...
              Mounting Kernel Configuration File System...
              Starting Flush Journal to Persistent Storage...
              Starting Load/Save Random Seed...
     [   13.046222] systemd-journald[183]: Received client request to flush runtime journal.
              Starting Apply Kernel Variables...
              Starting Create System Users...
     [  OK  ] Mounted FUSE Control File System.
     [  OK  ] Mounted Kernel Configuration File System.
     [  OK  ] Finished Load/Save Random Seed.
     [  OK  ] Finished Apply Kernel Variables.
     [  OK  ] Finished Coldplug All udev Devices.
              Starting Helper to synchronize boot up for ifupdown...
              Starting Wait for udev To &plete Device Initialization...
     [  OK  ] Finished Flush Journal to Persistent Storage.
     [  OK  ] Finished Helper to synchronize boot up for ifupdown.
     [  OK  ] Finished Create System Users.
              Starting Create Static Device Nodes in /dev...
     [  OK  ] Finished Create Static Device Nodes in /dev.
     [  OK  ] Reached target Local File Systems (Pre).
              Starting Rule-based Manage&for Device Events and Files...
     [  OK  ] Started Rule-based Manager for Device Events and Files.
              Starting Show Plymouth Boot Screen...
     [  OK  ] Started Show Plymouth Boot Screen.
     [  OK  ] Started Forward Password R&s to Plymouth Directory Watch.
     [  OK  ] Reached target Local Encrypted Volumes.
     [  OK  ] Found device /dev/ttyPS0.
     [  OK  ] Found device /dev/disk/by-partuuid/a22286d2-01.
     [  OK  ] Found device /dev/ttyS0.
     [  OK  ] Listening on Load/Save RF &itch Status /dev/rfkill Watch.
              Starting File System Check&isk/by-partuuid/a22286d2-01...
     [  OK  ] Started File System Check Daemon to report status.
     [  OK  ] Finished Wait for udev To Complete Device Initialization.
     [  OK  ] Finished File System Check&/disk/by-partuuid/a22286d2-01.
              Mounting /boot...
     [  OK  ] Mounted /boot.
     [  OK  ] Reached target Local File Systems.
              Starting Set console font and keymap...
              Starting Raise network interfaces...
              Starting Preprocess NFS configuration...
              Starting Tell Plymouth To Write Out Runtime Data...
              Starting Create Volatile Files and Directories...
     [  OK  ] Finished Set console font and keymap.
     [  OK  ] Finished Preprocess NFS configuration.
     [  OK  ] Reached target NFS client services.
     [  OK  ] Reached target Remote File Systems (Pre).
     [  OK  ] Reached target Remote File Systems.
     [  OK  ] Finished Tell Plymouth To Write Out Runtime Data.
     [  OK  ] Finished Create Volatile Files and Directories.
              Starting Network Time Synchronization...
              Starting Update UTMP about System Boot/Shutdown...
     [  OK  ] Finished Update UTMP about System Boot/Shutdown.
              Starting Load Kernel Modules...
     [  OK  ] Started Network Time Synchronization.
     [  OK  ] Reached target System Time Set.
     [  OK  ] Reached target System Time Synchronized.
     [  OK  ] Finished Raise network interfaces.
     [FAILED] Failed to start Load Kernel Modules.
     See 'systemctl status systemd-modules-load.service' for details.
     [  OK  ] Reached target System Initialization.
     [  OK  ] Started CUPS Scheduler.
     [  OK  ] Started Daily apt download activities.
     [  OK  ] Started Daily apt upgrade and clean activities.
     [  OK  ] Started Periodic ext4 Onli&ata Check for All Filesystems.
     [  OK  ] Started Discard unused blocks once a week.
     [  OK  ] Started Daily rotation of log files.
     [  OK  ] Started Daily man-db regeneration.
     [  OK  ] Started Daily Cleanup of Temporary Directories.
     [  OK  ] Reached target Paths.
     [  OK  ] Reached target Timers.
     [  OK  ] Listening on Avahi mDNS/DNS-SD Stack Activation Socket.
     [  OK  ] Listening on CUPS Scheduler.
     [  OK  ] Listening on D-Bus System Message Bus Socket.
     [  OK  ] Listening on Erlang Port Mapper Daemon Activation Socket.
     [  OK  ] Listening on GPS (Global P&ioning System) Daemon Sockets.
     [  OK  ] Listening on triggerhappy.socket.
     [  OK  ] Reached target Sockets.
     [  OK  ] Reached target Basic System.
              Starting Analog Devices power up/down sequence...
              Starting Avahi mDNS/DNS-SD Stack...
     [  OK  ] Started Regular background program processing daemon.
     [  OK  ] Started D-Bus System Message Bus.
              Starting dphys-swapfile - &unt, and delete a swap file...
              Starting Remove Stale Onli&t4 Metadata Check Snapshots...
              Starting LSB: Resize the r&ilesystem to fill partition...
     [  OK  ] Started fan-control.
              Starting Fix DP audio and X11 for Jupiter...
              Starting Creating IIOD Context Attributes......
              Starting Authorization Manager...
              Starting DHCP Client Daemon...
              Starting LSB: Switch to on&nless shift key is pressed)...
              Starting Regenerate SSH host keys...
              Starting LSB: rng-tools (Debian variant)...
              Starting System Logging Service...
              Starting User Login Management...
              Starting triggerhappy global hotkey daemon...
              Starting Disk Manager...
              Starting WPA supplicant...
     [  OK  ] Started DHCP Client Daemon.
     [  OK  ] Started triggerhappy global hotkey daemon.
     [  OK  ] Finished Fix DP audio and X11 for Jupiter.
     [  OK  ] Started LSB: rng-tools (Debian variant).
     [  OK  ] Started System Logging Service.
     [  OK  ] Finished Creating IIOD Context Attributes....
     [  OK  ] Finished dphys-swapfile - &mount, and delete a swap file.
     [  OK  ] Started User Login Management.
     [  OK  ] Started Avahi mDNS/DNS-SD Stack.
     [  OK  ] Started WPA supplicant.
     [  OK  ] Reached target Network.
     [  OK  ] Reached target Network is Online.
              Starting CUPS Scheduler...
     [  OK  ] Started Erlang Port Mapper Daemon.
              Starting HTTP based time synchronization tool...
     [  OK  ] Started IIO Daemon.
              Starting Internet superserver...
              Starting /etc/rc.local Compatibility...
              Starting Permit User Sessions...
     [  OK  ] Started Unattended Upgrades Shutdown.
     [  OK  ] Started LSB: Switch to ond&(unless shift key is pressed).
     [  OK  ] Started HTTP based time synchronization tool.
     [  OK  ] Started Authorization Manager.
              Starting Modem Manager...
     [  OK  ] Started /etc/rc.local Compatibility.
     [  OK  ] Finished Permit User Sessions.
              Starting Light Display Manager...
              Starting Hold until boot process finishes up...
     [  OK  ] Started Internet superserver.
     [  OK  ] Finished Analog Devices power up/down sequence.
     [FAILED] Failed to start VNC Server for X11.

     Raspbian GNU/Linux 11 analog ttyPS0

     analog login: root (automatic login)

     Linux analog 6.1.70-284114-g2e8908932dfd #1061 SMP Tue Mar 18 16:40:12 EET 2025 aarch64

     The programs included with the Debian GNU/Linux system are free software;
     the exact distribution terms for each program are described in the
     individual files in /usr/share/doc/*/copyright.

     Debian GNU/Linux comes with ABSOLUTELY NO WARRANTY, to the extent
     permitted by applicable law.


Useful commands for the serial terminal
^^^^^^^^^^^^^^^^^^^^^^^^^^^^^^^^^^^^^^^^^^^^^^^^^^^^^^^^^^^^^^^^^^^^^^^^^^^^^^^

The below commands are to be run in the serial terminal connected to the FPGA.

To find out the IP of the FPGA board, run the following command and take the
IP specified at "eth0 inet":

.. shell::

   $ifconfig

To see the IIO devices detected, run:

.. shell::

   $iio_info | grep iio:device
    iio:device0: xilinx-ams
    iio:device1: ad9528
    iio:device2: axi-ad9083-rx-hpc (buffer capable)

To use the :dokuwiki:`JESD204 status utility <resources/tools-software/linux-software/jesd_status>`,
run:

.. shell::

   $jesd_status

To power off the system, run the following command, and wait for the final
message to be printed, then power off the FPGA board from the switch as well.

.. shell::

   $poweroff

To reboot the system, run:

.. shell::

   $reboot

.. important::

   Even though this is Linux, this is a persistent file system. Care should
   be taken not to corrupt the file system -- please shut down things, don't
   just turn off the power switch. You can do this from the terminal as well
   with :code:`sudo shutdown -h now` or the above-mentioned command for
   powering off.

Using no-OS as software
-----------------------

Necessary files
~~~~~~~~~~~~~~~

The following files are needed for the system to boot:

- HDL boot file: ``system_top.xsa``
- no-OS project: :git-no-os:`projects/ad9083_evb`

Instructions on how to build the boot files from source can be found here:

- :external+no-OS:doc:`projects/adc/ad9083`. More no-OS build details at
  :external+no-OS:doc:`build_guide`.
- :external+hdl:ref:`ad9083_evb`. More HDL build details at
  :external+hdl:ref:`build_hdl`.

Required Software
~~~~~~~~~~~~~~~~~

- AMD Xilinx Vivado and Vitis (downloading Vitis from
  `here <https://www.xilinx.com/support/download/index.html/content/xilinx/en/downloadNav/vitis.html>`_
  will include Vivado as well)
- An UART terminal (Putty/Tera Term/Minicom, etc.), Baud rate 115200 (8N1)

Required Hardware
~~~~~~~~~~~~~~~~~

- AMD Xilinx :xilinx:`ZCU102` Rev 1.0 FPGA board and its power supply
- :adi:`EVAL-AD9083` FMC evaluation board
- 2x Micro-USB cables, one for UART and one for JTAG
- (Optional) USB keyboard & mouse and a HDMI-compatible monitor

More details as to why you need these, can be found at
:ref:`eval-ad9083 prerequisites`.

Testing
~~~~~~~

Creating the setup
^^^^^^^^^^^^^^^^^^

.. image:: ../images/ad9083_zcu102_no-OS.jpeg
   :width: 900

.. caution::

   This project was tested with **VADJ = 1.8 V**

Follow the steps in this order, to avoid damaging the components:

#. Connect the :adi:`EVAL-AD9083` FMC board to the ZCU102 **HPC0** FMC0 socket
#. Configure :xilinx:`ZCU102` for JTAG boot mode (mode SW6[4:1] switch in
   the position **ON,ON,ON,ON**)
#. Connect USB UART J83 (Micro-USB) to your host PC
#. Connect USB JTAG (Micro-USB) to your host PC
#. (Optional) Connect a monitor to the FPGA by HDMI, and a mouse and a keyboard
#. Turn on the power switch on the FPGA board
#. Observe console output messages on your terminal (use the first ttyUSB or
   COM port registered)

Console output
^^^^^^^^^^^^^^

The following is what is printed in the serial console, after you have
connected to the proper ttyUSB or COM port:

.. collapsible:: Complete boot log

    ::


     Zynq MP First Stage Boot Loader
     Release 2023.2   May 13 2026  -  08:01:26
     PMU-FW is not running, certain applications may not be supported.
     Hello
     rx_adxcvr: OK (10000000 kHz)
     AD9083 Rev. 1 Grade 0 (API 1.0.1) probed
     rx_jesd status:
             Link is enabled
             Measured Link Clock: 249.986 MHz
             Reported Link Clock: 250.000 MHz
             Lane rate: 10000.000 MHz
             Lane rate / 40: 250.000 MHz
             LMFC rate: 3.906 MHz
             Link status: DATA
             SYSREF captured: disabled
             SYSREF alignment error: disabled
     JESD RX (JTX) , state_204b d, SYNC deasserted, PLL locked, PHASE established, MODE valid
     Running IIOD server...
     If successful, you may connect an IIO client application by:
     1. Disconnecting the serial terminal you use to view this message.
     2. Connecting the IIO client application using the serial backend configured as shown:
     Baudrate: 115200
     Data size: 8 bits
     Parity: none
     Stop bits: 1
     Flow control: none

IIO Oscilloscope
~~~~~~~~~~~~~~~~

.. important::
   Make sure to download/update to the latest version of
   :git-iio-oscilloscope:`IIO Oscilloscope <releases+>`.

#. Once done with the installation or an update of the latest IIO Oscilloscope,
   open the application. The user needs to supply a URI which will be used in
   the context creation of the IIO Oscilloscope. If there's only one platform is
   connected, the IIO Oscilloscope will find URI automatically; if more than one
   platforms are connected, the user needs to supply the specific URI. The
   instructions to obtain the URI can be found in the previous section.

   **Note: the "Serial Context" connection method is not enabled.**

The IIO Oscilloscope captures, in both time and frequency domains, are provided
for both the **Linux and no-OS** versions to demonstrate proper operation in
both environments.

#. Captured Loopback Signal Time Domain

   .. image:: ../images/ad9083_zcu102_time_domain.png
      :width: 900

#. Captured Loopback Signal Frequency Domain

   .. image:: ../images/ad9083_zcu102_frequency_domain.png
      :width: 900
