.. _ad9695 quickstart zcu102:

ZCU102 Quickstart
===============================================================================

This guide provides step-by-step instructions on how to set up the
:adi:`AD9695-1300EBZ` on:

- :xilinx:`ZCU102` on FMC HPC1

.. image:: ../../images/zcu102.jpg
   :width: 900

.. esd-warning::

Using Linux as software
-------------------------------------------------------------------------------

Necessary files
~~~~~~~~~~~~~~~~~~~~~~~~~~~~~~~~~~~~~~~~~~~~~~~~~~~~~~~~~~~~~~~~~~~~~~~~~~~~~~~

.. note::

   The SD card includes several folders in the root directory of the BOOT
   partition. In order to configure the SD card to work with a specific FPGA
   board and ADI hardware, several files must be copied onto the root
   directory. Using the host PC, drag and drop the required files onto the
   BOOT partition, and use the EJECT function when removing the SD card from
   the reader.

The following files are needed for the system to boot:

- HDL boot image: ``BOOT.BIN``
- Linux Kernel image: ``Image``
- Linux device tree: ``system.dtb``

They can either be taken from the SD card — already generated by us — or you
can build them manually:

- Instructions on how to choose the boot files from the SD card can be found
  in the **Platform-Specific Manual Steps** section from here:
  :external+kuiper:ref:`hardware-configuration`.
- Instructions on how to manually build the boot files from source can be
  found here:

  - :ref:`linux-kernel zynqmp`
  - :external+hdl:ref:`ad9695_fmc` build documentation. More HDL build
    details at :external+hdl:ref:`build_hdl`.

.. important::

   Some projects provide multiple device tree files in the SD card's boot
   folders. Make sure you select the device tree that matches your specific
   use case (e.g., ``system_ad9695_fmc_zcu102.dtb``).

Required software
~~~~~~~~~~~~~~~~~~~~~~~~~~~~~~~~~~~~~~~~~~~~~~~~~~~~~~~~~~~~~~~~~~~~~~~~~~~~~~~

- SD card 16 GB imaged with :external+kuiper:doc:`Kuiper <index>`
  (check out that guide on how to do it, then come back to this section)
- A UART terminal (PuTTY/Tera Term/Minicom) with baud rate 115200 (8N1)

Required hardware
~~~~~~~~~~~~~~~~~~~~~~~~~~~~~~~~~~~~~~~~~~~~~~~~~~~~~~~~~~~~~~~~~~~~~~~~~~~~~~~

- AMD Xilinx :xilinx:`ZCU102` Rev 1.0 FPGA board and its power supply (12 V)
- :adi:`AD9695-1300EBZ <AD9695>` FMC evaluation board
- A clock source, any low-noise clock generator with multiple outputs can
  be used. The following items are needed only if using the
  :adi:`AD-SYNCHRONA14-EBZ <AD-SYNCHRONA14-EBZ>`:

  - :adi:`AD-SYNCHRONA14-EBZ <AD-SYNCHRONA14-EBZ>` clock source board
    (Optional)
  - Serial port module for the AD-SYNCHRONA14-EBZ serial interface
    (Optional)
  - 20-pin GPIO ribbon cable for serial communication between the ZCU102
    and the AD-SYNCHRONA14-EBZ, connected pin-to-pin, all 20 pins
    (Optional)
  - 3× SMA 50Ω terminators for unused AD-SYNCHRONA14-EBZ output channels
    (Optional)

- SMA cables (for connections between the clock source, AD9695, and signal
  generator)
- Low phase noise signal generator with antialiasing filter (analog input
  source)
- SD card with at least 16 GB of memory
- Micro-USB cable (UART, J83)
- LAN cable (Ethernet)
- (Optional) USB keyboard and mouse, HDMI-compatible monitor

More details as to why you need these can be found at
:ref:`ad9695 prerequisites`.

Testing
~~~~~~~~~~~~~~~~~~~~~~~~~~~~~~~~~~~~~~~~~~~~~~~~~~~~~~~~~~~~~~~~~~~~~~~~~~~~~~~

Creating the setup
^^^^^^^^^^^^^^^^^^^^^^^^^^^^^^^^^^^^^^^^^^^^^^^^^^^^^^^^^^^^^^^^^^^^^^^^^^^^^^^

AD9695/ZCU102
"""""""""""""""""""""""""""""""""""""""""""""""""""""""""""""""""""""""""""""""

.. image:: ../images/ad9695_zcu102_setup.png
   :width: 800

.. caution::

   This project was tested with **VADJ = 1.8 V**

Follow the steps in this order, to avoid damaging the components:

#. Set up the :adi:`AD-SYNCHRONA14-EBZ <AD-SYNCHRONA14-EBZ>` clock source:

   The AD-SYNCHRONA14-EBZ provides all clocks required for this setup. Refer
   to the :ref:`AD-SYNCHRONA14-EBZ <ad-syncrhona14-ebz>`
   for board setup and GUI installation instructions.

   Once the Synchrona GUI is open (as described in the GUI section of that
   guide), configure the output channels as follows:

   - Enable channels **1**, **2**, **9**, and **10**.
   - Set the output frequencies:

     .. list-table::
        :header-rows: 1

        * - Channel
          - Frequency (Hz)
        * - 1
          - 5078125
        * - 2
          - 5078125
        * - 9
          - 1300000000
        * - 10
          - 325000000

   - Click **Reload Config** to apply the settings.

   Connect the GPIO serial port of the AD-SYNCHRONA14-EBZ to the ZCU102
   using the 20-pin ribbon cable, **pin-to-pin** (all 20 pins connected
   directly, 1-to-1).

#. Prepare the :adi:`AD9695-1300EBZ`:

   - Configure the jumpers as described in the :ref:`ad9695 user-guide`
     hardware configuration section.
   - Connect channel 9 output of the AD-SYNCHRONA14-EBZ to **P202**
     (1300 MHz ADC sample clock, 50 Ω coaxial cable).
   - Connect channel 10 output of the AD-SYNCHRONA14-EBZ to the ZCU102
     reference clock input (325 MHz JESD204B reference clock).
   - Connect the signal source to **J101** (Channel A) and/or **J104**
     (Channel B) via an antialiasing filter.

#. Plug the :adi:`AD9695-1300EBZ` into the **FMC HPC1** connector on the
   ZCU102.
#. Insert the SD card into the SD card socket on the ZCU102.
#. Configure the :xilinx:`ZCU102` for SD card boot mode (SW6[4:1] = **OFF,
   OFF, OFF, ON**):

   .. image:: ../../images/zcu102_1p0_bootmode.jpg
      :width: 400

#. Plug in an Ethernet cable from your router/switch to the Ethernet port on
   the FPGA board.
#. Connect USB UART J83 (Micro-USB) to your host PC.
#. (Optional) Connect a monitor via HDMI and a USB keyboard and mouse.
#. Connect the power supply to the ZCU102.
#. Turn on the power switch on the FPGA board.
#. Observe kernel and serial console output messages on your terminal (use
   the first ttyUSB or COM port registered, 115200 8N1).

Boot messages
^^^^^^^^^^^^^^^^^^^^^^^^^^^^^^^^^^^^^^^^^^^^^^^^^^^^^^^^^^^^^^^^^^^^^^^^^^^^^^^

The following is what is printed in the serial console after connecting to the
correct ttyUSB or COM port:

.. collapsible:: Complete boot log

   ::

      Zynq MP First Stage Boot Loader
      Release 2023.2   Nov  1 2024  -  21:09:38
      NOTICE:  BL31: Non secure code at 0x8000000
      NOTICE:  BL31: v2.8(release):xilinx-v2023.2
      NOTICE:  BL31: Built : 10:57:16, Feb  7 2024
      PMUFW:  v1.1

      U-Boot 2018.01-21442-gf06dec3cab (May 22 2024 - 17:46:13 +0300) Xilinx ZynqMP ZCU102 revA, Build: jenkins-development-build_uboot-31

      I2C:   ready
      DRAM:  4 GiB
      EL Level:       EL2
      Chip ID:        zu9eg
      MMC:   sdhci@ff170000: 0 (SD)
      *** Warning - bad CRC, using default environment

      In:    serial@ff000000
      Out:   serial@ff000000
      Err:   serial@ff000000
      Bootmode: LVL_SHFT_SD_MODE1
      Net:   ZYNQ GEM: ff0e0000, phyaddr 15, interface rgmii-id

      Warning: ethernet@ff0e0000 using MAC address from ROM
      eth0: ethernet@ff0e0000
      Hit any key to stop autoboot:  0
      switch to partitions #0, OK
      mmc0 is current device
      Device: sdhci@ff170000
      Manufacturer ID: 1d
      OEM: 4144
      Name: 00000
      Tran Speed: 50000000
      Rd Block Len: 512
      SD version 3.0
      High Capacity: Yes
      Capacity: 29.1 GiB
      Bus Width: 4-bit
      Erase Group Size: 512 Bytes
      reading uEnv.txt
      407 bytes read in 23 ms (16.6 KiB/s)
      Loaded environment from uEnv.txt
      Importing environment from SD ...
      Running uenvcmd ...
      Copying Linux from SD to RAM...
      ** No boot file defined **
      reading system.dtb
      54999 bytes read in 32 ms (1.6 MiB/s)
      reading Image
      38605312 bytes read in 2582 ms (14.3 MiB/s)
      ## Flattened Device Tree blob at 04000000
         Booting using the fdt blob at 0x4000000
         Loading Device Tree to 000000000ffef000, end 000000000ffff6d6 ... OK

      Starting kernel ...

      [    0.000000] Booting Linux on physical CPU 0x0000000000 [0x410fd034]
      [    0.000000] Linux version 6.1.70-284114-g2e8908932dfd (jenkins@romlxbuild1) (aarch64-xilinx-linux-gcc.real (GCC) 12.2.0, GNU ld (GNU Binutils) 2.39.0.20220819) #1061 SMP Tue Mar 18 16:40:12 EET 2025
      [    0.000000] Machine model: ZynqMP ZCU102 Rev1.0
      [    0.000000] earlycon: cdns0 at MMIO 0x00000000ff000000 (options '115200n8')
      [    0.000000] printk: bootconsole [cdns0] enabled
      [    0.000000] efi: UEFI not found.
      [    0.000000] Zone ranges:
      [    0.000000]   DMA      [mem 0x0000000000000000-0x00000000ffffffff]
      [    0.000000]   DMA32    empty
      [    0.000000]   Normal   [mem 0x0000000100000000-0x000000087fffffff]
      [    0.000000] Movable zone start for each node
      [    0.000000] Early memory node ranges
      [    0.000000]   node   0: [mem 0x0000000000000000-0x000000007fffffff]
      [    0.000000]   node   0: [mem 0x0000000800000000-0x000000087fffffff]
      [    0.000000] Initmem setup node 0 [mem 0x0000000000000000-0x000000087fffffff]
      [    0.000000] cma: Reserved 256 MiB at 0x0000000070000000
      [    0.000000] psci: probing for conduit method from DT.
      [    0.000000] psci: PSCIv1.1 detected in firmware.
      [    0.000000] psci: Using standard PSCI v0.2 function IDs
      [    0.000000] psci: MIGRATE_INFO_TYPE not supported.
      [    0.000000] psci: SMC Calling Convention v1.2
      [    0.000000] percpu: Embedded 18 pages/cpu s34536 r8192 d31000 u73728
      [    0.000000] Detected VIPT I-cache on CPU0
      [    0.000000] CPU features: detected: ARM erratum 845719
      [    0.000000] alternatives: applying boot alternatives
      [    0.000000] Built 1 zonelists, mobility grouping on.  Total pages: 1034240
      [    0.000000] Kernel command line: console=ttyPS0,115200 root=/dev/mmcblk0p2 rw earlycon rootfstype=ext4 rootwait clk_ignore_unused cpuidle.off=1 root=/dev/mmcblk0p2 rw rootwait
      [    0.000000] Dentry cache hash table entries: 524288 (order: 10, 4194304 bytes, linear)
      [    0.000000] Inode-cache hash table entries: 262144 (order: 9, 2097152 bytes, linear)
      [    0.000000] mem auto-init: stack:all(zero), heap alloc:off, heap free:off
      [    0.000000] software IO TLB: area num 4.
      [    0.000000] software IO TLB: mapped [mem 0x000000006c000000-0x0000000070000000] (64MB)
      [    0.000000] Memory: 3755144K/4194304K available (17408K kernel code, 1732K rwdata, 15684K rodata, 2752K init, 658K bss, 177016K reserved, 262144K cma-reserved)
      [    0.000000] rcu: Hierarchical RCU implementation.
      [    0.000000] rcu:     RCU event tracing is enabled.
      [    0.000000] rcu:     RCU restricting CPUs from NR_CPUS=8 to nr_cpu_ids=4.
      [    0.000000] rcu: RCU calculated value of scheduler-enlistment delay is 25 jiffies.
      [    0.000000] rcu: Adjusting geometry for rcu_fanout_leaf=16, nr_cpu_ids=4
      [    0.000000] NR_IRQS: 64, nr_irqs: 64, preallocated irqs: 0
      [    0.000000] GIC: Adjusting CPU interface base to 0x00000000f902f000
      [    0.000000] Root IRQ handler: gic_handle_irq
      [    0.000000] GIC: Using split EOI/Deactivate mode
      [    0.000000] rcu: srcu_init: Setting srcu_struct sizes based on contention.
      [    0.000000] arch_timer: cp15 timer(s) running at 100.00MHz (phys).
      [    0.000000] clocksource: arch_sys_counter: mask: 0x1ffffffffffffff max_cycles: 0x171024e7e0, max_idle_ns: 440795205315 ns
      [    0.000000] sched_clock: 57 bits at 100MHz, resolution 10ns, wraps every 4398046511100ns
      [    0.008420] Console: colour dummy device 80x25
      [    0.012485] Calibrating delay loop (skipped), value calculated using timer frequency.. 200.00 BogoMIPS (lpj=400000)
      [    0.022840] pid_max: default: 32768 minimum: 301
      [    0.027565] Mount-cache hash table entries: 8192 (order: 4, 65536 bytes, linear)
      [    0.034787] Mountpoint-cache hash table entries: 8192 (order: 4, 65536 bytes, linear)
      [    0.043551] rcu: Hierarchical SRCU implementation.
      [    0.047322] rcu:     Max phase no-delay instances is 1000.
      [    0.052768] EFI services will not be available.
      [    0.057163] smp: Bringing up secondary CPUs ...
      [    0.061911] Detected VIPT I-cache on CPU1
      [    0.061985] CPU1: Booted secondary processor 0x0000000001 [0x410fd034]
      [    0.062399] Detected VIPT I-cache on CPU2
      [    0.062455] CPU2: Booted secondary processor 0x0000000002 [0x410fd034]
      [    0.062853] Detected VIPT I-cache on CPU3
      [    0.062910] CPU3: Booted secondary processor 0x0000000003 [0x410fd034]
      [    0.062957] smp: Brought up 1 node, 4 CPUs
      [    0.096968] SMP: Total of 4 processors activated.
      [    0.101641] CPU features: detected: 32-bit EL0 Support
      [    0.106745] CPU features: detected: CRC32 instructions
      [    0.111903] CPU: All CPU(s) started at EL2
      [    0.115915] alternatives: applying system-wide alternatives
      [    0.122511] devtmpfs: initialized
      [    0.130628] Registered cp15_barrier emulation handler
      [    0.130681] Registered setend emulation handler
      [    0.134657] clocksource: jiffies: mask: 0xffffffff max_cycles: 0xffffffff, max_idle_ns: 7645041785100000 ns
      [    0.144246] futex hash table entries: 1024 (order: 4, 65536 bytes, linear)
      [    0.157128] pinctrl core: initialized pinctrl subsystem
      [    0.158070] NET: Registered PF_NETLINK/PF_ROUTE protocol family
      [    0.163459] DMA: preallocated 512 KiB GFP_KERNEL pool for atomic allocations
      [    0.169713] DMA: preallocated 512 KiB GFP_KERNEL|GFP_DMA pool for atomic allocations
      [    0.177464] DMA: preallocated 512 KiB GFP_KERNEL|GFP_DMA32 pool for atomic allocations
      [    0.185233] audit: initializing netlink subsys (disabled)
      [    0.190636] audit: type=2000 audit(0.120:1): state=initialized audit_enabled=0 res=1
      [    0.191024] hw-breakpoint: found 6 breakpoint and 4 watchpoint registers.
      [    0.205051] ASID allocator initialised with 65536 entries
      [    0.229697] HugeTLB: registered 1.00 GiB page size, pre-allocated 0 pages
      [    0.230850] HugeTLB: 0 KiB vmemmap can be freed for a 1.00 GiB page
      [    0.237074] HugeTLB: registered 32.0 MiB page size, pre-allocated 0 pages
      [    0.243819] HugeTLB: 0 KiB vmemmap can be freed for a 32.0 MiB page
      [    0.250048] HugeTLB: registered 2.00 MiB page size, pre-allocated 0 pages
      [    0.256794] HugeTLB: 0 KiB vmemmap can be freed for a 2.00 MiB page
      [    0.263023] HugeTLB: registered 64.0 KiB page size, pre-allocated 0 pages
      [    0.269769] HugeTLB: 0 KiB vmemmap can be freed for a 64.0 KiB page
      [    0.344063] raid6: neonx8   gen()  2253 MB/s
      [    0.412125] raid6: neonx4   gen()  2212 MB/s
      [    0.480179] raid6: neonx2   gen()  2120 MB/s
      [    0.548241] raid6: neonx1   gen()  1810 MB/s
      [    0.616293] raid6: int64x8  gen()  1397 MB/s
      [    0.684357] raid6: int64x4  gen()  1561 MB/s
      [    0.752423] raid6: int64x2  gen()  1373 MB/s
      [    0.820498] raid6: int64x1  gen()  1034 MB/s
      [    0.820538] raid6: using algorithm neonx8 gen() 2253 MB/s
      [    0.892547] raid6: .... xor() 1657 MB/s, rmw enabled
      [    0.892592] raid6: using neon recovery algorithm
      [    0.896859] iommu: Default domain type: Translated
      [    0.901299] iommu: DMA domain TLB invalidation policy: strict mode
      [    0.907725] SCSI subsystem initialized
      [    0.911390] usbcore: registered new interface driver usbfs
      [    0.916722] usbcore: registered new interface driver hub
      [    0.921991] usbcore: registered new device driver usb
      [    0.927148] mc: Linux media interface: v0.10
      [    0.931255] videodev: Linux video capture interface: v2.00
      [    0.936726] pps_core: LinuxPPS API ver. 1 registered
      [    0.941612] pps_core: Software ver. 5.3.6 - Copyright 2005-2007 Rodolfo Giometti <giometti@linux.it>
      [    0.950698] PTP clock support registered
      [    0.954604] EDAC MC: Ver: 3.0.0
      [    0.958026] zynqmp-ipi-mbox mailbox@ff9905c0: Registered ZynqMP IPI mbox with TX/RX channels.
      [    0.966605] jesd204: found 0 devices and 0 topologies
      [    0.971232] FPGA manager framework
      [    0.974592] Advanced Linux Sound Architecture Driver Initialized.
      [    0.981066] Bluetooth: Core ver 2.22
      [    0.984176] NET: Registered PF_BLUETOOTH protocol family
      [    0.989443] Bluetooth: HCI device and connection manager initialized
      [    0.995760] Bluetooth: HCI socket layer initialized
      [    1.000602] Bluetooth: L2CAP socket layer initialized
      [    1.005627] Bluetooth: SCO socket layer initialized
      [    1.010969] clocksource: Switched to clocksource arch_sys_counter
      [    1.016669] VFS: Disk quotas dquot_6.6.0
      [    1.020442] VFS: Dquot-cache hash table entries: 512 (order 0, 4096 bytes)
      [    1.032159] NET: Registered PF_INET protocol family
      [    1.032359] IP idents hash table entries: 65536 (order: 7, 524288 bytes, linear)
      [    1.042161] tcp_listen_portaddr_hash hash table entries: 2048 (order: 3, 32768 bytes, linear)
      [    1.047948] Table-perturb hash table entries: 65536 (order: 6, 262144 bytes, linear)
      [    1.055621] TCP established hash table entries: 32768 (order: 6, 262144 bytes, linear)
      [    1.063693] TCP bind hash table entries: 32768 (order: 8, 1048576 bytes, linear)
      [    1.071698] TCP: Hash tables configured (established 32768 bind 32768)
      [    1.077402] UDP hash table entries: 2048 (order: 4, 65536 bytes, linear)
      [    1.084059] UDP-Lite hash table entries: 2048 (order: 4, 65536 bytes, linear)
      [    1.091223] NET: Registered PF_UNIX/PF_LOCAL protocol family
      [    1.097022] RPC: Registered named UNIX socket transport module.
      [    1.102589] RPC: Registered udp transport module.
      [    1.107256] RPC: Registered tcp transport module.
      [    1.111926] RPC: Registered tcp NFSv4.1 backchannel transport module.
      [    1.118982] PCI: CLS 0 bytes, default 64
      [    1.122983] hw perfevents: enabled with armv8_pmuv3 PMU driver, 7 counters available
      [    1.130841] Initialise system trusted keyrings
      [    1.134424] workingset: timestamp_bits=62 max_order=20 bucket_order=0
      [    1.141302] NFS: Registering the id_resolver key type
      [    1.145780] Key type id_resolver registered
      [    1.149900] Key type id_legacy registered
      [    1.153896] nfs4filelayout_init: NFSv4 File Layout Driver Registering...
      [    1.160541] nfs4flexfilelayout_init: NFSv4 Flexfile Layout Driver Registering...
      [    1.167908] jffs2: version 2.2. (NAND) (SUMMARY)  � 2001-2006 Red Hat, Inc.
      [    1.175071] fuse: init (API version 7.37)
      [    1.213827] NET: Registered PF_ALG protocol family
      [    1.213876] xor: measuring software checksum speed
      [    1.221649]    8regs           :  2521 MB/sec
      [    1.225963]    32regs          :  2522 MB/sec
      [    1.230564]    arm64_neon      :  2356 MB/sec
      [    1.230711] xor: using function: 32regs (2522 MB/sec)
      [    1.235737] Key type asymmetric registered
      [    1.239800] Asymmetric key parser 'x509' registered
      [    1.244677] Block layer SCSI generic (bsg) driver version 0.4 loaded (major 246)
      [    1.252001] io scheduler mq-deadline registered
      [    1.256494] io scheduler kyber registered
      [    1.293793] Serial: 8250/16550 driver, 4 ports, IRQ sharing disabled
      [    1.301254] brd: module loaded
      [    1.304516] loop: module loaded
      [    1.304857] Registered mathworks_ip class
      [    1.306509] mtdoops: mtd device (mtddev=name/number) must be supplied
      [    1.315237] tun: Universal TUN/TAP device driver, 1.6
      [    1.317514] CAN device driver interface
      [    1.321949] SPI driver wl1271_spi has no spi_device_id for ti,wl1271
      [    1.327551] SPI driver wl1271_spi has no spi_device_id for ti,wl1273
      [    1.333860] SPI driver wl1271_spi has no spi_device_id for ti,wl1281
      [    1.340173] SPI driver wl1271_spi has no spi_device_id for ti,wl1283
      [    1.346486] SPI driver wl1271_spi has no spi_device_id for ti,wl1285
      [    1.352801] SPI driver wl1271_spi has no spi_device_id for ti,wl1801
      [    1.359120] SPI driver wl1271_spi has no spi_device_id for ti,wl1805
      [    1.365431] SPI driver wl1271_spi has no spi_device_id for ti,wl1807
      [    1.371745] SPI driver wl1271_spi has no spi_device_id for ti,wl1831
      [    1.378059] SPI driver wl1271_spi has no spi_device_id for ti,wl1835
      [    1.384373] SPI driver wl1271_spi has no spi_device_id for ti,wl1837
      [    1.390793] usbcore: registered new interface driver asix
      [    1.396089] usbcore: registered new interface driver ax88179_178a
      [    1.402127] usbcore: registered new interface driver cdc_ether
      [    1.407921] usbcore: registered new interface driver net1080
      [    1.413548] usbcore: registered new interface driver cdc_subset
      [    1.419428] usbcore: registered new interface driver zaurus
      [    1.424977] usbcore: registered new interface driver cdc_ncm
      [    1.430587] usbcore: registered new interface driver r8153_ecm
      [    1.437524] usbcore: registered new interface driver uas
      [    1.441672] usbcore: registered new interface driver usb-storage
      [    1.447675] usbcore: registered new interface driver usbserial_generic
      [    1.454112] usbserial: USB Serial support registered for generic
      [    1.460083] usbcore: registered new interface driver ftdi_sio
      [    1.465788] usbserial: USB Serial support registered for FTDI USB Serial Device
      [    1.473058] usbcore: registered new interface driver upd78f0730
      [    1.478931] usbserial: USB Serial support registered for upd78f0730
      [    1.486134] SPI driver ads7846 has no spi_device_id for ti,tsc2046
      [    1.491292] SPI driver ads7846 has no spi_device_id for ti,ads7843
      [    1.497431] SPI driver ads7846 has no spi_device_id for ti,ads7845
      [    1.503572] SPI driver ads7846 has no spi_device_id for ti,ads7873
      [    1.510285] rtc_zynqmp ffa60000.rtc: registered as rtc0
      [    1.514918] rtc_zynqmp ffa60000.rtc: setting system clock to 2020-09-29T17:55:44 UTC (1601402144)
      [    1.523788] i2c_dev: i2c /dev entries driver
      [    1.529793] usbcore: registered new interface driver uvcvideo
      [    1.535278] Bluetooth: HCI UART driver ver 2.3
      [    1.538081] Bluetooth: HCI UART protocol H4 registered
      [    1.543191] Bluetooth: HCI UART protocol BCSP registered
      [    1.548481] Bluetooth: HCI UART protocol LL registered
      [    1.553569] Bluetooth: HCI UART protocol ATH3K registered
      [    1.558944] Bluetooth: HCI UART protocol Three-wire (H5) registered
      [    1.565197] Bluetooth: HCI UART protocol Intel registered
      [    1.570538] Bluetooth: HCI UART protocol QCA registered
      [    1.575741] usbcore: registered new interface driver bcm203x
      [    1.581364] usbcore: registered new interface driver bpa10x
      [    1.586894] usbcore: registered new interface driver bfusb
      [    1.592343] usbcore: registered new interface driver btusb
      [    1.597810] usbcore: registered new interface driver ath3k
      [    1.603301] EDAC MC: ECC not enabled
      [    1.606918] EDAC DEVICE0: Giving out device to module zynqmp-ocm-edac controller zynqmp_ocm: DEV ff960000.memory-controller (INTERRUPT)
      [    1.619259] sdhci: Secure Digital Host Controller Interface driver
      [    1.625019] sdhci: Copyright(c) Pierre Ossman
      [    1.629344] sdhci-pltfm: SDHCI platform and OF driver helper
      [    1.635427] ledtrig-cpu: registered to indicate activity on CPUs
      [    1.640986] SMCCC: SOC_ID: ID = jep106:0049:0000 Revision = 0x24738093
      [    1.647498] zynqmp_firmware_probe Platform Management API v1.1
      [    1.653263] zynqmp_firmware_probe Trustzone version v1.0
      [    1.688813] zynqmp-aes zynqmp-aes.0: will run requests pump with realtime priority
      [    1.691058] usbcore: registered new interface driver usbhid
      [    1.696289] usbhid: USB HID core driver
      [    1.700269] SPI driver fb_seps525 has no spi_device_id for syncoam,seps525
      [    1.712705] SPI driver adis16475 has no spi_device_id for adi,adis16470
      [    1.713667] SPI driver adis16475 has no spi_device_id for adi,adis16475-1
      [    1.720421] SPI driver adis16475 has no spi_device_id for adi,adis16475-2
      [    1.727166] SPI driver adis16475 has no spi_device_id for adi,adis16475-3
      [    1.733912] SPI driver adis16475 has no spi_device_id for adi,adis16477-1
      [    1.740659] SPI driver adis16475 has no spi_device_id for adi,adis16477-2
      [    1.747407] SPI driver adis16475 has no spi_device_id for adi,adis16477-3
      [    1.754153] SPI driver adis16475 has no spi_device_id for adi,adis16465-1
      [    1.760900] SPI driver adis16475 has no spi_device_id for adi,adis16465-2
      [    1.767647] SPI driver adis16475 has no spi_device_id for adi,adis16465-3
      [    1.774394] SPI driver adis16475 has no spi_device_id for adi,adis16467-1
      [    1.781145] SPI driver adis16475 has no spi_device_id for adi,adis16467-2
      [    1.787889] SPI driver adis16475 has no spi_device_id for adi,adis16467-3
      [    1.794635] SPI driver adis16475 has no spi_device_id for adi,adis16500
      [    1.801209] SPI driver adis16475 has no spi_device_id for adi,adis16501
      [    1.807785] SPI driver adis16475 has no spi_device_id for adi,adis16505-1
      [    1.814530] SPI driver adis16475 has no spi_device_id for adi,adis16505-2
      [    1.821277] SPI driver adis16475 has no spi_device_id for adi,adis16505-3
      [    1.828030] SPI driver adis16475 has no spi_device_id for adi,adis16507-1
      [    1.834770] SPI driver adis16475 has no spi_device_id for adi,adis16507-2
      [    1.841518] SPI driver adis16475 has no spi_device_id for adi,adis16507-3
      [    1.848265] SPI driver adis16475 has no spi_device_id for adi,adis16575-2
      [    1.855012] SPI driver adis16475 has no spi_device_id for adi,adis16575-3
      [    1.861759] SPI driver adis16475 has no spi_device_id for adi,adis16576-2
      [    1.868507] SPI driver adis16475 has no spi_device_id for adi,adis16576-3
      [    1.875253] SPI driver adis16475 has no spi_device_id for adi,adis16577-2
      [    1.882000] SPI driver adis16475 has no spi_device_id for adi,adis16577-3
      [    1.890261] axi_adxcvr_drv 84a60000.axi-adxcvr-rx: AXI-ADXCVR-RX (17.05.a) using QPLL on GTH4 at 0x84A60000. Number of lanes: 4.
      [    1.900950] axi-jesd204-rx 84aa0000.axi-jesd204-rx: AXI-JESD204-RX (1.07.a) at 0x84AA0000. Encoder 8b10b, width 4/4, lanes 4.
      [    1.912425] axi_sysid 85000000.axi-sysid-0: AXI System ID core version (1.01.a) found
      [    1.919464] axi_sysid 85000000.axi-sysid-0: [ad9695_fmc] [RX:L=4 M=2 S=1] on [zcu102] git branch <hdl_2023_r2> git <2156ac7e874a1dc321d9f64a325009fafe563419> clean [2024-11-01 20:44:35] UTC
      [    1.936677] fpga_manager fpga0: Xilinx ZynqMP FPGA Manager registered
      [    1.942840] usbcore: registered new interface driver snd-usb-audio
      [    1.950439] pktgen: Packet Generator for packet performance testing. Version: 2.75
      [    1.956569] Initializing XFRM netlink socket
      [    1.960444] NET: Registered PF_INET6 protocol family
      [    1.965864] Segment Routing with IPv6
      [    1.968965] In-situ OAM (IOAM) with IPv6
      [    1.972880] sit: IPv6, IPv4 and MPLS over IPv4 tunneling driver
      [    1.979075] NET: Registered PF_PACKET protocol family
      [    1.983733] NET: Registered PF_KEY protocol family
      [    1.988570] can: controller area network core
      [    1.992835] NET: Registered PF_CAN protocol family
      [    1.997567] can: raw protocol
      [    2.000509] can: broadcast manager protocol
      [    2.004662] can: netlink gateway - max_hops=1
      [    2.009057] Bluetooth: RFCOMM TTY layer initialized
      [    2.013833] Bluetooth: RFCOMM socket layer initialized
      [    2.018939] Bluetooth: RFCOMM ver 1.11
      [    2.022655] Bluetooth: BNEP (Ethernet Emulation) ver 1.3
      [    2.027927] Bluetooth: BNEP filters: protocol multicast
      [    2.033119] Bluetooth: BNEP socket layer initialized
      [    2.038047] Bluetooth: HIDP (Human Interface Emulation) ver 1.2
      [    2.043930] Bluetooth: HIDP socket layer initialized
      [    2.048984] 9pnet: Installing 9P2000 support
      [    2.053108] NET: Registered PF_IEEE802154 protocol family
      [    2.058482] Key type dns_resolver registered
      [    2.063018] registered taskstats version 1
      [    2.066760] Loading compiled-in X.509 certificates
      [    2.071949] Btrfs loaded, crc32c=crc32c-generic, zoned=no, fsverity=no
      [    2.078168] alg: No test for xilinx-zynqmp-rsa (zynqmp-rsa)
      [    2.486318] ff000000.serial: ttyPS0 at MMIO 0xff000000 (irq = 24, base_baud = 6249999) is a xuartps
      [    2.495350] printk: console [ttyPS0] enabled
      [    2.495350] printk: console [ttyPS0] enabled
      [    2.499653] printk: bootconsole [cdns0] disabled
      [    2.499653] printk: bootconsole [cdns0] disabled
      [    2.509289] ff010000.serial: ttyPS1 at MMIO 0xff010000 (irq = 25, base_baud = 6249999) is a xuartps
      [    2.523625] nwl-pcie fd0e0000.pcie: host bridge /axi/pcie@fd0e0000 ranges:
      [    2.530521] nwl-pcie fd0e0000.pcie:      MEM 0x00e0000000..0x00efffffff -> 0x00e0000000
      [    2.538534] nwl-pcie fd0e0000.pcie:      MEM 0x0600000000..0x07ffffffff -> 0x0600000000
      [    2.546640] nwl-pcie fd0e0000.pcie: Link is DOWN
      [    2.551454] nwl-pcie fd0e0000.pcie: PCI host bridge to bus 0000:00
      [    2.557635] pci_bus 0000:00: root bus resource [bus 00-ff]
      [    2.563117] pci_bus 0000:00: root bus resource [mem 0xe0000000-0xefffffff]
      [    2.569990] pci_bus 0000:00: root bus resource [mem 0x600000000-0x7ffffffff pref]
      [    2.577486] pci 0000:00:00.0: [10ee:d021] type 01 class 0x060400
      [    2.583545] pci 0000:00:00.0: PME# supported from D0 D1 D2 D3hot
      [    2.591603] pci 0000:00:00.0: bridge configuration invalid ([bus 00-00]), reconfiguring
      [    2.599720] pci_bus 0000:01: busn_res: [bus 01-ff] end is updated to 01
      [    2.606346] pci 0000:00:00.0: PCI bridge to [bus 01]
      [    2.613603] xilinx-zynqmp-dpdma fd4c0000.dma-controller: Xilinx DPDMA engine is probed
      [    2.640001] ad9208 spi1.0: ad9695 PLL LOCKED
      [    2.652819] ad9208 spi1.0: ad9695 Rev. 2 Grade 0 (API 1.0.1) probed
      [    2.659750] spi-nor spi0.0: SPI-NOR-UniqueID 9c82190001feff2600485d71a3bf
      [    2.666541] spi-nor spi0.0: found mt25qu512a, expected m25p80
      [    2.672547] spi-nor spi0.0: mt25qu512a (131072 Kbytes)
      [    2.677787] 4 fixed-partitions partitions found on MTD device spi0.0
      [    2.684131] Creating 4 MTD partitions on "spi0.0":
      [    2.688914] 0x000000000000-0x000000100000 : "qspi-fsbl-uboot"
      [    2.695518] 0x000000100000-0x000000600000 : "qspi-linux"
      [    2.701535] 0x000000600000-0x000000620000 : "qspi-device-tree"
      [    2.708079] 0x000000620000-0x000000c00000 : "qspi-rootfs"
      [    2.716815] macb ff0e0000.ethernet: Not enabling partial store and forward
      [    2.743946] xilinx-axipmon ffa00000.perf-monitor: Probed Xilinx APM
      [    2.750491] xilinx-axipmon fd0b0000.perf-monitor: Probed Xilinx APM
      [    2.756974] xilinx-axipmon fd490000.perf-monitor: Probed Xilinx APM
      [    2.763460] xilinx-axipmon ffa10000.perf-monitor: Probed Xilinx APM
      [    2.770708] i2c i2c-0: using pinctrl states for GPIO recovery
      [    2.776637] i2c i2c-0: using generic GPIOs for recovery
      [    2.782230] pca953x 0-0020: supply vcc not found, using dummy regulator
      [    2.788916] pca953x 0-0020: using no AI
      [    2.793475] gpio-318 (sel0): hogged as output/low
      [    2.798383] gpio-319 (sel1): hogged as output/high
      [    2.803373] gpio-320 (sel2): hogged as output/high
      [    2.808364] gpio-321 (sel3): hogged as output/high
      [    2.813530] pca953x 0-0021: supply vcc not found, using dummy regulator
      [    2.820210] pca953x 0-0021: using no AI
      [    2.825747] ina2xx 2-0040: power monitor ina226 (Rshunt = 5000 uOhm)
      [    2.832749] ina2xx 2-0041: power monitor ina226 (Rshunt = 5000 uOhm)
      [    2.839733] ina2xx 2-0042: power monitor ina226 (Rshunt = 5000 uOhm)
      [    2.846728] ina2xx 2-0043: power monitor ina226 (Rshunt = 5000 uOhm)
      [    2.853719] ina2xx 2-0044: power monitor ina226 (Rshunt = 5000 uOhm)
      [    2.860710] ina2xx 2-0045: power monitor ina226 (Rshunt = 5000 uOhm)
      [    2.867710] ina2xx 2-0046: power monitor ina226 (Rshunt = 5000 uOhm)
      [    2.874703] ina2xx 2-0047: power monitor ina226 (Rshunt = 5000 uOhm)
      [    2.881700] ina2xx 2-004a: power monitor ina226 (Rshunt = 5000 uOhm)
      [    2.888701] ina2xx 2-004b: power monitor ina226 (Rshunt = 5000 uOhm)
      [    2.895107] i2c i2c-0: Added multiplexed i2c bus 2
      [    2.900663] ina2xx 3-0040: power monitor ina226 (Rshunt = 2000 uOhm)
      [    2.907651] ina2xx 3-0041: power monitor ina226 (Rshunt = 5000 uOhm)
      [    2.914647] ina2xx 3-0042: power monitor ina226 (Rshunt = 5000 uOhm)
      [    2.921643] ina2xx 3-0043: power monitor ina226 (Rshunt = 5000 uOhm)
      [    2.928639] ina2xx 3-0044: power monitor ina226 (Rshunt = 5000 uOhm)
      [    2.935635] ina2xx 3-0045: power monitor ina226 (Rshunt = 5000 uOhm)
      [    2.942622] ina2xx 3-0046: power monitor ina226 (Rshunt = 5000 uOhm)
      [    2.949614] ina2xx 3-0047: power monitor ina226 (Rshunt = 5000 uOhm)
      [    2.956020] i2c i2c-0: Added multiplexed i2c bus 3
      [    3.027620] i2c i2c-0: Added multiplexed i2c bus 4
      [    3.032588] i2c i2c-0: Added multiplexed i2c bus 5
      [    3.037380] pca954x 0-0075: registered 4 multiplexed busses for I2C mux pca9544
      [    3.044761] cdns-i2c ff020000.i2c: 400 kHz mmio ff020000 irq 47
      [    3.051729] i2c i2c-1: using pinctrl states for GPIO recovery
      [    3.057654] i2c i2c-1: using generic GPIOs for recovery
      [    3.063635] at24 6-0054: supply vcc not found, using dummy regulator
      [    3.070535] at24 6-0054: 1024 byte 24c08 EEPROM, writable, 1 bytes/write
      [    3.077295] i2c i2c-1: Added multiplexed i2c bus 6
      [    3.082674] si5341 7-0036: no regulator set, defaulting vdd_sel to 2.5V for out
      [    3.089980] si5341 7-0036: no regulator set, defaulting vdd_sel to 2.5V for out
      [    3.097284] si5341 7-0036: no regulator set, defaulting vdd_sel to 2.5V for out
      [    3.104582] si5341 7-0036: no regulator set, defaulting vdd_sel to 2.5V for out
      [    3.111883] si5341 7-0036: no regulator set, defaulting vdd_sel to 2.5V for out
      [    3.119184] si5341 7-0036: no regulator set, defaulting vdd_sel to 2.5V for out
      [    3.126482] si5341 7-0036: no regulator set, defaulting vdd_sel to 2.5V for out
      [    3.133782] si5341 7-0036: no regulator set, defaulting vdd_sel to 2.5V for out
      [    3.142182] si5341 7-0036: Chip: 5341 Grade: 1 Rev: 3
      [    3.180327] i2c i2c-1: Added multiplexed i2c bus 7
      [    3.187993] si570 8-005d: registered, current frequency 300000000 Hz
      [    3.194401] i2c i2c-1: Added multiplexed i2c bus 8
      [    3.214168] si570 9-005d: registered, current frequency 148500000 Hz
      [    3.220570] i2c i2c-1: Added multiplexed i2c bus 9
      [    3.225602] si5324 10-0069: si5328 probed
      [    3.291309] si5324 10-0069: si5328 probe successful
      [    3.296245] i2c i2c-1: Added multiplexed i2c bus 10
      [    3.301288] i2c i2c-1: Added multiplexed i2c bus 11
      [    3.306330] i2c i2c-1: Added multiplexed i2c bus 12
      [    3.311368] i2c i2c-1: Added multiplexed i2c bus 13
      [    3.316251] pca954x 1-0074: registered 8 multiplexed busses for I2C switch pca9548
      [    3.324340] at24 14-0050: supply vcc not found, using dummy regulator
      [    3.357175] i2c i2c-1: Added multiplexed i2c bus 14
      [    3.362250] i2c i2c-1: Added multiplexed i2c bus 15
      [    3.367306] i2c i2c-1: Added multiplexed i2c bus 16
      [    3.372355] i2c i2c-1: Added multiplexed i2c bus 17
      [    3.377409] i2c i2c-1: Added multiplexed i2c bus 18
      [    3.382465] i2c i2c-1: Added multiplexed i2c bus 19
      [    3.387514] i2c i2c-1: Added multiplexed i2c bus 20
      [    3.392565] i2c i2c-1: Added multiplexed i2c bus 21
      [    3.397444] pca954x 1-0075: registered 8 multiplexed busses for I2C switch pca9548
      [    3.405060] cdns-i2c ff030000.i2c: 400 kHz mmio ff030000 irq 48
      [    3.414437] cdns-wdt fd4d0000.watchdog: Xilinx Watchdog Timer with timeout 60s
      [    3.443224] cf_axi_adc 84a00000.axi-ad9695-hpc: ADI AIM (10.03.) at 0x84A00000 mapped to 0x(____ptrval____) probed ADC AD9208 as MASTER
      [    3.455512] mmc0: SDHCI controller on ff170000.mmc [ff170000.mmc] using ADMA 64-bit
      [    3.456532] zynqmp-display fd4a0000.display: vtc bridge property not present
      [    3.473589] xilinx-dp-snd-codec fd4a0000.display:zynqmp-dp-snd-codec0: Failed to get required clock freq
      [    3.483086] xilinx-dp-snd-codec: probe of fd4a0000.display:zynqmp-dp-snd-codec0 failed with error -22
      [    3.492597] xilinx-dp-snd-pcm zynqmp_dp_snd_pcm0: Xilinx DisplayPort Sound PCM probed
      [    3.500691] xilinx-dp-snd-pcm zynqmp_dp_snd_pcm1: Xilinx DisplayPort Sound PCM probed
      [    3.508877] OF: graph: no port node found in /axi/display@fd4a0000
      [    3.515406] xlnx-drm xlnx-drm.0: bound fd4a0000.display (ops 0xffffffc0091e3e98)
      [    3.556531] mmc0: new high speed SDHC card at address 0001
      [    3.562401] mmcblk0: mmc0:0001 00000 29.1 GiB
      [    3.568418]  mmcblk0: p1 p2 p3
      [    4.598996] zynqmp-display fd4a0000.display: [drm] Cannot find any crtc or sizes
      [    4.606650] [drm] Initialized xlnx 1.0.0 20130509 for fd4a0000.display on minor 0
      [    4.614155] zynqmp-display fd4a0000.display: ZynqMP DisplayPort Subsystem driver probed
      [    4.622438] ahci-ceva fd0c0000.ahci: supply ahci not found, using dummy regulator
      [    4.629994] ahci-ceva fd0c0000.ahci: supply phy not found, using dummy regulator
      [    4.637460] ahci-ceva fd0c0000.ahci: supply target not found, using dummy regulator
      [    4.645333] ahci-ceva fd0c0000.ahci: AHCI 0001.0301 32 slots 2 ports 6 Gbps 0x3 impl platform mode
      [    4.654294] ahci-ceva fd0c0000.ahci: flags: 64bit ncq sntf pm clo only pmp fbs pio slum part ccc sds apst
      [    4.664781] scsi host0: ahci-ceva
      [    4.668380] scsi host1: ahci-ceva
      [    4.671797] ata1: SATA max UDMA/133 mmio [mem 0xfd0c0000-0xfd0c1fff] port 0x100 irq 54
      [    4.679709] ata2: SATA max UDMA/133 mmio [mem 0xfd0c0000-0xfd0c1fff] port 0x180 irq 54
      [    4.689367] macb ff0e0000.ethernet: Not enabling partial store and forward
      [    4.698288] macb ff0e0000.ethernet eth0: Cadence GEM rev 0x50070106 at 0xff0e0000 irq 44 (00:0a:35:1d:ae:1b)
      [    4.791209] xhci-hcd xhci-hcd.1.auto: xHCI Host Controller
      [    4.796703] xhci-hcd xhci-hcd.1.auto: new USB bus registered, assigned bus number 1
      [    4.804446] xhci-hcd xhci-hcd.1.auto: hcc params 0x0238f625 hci version 0x100 quirks 0x0000000002010810
      [    4.813861] xhci-hcd xhci-hcd.1.auto: irq 55, io mem 0xfe200000
      [    4.819880] xhci-hcd xhci-hcd.1.auto: xHCI Host Controller
      [    4.825365] xhci-hcd xhci-hcd.1.auto: new USB bus registered, assigned bus number 2
      [    4.833020] xhci-hcd xhci-hcd.1.auto: Host supports USB 3.0 SuperSpeed
      [    4.839659] usb usb1: New USB device found, idVendor=1d6b, idProduct=0002, bcdDevice= 6.01
      [    4.847919] usb usb1: New USB device strings: Mfr=3, Product=2, SerialNumber=1
      [    4.855139] usb usb1: Product: xHCI Host Controller
      [    4.860007] usb usb1: Manufacturer: Linux 6.1.70-284114-g2e8908932dfd xhci-hcd
      [    4.867220] usb usb1: SerialNumber: xhci-hcd.1.auto
      [    4.872430] hub 1-0:1.0: USB hub found
      [    4.876195] hub 1-0:1.0: 1 port detected
      [    4.880413] usb usb2: New USB device found, idVendor=1d6b, idProduct=0003, bcdDevice= 6.01
      [    4.888671] usb usb2: New USB device strings: Mfr=3, Product=2, SerialNumber=1
      [    4.895891] usb usb2: Product: xHCI Host Controller
      [    4.900760] usb usb2: Manufacturer: Linux 6.1.70-284114-g2e8908932dfd xhci-hcd
      [    4.907978] usb usb2: SerialNumber: xhci-hcd.1.auto
      [    4.913122] hub 2-0:1.0: USB hub found
      [    4.916879] hub 2-0:1.0: 1 port detected
      [    4.930178] input: gpio-keys as /devices/platform/gpio-keys/input/input0
      [    4.937272] of_cfs_init
      [    4.939745] of_cfs_init: OK
      [    4.942587] cfg80211: Loading compiled-in X.509 certificates for regulatory database
      [    4.988524] cfg80211: Loaded X.509 cert 'sforshee: 00b28ddf47aef9cea7'
      [    4.995844] cfg80211: Loaded X.509 cert 'wens: 61c038651aabdcf94bd0ac7ff06c7248db18c600'
      [    5.001305] ata1: SATA link down (SStatus 0 SControl 330)
      [    5.003967] clk: Not disabling unused clocks
      [    5.009343] ata2: SATA link down (SStatus 0 SControl 330)
      [    5.013863] ALSA device list:
      [    5.021931]   No soundcards found.
      [    5.025657] platform regulatory.0: Direct firmware load for regulatory.db failed with error -2
      [    5.034296] cfg80211: failed to load regulatory.db
      [    5.219181] EXT4-fs (mmcblk0p2): recovery complete
      [    5.225074] EXT4-fs (mmcblk0p2): mounted filesystem with ordered data mode. Quota mode: none.
      [    5.233634] VFS: Mounted root (ext4 filesystem) on device 179:2.
      [    5.246741] devtmpfs: mounted
      [    5.250544] Freeing unused kernel memory: 2752K
      [    5.255186] Run /sbin/init as init process
      [    5.703026] zynqmp-display fd4a0000.display: [drm] Cannot find any crtc or sizes
      [    5.749839] systemd[1]: System time before build time, advancing clock.
      [    5.792420] systemd[1]: systemd 247.3-7+rpi1+deb11u6 running in system mode. (+PAM +AUDIT +SELINUX +IMA +APPARMOR +SMACK +SYSVINIT +UTMP +LIBCRYPTSETUP +GCRYPT +GNUTLS +ACL +XZ +LZ4 +ZSTD +SECCOMP +BLKID +ELFUTILS +KMOD +IDN2 -IDN +PCRE2 default-hierarchy=unified)
      [    5.816386] systemd[1]: Detected architecture arm64.

      Welcome to Kuiper GNU/Linux 11.2 (bullseye)!

      [    5.847816] systemd[1]: Set hostname to <analog>.
      [    7.136342] systemd[1]: /lib/systemd/system/plymouth-start.service:16: Unit configured to use KillMode=none. This is unsafe, as it disables systemd's process lifecycle management for the service. Please update your service to use a safer KillMode=, such as 'mixed' or 'control-group'. Support for KillMode=none is deprecated and will eventually be removed.
      [    7.344615] systemd[1]: Queued start job for default target Graphical Interface.
      [    8.214971] random: crng init done
      [    8.218586] systemd[1]: system-getty.slice: unit configures an IP firewall, but the local system does not support BPF/cgroup firewalling.
      [    8.230939] systemd[1]: (This warning is only shown for the first unit using IP firewalling.)
      [    8.240036] systemd[1]: Created slice system-getty.slice.
      [  OK  ] Created slice system-getty.slice.
      [    8.263450] systemd[1]: Created slice system-modprobe.slice.
      [  OK  ] Created slice system-modprobe.slice.
      [    8.283403] systemd[1]: Created slice system-serial\x2dgetty.slice.
      [  OK  ] Created slice system-serial\x2dgetty.slice.
      [    8.307385] systemd[1]: Created slice system-systemd\x2dfsck.slice.
      [  OK  ] Created slice system-systemd\x2dfsck.slice.
      [    8.331273] systemd[1]: Created slice User and Session Slice.
      [  OK  ] Created slice User and Session Slice.
      [    8.351276] systemd[1]: Started Forward Password Requests to Wall Directory Watch.
      [  OK  ] Started Forward Password Requests to Wall Directory Watch.
      [    8.375337] systemd[1]: Condition check resulted in Arbitrary Executable File Formats File System Automount Point being skipped.
      [    8.387775] systemd[1]: Reached target Slices.
      [  OK  ] Reached target Slices.
      [    8.403191] systemd[1]: Reached target Swap.
      [  OK  ] Reached target Swap.
      [    8.427817] systemd[1]: Listening on Syslog Socket.
      [  OK  ] Listening on Syslog Socket.
      [    8.443392] systemd[1]: Listening on fsck to fsckd communication Socket.
      [  OK  ] Listening on fsck to fsckd communication Socket.
      [    8.467251] systemd[1]: Listening on initctl Compatibility Named Pipe.
      [  OK  ] Listening on initctl Compatibility Named Pipe.
      [    8.491679] systemd[1]: Listening on Journal Audit Socket.
      [  OK  ] Listening on Journal Audit Socket.
      [    8.511385] systemd[1]: Listening on Journal Socket (/dev/log).
      [  OK  ] Listening on Journal Socket (/dev/log).
      [    8.535461] systemd[1]: Listening on Journal Socket.
      [  OK  ] Listening on Journal Socket.
      [    8.558455] systemd[1]: Listening on udev Control Socket.
      [  OK  ] Listening on udev Control Socket.
      [    8.579392] systemd[1]: Listening on udev Kernel Socket.
      [  OK  ] Listening on udev Kernel Socket.
      [    8.615172] systemd[1]: Mounting Huge Pages File System...
               Mounting Huge Pages File System...
      [    8.632956] systemd[1]: Mounting POSIX Message Queue File System...
               Mounting POSIX Message Queue File System...
      [    8.656814] systemd[1]: Mounting RPC Pipe File System...
               Mounting RPC Pipe File System...
      [    8.673098] systemd[1]: Mounting Kernel Debug File System...
               Mounting Kernel Debug File System...
      [    8.691521] systemd[1]: Condition check resulted in Kernel Trace File System being skipped.
      [    8.700280] systemd[1]: Condition check resulted in Kernel Module supporting RPCSEC_GSS being skipped.
      [    8.713005] systemd[1]: Starting Restore / save the current clock...
               Starting Restore / save the current clock...
      [    8.737702] systemd[1]: Starting Set the console keyboard layout...
               Starting Set the console keyboard layout...
      [    8.760017] systemd[1]: Condition check resulted in Create list of static device nodes for the current kernel being skipped.
      [    8.762418] systemd[1]: Starting Load Kernel Module configfs...
               Starting Load Kernel Module configfs...
      [    8.789439] systemd[1]: Starting Load Kernel Module drm...
               Starting Load Kernel Module drm...
      [    8.809444] systemd[1]: Starting Load Kernel Module fuse...
               Starting Load Kernel Module fuse...
      [    8.829867] systemd[1]: Condition check resulted in Set Up Additional Binary Formats being skipped.
      [    8.839218] systemd[1]: Condition check resulted in File System Check on Root Device being skipped.
      [    8.850456] systemd[1]: Starting Journal Service...
               Starting Journal Service...
      [    8.871053] systemd[1]: Starting Load Kernel Modules...
               Starting Load Kernel Modules...
      [    8.889336] systemd[1]: Starting Remount Root and Kernel File Systems...
               Starting Remount Root and Kernel File Systems...
      [    8.913331] systemd[1]: Starting Coldplug All udev Devices...
               Starting Coldplug All udev Devices...
      [    8.936673] systemd[1]: Mounted Huge Pages File System.
      [  OK  ] Mounted Huge Pages File System.
      [    8.965056] systemd[1]: Mounted POSIX Message Queue File System.
      [  OK  ] Mounted POSIX Message Queue File System.
      [    8.987612] systemd[1]: Mounted RPC Pipe File System.
      [  OK  ] Mounted RPC Pipe File System.
      [    9.003624] systemd[1]: Mounted Kernel Debug File System.
      [  OK  ] Mounted Kernel Debug File System.
      [    9.027995] systemd[1]: Finished Restore / save the current clock.
      [  OK  ] Finished Restore / save the current clock.
      [    9.052287] systemd[1]: Started Journal Service.
      [  OK  ] Started Journal Service.
      [  OK  ] Finished Set the console keyboard layout.
      [  OK  ] Finished Load Kernel Module configfs.
      [  OK  ] Finished Load Kernel Module drm.
      [  OK  ] Finished Load Kernel Module fuse.
      [FAILED] Failed to start Load Kernel Modules.
      See 'systemctl status systemd-modules-load.service' for details.
      [    9.208403] EXT4-fs (mmcblk0p2): re-mounted. Quota mode: none.
               Mounting FUSE Control File System...
               Mounting Kernel Configuration File System...
               Starting Apply Kernel Variables...
      [  OK  ] Finished Remount Root and Kernel File Systems.
      [  OK  ] Mounted FUSE Control File System.
      [  OK  ] Mounted Kernel Configuration File System.
      [  OK  ] Finished Apply Kernel Variables.
               Starting Flush Journal to Persistent Storage...
               Starting Load/Save Random Seed...
               Starting Create System Users...
      [  OK  ] Finished Load/Save Random Seed.
      [  OK  ] Finished Create System Users.
               Starting Create Static Device Nodes in /dev...
      [  OK  ] Finished Coldplug All udev Devices.
               Starting Helper to synchronize boot up for ifupdown...
               Starting Wait for udev To Complete Device Initialization...
      [  OK  ] Finished Flush Journal to Persistent Storage.
      [  OK  ] Finished Create Static Device Nodes in /dev.
      [  OK  ] Finished Helper to synchronize boot up for ifupdown.
      [  OK  ] Reached target Local File Systems (Pre).
               Starting Rule-based Manage&for Device Events and Files...
      [  OK  ] Started Rule-based Manager for Device Events and Files.
               Starting Show Plymouth Boot Screen...
      [  OK  ] Started Show Plymouth Boot Screen.
      [  OK  ] Started Forward Password R&s to Plymouth Directory Watch.
      [  OK  ] Reached target Local Encrypted Volumes.
      [  OK  ] Found device /dev/ttyPS0.
      [  OK  ] Found device /dev/ttyS0.
      [  OK  ] Found device /dev/disk/by-partuuid/a22286d2-01.
      [  OK  ] Finished Wait for udev To Complete Device Initialization.
      [  OK  ] Listening on Load/Save RF &itch Status /dev/rfkill Watch.
               Starting File System Check&isk/by-partuuid/a22286d2-01...
      [  OK  ] Started File System Check Daemon to report status.
      [  OK  ] Finished File System Check&/disk/by-partuuid/a22286d2-01.
               Mounting /boot...
      [  OK  ] Mounted /boot.
      [  OK  ] Reached target Local File Systems.
               Starting Set console font and keymap...
               Starting Raise network interfaces...
               Starting Preprocess NFS configuration...
               Starting Tell Plymouth To Write Out Runtime Data...
               Starting Create Volatile Files and Directories...
      [  OK  ] Finished Set console font and keymap.
      [  OK  ] Finished Preprocess NFS configuration.
      [  OK  ] Reached target NFS client services.
      [  OK  ] Reached target Remote File Systems (Pre).
      [  OK  ] Reached target Remote File Systems.
      [  OK  ] Finished Tell Plymouth To Write Out Runtime Data.
      [  OK  ] Finished Create Volatile Files and Directories.
               Starting Network Time Synchronization...
               Starting Update UTMP about System Boot/Shutdown...
      [  OK  ] Finished Update UTMP about System Boot/Shutdown.
               Starting Load Kernel Modules...
      [  OK  ] Started Network Time Synchronization.
      [  OK  ] Reached target System Time Set.
      [  OK  ] Reached target System Time Synchronized.
      [  OK  ] Finished Raise network interfaces.
      [FAILED] Failed to start Load Kernel Modules.
      See 'systemctl status systemd-modules-load.service' for details.
      [  OK  ] Reached target System Initialization.
      [  OK  ] Started CUPS Scheduler.
      [  OK  ] Started Daily apt download activities.
      [  OK  ] Started Daily apt upgrade and clean activities.
      [  OK  ] Started Periodic ext4 Onli&ata Check for All Filesystems.
      [  OK  ] Started Discard unused blocks once a week.
      [  OK  ] Started Daily rotation of log files.
      [  OK  ] Started Daily man-db regeneration.
      [  OK  ] Started Daily Cleanup of Temporary Directories.
      [  OK  ] Reached target Paths.
      [  OK  ] Reached target Timers.
      [  OK  ] Listening on Avahi mDNS/DNS-SD Stack Activation Socket.
      [  OK  ] Listening on CUPS Scheduler.
      [  OK  ] Listening on D-Bus System Message Bus Socket.
      [  OK  ] Listening on Erlang Port Mapper Daemon Activation Socket.
      [  OK  ] Listening on GPS (Global P&ioning System) Daemon Sockets.
      [  OK  ] Listening on triggerhappy.socket.
      [  OK  ] Reached target Sockets.
      [  OK  ] Reached target Basic System.
               Starting Analog Devices power up/down sequence...
               Starting Avahi mDNS/DNS-SD Stack...
      [  OK  ] Started Regular background program processing daemon.
      [  OK  ] Started D-Bus System Message Bus.
               Starting dphys-swapfile - &unt, and delete a swap file...
               Starting Remove Stale Onli&t4 Metadata Check Snapshots...
      [  OK  ] Started fan-control.
               Starting Fix DP audio and X11 for Jupiter...
               Starting Creating IIOD Context Attributes......
               Starting Authorization Manager...
               Starting DHCP Client Daemon...
               Starting LSB: Switch to on&nless shift key is pressed)...
               Starting LSB: rng-tools (Debian variant)...
               Starting System Logging Service...
               Starting User Login Management...
               Starting triggerhappy global hotkey daemon...
               Starting Disk Manager...
               Starting WPA supplicant...
      [  OK  ] Started triggerhappy global hotkey daemon.
      [  OK  ] Started DHCP Client Daemon.
      [  OK  ] Finished Fix DP audio and X11 for Jupiter.
      [  OK  ] Started System Logging Service.
      [  OK  ] Started LSB: rng-tools (Debian variant).
      [  OK  ] Finished dphys-swapfile - &mount, and delete a swap file.
      [  OK  ] Started User Login Management.
      [  OK  ] Started Avahi mDNS/DNS-SD Stack.
      [  OK  ] Started WPA supplicant.
      [  OK  ] Reached target Network.
      [  OK  ] Reached target Network is Online.
               Starting CUPS Scheduler...
      [  OK  ] Started Erlang Port Mapper Daemon.
               Starting HTTP based time synchronization tool...
               Starting Internet superserver...
               Starting /etc/rc.local Compatibility...
               Starting OpenBSD Secure Shell server...
               Starting Permit User Sessions...
      [  OK  ] Started Unattended Upgrades Shutdown.
      [  OK  ] Finished Remove Stale Onli&ext4 Metadata Check Snapshots.
      [  OK  ] Started /etc/rc.local Compatibility.
      [  OK  ] Started Authorization Manager.
               Starting Modem Manager...
      [  OK  ] Finished Permit User Sessions.
               Starting Light Display Manager...
               Starting Hold until boot process finishes up...
      [  OK  ] Started HTTP based time synchronization tool.
      [  OK  ] Started Internet superserver.
      [  OK  ] Finished Creating IIOD Context Attributes....
      [  OK  ] Started IIO Daemon.
      [FAILED] Failed to start VNC Server for X11.

      Raspbian GNU/Linux 11 analog ttyPS0

      analog login: root (automatic login)

      Linux analog 6.1.70-284114-g2e8908932dfd #1061 SMP Tue Mar 18 16:40:12 EET 2025 aarch64

      The programs included with the Debian GNU/Linux system are free software;
      the exact distribution terms for each program are described in the
      individual files in /usr/share/doc/*/copyright.

      Debian GNU/Linux comes with ABSOLUTELY NO WARRANTY, to the extent
      permitted by applicable law.
      Last login: Tue Mar 18 21:28:55 GMT 2025 on ttyPS0
      root@analog:~#

Useful commands for the serial terminal
^^^^^^^^^^^^^^^^^^^^^^^^^^^^^^^^^^^^^^^^^^^^^^^^^^^^^^^^^^^^^^^^^^^^^^^^^^^^^^^

**Login information**

.. code-block:: text

   user: analog
   password: analog

To find the IP address of the FPGA board:

.. shell::

   $ifconfig

To see the IIO devices detected:

.. shell::

   $iio_info | grep iio:device
   iio:device0: axi-ad9695-hpc (buffer capable)
   iio:device1: xadc

To power off the system safely (wait for the final message, then flip the
power switch):

.. shell::

   $poweroff

To reboot:

.. shell::

   $reboot

.. important::

   This is a persistent file system. Do not cut power without shutting down
   first — use ``poweroff`` or ``sudo shutdown -h now`` to avoid filesystem
   corruption.

Using IIO Oscilloscope
-------------------------------------------------------------------------------

After booting process is complete, you can open IIO-Oscilloscope. Learn more
about it :doc:`here </software/iio-oscilloscope/index>`. You can interact with
the IIO-Osc GUI either directly or over the network.

Once the board is booted and you have the IP address:

#. Open :ref:`iio-oscilloscope` on your host PC.
#. Connect to the ZCU102 by entering its IP address.
#. Select the **AD9695** device from the device list.
#. Configure the capture settings (sample rate, decimation, DDC NCO
   frequency as needed).
#. Click **Capture** to view the ADC data in time domain or FFT.

#. Captured Loopback Signal Time Domain

   .. image:: ../images/ad9695_zcu102_time_domain.png
      :width: 900

#. Captured Loopback Signal Frequency Domain

   .. image:: ../images/ad9695_zcu102_frequency_domain.png
      :width: 900

For further details on IIO Oscilloscope features, refer to its
:ref:`iio-oscilloscope` documentation.
