.. _fmcomms8 quickstart zcu102:

ZCU102 Quickstart
===============================================================================

.. image:: ../../images/zcu102.jpg
   :width: 800

This guide provides quick instructions on how to set up the
:adi:`EVAL-AD-FMCOMMS8-EBZ` on:

- :xilinx:`ZCU102` on FMC HPC0

.. esd-warning::

Using Linux as software
-------------------------------------------------------------------------------

Necessary files
~~~~~~~~~~~~~~~~~~~~~~~~~~~~~~~~~~~~~~~~~~~~~~~~~~~~~~~~~~~~~~~~~~~~~~~~~~~~~~~

.. note::

  The SD card includes several folders in the root directory of the BOOT
  partition. In order to configure the SD card to work with a specific FPGA
  board and ADI hardware, several files must be copied onto the root directory.
  Using the host PC, drag and drop the required files onto the BOOT partition,
  and use the EJECT function when removing the SD card from the reader.

The following files are needed for the system to boot:

- HDL boot image:  ``BOOT.bin``
- Linux Kernel image: ``Image``
- Linux device tree: ``system.dtb``

They can either be taken from the SD card -- already generated by us, or you
can build them manually:

- Instructions on how to choose the boot files from the SD card can be found in
  the **Platform-Specific Manual Steps** section from here:
  :external+kuiper:ref:`hardware-configuration`.
- Instructions on how to manually build the boot files from source can be found
  here:

  - :ref:`linux-kernel zynqmp`
  - :external+hdl:ref:`fmcomms8` build documentation. More HDL build details at
    :external+hdl:ref:`build_hdl`.

.. important::

  Some projects provide multiple devicetree files in the SD card's boot
  folders. Make sure you select the devicetree that matches your specific use
  case.

Required software
~~~~~~~~~~~~~~~~~~~~~~~~~~~~~~~~~~~~~~~~~~~~~~~~~~~~~~~~~~~~~~~~~~~~~~~~~~~~~~~

- SD Card 16GB imaged using the instructions here: :external+kuiper:doc:`Kuiper Linux <index>`
- A UART terminal (Putty/Tera Term/Minicom, etc.), Baud rate 115200 (8N1).

Required hardware
~~~~~~~~~~~~~~~~~~~~~~~~~~~~~~~~~~~~~~~~~~~~~~~~~~~~~~~~~~~~~~~~~~~~~~~~~~~~~~~

- :xilinx:`ZCU102` Rev 1.0 or later board and its power supply (12V)
- :adi:`EVAL-AD-FMCOMMS8-EBZ` FMC evaluation board
- Micro-USB cable (UART)
- LAN cable (Ethernet)
- 4x UFL cables
- (Optional) USB keyboard & mouse and a DisplayPort compatible monitor

More details as to why you need these can be found at
:ref:`fmcomms8 prerequisites`.

Testing
~~~~~~~~~~~~~~~~~~~~~~~~~~~~~~~~~~~~~~~~~~~~~~~~~~~~~~~~~~~~~~~~~~~~~~~~~~~~~~~

Creating the setup
^^^^^^^^^^^^^^^^^^^^^^^^^^^^^^^^^^^^^^^^^^^^^^^^^^^^^^^^^^^^^^^^^^^^^^^^^^^^^^^

.. image:: ../images/fmcomms8_zcu102_linux.jpg
   :width: 900

In the following example, we will make a physical loopback between the ADC and
the DAC channels on the evaluation board, using UFL cables.

Follow the steps in this order, to avoid damaging the components:

#. Get the :xilinx:`ZCU102`
#. Configure ZCU102 for SD BOOT (mode SW6[4:1] switch in the position
   **4-OFF, 3-OFF, 2-OFF, 1-ON**).

   .. image:: ../../images/zcu102_1p0_bootmode.jpg
      :width: 400

#. Insert the SD-CARD into the SD Card Interface Connector (J100)
#. Connect the :adi:`EVAL-AD-FMCOMMS8-EBZ` FMC board to the FPGA carrier **HPC0**
   socket (J5).
#. Plug the Power Supply into 12V Power input connector (J52) (DO NOT turn the
   device on).
#. Plug-in an Ethernet cable from your router/switch to the Ethernet port on
   the FPGA board
#. Connect the USB UART J83 (Micro USB) to your host PC
#. Turn on the power switch on the FPGA board
#. Observe Kernel and serial console output messages on your terminal

Boot messages
^^^^^^^^^^^^^^^^^^^^^^^^^^^^^^^^^^^^^^^^^^^^^^^^^^^^^^^^^^^^^^^^^^^^^^^^^^^^^^^

The following is what is printed in the serial console, after you have
connected to the proper ttyUSB or COM port:

.. collapsible:: Complete boot log

   ::

      Zynq MP First Stage Boot Loader
      Release 2023.2   Nov  1 2024  -  15:33:57
      NOTICE:  BL31: Non secure code at 0x8000000
      NOTICE:  BL31: v2.8(release):xilinx-v2023.2
      NOTICE:  BL31: Built : 10:57:16, Feb  7 2024
      PMUFW:  v1.1
      U-Boot 2018.01-21442-gf06dec3cab (May 22 2024 - 17:46:13 +0300) Xilinx ZynqMP ZCU102 revA, Build: jenkins-development-build_uboot-31
      I2C:   ready
      DRAM:  4 GiB
      EL Level:       EL2
      Chip ID:        zu9eg
      MMC:   sdhci@ff170000: 0 (SD)
      *** Warning - bad CRC, using default environment
      In:    serial@ff000000
      Out:   serial@ff000000
      Err:   serial@ff000000
      Bootmode: LVL_SHFT_SD_MODE1
      Net:   ZYNQ GEM: ff0e0000, phyaddr 15, interface rgmii-id
      Warning: ethernet@ff0e0000 using MAC address from ROM
      eth0: ethernet@ff0e0000
      Hit any key to stop autoboot:  0
      switch to partitions #0, OK
      mmc0 is current device
      Device: sdhci@ff170000
      Manufacturer ID: 3
      OEM: 5344
      Name: SK32G
      Tran Speed: 50000000
      Rd Block Len: 512
      SD version 3.0
      High Capacity: Yes
      Capacity: 29.7 GiB
      Bus Width: 4-bit
      Erase Group Size: 512 Bytes
      reading uEnv.txt
      407 bytes read in 24 ms (15.6 KiB/s)
      Loaded environment from uEnv.txt
      Importing environment from SD ...
      Running uenvcmd ...
      Copying Linux from SD to RAM...
      ** No boot file defined **
      reading system.dtb
      81885 bytes read in 34 ms (2.3 MiB/s)
      reading Image
      38605312 bytes read in 2554 ms (14.4 MiB/s)
      ## Flattened Device Tree blob at 04000000
         Booting using the fdt blob at 0x4000000
         Loading Device Tree to 000000000ffe9000, end 000000000fffffdc ... OK
      Starting kernel ...
      [    0.000000] Booting Linux on physical CPU 0x0000000000 [0x410fd034]
      [    0.000000] Linux version 6.1.70-284114-g2e8908932dfd (jenkins@romlxbuild1) (aarch64-xilinx-linux-gcc.real (GCC) 12.2.0, GNU ld (GNU Binutils) 2.39.0.20220819) #1061 SMP Tue Mar 18 16:40:12 EET 2025
      [    0.000000] Machine model: ZynqMP ZCU102 Rev1.0
      [    0.000000] earlycon: cdns0 at MMIO 0x00000000ff000000 (options '115200n8')
      [    0.000000] printk: bootconsole [cdns0] enabled
      [    0.000000] efi: UEFI not found.
      [    0.000000] Zone ranges:
      [    0.000000]   DMA      [mem 0x0000000000000000-0x00000000ffffffff]
      [    0.000000]   DMA32    empty
      [    0.000000]   Normal   [mem 0x0000000100000000-0x000000087fffffff]
      [    0.000000] Movable zone start for each node
      [    0.000000] Early memory node ranges
      [    0.000000]   node   0: [mem 0x0000000000000000-0x000000007fffffff]
      [    0.000000]   node   0: [mem 0x0000000800000000-0x000000087fffffff]
      [    0.000000] Initmem setup node 0 [mem 0x0000000000000000-0x000000087fffffff]
      [    0.000000] cma: Reserved 256 MiB at 0x0000000070000000
      [    0.000000] psci: probing for conduit method from DT.
      [    0.000000] psci: PSCIv1.1 detected in firmware.
      [    0.000000] psci: Using standard PSCI v0.2 function IDs
      [    0.000000] psci: MIGRATE_INFO_TYPE not supported.
      [    0.000000] psci: SMC Calling Convention v1.2
      [    0.000000] percpu: Embedded 18 pages/cpu s34536 r8192 d31000 u73728
      [    0.000000] Detected VIPT I-cache on CPU0
      [    0.000000] CPU features: detected: ARM erratum 845719
      [    0.000000] alternatives: applying boot alternatives
      [    0.000000] Built 1 zonelists, mobility grouping on.  Total pages: 1034240
      [    0.000000] Kernel command line: console=ttyPS0,115200 root=/dev/mmcblk0p2 rw earlycon rootfstype=ext4 rootwait clk_ignore_unused cpuidle.off=1 root=/dev/mmcblk0p2 rw rootwait
      [    0.000000] Dentry cache hash table entries: 524288 (order: 10, 4194304 bytes, linear)
      [    0.000000] Inode-cache hash table entries: 262144 (order: 9, 2097152 bytes, linear)
      [    0.000000] mem auto-init: stack:all(zero), heap alloc:off, heap free:off
      [    0.000000] software IO TLB: area num 4.
      [    0.000000] software IO TLB: mapped [mem 0x000000006c000000-0x0000000070000000] (64MB)
      [    0.000000] Memory: 3755028K/4194304K available (17408K kernel code, 1732K rwdata, 15684K rodata, 2752K init, 658K bss, 177132K reserved, 262144K cma-reserved)
      [    0.000000] rcu: Hierarchical RCU implementation.
      [    0.000000] rcu:     RCU event tracing is enabled.
      [    0.000000] rcu:     RCU restricting CPUs from NR_CPUS=8 to nr_cpu_ids=4.
      [    0.000000] rcu: RCU calculated value of scheduler-enlistment delay is 25 jiffies.
      [    0.000000] rcu: Adjusting geometry for rcu_fanout_leaf=16, nr_cpu_ids=4
      [    0.000000] NR_IRQS: 64, nr_irqs: 64, preallocated irqs: 0
      [    0.000000] GIC: Adjusting CPU interface base to 0x00000000f902f000
      [    0.000000] Root IRQ handler: gic_handle_irq
      [    0.000000] GIC: Using split EOI/Deactivate mode
      [    0.000000] rcu: srcu_init: Setting srcu_struct sizes based on contention.
      [    0.000000] arch_timer: cp15 timer(s) running at 100.00MHz (phys).
      [    0.000000] clocksource: arch_sys_counter: mask: 0x1ffffffffffffff max_cycles: 0x171024e7e0, max_idle_ns: 440795205315 ns
      [    0.000000] sched_clock: 57 bits at 100MHz, resolution 10ns, wraps every 4398046511100ns
      [    0.008441] Console: colour dummy device 80x25
      [    0.012486] Calibrating delay loop (skipped), value calculated using timer frequency.. 200.00 BogoMIPS (lpj=400000)
      [    0.022839] pid_max: default: 32768 minimum: 301
      [    0.027567] Mount-cache hash table entries: 8192 (order: 4, 65536 bytes, linear)
      [    0.034787] Mountpoint-cache hash table entries: 8192 (order: 4, 65536 bytes, linear)
      [    0.043541] rcu: Hierarchical SRCU implementation.
      [    0.047322] rcu:     Max phase no-delay instances is 1000.
      [    0.052786] EFI services will not be available.
      [    0.057164] smp: Bringing up secondary CPUs ...
      [    0.061906] Detected VIPT I-cache on CPU1
      [    0.061978] CPU1: Booted secondary processor 0x0000000001 [0x410fd034]
      [    0.062399] Detected VIPT I-cache on CPU2
      [    0.062452] CPU2: Booted secondary processor 0x0000000002 [0x410fd034]
      [    0.062850] Detected VIPT I-cache on CPU3
      [    0.062905] CPU3: Booted secondary processor 0x0000000003 [0x410fd034]
      [    0.062951] smp: Brought up 1 node, 4 CPUs
      [    0.096969] SMP: Total of 4 processors activated.
      [    0.101641] CPU features: detected: 32-bit EL0 Support
      [    0.106745] CPU features: detected: CRC32 instructions
      [    0.111901] CPU: All CPU(s) started at EL2
      [    0.115915] alternatives: applying system-wide alternatives
      [    0.122514] devtmpfs: initialized
      [    0.132792] Registered cp15_barrier emulation handler
      [    0.132847] Registered setend emulation handler
      [    0.136837] clocksource: jiffies: mask: 0xffffffff max_cycles: 0xffffffff, max_idle_ns: 7645041785100000 ns
      [    0.146410] futex hash table entries: 1024 (order: 4, 65536 bytes, linear)
      [    0.159227] pinctrl core: initialized pinctrl subsystem
      [    0.160149] NET: Registered PF_NETLINK/PF_ROUTE protocol family
      [    0.165540] DMA: preallocated 512 KiB GFP_KERNEL pool for atomic allocations
      [    0.171809] DMA: preallocated 512 KiB GFP_KERNEL|GFP_DMA pool for atomic allocations
      [    0.179559] DMA: preallocated 512 KiB GFP_KERNEL|GFP_DMA32 pool for atomic allocations
      [    0.187324] audit: initializing netlink subsys (disabled)
      [    0.192729] audit: type=2000 audit(0.120:1): state=initialized audit_enabled=0 res=1
      [    0.193128] hw-breakpoint: found 6 breakpoint and 4 watchpoint registers.
      [    0.207143] ASID allocator initialised with 65536 entries
      [    0.235375] HugeTLB: registered 1.00 GiB page size, pre-allocated 0 pages
      [    0.236534] HugeTLB: 0 KiB vmemmap can be freed for a 1.00 GiB page
      [    0.242757] HugeTLB: registered 32.0 MiB page size, pre-allocated 0 pages
      [    0.249502] HugeTLB: 0 KiB vmemmap can be freed for a 32.0 MiB page
      [    0.255731] HugeTLB: registered 2.00 MiB page size, pre-allocated 0 pages
      [    0.262477] HugeTLB: 0 KiB vmemmap can be freed for a 2.00 MiB page
      [    0.268706] HugeTLB: registered 64.0 KiB page size, pre-allocated 0 pages
      [    0.275452] HugeTLB: 0 KiB vmemmap can be freed for a 64.0 KiB page
      [    0.349743] raid6: neonx8   gen()  2265 MB/s
      [    0.417802] raid6: neonx4   gen()  2217 MB/s
      [    0.485863] raid6: neonx2   gen()  2123 MB/s
      [    0.553928] raid6: neonx1   gen()  1813 MB/s
      [    0.621991] raid6: int64x8  gen()  1390 MB/s
      [    0.690045] raid6: int64x4  gen()  1567 MB/s
      [    0.758115] raid6: int64x2  gen()  1376 MB/s
      [    0.826177] raid6: int64x1  gen()  1033 MB/s
      [    0.826216] raid6: using algorithm neonx8 gen() 2265 MB/s
      [    0.898222] raid6: .... xor() 1653 MB/s, rmw enabled
      [    0.898267] raid6: using neon recovery algorithm
      [    0.902564] iommu: Default domain type: Translated
      [    0.906974] iommu: DMA domain TLB invalidation policy: strict mode
      [    0.913402] SCSI subsystem initialized
      [    0.917064] usbcore: registered new interface driver usbfs
      [    0.922394] usbcore: registered new interface driver hub
      [    0.927666] usbcore: registered new device driver usb
      [    0.932830] mc: Linux media interface: v0.10
      [    0.936931] videodev: Linux video capture interface: v2.00
      [    0.942405] pps_core: LinuxPPS API ver. 1 registered
      [    0.947282] pps_core: Software ver. 5.3.6 - Copyright 2005-2007 Rodolfo Giometti <giometti@linux.it>
      [    0.956372] PTP clock support registered
      [    0.960277] EDAC MC: Ver: 3.0.0
      [    0.963698] zynqmp-ipi-mbox mailbox@ff9905c0: Registered ZynqMP IPI mbox with TX/RX channels.
      [    0.972453] jesd204: created con: id=0, topo=0, link=0, /fpga-axi@0/axi-adxcvr-tx@85a20000 <-> /fpga-axi@0/axi-jesd204-tx@85a30000
      [    0.983543] jesd204: created con: id=1, topo=0, link=2, /fpga-axi@0/axi-adxcvr-rx-os@85a60000 <-> /fpga-axi@0/axi-jesd204-rx@85a70000
      [    0.995466] jesd204: created con: id=2, topo=0, link=1, /fpga-axi@0/axi-adxcvr-rx@85a40000 <-> /fpga-axi@0/axi-jesd204-rx@85a50000
      [    1.007145] jesd204: created con: id=3, topo=0, link=0, /axi/spi@ff040000/hmc7044-fmc@2 <-> /fpga-axi@0/axi-adxcvr-tx@85a20000
      [    1.018474] jesd204: created con: id=4, topo=0, link=2, /axi/spi@ff040000/hmc7044-fmc@2 <-> /fpga-axi@0/axi-adxcvr-rx-os@85a60000
      [    1.030065] jesd204: created con: id=5, topo=0, link=1, /axi/spi@ff040000/hmc7044-fmc@2 <-> /fpga-axi@0/axi-adxcvr-rx@85a40000
      [    1.041455] jesd204: created con: id=6, topo=0, link=1, /fpga-axi@0/axi-jesd204-rx@85a50000 <-> /axi/spi@ff040000/adrv9009-phy-d@1
      [    1.053080] jesd204: created con: id=7, topo=0, link=2, /fpga-axi@0/axi-jesd204-rx@85a70000 <-> /axi/spi@ff040000/adrv9009-phy-d@1
      [    1.064763] jesd204: created con: id=8, topo=0, link=0, /fpga-axi@0/axi-jesd204-tx@85a30000 <-> /axi/spi@ff040000/adrv9009-phy-d@1
      [    1.076481] jesd204: created con: id=9, topo=0, link=1, /axi/spi@ff040000/adrv9009-phy-d@1 <-> /axi/spi@ff040000/adrv9009-phy-c@0
      [    1.088041] jesd204: created con: id=10, topo=0, link=2, /axi/spi@ff040000/adrv9009-phy-d@1 <-> /axi/spi@ff040000/adrv9009-phy-c@0
      [    1.099724] jesd204: created con: id=11, topo=0, link=0, /axi/spi@ff040000/adrv9009-phy-d@1 <-> /axi/spi@ff040000/adrv9009-phy-c@0
      [    1.111385] jesd204: /axi/spi@ff040000/adrv9009-phy-c@0: JESD204[0:0] transition uninitialized -> initialized
      [    1.121233] jesd204: /axi/spi@ff040000/adrv9009-phy-c@0: JESD204[0:1] transition uninitialized -> initialized
      [    1.131093] jesd204: /axi/spi@ff040000/adrv9009-phy-c@0: JESD204[0:2] transition uninitialized -> initialized
      [    1.140955] jesd204: found 9 devices and 1 topologies
      [    1.146002] FPGA manager framework
      [    1.149376] Advanced Linux Sound Architecture Driver Initialized.
      [    1.155845] Bluetooth: Core ver 2.22
      [    1.158958] NET: Registered PF_BLUETOOTH protocol family
      [    1.164225] Bluetooth: HCI device and connection manager initialized
      [    1.170541] Bluetooth: HCI socket layer initialized
      [    1.175383] Bluetooth: L2CAP socket layer initialized
      [    1.180409] Bluetooth: SCO socket layer initialized
      [    1.185764] clocksource: Switched to clocksource arch_sys_counter
      [    1.191441] VFS: Disk quotas dquot_6.6.0
      [    1.195224] VFS: Dquot-cache hash table entries: 512 (order 0, 4096 bytes)
      [    1.206956] NET: Registered PF_INET protocol family
      [    1.207152] IP idents hash table entries: 65536 (order: 7, 524288 bytes, linear)
      [    1.216945] tcp_listen_portaddr_hash hash table entries: 2048 (order: 3, 32768 bytes, linear)
      [    1.222728] Table-perturb hash table entries: 65536 (order: 6, 262144 bytes, linear)
      [    1.230403] TCP established hash table entries: 32768 (order: 6, 262144 bytes, linear)
      [    1.238475] TCP bind hash table entries: 32768 (order: 8, 1048576 bytes, linear)
      [    1.246457] TCP: Hash tables configured (established 32768 bind 32768)
      [    1.252182] UDP hash table entries: 2048 (order: 4, 65536 bytes, linear)
      [    1.258840] UDP-Lite hash table entries: 2048 (order: 4, 65536 bytes, linear)
      [    1.266006] NET: Registered PF_UNIX/PF_LOCAL protocol family
      [    1.271894] RPC: Registered named UNIX socket transport module.
      [    1.277370] RPC: Registered udp transport module.
      [    1.282042] RPC: Registered tcp transport module.
      [    1.286708] RPC: Registered tcp NFSv4.1 backchannel transport module.
      [    1.293766] PCI: CLS 0 bytes, default 64
      [    1.297800] hw perfevents: enabled with armv8_pmuv3 PMU driver, 7 counters available
      [    1.305715] Initialise system trusted keyrings
      [    1.309222] workingset: timestamp_bits=62 max_order=20 bucket_order=0
      [    1.316104] NFS: Registering the id_resolver key type
      [    1.320550] Key type id_resolver registered
      [    1.324682] Key type id_legacy registered
      [    1.328676] nfs4filelayout_init: NFSv4 File Layout Driver Registering...
      [    1.335323] nfs4flexfilelayout_init: NFSv4 Flexfile Layout Driver Registering...
      [    1.342691] jffs2: version 2.2. (NAND) (SUMMARY)  � 2001-2006 Red Hat, Inc.
      [    1.349853] fuse: init (API version 7.37)
      [    1.390185] NET: Registered PF_ALG protocol family
      [    1.390234] xor: measuring software checksum speed
      [    1.398009]    8regs           :  2521 MB/sec
      [    1.402320]    32regs          :  2522 MB/sec
      [    1.406920]    arm64_neon      :  2356 MB/sec
      [    1.407067] xor: using function: 32regs (2522 MB/sec)
      [    1.412093] Key type asymmetric registered
      [    1.416156] Asymmetric key parser 'x509' registered
      [    1.421029] Block layer SCSI generic (bsg) driver version 0.4 loaded (major 246)
      [    1.428357] io scheduler mq-deadline registered
      [    1.432850] io scheduler kyber registered
      [    1.470354] Serial: 8250/16550 driver, 4 ports, IRQ sharing disabled
      [    1.478010] brd: module loaded
      [    1.481243] loop: module loaded
      [    1.481612] Registered mathworks_ip class
      [    1.483301] mtdoops: mtd device (mtddev=name/number) must be supplied
      [    1.492010] tun: Universal TUN/TAP device driver, 1.6
      [    1.494251] CAN device driver interface
      [    1.498816] SPI driver wl1271_spi has no spi_device_id for ti,wl1271
      [    1.504281] SPI driver wl1271_spi has no spi_device_id for ti,wl1273
      [    1.510588] SPI driver wl1271_spi has no spi_device_id for ti,wl1281
      [    1.516900] SPI driver wl1271_spi has no spi_device_id for ti,wl1283
      [    1.523215] SPI driver wl1271_spi has no spi_device_id for ti,wl1285
      [    1.529530] SPI driver wl1271_spi has no spi_device_id for ti,wl1801
      [    1.535844] SPI driver wl1271_spi has no spi_device_id for ti,wl1805
      [    1.542159] SPI driver wl1271_spi has no spi_device_id for ti,wl1807
      [    1.548473] SPI driver wl1271_spi has no spi_device_id for ti,wl1831
      [    1.554787] SPI driver wl1271_spi has no spi_device_id for ti,wl1835
      [    1.561102] SPI driver wl1271_spi has no spi_device_id for ti,wl1837
      [    1.567526] usbcore: registered new interface driver asix
      [    1.572814] usbcore: registered new interface driver ax88179_178a
      [    1.578855] usbcore: registered new interface driver cdc_ether
      [    1.584651] usbcore: registered new interface driver net1080
      [    1.590274] usbcore: registered new interface driver cdc_subset
      [    1.596156] usbcore: registered new interface driver zaurus
      [    1.601707] usbcore: registered new interface driver cdc_ncm
      [    1.607315] usbcore: registered new interface driver r8153_ecm
      [    1.614447] usbcore: registered new interface driver uas
      [    1.618399] usbcore: registered new interface driver usb-storage
      [    1.624394] usbcore: registered new interface driver usbserial_generic
      [    1.630840] usbserial: USB Serial support registered for generic
      [    1.636811] usbcore: registered new interface driver ftdi_sio
      [    1.642512] usbserial: USB Serial support registered for FTDI USB Serial Device
      [    1.649784] usbcore: registered new interface driver upd78f0730
      [    1.655661] usbserial: USB Serial support registered for upd78f0730
      [    1.662997] SPI driver ads7846 has no spi_device_id for ti,tsc2046
      [    1.668020] SPI driver ads7846 has no spi_device_id for ti,ads7843
      [    1.674159] SPI driver ads7846 has no spi_device_id for ti,ads7845
      [    1.680300] SPI driver ads7846 has no spi_device_id for ti,ads7873
      [    1.687017] rtc_zynqmp ffa60000.rtc: registered as rtc0
      [    1.691645] rtc_zynqmp ffa60000.rtc: setting system clock to 2026-04-20T13:44:37 UTC (1776692677)
      [    1.700521] i2c_dev: i2c /dev entries driver
      [    1.706701] usbcore: registered new interface driver uvcvideo
      [    1.712017] Bluetooth: HCI UART driver ver 2.3
      [    1.714817] Bluetooth: HCI UART protocol H4 registered
      [    1.719917] Bluetooth: HCI UART protocol BCSP registered
      [    1.725209] Bluetooth: HCI UART protocol LL registered
      [    1.730297] Bluetooth: HCI UART protocol ATH3K registered
      [    1.735674] Bluetooth: HCI UART protocol Three-wire (H5) registered
      [    1.741931] Bluetooth: HCI UART protocol Intel registered
      [    1.747265] Bluetooth: HCI UART protocol QCA registered
      [    1.752465] usbcore: registered new interface driver bcm203x
      [    1.758093] usbcore: registered new interface driver bpa10x
      [    1.763626] usbcore: registered new interface driver bfusb
      [    1.769072] usbcore: registered new interface driver btusb
      [    1.774534] usbcore: registered new interface driver ath3k
      [    1.780032] EDAC MC: ECC not enabled
      [    1.783669] EDAC DEVICE0: Giving out device to module zynqmp-ocm-edac controller zynqmp_ocm: DEV ff960000.memory-controller (INTERRUPT)
      [    1.795999] sdhci: Secure Digital Host Controller Interface driver
      [    1.801756] sdhci: Copyright(c) Pierre Ossman
      [    1.806072] sdhci-pltfm: SDHCI platform and OF driver helper
      [    1.812183] ledtrig-cpu: registered to indicate activity on CPUs
      [    1.817714] SMCCC: SOC_ID: ID = jep106:0049:0000 Revision = 0x24738093
      [    1.824221] zynqmp_firmware_probe Platform Management API v1.1
      [    1.829990] zynqmp_firmware_probe Trustzone version v1.0
      [    1.865339] zynqmp-aes zynqmp-aes.0: will run requests pump with realtime priority
      [    1.867577] usbcore: registered new interface driver usbhid
      [    1.872810] usbhid: USB HID core driver
      [    1.876785] SPI driver fb_seps525 has no spi_device_id for syncoam,seps525
      [    1.889559] SPI driver adis16475 has no spi_device_id for adi,adis16470
      [    1.890534] SPI driver adis16475 has no spi_device_id for adi,adis16475-1
      [    1.897278] SPI driver adis16475 has no spi_device_id for adi,adis16475-2
      [    1.904024] SPI driver adis16475 has no spi_device_id for adi,adis16475-3
      [    1.910771] SPI driver adis16475 has no spi_device_id for adi,adis16477-1
      [    1.917518] SPI driver adis16475 has no spi_device_id for adi,adis16477-2
      [    1.924265] SPI driver adis16475 has no spi_device_id for adi,adis16477-3
      [    1.931012] SPI driver adis16475 has no spi_device_id for adi,adis16465-1
      [    1.937759] SPI driver adis16475 has no spi_device_id for adi,adis16465-2
      [    1.944505] SPI driver adis16475 has no spi_device_id for adi,adis16465-3
      [    1.951253] SPI driver adis16475 has no spi_device_id for adi,adis16467-1
      [    1.958000] SPI driver adis16475 has no spi_device_id for adi,adis16467-2
      [    1.964746] SPI driver adis16475 has no spi_device_id for adi,adis16467-3
      [    1.971494] SPI driver adis16475 has no spi_device_id for adi,adis16500
      [    1.978069] SPI driver adis16475 has no spi_device_id for adi,adis16501
      [    1.984642] SPI driver adis16475 has no spi_device_id for adi,adis16505-1
      [    1.991389] SPI driver adis16475 has no spi_device_id for adi,adis16505-2
      [    1.998135] SPI driver adis16475 has no spi_device_id for adi,adis16505-3
      [    2.004882] SPI driver adis16475 has no spi_device_id for adi,adis16507-1
      [    2.011634] SPI driver adis16475 has no spi_device_id for adi,adis16507-2
      [    2.018377] SPI driver adis16475 has no spi_device_id for adi,adis16507-3
      [    2.025124] SPI driver adis16475 has no spi_device_id for adi,adis16575-2
      [    2.031871] SPI driver adis16475 has no spi_device_id for adi,adis16575-3
      [    2.038618] SPI driver adis16475 has no spi_device_id for adi,adis16576-2
      [    2.045365] SPI driver adis16475 has no spi_device_id for adi,adis16576-3
      [    2.052112] SPI driver adis16475 has no spi_device_id for adi,adis16577-2
      [    2.058858] SPI driver adis16475 has no spi_device_id for adi,adis16577-3
      [    2.066786] axi_sysid 85000000.axi-sysid-0: AXI System ID core version (1.01.a) found
      [    2.073578] axi_sysid 85000000.axi-sysid-0: [fmcomms8] [RX:M=8 L=4 S=1 TX:M=8 L=8 S=1 RX_OS:M=4 L=4 S=1 DAC_FIFO_ADDR_WIDTH=16] on [zcu102] git branch <hdl_2023_r2> git <2156ac7e874a1dc321d9f64a325009fafe563419> clean [2024-11-01 14:43:31] UTC
      [    2.095466] fpga_manager fpga0: Xilinx ZynqMP FPGA Manager registered
      [    2.101638] usbcore: registered new interface driver snd-usb-audio
      [    2.109315] pktgen: Packet Generator for packet performance testing. Version: 2.75
      [    2.115388] Initializing XFRM netlink socket
      [    2.119225] NET: Registered PF_INET6 protocol family
      [    2.124602] Segment Routing with IPv6
      [    2.127745] In-situ OAM (IOAM) with IPv6
      [    2.131656] sit: IPv6, IPv4 and MPLS over IPv4 tunneling driver
      [    2.137856] NET: Registered PF_PACKET protocol family
      [    2.142513] NET: Registered PF_KEY protocol family
      [    2.147350] can: controller area network core
      [    2.151616] NET: Registered PF_CAN protocol family
      [    2.156346] can: raw protocol
      [    2.159287] can: broadcast manager protocol
      [    2.163441] can: netlink gateway - max_hops=1
      [    2.167837] Bluetooth: RFCOMM TTY layer initialized
      [    2.172612] Bluetooth: RFCOMM socket layer initialized
      [    2.177719] Bluetooth: RFCOMM ver 1.11
      [    2.181434] Bluetooth: BNEP (Ethernet Emulation) ver 1.3
      [    2.186706] Bluetooth: BNEP filters: protocol multicast
      [    2.191897] Bluetooth: BNEP socket layer initialized
      [    2.196827] Bluetooth: HIDP (Human Interface Emulation) ver 1.2
      [    2.202710] Bluetooth: HIDP socket layer initialized
      [    2.207768] 9pnet: Installing 9P2000 support
      [    2.211887] NET: Registered PF_IEEE802154 protocol family
      [    2.217261] Key type dns_resolver registered
      [    2.221801] registered taskstats version 1
      [    2.225540] Loading compiled-in X.509 certificates
      [    2.230732] Btrfs loaded, crc32c=crc32c-generic, zoned=no, fsverity=no
      [    2.236939] alg: No test for xilinx-zynqmp-rsa (zynqmp-rsa)
      [    2.645397] ff000000.serial: ttyPS0 at MMIO 0xff000000 (irq = 23, base_baud = 6249999) is a xuartps
      [    2.654438] printk: console [ttyPS0] enabled
      [    2.654438] printk: console [ttyPS0] enabled
      [    2.658739] printk: bootconsole [cdns0] disabled
      [    2.658739] printk: bootconsole [cdns0] disabled
      [    2.668360] ff010000.serial: ttyPS1 at MMIO 0xff010000 (irq = 24, base_baud = 6249999) is a xuartps
      [    2.682711] nwl-pcie fd0e0000.pcie: host bridge /axi/pcie@fd0e0000 ranges:
      [    2.689612] nwl-pcie fd0e0000.pcie:      MEM 0x00e0000000..0x00efffffff -> 0x00e0000000
      [    2.697626] nwl-pcie fd0e0000.pcie:      MEM 0x0600000000..0x07ffffffff -> 0x0600000000
      [    2.705744] nwl-pcie fd0e0000.pcie: Link is DOWN
      [    2.710566] nwl-pcie fd0e0000.pcie: PCI host bridge to bus 0000:00
      [    2.716744] pci_bus 0000:00: root bus resource [bus 00-ff]
      [    2.722226] pci_bus 0000:00: root bus resource [mem 0xe0000000-0xefffffff]
      [    2.729099] pci_bus 0000:00: root bus resource [mem 0x600000000-0x7ffffffff pref]
      [    2.736603] pci 0000:00:00.0: [10ee:d021] type 01 class 0x060400
      [    2.742672] pci 0000:00:00.0: PME# supported from D0 D1 D2 D3hot
      [    2.751031] pci 0000:00:00.0: bridge configuration invalid ([bus 00-00]), reconfiguring
      [    2.759159] pci_bus 0000:01: busn_res: [bus 01-ff] end is updated to 01
      [    2.765785] pci 0000:00:00.0: PCI bridge to [bus 01]
      [    2.773429] xilinx-zynqmp-dpdma fd4c0000.dma-controller: Xilinx DPDMA engine is probed
      [    2.865856] hmc7044 spi1.2: PLL1: Locked, CLKIN3 @ 19200000 Hz, PFD: 3840 kHz - PLL2: Locked @ 2949.120000 MHz
      [    2.876258] jesd204: /axi/spi@ff040000/hmc7044-fmc@2,jesd204:2,parent=spi1.2: Using as SYSREF provider
      [    2.886314] spi-nor spi0.0: SPI-NOR-UniqueID 4a960c0004f2ff1d006417c58c4b
      [    2.893103] spi-nor spi0.0: found mt25qu512a, expected m25p80
      [    2.899233] spi-nor spi0.0: mt25qu512a (131072 Kbytes)
      [    2.904486] 4 fixed-partitions partitions found on MTD device spi0.0
      [    2.910833] Creating 4 MTD partitions on "spi0.0":
      [    2.915616] 0x000000000000-0x000000100000 : "qspi-fsbl-uboot"
      [    2.922204] 0x000000100000-0x000000600000 : "qspi-linux"
      [    2.928231] 0x000000600000-0x000000620000 : "qspi-device-tree"
      [    2.934774] 0x000000620000-0x000000c00000 : "qspi-rootfs"
      [    2.943546] macb ff0e0000.ethernet: Not enabling partial store and forward
      [    2.966753] xilinx-axipmon ffa00000.perf-monitor: Probed Xilinx APM
      [    2.973303] xilinx-axipmon fd0b0000.perf-monitor: Probed Xilinx APM
      [    2.979789] xilinx-axipmon fd490000.perf-monitor: Probed Xilinx APM
      [    2.986277] xilinx-axipmon ffa10000.perf-monitor: Probed Xilinx APM
      [    2.993552] i2c i2c-0: using pinctrl states for GPIO recovery
      [    2.999472] i2c i2c-0: using generic GPIOs for recovery
      [    3.005068] pca953x 0-0020: supply vcc not found, using dummy regulator
      [    3.011750] pca953x 0-0020: using no AI
      [    3.016310] gpio-318 (sel0): hogged as output/low
      [    3.021211] gpio-319 (sel1): hogged as output/high
      [    3.026202] gpio-320 (sel2): hogged as output/high
      [    3.031195] gpio-321 (sel3): hogged as output/high
      [    3.036366] pca953x 0-0021: supply vcc not found, using dummy regulator
      [    3.043046] pca953x 0-0021: using no AI
      [    3.048598] ina2xx 2-0040: power monitor ina226 (Rshunt = 5000 uOhm)
      [    3.055597] ina2xx 2-0041: power monitor ina226 (Rshunt = 5000 uOhm)
      [    3.062592] ina2xx 2-0042: power monitor ina226 (Rshunt = 5000 uOhm)
      [    3.069584] ina2xx 2-0043: power monitor ina226 (Rshunt = 5000 uOhm)
      [    3.076579] ina2xx 2-0044: power monitor ina226 (Rshunt = 5000 uOhm)
      [    3.083576] ina2xx 2-0045: power monitor ina226 (Rshunt = 5000 uOhm)
      [    3.090573] ina2xx 2-0046: power monitor ina226 (Rshunt = 5000 uOhm)
      [    3.097580] ina2xx 2-0047: power monitor ina226 (Rshunt = 5000 uOhm)
      [    3.104580] ina2xx 2-004a: power monitor ina226 (Rshunt = 5000 uOhm)
      [    3.111580] ina2xx 2-004b: power monitor ina226 (Rshunt = 5000 uOhm)
      [    3.117990] i2c i2c-0: Added multiplexed i2c bus 2
      [    3.123551] ina2xx 3-0040: power monitor ina226 (Rshunt = 2000 uOhm)
      [    3.130545] ina2xx 3-0041: power monitor ina226 (Rshunt = 5000 uOhm)
      [    3.137539] ina2xx 3-0042: power monitor ina226 (Rshunt = 5000 uOhm)
      [    3.144537] ina2xx 3-0043: power monitor ina226 (Rshunt = 5000 uOhm)
      [    3.151535] ina2xx 3-0044: power monitor ina226 (Rshunt = 5000 uOhm)
      [    3.158531] ina2xx 3-0045: power monitor ina226 (Rshunt = 5000 uOhm)
      [    3.165524] ina2xx 3-0046: power monitor ina226 (Rshunt = 5000 uOhm)
      [    3.172523] ina2xx 3-0047: power monitor ina226 (Rshunt = 5000 uOhm)
      [    3.178930] i2c i2c-0: Added multiplexed i2c bus 3
      [    3.251333] i2c i2c-0: Added multiplexed i2c bus 4
      [    3.256295] i2c i2c-0: Added multiplexed i2c bus 5
      [    3.261084] pca954x 0-0075: registered 4 multiplexed busses for I2C mux pca9544
      [    3.268458] cdns-i2c ff020000.i2c: 400 kHz mmio ff020000 irq 48
      [    3.275432] i2c i2c-1: using pinctrl states for GPIO recovery
      [    3.281360] i2c i2c-1: using generic GPIOs for recovery
      [    3.287341] at24 6-0054: supply vcc not found, using dummy regulator
      [    3.294241] at24 6-0054: 1024 byte 24c08 EEPROM, writable, 1 bytes/write
      [    3.300998] i2c i2c-1: Added multiplexed i2c bus 6
      [    3.306382] si5341 7-0036: no regulator set, defaulting vdd_sel to 2.5V for out
      [    3.313694] si5341 7-0036: no regulator set, defaulting vdd_sel to 2.5V for out
      [    3.320998] si5341 7-0036: no regulator set, defaulting vdd_sel to 2.5V for out
      [    3.328301] si5341 7-0036: no regulator set, defaulting vdd_sel to 2.5V for out
      [    3.335606] si5341 7-0036: no regulator set, defaulting vdd_sel to 2.5V for out
      [    3.342906] si5341 7-0036: no regulator set, defaulting vdd_sel to 2.5V for out
      [    3.350205] si5341 7-0036: no regulator set, defaulting vdd_sel to 2.5V for out
      [    3.357505] si5341 7-0036: no regulator set, defaulting vdd_sel to 2.5V for out
      [    3.365897] si5341 7-0036: Chip: 5341 Grade: 1 Rev: 3
      [    3.404100] i2c i2c-1: Added multiplexed i2c bus 7
      [    3.411762] si570 8-005d: registered, current frequency 300000000 Hz
      [    3.418167] i2c i2c-1: Added multiplexed i2c bus 8
      [    3.437941] si570 9-005d: registered, current frequency 148500000 Hz
      [    3.444344] i2c i2c-1: Added multiplexed i2c bus 9
      [    3.449374] si5324 10-0069: si5328 probed
      [    3.518044] si5324 10-0069: si5328 probe successful
      [    3.522978] i2c i2c-1: Added multiplexed i2c bus 10
      [    3.528020] i2c i2c-1: Added multiplexed i2c bus 11
      [    3.533062] i2c i2c-1: Added multiplexed i2c bus 12
      [    3.538108] i2c i2c-1: Added multiplexed i2c bus 13
      [    3.542986] pca954x 1-0074: registered 8 multiplexed busses for I2C switch pca9548
      [    3.552152] at24 14-0050: supply vcc not found, using dummy regulator
      [    3.558944] at24 14-0050: 256 byte 24c02 EEPROM, writable, 1 bytes/write
      [    3.565699] i2c i2c-1: Added multiplexed i2c bus 14
      [    3.570751] i2c i2c-1: Added multiplexed i2c bus 15
      [    3.575803] i2c i2c-1: Added multiplexed i2c bus 16
      [    3.580854] i2c i2c-1: Added multiplexed i2c bus 17
      [    3.585913] i2c i2c-1: Added multiplexed i2c bus 18
      [    3.590968] i2c i2c-1: Added multiplexed i2c bus 19
      [    3.596015] i2c i2c-1: Added multiplexed i2c bus 20
      [    3.601061] i2c i2c-1: Added multiplexed i2c bus 21
      [    3.605941] pca954x 1-0075: registered 8 multiplexed busses for I2C switch pca9548
      [    3.613558] cdns-i2c ff030000.i2c: 400 kHz mmio ff030000 irq 49
      [    3.623179] cdns-wdt fd4d0000.watchdog: Xilinx Watchdog Timer with timeout 60s
      [    3.634555] axi_adxcvr_drv 85a40000.axi-adxcvr-rx: AXI-ADXCVR-RX (17.05.a) using CPLL on GTH4 at 0x85A40000. Number of lanes: 4.
      [    3.647900] axi_adxcvr_drv 85a60000.axi-adxcvr-rx-os: AXI-ADXCVR-RX (17.05.a) using CPLL on GTH4 at 0x85A60000. Number of lanes: 4.
      [    3.660682] axi_adxcvr_drv 85a20000.axi-adxcvr-tx: AXI-ADXCVR-TX (17.05.a) using QPLL on GTH4 at 0x85A20000. Number of lanes: 8.
      [    3.664707] mmc0: SDHCI controller on ff170000.mmc [ff170000.mmc] using ADMA 64-bit
      [    3.672788] axi-jesd204-rx 85a50000.axi-jesd204-rx: AXI-JESD204-RX (1.07.a) at 0x85A50000. Encoder 8b10b, width 4/4, lanes 4, jesd204-fsm.
      [    3.692825] axi-jesd204-rx 85a70000.axi-jesd204-rx: AXI-JESD204-RX (1.07.a) at 0x85A70000. Encoder 8b10b, width 4/4, lanes 4, jesd204-fsm.
      [    3.705658] axi-jesd204-tx 85a30000.axi-jesd204-tx: AXI-JESD204-TX (1.06.a) at 0x85A30000. Encoder 8b10b, width 4/4, lanes 8, jesd204-fsm.
      [    3.719165] zynqmp-display fd4a0000.display: vtc bridge property not present
      [    3.729702] xilinx-dp-snd-codec fd4a0000.display:zynqmp-dp-snd-codec0: Failed to get required clock freq
      [    3.739195] xilinx-dp-snd-codec: probe of fd4a0000.display:zynqmp-dp-snd-codec0 failed with error -22
      [    3.748708] xilinx-dp-snd-pcm zynqmp_dp_snd_pcm0: Xilinx DisplayPort Sound PCM probed
      [    3.756800] xilinx-dp-snd-pcm zynqmp_dp_snd_pcm1: Xilinx DisplayPort Sound PCM probed
      [    3.764992] OF: graph: no port node found in /axi/display@fd4a0000
      [    3.771534] xlnx-drm xlnx-drm.0: bound fd4a0000.display (ops 0xffffffc0091e3e98)
      [    3.809990] mmc0: new high speed SDHC card at address aaaa
      [    3.815861] mmcblk0: mmc0:aaaa SK32G 29.7 GiB
      [    3.821872]  mmcblk0: p1 p2 p3
      [    4.857789] zynqmp-display fd4a0000.display: [drm] Cannot find any crtc or sizes
      [    4.865444] [drm] Initialized xlnx 1.0.0 20130509 for fd4a0000.display on minor 0
      [    4.872945] zynqmp-display fd4a0000.display: ZynqMP DisplayPort Subsystem driver probed
      [    4.881223] ahci-ceva fd0c0000.ahci: supply ahci not found, using dummy regulator
      [    4.888777] ahci-ceva fd0c0000.ahci: supply phy not found, using dummy regulator
      [    4.896243] ahci-ceva fd0c0000.ahci: supply target not found, using dummy regulator
      [    4.904114] ahci-ceva fd0c0000.ahci: AHCI 0001.0301 32 slots 2 ports 6 Gbps 0x3 impl platform mode
      [    4.913076] ahci-ceva fd0c0000.ahci: flags: 64bit ncq sntf pm clo only pmp fbs pio slum part ccc sds apst
      [    4.923544] scsi host0: ahci-ceva
      [    4.927151] scsi host1: ahci-ceva
      [    4.930580] ata1: SATA max UDMA/133 mmio [mem 0xfd0c0000-0xfd0c1fff] port 0x100 irq 56
      [    4.938490] ata2: SATA max UDMA/133 mmio [mem 0xfd0c0000-0xfd0c1fff] port 0x180 irq 56
      [    4.946704] adrv9009 spi1.0: adrv9009_probe : enter
      [    4.957307] adrv9009 spi1.1: adrv9009_probe : enter
      [    4.967294] jesd204: /axi/spi@ff040000/adrv9009-phy-c@0,jesd204:0,parent=spi1.0: JESD204[0:0] transition initialized -> probed
      [    4.978700] jesd204: /axi/spi@ff040000/adrv9009-phy-c@0,jesd204:0,parent=spi1.0: JESD204[0:1] transition initialized -> probed
      [    4.990102] jesd204: /axi/spi@ff040000/adrv9009-phy-c@0,jesd204:0,parent=spi1.0: JESD204[0:2] transition initialized -> probed
      [    5.001503] jesd204: /axi/spi@ff040000/adrv9009-phy-c@0,jesd204:0,parent=spi1.0: JESD204[0:0] transition probed -> initialized
      [    5.012895] jesd204: /axi/spi@ff040000/adrv9009-phy-c@0,jesd204:0,parent=spi1.0: JESD204[0:1] transition probed -> initialized
      [    5.024282] jesd204: /axi/spi@ff040000/adrv9009-phy-c@0,jesd204:0,parent=spi1.0: JESD204[0:2] transition probed -> initialized
      [    5.035683] jesd204: /axi/spi@ff040000/adrv9009-phy-c@0,jesd204:0,parent=spi1.0: JESD204[0:0] transition initialized -> probed
      [    5.047076] jesd204: /axi/spi@ff040000/adrv9009-phy-c@0,jesd204:0,parent=spi1.0: JESD204[0:1] transition initialized -> probed
      [    5.058464] jesd204: /axi/spi@ff040000/adrv9009-phy-c@0,jesd204:0,parent=spi1.0: JESD204[0:2] transition initialized -> probed
      [    5.069856] jesd204: /axi/spi@ff040000/adrv9009-phy-c@0,jesd204:0,parent=spi1.0: JESD204[0:0] transition probed -> idle
      [    5.080646] jesd204: /axi/spi@ff040000/adrv9009-phy-c@0,jesd204:0,parent=spi1.0: JESD204[0:1] transition probed -> idle
      [    5.091431] jesd204: /axi/spi@ff040000/adrv9009-phy-c@0,jesd204:0,parent=spi1.0: JESD204[0:2] transition probed -> idle
      [    5.102216] jesd204: /axi/spi@ff040000/adrv9009-phy-c@0,jesd204:0,parent=spi1.0: JESD204[0:0] transition idle -> device_init
      [    5.113434] jesd204: /axi/spi@ff040000/adrv9009-phy-c@0,jesd204:0,parent=spi1.0: JESD204[0:1] transition idle -> device_init
      [    5.124653] jesd204: /axi/spi@ff040000/adrv9009-phy-c@0,jesd204:0,parent=spi1.0: JESD204[0:2] transition idle -> device_init
      [    5.135880] jesd204: /axi/spi@ff040000/adrv9009-phy-c@0,jesd204:0,parent=spi1.0: JESD204[0:0] transition device_init -> link_init
      [    5.147533] jesd204: /axi/spi@ff040000/adrv9009-phy-c@0,jesd204:0,parent=spi1.0: JESD204[0:1] transition device_init -> link_init
      [    5.159186] jesd204: /axi/spi@ff040000/adrv9009-phy-c@0,jesd204:0,parent=spi1.0: JESD204[0:2] transition device_init -> link_init
      [    5.170843] jesd204: /axi/spi@ff040000/adrv9009-phy-c@0,jesd204:0,parent=spi1.0: JESD204[0:0] transition link_init -> link_supported
      [    5.182753] jesd204: /axi/spi@ff040000/adrv9009-phy-c@0,jesd204:0,parent=spi1.0: JESD204[0:1] transition link_init -> link_supported
      [    5.194661] jesd204: /axi/spi@ff040000/adrv9009-phy-c@0,jesd204:0,parent=spi1.0: JESD204[0:2] transition link_init -> link_supported
      [    5.207206] jesd204: /axi/spi@ff040000/adrv9009-phy-c@0,jesd204:0,parent=spi1.0: JESD204[0:0] transition link_supported -> link_pre_setup
      [    5.219561] jesd204: /axi/spi@ff040000/adrv9009-phy-c@0,jesd204:0,parent=spi1.0: JESD204[0:1] transition link_supported -> link_pre_setup
      [    5.231908] jesd204: /axi/spi@ff040000/adrv9009-phy-c@0,jesd204:0,parent=spi1.0: JESD204[0:2] transition link_supported -> link_pre_setup
      [    5.246372] jesd204: /axi/spi@ff040000/adrv9009-phy-c@0,jesd204:0,parent=spi1.0: JESD204[0:0] transition link_pre_setup -> clk_sync_stage1
      [    5.258815] jesd204: /axi/spi@ff040000/adrv9009-phy-c@0,jesd204:0,parent=spi1.0: JESD204[0:1] transition link_pre_setup -> clk_sync_stage1
      [    5.260020] ata2: SATA link down (SStatus 0 SControl 330)
      [    5.271245] jesd204: /axi/spi@ff040000/adrv9009-phy-c@0,jesd204:0,parent=spi1.0: JESD204[0:2] transition link_pre_setup -> clk_sync_stage1
      [    5.276661] ata1: SATA link down (SStatus 0 SControl 330)
      [    5.289062] jesd204: /axi/spi@ff040000/adrv9009-phy-c@0,jesd204:0,parent=spi1.0: JESD204[0:0] transition clk_sync_stage1 -> clk_sync_stage2
      [    5.306954] jesd204: /axi/spi@ff040000/adrv9009-phy-c@0,jesd204:0,parent=spi1.0: JESD204[0:1] transition clk_sync_stage1 -> clk_sync_stage2
      [    5.319477] jesd204: /axi/spi@ff040000/adrv9009-phy-c@0,jesd204:0,parent=spi1.0: JESD204[0:2] transition clk_sync_stage1 -> clk_sync_stage2
      [    5.332004] jesd204: /axi/spi@ff040000/adrv9009-phy-c@0,jesd204:0,parent=spi1.0: JESD204[0:0] transition clk_sync_stage2 -> clk_sync_stage3
      [    5.344523] jesd204: /axi/spi@ff040000/adrv9009-phy-c@0,jesd204:0,parent=spi1.0: JESD204[0:1] transition clk_sync_stage2 -> clk_sync_stage3
      [    5.357039] jesd204: /axi/spi@ff040000/adrv9009-phy-c@0,jesd204:0,parent=spi1.0: JESD204[0:2] transition clk_sync_stage2 -> clk_sync_stage3
      [    5.369560] jesd204: /fpga-axi@0/axi-jesd204-rx@85a50000,jesd204:6,parent=85a50000.axi-jesd204-rx: Possible instantiation for multiple chips; HDL lanes 4, Link[1] lanes 2
      [    5.384778] jesd204: /fpga-axi@0/axi-jesd204-rx@85a70000,jesd204:7,parent=85a70000.axi-jesd204-rx: Possible instantiation for multiple chips; HDL lanes 4, Link[2] lanes 2
      [    5.399990] jesd204: /fpga-axi@0/axi-jesd204-tx@85a30000,jesd204:8,parent=85a30000.axi-jesd204-tx: Possible instantiation for multiple chips; HDL lanes 8, Link[0] lanes 4
      [    5.417208] adrv9009 spi1.1: ADIHAL_resetHw
      [    5.758766] adrv9009 spi1.0: ADIHAL_resetHw
      [    6.100283] jesd204: /axi/spi@ff040000/adrv9009-phy-c@0,jesd204:0,parent=spi1.0: JESD204[0:0] transition clk_sync_stage3 -> link_setup
      [    6.112373] jesd204: /axi/spi@ff040000/adrv9009-phy-c@0,jesd204:0,parent=spi1.0: JESD204[0:1] transition clk_sync_stage3 -> link_setup
      [    6.124454] jesd204: /axi/spi@ff040000/adrv9009-phy-c@0,jesd204:0,parent=spi1.0: JESD204[0:2] transition clk_sync_stage3 -> link_setup
      [    6.136796] jesd204: /axi/spi@ff040000/adrv9009-phy-c@0,jesd204:0,parent=spi1.0: JESD204[0:0] transition link_setup -> opt_setup_stage1
      [    6.148970] jesd204: /axi/spi@ff040000/adrv9009-phy-c@0,jesd204:0,parent=spi1.0: JESD204[0:1] transition link_setup -> opt_setup_stage1
      [    6.161149] jesd204: /axi/spi@ff040000/adrv9009-phy-c@0,jesd204:0,parent=spi1.0: JESD204[0:2] transition link_setup -> opt_setup_stage1
      [    6.285789] zynqmp-display fd4a0000.display: [drm] Cannot find any crtc or sizes
      [    6.445779] random: crng init done
      [   12.673701] jesd204: /axi/spi@ff040000/adrv9009-phy-c@0,jesd204:0,parent=spi1.0: JESD204[0:0] transition opt_setup_stage1 -> opt_setup_stage2
      [   12.686399] jesd204: /axi/spi@ff040000/adrv9009-phy-c@0,jesd204:0,parent=spi1.0: JESD204[0:1] transition opt_setup_stage1 -> opt_setup_stage2
      [   12.699095] jesd204: /axi/spi@ff040000/adrv9009-phy-c@0,jesd204:0,parent=spi1.0: JESD204[0:2] transition opt_setup_stage1 -> opt_setup_stage2
      [   12.712079] jesd204: /axi/spi@ff040000/adrv9009-phy-c@0,jesd204:0,parent=spi1.0: JESD204[0:0] transition opt_setup_stage2 -> opt_setup_stage3
      [   12.724772] jesd204: /axi/spi@ff040000/adrv9009-phy-c@0,jesd204:0,parent=spi1.0: JESD204[0:1] transition opt_setup_stage2 -> opt_setup_stage3
      [   12.737464] jesd204: /axi/spi@ff040000/adrv9009-phy-c@0,jesd204:0,parent=spi1.0: JESD204[0:2] transition opt_setup_stage2 -> opt_setup_stage3
      [   12.750605] jesd204: /axi/spi@ff040000/adrv9009-phy-c@0,jesd204:0,parent=spi1.0: JESD204[0:0] transition opt_setup_stage3 -> opt_setup_stage4
      [   12.763303] jesd204: /axi/spi@ff040000/adrv9009-phy-c@0,jesd204:0,parent=spi1.0: JESD204[0:1] transition opt_setup_stage3 -> opt_setup_stage4
      [   12.775999] jesd204: /axi/spi@ff040000/adrv9009-phy-c@0,jesd204:0,parent=spi1.0: JESD204[0:2] transition opt_setup_stage3 -> opt_setup_stage4
      [   17.791923] jesd204: /axi/spi@ff040000/adrv9009-phy-c@0,jesd204:0,parent=spi1.0: JESD204[0:0] transition opt_setup_stage4 -> opt_setup_stage5
      [   17.804622] jesd204: /axi/spi@ff040000/adrv9009-phy-c@0,jesd204:0,parent=spi1.0: JESD204[0:1] transition opt_setup_stage4 -> opt_setup_stage5
      [   17.817316] jesd204: /axi/spi@ff040000/adrv9009-phy-c@0,jesd204:0,parent=spi1.0: JESD204[0:2] transition opt_setup_stage4 -> opt_setup_stage5
      [   17.831499] jesd204: /axi/spi@ff040000/adrv9009-phy-c@0,jesd204:0,parent=spi1.0: JESD204[0:0] transition opt_setup_stage5 -> clocks_enable
      [   17.843933] jesd204: /axi/spi@ff040000/adrv9009-phy-c@0,jesd204:0,parent=spi1.0: JESD204[0:1] transition opt_setup_stage5 -> clocks_enable
      [   17.856372] jesd204: /axi/spi@ff040000/adrv9009-phy-c@0,jesd204:0,parent=spi1.0: JESD204[0:2] transition opt_setup_stage5 -> clocks_enable
      [   17.874252] jesd204: /axi/spi@ff040000/adrv9009-phy-c@0,jesd204:0,parent=spi1.0: JESD204[0:0] transition clocks_enable -> link_enable
      [   17.886257] jesd204: /axi/spi@ff040000/adrv9009-phy-c@0,jesd204:0,parent=spi1.0: JESD204[0:1] transition clocks_enable -> link_enable
      [   17.898258] jesd204: /axi/spi@ff040000/adrv9009-phy-c@0,jesd204:0,parent=spi1.0: JESD204[0:2] transition clocks_enable -> link_enable
      [   17.946628] jesd204: /axi/spi@ff040000/adrv9009-phy-c@0,jesd204:0,parent=spi1.0: JESD204[0:0] transition link_enable -> link_running
      [   17.958544] jesd204: /axi/spi@ff040000/adrv9009-phy-c@0,jesd204:0,parent=spi1.0: JESD204[0:1] transition link_enable -> link_running
      [   17.970458] jesd204: /axi/spi@ff040000/adrv9009-phy-c@0,jesd204:0,parent=spi1.0: JESD204[0:2] transition link_enable -> link_running
      [   17.986373] adrv9009 spi1.1: adrv9009_info: adrv9009 Rev 192, Firmware 6.2.1 API version: 3.6.2.1 successfully initialized via jesd204-fsm
      [   18.002790] adrv9009 spi1.0: adrv9009_info: adrv9009-x2 Rev 192, Firmware 6.2.1 API version: 3.6.2.1 successfully initialized via jesd204-fsm
      [   18.015486] jesd204: /axi/spi@ff040000/adrv9009-phy-c@0,jesd204:0,parent=spi1.0: JESD204[0:0] transition link_running -> opt_post_running_stage
      [   18.028353] jesd204: /axi/spi@ff040000/adrv9009-phy-c@0,jesd204:0,parent=spi1.0: JESD204[0:1] transition link_running -> opt_post_running_stage
      [   18.041217] jesd204: /axi/spi@ff040000/adrv9009-phy-c@0,jesd204:0,parent=spi1.0: JESD204[0:2] transition link_running -> opt_post_running_stage
      [   18.055920] macb ff0e0000.ethernet: Not enabling partial store and forward
      [   18.064873] macb ff0e0000.ethernet eth0: Cadence GEM rev 0x50070106 at 0xff0e0000 irq 45 (00:0a:35:07:fb:7b)
      [   18.158025] xhci-hcd xhci-hcd.1.auto: xHCI Host Controller
      [   18.163525] xhci-hcd xhci-hcd.1.auto: new USB bus registered, assigned bus number 1
      [   18.171275] xhci-hcd xhci-hcd.1.auto: hcc params 0x0238f625 hci version 0x100 quirks 0x0000000002010810
      [   18.180693] xhci-hcd xhci-hcd.1.auto: irq 57, io mem 0xfe200000
      [   18.186709] xhci-hcd xhci-hcd.1.auto: xHCI Host Controller
      [   18.192193] xhci-hcd xhci-hcd.1.auto: new USB bus registered, assigned bus number 2
      [   18.199851] xhci-hcd xhci-hcd.1.auto: Host supports USB 3.0 SuperSpeed
      [   18.206484] usb usb1: New USB device found, idVendor=1d6b, idProduct=0002, bcdDevice= 6.01
      [   18.214750] usb usb1: New USB device strings: Mfr=3, Product=2, SerialNumber=1
      [   18.221970] usb usb1: Product: xHCI Host Controller
      [   18.226839] usb usb1: Manufacturer: Linux 6.1.70-284114-g2e8908932dfd xhci-hcd
      [   18.234058] usb usb1: SerialNumber: xhci-hcd.1.auto
      [   18.239248] hub 1-0:1.0: USB hub found
      [   18.243017] hub 1-0:1.0: 1 port detected
      [   18.247237] usb usb2: New USB device found, idVendor=1d6b, idProduct=0003, bcdDevice= 6.01
      [   18.255502] usb usb2: New USB device strings: Mfr=3, Product=2, SerialNumber=1
      [   18.262723] usb usb2: Product: xHCI Host Controller
      [   18.267592] usb usb2: Manufacturer: Linux 6.1.70-284114-g2e8908932dfd xhci-hcd
      [   18.274810] usb usb2: SerialNumber: xhci-hcd.1.auto
      [   18.279946] hub 2-0:1.0: USB hub found
      [   18.283718] hub 2-0:1.0: 1 port detected
      [   18.311956] cf_axi_adc 85a00000.axi-adrv9009-rx-hpc: ADI AIM (10.03.) at 0x85A00000 mapped to 0x000000000802312b probed ADC ADRV9009-X2 as MASTER
      [   18.346793] cf_axi_dds 85a04000.axi-adrv9009-tx-hpc: Analog Devices CF_AXI_DDS_DDS MASTER (9.02.b) at 0x85A04000 mapped to 0x000000003886e998, probed DDS ADRV9009-X2
      [   18.370810] input: gpio-keys as /devices/platform/gpio-keys/input/input0
      [   18.377909] of_cfs_init
      [   18.380381] of_cfs_init: OK
      [   18.383248] cfg80211: Loading compiled-in X.509 certificates for regulatory database
      [   18.430096] cfg80211: Loaded X.509 cert 'sforshee: 00b28ddf47aef9cea7'
      [   18.437355] cfg80211: Loaded X.509 cert 'wens: 61c038651aabdcf94bd0ac7ff06c7248db18c600'
      [   18.445469] clk: Not disabling unused clocks
      [   18.450029] ALSA device list:
      [   18.452983]   No soundcards found.
      [   18.456692] platform regulatory.0: Direct firmware load for regulatory.db failed with error -2
      [   18.465318] cfg80211: failed to load regulatory.db
      [   18.484108] EXT4-fs (mmcblk0p2): mounted filesystem with ordered data mode. Quota mode: none.
      [   18.492662] VFS: Mounted root (ext4 filesystem) on device 179:2.
      [   18.505996] devtmpfs: mounted
      [   18.509819] Freeing unused kernel memory: 2752K
      [   18.514428] Run /sbin/init as init process
      [   19.025929] systemd[1]: systemd 247.3-7+rpi1+deb11u6 running in system mode. (+PAM +AUDIT +SELINUX +IMA +APPARMOR +SMACK +SYSVINIT +UTMP +LIBCRYPTSETUP +GCRYPT +GNUTLS +ACL +XZ +LZ4 +ZSTD +SECCOMP +BLKID +ELFUTILS +KMOD +IDN2 -IDN +PCRE2 default-hierarchy=unified)
      [   19.049885] systemd[1]: Detected architecture arm64.
      Welcome to Kuiper GNU/Linux 11.2 (bullseye)!
      [   19.078620] systemd[1]: Set hostname to <analog>.
      [   20.337919] systemd[1]: /lib/systemd/system/plymouth-start.service:16: Unit configured to use KillMode=none. This is unsafe, as it disables systemd's process lifecycle management for the service. Please update your service to use a safer KillMode=, such as 'mixed' or 'control-group'. Support for KillMode=none is deprecated and will eventually be removed.
      [   20.545961] systemd[1]: Queued start job for default target Graphical Interface.
      [   20.554824] systemd[1]: system-getty.slice: unit configures an IP firewall, but the local system does not support BPF/cgroup firewalling.
      [   20.567211] systemd[1]: (This warning is only shown for the first unit using IP firewalling.)
      [   20.576279] systemd[1]: Created slice system-getty.slice.
      [  OK  ] Created slice system-getty.slice.
      [   20.598278] systemd[1]: Created slice system-modprobe.slice.
      [  OK  ] Created slice system-modprobe.slice.
      [   20.618183] systemd[1]: Created slice system-serial\x2dgetty.slice.
      [  OK  ] Created slice system-serial\x2dgetty.slice.
      [   20.642160] systemd[1]: Created slice system-systemd\x2dfsck.slice.
      [  OK  ] Created slice system-systemd\x2dfsck.slice.
      [   20.666042] systemd[1]: Created slice User and Session Slice.
      [  OK  ] Created slice User and Session Slice.
      [   20.686124] systemd[1]: Started Forward Password Requests to Wall Directory Watch.
      [  OK  ] Started Forward Password R&uests to Wall Directory Watch.
      [   20.710081] systemd[1]: Condition check resulted in Arbitrary Executable File Formats File System Automount Point being skipped.
      [   20.722525] systemd[1]: Reached target Slices.
      [  OK  ] Reached target Slices.
      [   20.737978] systemd[1]: Reached target Swap.
      [  OK  ] Reached target Swap.
      [   20.762350] systemd[1]: Listening on Syslog Socket.
      [  OK  ] Listening on Syslog Socket.
      [   20.778198] systemd[1]: Listening on fsck to fsckd communication Socket.
      [  OK  ] Listening on fsck to fsckd communication Socket.
      [   20.802034] systemd[1]: Listening on initctl Compatibility Named Pipe.
      [  OK  ] Listening on initctl Compatibility Named Pipe.
      [   20.826511] systemd[1]: Listening on Journal Audit Socket.
      [  OK  ] Listening on Journal Audit Socket.
      [   20.846214] systemd[1]: Listening on Journal Socket (/dev/log).
      [  OK  ] Listening on Journal Socket (/dev/log).
      [   20.870241] systemd[1]: Listening on Journal Socket.
      [  OK  ] Listening on Journal Socket.
      [   20.893055] systemd[1]: Listening on udev Control Socket.
      [  OK  ] Listening on udev Control Socket.
      [   20.914179] systemd[1]: Listening on udev Kernel Socket.
      [  OK  ] Listening on udev Kernel Socket.
      [   20.949986] systemd[1]: Mounting Huge Pages File System...
               Mounting Huge Pages File System...
      [   20.967766] systemd[1]: Mounting POSIX Message Queue File System...
               Mounting POSIX Message Queue File System...
      [   20.991584] systemd[1]: Mounting RPC Pipe File System...
               Mounting RPC Pipe File System...
      [   21.007892] systemd[1]: Mounting Kernel Debug File System...
               Mounting Kernel Debug File System...
      [   21.026300] systemd[1]: Condition check resulted in Kernel Trace File System being skipped.
      [   21.035035] systemd[1]: Condition check resulted in Kernel Module supporting RPCSEC_GSS being skipped.
      [   21.047750] systemd[1]: Starting Restore / save the current clock...
               Starting Restore / save the current clock...
      [   21.072474] systemd[1]: Starting Set the console keyboard layout...
               Starting Set the console keyboard layout...
      [   21.094588] systemd[1]: Condition check resulted in Create list of static device nodes for the current kernel being skipped.
      [   21.096915] systemd[1]: Starting Load Kernel Module configfs...
               Starting Load Kernel Module configfs...
      [   21.124228] systemd[1]: Starting Load Kernel Module drm...
               Starting Load Kernel Module drm...
      [   21.144195] systemd[1]: Starting Load Kernel Module fuse...
               Starting Load Kernel Module fuse...
      [   21.164484] systemd[1]: Condition check resulted in Set Up Additional Binary Formats being skipped.
      [   21.173821] systemd[1]: Condition check resulted in File System Check on Root Device being skipped.
      [   21.185037] systemd[1]: Starting Journal Service...
               Starting Journal Service...
      [   21.205873] systemd[1]: Starting Load Kernel Modules...
               Starting Load Kernel Modules...
      [   21.224133] systemd[1]: Starting Remount Root and Kernel File Systems...
               Starting Remount Root and Kernel File Systems...
      [   21.248061] systemd[1]: Starting Coldplug All udev Devices...
               Starting Coldplug All udev Devices...
      [   21.271303] systemd[1]: Mounted Huge Pages File System.
      [  OK  ] Mounted Huge Pages File System.
      [   21.295780] systemd[1]: Mounted POSIX Message Queue File System.
      [  OK  ] Mounted POSIX Message Queue File System.
      [   21.318731] systemd[1]: Mounted RPC Pipe File System.
      [  OK  ] Mounted RPC Pipe File System.
      [   21.334459] systemd[1]: Mounted Kernel Debug File System.
      [  OK  ] Mounted Kernel Debug File System.
      [   21.358785] systemd[1]: Finished Restore / save the current clock.
      [  OK  ] Finished Restore / save the current clock.
      [   21.383145] systemd[1]: Finished Set the console keyboard layout.
      [  OK  ] Finished Set the console keyboard layout.
      [   21.406964] systemd[1]: modprobe@configfs.service: Succeeded.
      [   21.413264] systemd[1]: Finished Load Kernel Module configfs.
      [  OK  ] Finished Load Kernel Module configfs.
      [   21.434910] systemd[1]: modprobe@drm.service: Succeeded.
      [   21.440887] systemd[1]: Finished Load Kernel Module drm.
      [  OK  ] Finished Load Kernel Module drm.
      [   21.462603] systemd[1]: Started Journal Service.
      [  OK  ] Started Journal Service.
      [  OK  ] Finished Load Kernel Module fuse.
      [FAILED] Failed to start Load Kernel Modules.
      See 'systemctl status systemd-modules-load.service' for details.
      [   21.538414] EXT4-fs (mmcblk0p2): re-mounted. Quota mode: none.
      [  OK  ] Finished Remount Root and Kernel File Systems.
               Mounting FUSE Control File System...
               Mounting Kernel Configuration File System...
               Starting Flush Journal to Persistent Storage...
               Starting Load/Save Random Seed...
      [   21.648840] systemd-journald[185]: Received client request to flush runtime journal.
               Starting Apply Kernel Variables...
               Starting Create System Users...
      [  OK  ] Mounted FUSE Control File System.
      [  OK  ] Mounted Kernel Configuration File System.
      [  OK  ] Finished Load/Save Random Seed.
      [  OK  ] Finished Apply Kernel Variables.
      [  OK  ] Finished Create System Users.
               Starting Create Static Device Nodes in /dev...
      [  OK  ] Finished Create Static Device Nodes in /dev.
      [  OK  ] Finished Coldplug All udev Devices.
      [  OK  ] Reached target Local File Systems (Pre).
               Starting Helper to synchronize boot up for ifupdown...
               Starting Wait for udev To &plete Device Initialization...
               Starting Rule-based Manage&for Device Events and Files...
      [  OK  ] Finished Helper to synchronize boot up for ifupdown.
      [  OK  ] Finished Flush Journal to Persistent Storage.
      [  OK  ] Started Rule-based Manager for Device Events and Files.
               Starting Show Plymouth Boot Screen...
      [  OK  ] Started Show Plymouth Boot Screen.
      [  OK  ] Started Forward Password R&s to Plymouth Directory Watch.
      [  OK  ] Reached target Local Encrypted Volumes.
      [  OK  ] Found device /dev/ttyPS0.
      [  OK  ] Found device /dev/disk/by-partuuid/a22286d2-01.
      [  OK  ] Found device /dev/ttyS0.
      [  OK  ] Finished Wait for udev To Complete Device Initialization.
      [  OK  ] Listening on Load/Save RF &itch Status /dev/rfkill Watch.
               Starting File System Check&isk/by-partuuid/a22286d2-01...
      [  OK  ] Started File System Check Daemon to report status.
      [  OK  ] Finished File System Check&/disk/by-partuuid/a22286d2-01.
               Mounting /boot...
      [  OK  ] Mounted /boot.
      [  OK  ] Reached target Local File Systems.
               Starting Set console font and keymap...
               Starting Raise network interfaces...
               Starting Preprocess NFS configuration...
               Starting Tell Plymouth To Write Out Runtime Data...
               Starting Create Volatile Files and Directories...
      [  OK  ] Finished Set console font and keymap.
      [  OK  ] Finished Preprocess NFS configuration.
      [  OK  ] Reached target NFS client services.
      [  OK  ] Reached target Remote File Systems (Pre).
      [  OK  ] Reached target Remote File Systems.
      [  OK  ] Finished Tell Plymouth To Write Out Runtime Data.
      [  OK  ] Finished Create Volatile Files and Directories.
               Starting Network Time Synchronization...
               Starting Update UTMP about System Boot/Shutdown...
      [  OK  ] Finished Update UTMP about System Boot/Shutdown.
               Starting Load Kernel Modules...
      [  OK  ] Started Network Time Synchronization.
      [  OK  ] Reached target System Time Set.
      [  OK  ] Reached target System Time Synchronized.
      [  OK  ] Finished Raise network interfaces.
      [FAILED] Failed to start Load Kernel Modules.
      See 'systemctl status systemd-modules-load.service' for details.
      [  OK  ] Reached target System Initialization.
      [  OK  ] Started CUPS Scheduler.
      [  OK  ] Started Daily apt download activities.
      [  OK  ] Started Daily apt upgrade and clean activities.
      [  OK  ] Started Periodic ext4 Onli&ata Check for All Filesystems.
      [  OK  ] Started Discard unused blocks once a week.
      [  OK  ] Started Daily rotation of log files.
      [  OK  ] Started Daily man-db regeneration.
      [  OK  ] Started Daily Cleanup of Temporary Directories.
      [  OK  ] Reached target Paths.
      [  OK  ] Reached target Timers.
      [  OK  ] Listening on Avahi mDNS/DNS-SD Stack Activation Socket.
      [  OK  ] Listening on CUPS Scheduler.
      [  OK  ] Listening on D-Bus System Message Bus Socket.
      [  OK  ] Listening on Erlang Port Mapper Daemon Activation Socket.
      [  OK  ] Listening on GPS (Global P&ioning System) Daemon Sockets.
      [  OK  ] Listening on triggerhappy.socket.
      [  OK  ] Reached target Sockets.
      [  OK  ] Reached target Basic System.
               Starting Analog Devices power up/down sequence...
               Starting Avahi mDNS/DNS-SD Stack...
      [  OK  ] Started Regular background program processing daemon.
      [  OK  ] Started D-Bus System Message Bus.
               Starting dphys-swapfile - &unt, and delete a swap file...
               Starting Remove Stale Onli&t4 Metadata Check Snapshots...
      [  OK  ] Started fan-control.
               Starting Fix DP audio and X11 for Jupiter...
               Starting Creating IIOD Context Attributes......
               Starting Authorization Manager...
               Starting DHCP Client Daemon...
               Starting LSB: Switch to on&nless shift key is pressed)...
               Starting LSB: rng-tools (Debian variant)...
               Starting System Logging Service...
               Starting User Login Management...
               Starting triggerhappy global hotkey daemon...
               Starting Disk Manager...
               Starting WPA supplicant...
      [  OK  ] Started DHCP Client Daemon.
      [  OK  ] Started triggerhappy global hotkey daemon.
      [  OK  ] Finished Fix DP audio and X11 for Jupiter.
      [  OK  ] Started LSB: rng-tools (Debian variant).
      [  OK  ] Started System Logging Service.
      [  OK  ] Finished dphys-swapfile - &mount, and delete a swap file.
      [  OK  ] Started User Login Management.
      [  OK  ] Started Avahi mDNS/DNS-SD Stack.
      [  OK  ] Started WPA supplicant.
      [  OK  ] Reached target Network.
      [  OK  ] Reached target Network is Online.
               Starting CUPS Scheduler...
      [  OK  ] Started Erlang Port Mapper Daemon.
               Starting HTTP based time synchronization tool...
               Starting Internet superserver...
               Starting /etc/rc.local Compatibility...
               Starting OpenBSD Secure Shell server...
               Starting Permit User Sessions...
      [  OK  ] Started Unattended Upgrades Shutdown.
      [  OK  ] Started Authorization Manager.
               Starting Modem Manager...
      [  OK  ] Started /etc/rc.local Compatibility.
      [  OK  ] Finished Permit User Sessions.
               Starting Light Display Manager...
               Starting Hold until boot process finishes up...
      [  OK  ] Started HTTP based time synchronization tool.
      [  OK  ] Started Internet superserver.
      [  OK  ] Finished Creating IIOD Context Attributes....
      [  OK  ] Started IIO Daemon.
      [  OK  ] Started OpenBSD Secure Shell server.
      [FAILED] Failed to start VNC Server for X11.
      Raspbian GNU/Linux 11 analog ttyPS0
      analog login: root (automatic login)
      Linux analog 6.1.70-284114-g2e8908932dfd #1061 SMP Tue Mar 18 16:40:12 EET 2025 aarch64
      The programs included with the Debian GNU/Linux system are free software;
      the exact distribution terms for each program are described in the
      individual files in /usr/share/doc/*/copyright.
      Debian GNU/Linux comes with ABSOLUTELY NO WARRANTY, to the extent
      permitted by applicable law.
      Last login: Mon Apr 20 14:32:06 BST 2026 on ttyPS0
      root@analog:~#

Useful commands for the serial terminal
^^^^^^^^^^^^^^^^^^^^^^^^^^^^^^^^^^^^^^^^^^^^^^^^^^^^^^^^^^^^^^^^^^^^^^^^^^^^^^^

The below commands are to be run in the serial terminal connected to the FPGA.

**Login Information**

user: analog
password: analog

To find out the IP of the FPGA board, run the following command and take the
IP specified at "eth0 inet":

.. shell::

   $ifconfig

To see the IIO devices detected, run:

.. shell::

    $iio_info | grep iio:device
     iio:device0: hmc7044-fmc
     iio:device1: 0-0014
     iio:device2: 0-0016
     iio:device3: adrv9009-phy-c
     iio:device4: adrv9009-phy-d
     iio:device5: axi-adrv9009-rx-obs-hpc (buffer capable)
     iio:device6: axi-adrv9009-tx-hpc (buffer capable)
     iio:device7: axi-adrv9009-rx-hpc (buffer capable)

To check the clock status, use the ``iio_attr`` command to query the
:external+linux:doc:`HMC7044 <drivers/iio-pll/hmc7044>` status:

.. shell::

   $iio_attr -D hmc7044-fmc status
    --- PLL1 ---
    Status: Locked
    Using:  CLKIN3 @ 19200000 Hz
    PFD:    3840 kHz
    --- PLL2 ---
    Status: Locked (Unsynchronized)
    Frequency:      2949120000 Hz (Autocal cap bank value: 14)
    SYSREF Status:  Valid & Locked
    SYNC Status:    Unsynchronized
    Lock Status:    PLL1 & PLL2 Locked

To use the :dokuwiki:`JESD204 status utility <resources/tools-software/linux-software/jesd_status>`,
run:

.. shell::

   $TERM=vt100 jesd_status -s
     (DEVICES) Found 3 JESD204 Link Layer peripherals

     (0): 85a30000.axi-jesd204-tx
     (1): 85a70000.axi-jesd204-rx
     (2): 85a50000.axi-jesd204-rx

     (STATUS)               (0)          (1)        (2)
     Link is                 enabled      enabled    enabled
     Link Status             DATA         DATA       DATA
     Measured Link Clock     122.891      122.893    245.782
     Reported Link Clock     122.880      122.880    245.760
     Lane rate               4915.200     4915.200   9830.400
     Lane rate / 40          122.880      122.880    245.760
     LMFC rate               7.680        3.840      7.680
     SYSREF captured         Yes          Yes        Yes
     SYSREF alignment error  No           No         No
     SYNC~                   deasserted

     (LANE STATUS)                   (1)                          (2)
     Lane#                             0      1      2      3       0      1      2      3
     Errors                            0      0      0      0       0      0      0      0
     Latency (Multiframes/Octets)      2/54   2/55   2/53   2/53    2/79   2/86   2/77   2/78
     CGS State                         DATA   DATA   DATA   DATA    DATA   DATA   DATA   DATA
     Initial Frame Sync                Yes    Yes    Yes    Yes     Yes    Yes    Yes    Yes
     Initial Lane Alignment Sequence   Yes    Yes    Yes    Yes     Yes    Yes    Yes    Yes

Using the
:external+linux:doc:`JESD204 (FSM) Interface Linux Kernel Framework <drivers/jesd204/jesd204-fsm-framework>`,
the transceivers should always be in a synchronized state.

Additionally, if running ``stty rows 30`` before running ``jesd_status``, you
can expand the visible area of it and see more than 4 lanes.

To power off the system, run the following command, and wait for the final
message to be printed, then power off the FPGA board from the switch as well.

.. shell::

   $poweroff

To reboot the system, run:

.. shell::

   $reboot

.. important::

   Even though this is Linux, this is a persistent file system. Care should
   be taken not to corrupt the file system -- please shut down things, don't
   just turn off the power switch. Depending on your monitor, the standard
   power off could be hiding. You can do this from the terminal as well with
   :code:`sudo shutdown -h now` or the above-mentioned command for powering
   off.

Video configuration
^^^^^^^^^^^^^^^^^^^^^^^^^^^^^^^^^^^^^^^^^^^^^^^^^^^^^^^^^^^^^^^^^^^^^^^^^^^^^^^

The default configuration for most of the projects is to use the
HDMI output, but for this project the DisplayPort is used. In
order for it to work, you should follow the steps described here:
:ref:`DisplayPort No Picture <linux-kernel zynq>`
After following the steps, the board should be rebooted.

Using no-OS as software
-------------------------------------------------------------------------------

Necessary files
~~~~~~~~~~~~~~~~~~~~~~~~~~~~~~~~~~~~~~~~~~~~~~~~~~~~~~~~~~~~~~~~~~~~~~~~~~~~~~~

The following files are needed for the system to boot:

- HDL boot file: ``system_top.xsa``
- no-OS project: :git-no-os:`projects/adrv9009`

Instructions on how to build the boot files from source can be found here:

- More no-OS build details at :external+no-OS:doc:`build_guide`.
- :external+hdl:ref:`fmcomms8`. More HDL build details at
  :external+hdl:ref:`build_hdl`.

To build the no-OS project for FMCOMMS8 on ZCU102, apply the
following configuration changes in :git-no-os:`projects/adrv9009`:

#. In :git-no-os:`projects/adrv9009/src/app/app_config.h`,
   uncomment the ``FMCOMMS8_ZCU102`` define:

   .. code-block:: c

      #define FMCOMMS8_ZCU102

#. In :git-no-os:`projects/adrv9009/Makefile`, enable IIO support
   by changing ``IIOD`` from ``n`` to ``y``:

   .. code-block:: makefile

      IIOD ?= y

#. In :git-no-os:`projects/adrv9009/Makefile`, switch to the
   FMCOMMS8 transceiver profile by commenting out the default
   profile and uncommenting the wideband profile:

   .. code-block:: makefile

      #PROFILE = tx_bw100_ir122p88_rx_bw100_or122p88_orx_bw100_or122p88_dc122p88
      PROFILE = tx_bw200_ir245p76_rx_bw200_or245p76_orx_bw200_or245p76_dc245p76

Required Software
~~~~~~~~~~~~~~~~~~~~~~~~~~~~~~~~~~~~~~~~~~~~~~~~~~~~~~~~~~~~~~~~~~~~~~~~~~~~~~~

- AMD Xilinx Vivado and Vitis (downloading Vitis from `here
  <https://www.xilinx.com/support/download/index.html/content/xilinx/en/downloadNav/vitis.html>`_
  will include Vivado as well)
- An UART terminal (Putty/Tera Term/Minicom, etc.), Baud rate 115200 (8N1)

Required Hardware
~~~~~~~~~~~~~~~~~~~~~~~~~~~~~~~~~~~~~~~~~~~~~~~~~~~~~~~~~~~~~~~~~~~~~~~~~~~~~~~

- AMD Xilinx :xilinx:`ZCU102` Rev 1.1 or higher FPGA board and its power supply
- :adi:`EVAL-AD-FMCOMMS8-EBZ` FMC evaluation board
- 2x Micro-USB cables, one for UART and one for JTAG
- 4x UFL cables
- (Optional) USB keyboard & mouse and a DisplayPort compatible monitor

More details as to why you need these, can be found at :ref:`fmcomms8
prerequisites`.

Testing
~~~~~~~~~~~~~~~~~~~~~~~~~~~~~~~~~~~~~~~~~~~~~~~~~~~~~~~~~~~~~~~~~~~~~~~~~~~~~~~

Creating the setup
^^^^^^^^^^^^^^^^^^^^^^^^^^^^^^^^^^^^^^^^^^^^^^^^^^^^^^^^^^^^^^^^^^^^^^^^^^^^^^^

.. image:: ../images/fmcomms8_zcu102_no_os.jpeg
   :width: 900

Follow the steps in this order, to avoid damaging the components:

#. Connect the :adi:`EVAL-AD-FMCOMMS8-EBZ` FMC board to the ZCU102 **HPC0** FMC0
   socket
#. Configure :xilinx:`ZCU102` for JTAG boot mode (mode SW6[4:1] switch in the
   position **ON,ON,ON,ON**)

.. image:: ./../images/sw6_zcu102_no-OS.png
   :width: 900

#. Connect USB UART J83 (Micro USB) to your host PC
#. Connect USB JTAG (Micro USB) to your host PC
#. (Optional) Connect a monitor to the FPGA by DisplayPort, and a mouse and a keyboard
#. Turn on the power switch on the FPGA board
#. Observe console output messages on your terminal (use the first ttyUSB or COM
   port registered)

Console output
^^^^^^^^^^^^^^^^^^^^^^^^^^^^^^^^^^^^^^^^^^^^^^^^^^^^^^^^^^^^^^^^^^^^^^^^^^^^^^^

The following is what is printed in the serial console, after you have connected
to the proper ttyUSB or COM port:

.. collapsible:: Complete boot log

   ::

      talise: Device Revision 192, Firmware 6.2.1, API 3.6.2.1
      talise: Calibrations completed successfully
      Performing multi-chip synchronization...
      rx_jesd status:
              Link is enabled
              Measured Link Clock: 245.760 MHz
              Reported Link Clock: 245.760 MHz
              Lane rate: 9830.400 MHz
              Lane rate / 40: 245.760 MHz
              LMFC rate: 7.680 MHz
              Link status: DATA
              SYSREF captured: Yes
              SYSREF alignment error: No
      tx_jesd status:
              Link is enabled
              Measured Link Clock: 122.881 MHz
              Reported Link Clock: 122.880 MHz
              Lane rate: 4915.200 MHz
              Lane rate / 40: 122.880 MHz
              LMFC rate: 7.680 MHz
              SYNC~: deasserted
              Link status: DATA
              SYSREF captured: Yes
              SYSREF alignment error: No
      rx_os_jesd status:
              Link is enabled
              Measured Link Clock: 122.879 MHz
              Reported Link Clock: 122.880 MHz
              Lane rate: 4915.200 MHz
              Lane rate / 40: 122.880 MHz
              LMFC rate: 7.680 MHz
              Link status: DATA
              SYSREF captured: Yes
              SYSREF alignment error: No
      tx_dac: Successfully initialized (245758056 Hz)
      rx_adc: Successfully initialized (245759582 Hz)
      rx_os_adc: Successfully initialized (245758056 Hz)
      Running IIOD server...
      If successful, you may connect an IIO client application by:
         1. Disconnecting the serial terminal you use to view this message.
         2. Connecting the IIO client application using the serial backend configured as shown:
            Baudrate: 921600
            Data size: 8 bits
            Parity: none
            Stop bits: 1
            Flow control: none
