.. _fmcomms11 quickstart zc706:

ZC706 Quickstart
===============================================================================

.. image:: ../../images/zc706.png
  :width: 800

This guide provides quick instructions on how to setup the
:adi:`ad-fmcomms11-ebz` on:

- :xilinx:`ZC706`

Using Linux as software
-------------------------------------------------------------------------------

Necessary files
~~~~~~~~~~~~~~~~~~~~~~~~~~~~~~~~~~~~~~~~~~~~~~~~~~~~~~~~~~~~~~~~~~~~~~~~~~~~~~~

.. note::

  The SD card includes several folders in the root directory of the BOOT
  partition. In order to configure the SD card to work with a specific FPGA
  board and ADI hardware, several files must be copied onto the root directory.
  Using the host PC, drag and drop the required files onto the BOOT partition,
  and use the EJECT function when removing the SD card from the reader.

The following files are needed for the system to boot:

- HDL boot image:  ``BOOT.bin``
- Linux Kernel image: ``uImage``
- Linux device tree: ``devicetree.dtb``

They can either be taken from the SD card -- already generated by us, or you
can build them manually:

- Instructions on how to choose the boot files from the SD card can be found
  in the **Platform-Specific Manual Steps** section from here :external+kuiper:ref:`hardware-configuration`.
- Instructions on how to manually build the boot files from source can be
  found here:

   - :ref:`linux-kernel zynq`
   - :external+hdl:ref:`adrv9001` build documentation. More HDL build
     details at :external+hdl:ref:`build_hdl`.

.. important::

   Some projects provide multiple devicetree files in the SD card's boot
   folders. Make sure you select the devicetree that matches your specific use
   case.

Required software
~~~~~~~~~~~~~~~~~~~~~~~~~~~~~~~~~~~~~~~~~~~~~~~~~~~~~~~~~~~~~~~~~~~~~~~~~~~~~~~

- SD Card 16GB imaged with :external+kuiper:doc:`Kuiper <index>`
- A UART terminal (Putty/Tera Term/Minicom, etc.) with baud rate 115200 (8N1)

Required hardware
~~~~~~~~~~~~~~~~~~~~~~~~~~~~~~~~~~~~~~~~~~~~~~~~~~~~~~~~~~~~~~~~~~~~~~~~~~~~~~~

- :xilinx:`ZC706 <products/boards-and-kits/ek-z7-zc706-g.html>` FPGA board
  and its power supply
- :adi:`ad-fmcomms11-ebz` FMC board
- SD card with at least 16GB of memory
- 1x Mini-USB cable
- 1x Ethernet cable
- 1x SMA cable for loopback
- Optionally USB keyboard, mouse and an HDMI compatible monitor

More details as to why you need these, can be found at
:ref:`fmcomms11 prerequisites`.

Testing
~~~~~~~~~~~~~~~~~~~~~~~~~~~~~~~~~~~~~~~~~~~~~~~~~~~~~~~~~~~~~~~~~~~~~~~~~~~~~~~

Creating the setup
^^^^^^^^^^^^^^^^^^^^^^^^^^^^^^^^^^^^^^^^^^^^^^^^^^^^^^^^^^^^^^^^^^^^^^^^^^^^^^^

.. image:: ../images/system_test_setup.png
   :align: center
   :width: 600

.. esd-warning::

Follow the steps in this order, to avoid damaging the components:

#. Connect the :adi:`ad-fmcomms11-ebz` FMC board to the FPGA carrier **HPC FMC**
   socket (J37).
#. Connect USB UART (Mini-USB) to your host PC. J21
#. Insert SD card into socket (J30).
#. Configure ZC706 for SD BOOT (SW11: **1-Down, 2-Down, 3-Up, 4-Up, 5-Down**).
   Refer to the image below.

   .. image:: ../images/zilynx_switch_settings.png
      :align: center
      :width: 200

#. Plug the Power Supply into 12V Power input connector (J22)
#. Turn on the power switch on the FPGA board.
#. Wait ~30 seconds for the "DONE" LED to turn green. This is above the power
   switch.
#. Observe kernel and serial console messages on your terminal.

.. collapsible:: Optional: Local display connection (keyboard, mouse, monitor)

   You can also connect a monitor, keyboard and mouse directly to the board
   for a local connection. The UART connection is still recommended for
   debugging purposes. For the local connection, follow these additional
   steps:

   -  Plug your HDMI display device into the HDMI Video Connector (P1).
   -  Plug your USB mouse/keyboard into the USB 2.0 ULPI Controller, w/ Micro-B
      Connector (J49). You will have to use a USB hub to connect both mouse and
      keyboard. Some keyboards have a mouse or touch pad sharing the same USB
      connection or wireless dongle. This can be used to eliminate the use of a
      USB hub.
   -  Wait another ~30 seconds for the HDMI display device to start showing
      signs of life.

   .. note::

      The USB 2.0 circuit requires specific jumper settings for OTG mode.
      Ensure the following jumper settings on the ZC706 board
      (these are the defaults; verify them if USB is not working):

      * Shunt J10
      * J11 → open (no shunt)
      * J48 → Shunt pins 2–3
      * J49 → Shunt pins 1–2
      * J50 → Shunt pins 1–2
      * J51 → Shunt pins 1–2

.. seealso::
   For more detailed information on ZC706 switch configuration, check the
   *ZC706 Hardware User Guide* (chapter "Device Configuration")
   `here <https://docs.amd.com/v/u/en-US/ug954-zc706-eval-board-xc7z045-ap-soc>`__.

Boot messages
^^^^^^^^^^^^^^^^^^^^^^^^^^^^^^^^^^^^^^^^^^^^^^^^^^^^^^^^^^^^^^^^^^^^^^^^^^^^^^^

The following is what is printed in the serial console, after you have
connected to the proper ttyUSB or COM port:

.. note::

   If you are using a local connection (keyboard, mouse, monitor), you can
   view the boot log by opening a terminal and running the ``dmesg`` command.

.. collapsible:: Complete boot log

   ::

      [    0.000000] Booting Linux on physical CPU 0x0
      [    0.000000] Linux version 6.1.70-284094-g54eb23f4b5c6 (jenkins@romlxbuild1) (arm-xilinx-linux-gnueabi-gcc.real (GCC) 12.2.0, GNU ld (GNU Binutils) 2.39.0.20220819) #209 SMP PREEMPT Fri Nov  8 06:39:15 EET 2024
      [    0.000000] CPU: ARMv7 Processor [413fc090] revision 0 (ARMv7), cr=18c5387d
      [    0.000000] CPU: PIPT / VIPT nonaliasing data cache, VIPT aliasing instruction cache
      [    0.000000] OF: fdt: Machine model: Xilinx Zynq ZC706
      [    0.000000] OF: fdt: earlycon: stdout-path /amba@0/uart@E0001000 not found
      [    0.000000] Memory policy: Data cache writealloc
      [    0.000000] cma: Reserved 128 MiB at 0x38000000
      [    0.000000] Zone ranges:
      [    0.000000]   Normal   [mem 0x0000000000000000-0x000000002fffffff]
      [    0.000000]   HighMem  [mem 0x0000000030000000-0x000000003fffffff]
      [    0.000000] Movable zone start for each node
      [    0.000000] Early memory node ranges
      [    0.000000]   node   0: [mem 0x0000000000000000-0x000000003fffffff]
      [    0.000000] Initmem setup node 0 [mem 0x0000000000000000-0x000000003fffffff]
      [    0.000000] percpu: Embedded 11 pages/cpu s14420 r8192 d22444 u45056
      [    0.000000] pcpu-alloc: s14420 r8192 d22444 u45056 alloc=11*4096
      [    0.000000] pcpu-alloc: [0] 0 [0] 1
      [    0.000000] Built 1 zonelists, mobility grouping on.  Total pages: 260608
      [    0.000000] Kernel command line: console=ttyPS0,115200 root=/dev/mmcblk0p2 rw earlycon rootfstype=ext4 rootwait clk_ignore_unused cpuidle.off=1
      [    0.000000] Dentry cache hash table entries: 131072 (order: 7, 524288 bytes, linear)
      [    0.000000] Inode-cache hash table entries: 65536 (order: 6, 262144 bytes, linear)
      [    0.000000] mem auto-init: stack:all(zero), heap alloc:off, heap free:off
      [    0.000000] Memory: 881940K/1048576K available (12288K kernel code, 818K rwdata, 10376K rodata, 1024K init, 470K bss, 35564K reserved, 131072K cma-reserved, 131072K highmem)
      [    0.000000] rcu: Preemptible hierarchical RCU implementation.
      [    0.000000] rcu:     RCU event tracing is enabled.
      [    0.000000] rcu:     RCU restricting CPUs from NR_CPUS=4 to nr_cpu_ids=2.
      [    0.000000] rcu: RCU calculated value of scheduler-enlistment delay is 10 jiffies.
      [    0.000000] rcu: Adjusting geometry for rcu_fanout_leaf=16, nr_cpu_ids=2
      [    0.000000] NR_IRQS: 16, nr_irqs: 16, preallocated irqs: 16
      [    0.000000] efuse mapped to (ptrval)
      [    0.000000] slcr mapped to (ptrval)
      [    0.000000] L2C: platform modifies aux control register: 0x72360000 -> 0x72760000
      [    0.000000] L2C: DT/platform modifies aux control register: 0x72360000 -> 0x72760000
      [    0.000000] L2C-310 erratum 769419 enabled
      [    0.000000] L2C-310 enabling early BRESP for Cortex-A9
      [    0.000000] L2C-310 full line of zeros enabled for Cortex-A9
      [    0.000000] L2C-310 ID prefetch enabled, offset 1 lines
      [    0.000000] L2C-310 dynamic clock gating enabled, standby mode enabled
      [    0.000000] L2C-310 cache controller enabled, 8 ways, 512 kB
      [    0.000000] L2C-310: CACHE_ID 0x410000c8, AUX_CTRL 0x76760001
      [    0.000000] rcu: srcu_init: Setting srcu_struct sizes based on contention.
      [    0.000000] zynq_clock_init: clkc starts at (ptrval)
      [    0.000000] Zynq clock init
      [    0.000001] sched_clock: 64 bits at 167MHz, resolution 6ns, wraps every 4398046511103ns
      [    0.000022] clocksource: arm_global_timer: mask: 0xffffffffffffffff max_cycles: 0x26703d7dd8, max_idle_ns: 440795208065 ns
      [    0.000053] Switching to timer-based delay loop, resolution 6ns
      [    0.000138] clocksource: ttc_clocksource: mask: 0xffff max_cycles: 0xffff, max_idle_ns: 537538477 ns
      [    0.000179] timer #0 at (ptrval), irq=25
      [    0.000800] Console: colour dummy device 80x30
      [    0.000842] Calibrating delay loop (skipped), value calculated using timer frequency.. 333.33 BogoMIPS (lpj=1666666)
      [    0.000858] CPU: Testing write buffer coherency: ok
      [    0.000900] CPU0: Spectre v2: using BPIALL workaround
      [    0.000909] pid_max: default: 32768 minimum: 301
      [    0.001128] Mount-cache hash table entries: 2048 (order: 1, 8192 bytes, linear)
      [    0.001145] Mountpoint-cache hash table entries: 2048 (order: 1, 8192 bytes, linear)
      [    0.001953] CPU0: thread -1, cpu 0, socket 0, mpidr 80000000
      [    0.002783] Setting up static identity map for 0x100000 - 0x100060
      [    0.002967] rcu: Hierarchical SRCU implementation.
      [    0.002973] rcu:     Max phase no-delay instances is 1000.
      [    0.003433] smp: Bringing up secondary CPUs ...
      [    0.004325] CPU1: thread -1, cpu 1, socket 0, mpidr 80000001
      [    0.004344] CPU1: Spectre v2: using BPIALL workaround
      [    0.004472] smp: Brought up 1 node, 2 CPUs
      [    0.004485] SMP: Total of 2 processors activated (666.66 BogoMIPS).
      [    0.004495] CPU: All CPU(s) started in SVC mode.
      [    0.005123] devtmpfs: initialized
      [    0.010441] VFP support v0.3: implementor 41 architecture 3 part 30 variant 9 rev 4
      [    0.010665] clocksource: jiffies: mask: 0xffffffff max_cycles: 0xffffffff, max_idle_ns: 19112604462750000 ns
      [    0.010696] futex hash table entries: 512 (order: 3, 32768 bytes, linear)
      [    0.017292] pinctrl core: initialized pinctrl subsystem
      [    0.018561] NET: Registered PF_NETLINK/PF_ROUTE protocol family
      [    0.020825] DMA: preallocated 256 KiB pool for atomic coherent allocations
      [    0.021887] thermal_sys: Registered thermal governor 'step_wise'
      [    0.026462] platform axi: Fixed dependency cycle(s) with /axi/interrupt-controller@f8f01000
      [    0.029977] amba f8801000.etb: Fixed dependency cycle(s) with /replicator/out-ports/port@1/endpoint
      [    0.030171] amba f8803000.tpiu: Fixed dependency cycle(s) with /replicator/out-ports/port@0/endpoint
      [    0.030391] amba f8804000.funnel: Fixed dependency cycle(s) with /replicator/in-ports/port/endpoint
      [    0.030597] amba f889c000.ptm: Fixed dependency cycle(s) with /axi/funnel@f8804000/in-ports/port@0/endpoint
      [    0.030801] amba f889d000.ptm: Fixed dependency cycle(s) with /axi/funnel@f8804000/in-ports/port@1/endpoint
      [    0.036052] hw-breakpoint: found 5 (+1 reserved) breakpoint and 1 watchpoint registers.
      [    0.036066] hw-breakpoint: maximum watchpoint size is 4 bytes.
      [    0.036635] e0001000.serial: ttyPS0 at MMIO 0xe0001000 (irq = 27, base_baud = 3125000) is a xuartps
      [    0.464251] printk: console [ttyPS0] enabled
      [    0.479612] SCSI subsystem initialized
      [    0.482313] usbcore: registered new interface driver usbfs
      [    0.486562] usbcore: registered new interface driver hub
      [    0.490617] usbcore: registered new device driver usb
      [    0.494784] mc: Linux media interface: v0.10
      [    0.497800] videodev: Linux video capture interface: v2.00
      [    0.502078] pps_core: LinuxPPS API ver. 1 registered
      [    0.505745] pps_core: Software ver. 5.3.6 - Copyright 2005-2007 Rodolfo Giometti <giometti@linux.it>
      [    0.513580] PTP clock support registered
      [    0.516607] jesd204: created con: id=0, topo=0, link=0, /fpga-axi@0/axi-adxcvr-tx@44a60000 <-> /fpga-axi@0/axi-jesd204-tx@44a90000
      [    0.527081] jesd204: created con: id=1, topo=0, link=0, /fpga-axi@0/axi-jesd204-tx@44a90000 <-> /fpga-axi@0/axi-ad9162-hpc@44a04000
      [    0.537631] jesd204: created con: id=2, topo=0, link=0, /fpga-axi@0/axi-ad9162-hpc@44a04000 <-> /axi/spi@e0006000/ad9162@2
      [    0.547404] jesd204: /axi/spi@e0006000/ad9162@2: JESD204[0:0] transition uninitialized -> initialized
      [    0.555349] jesd204: found 4 devices and 1 topologies
      [    0.559133] FPGA manager framework
      [    0.561495] Advanced Linux Sound Architecture Driver Initialized.
      [    0.567565] clocksource: Switched to clocksource arm_global_timer
      [    0.582422] NET: Registered PF_INET protocol family
      [    0.586259] IP idents hash table entries: 16384 (order: 5, 131072 bytes, linear)
      [    0.594448] tcp_listen_portaddr_hash hash table entries: 512 (order: 0, 4096 bytes, linear)
      [    0.601585] Table-perturb hash table entries: 65536 (order: 6, 262144 bytes, linear)
      [    0.608049] TCP established hash table entries: 8192 (order: 3, 32768 bytes, linear)
      [    0.614567] TCP bind hash table entries: 8192 (order: 5, 131072 bytes, linear)
      [    0.620763] TCP: Hash tables configured (established 8192 bind 8192)
      [    0.625897] UDP hash table entries: 512 (order: 2, 16384 bytes, linear)
      [    0.631286] UDP-Lite hash table entries: 512 (order: 2, 16384 bytes, linear)
      [    0.637238] NET: Registered PF_UNIX/PF_LOCAL protocol family
      [    0.642193] RPC: Registered named UNIX socket transport module.
      [    0.646856] RPC: Registered udp transport module.
      [    0.650273] RPC: Registered tcp transport module.
      [    0.653665] RPC: Registered tcp NFSv4.1 backchannel transport module.
      [    0.659201] armv7-pmu f8891000.pmu: hw perfevents: no interrupt-affinity property, guessing.
      [    0.666534] hw perfevents: enabled with armv7_cortex_a9 PMU driver, 7 counters available
      [    0.674651] workingset: timestamp_bits=30 max_order=18 bucket_order=0
      [    0.680679] NFS: Registering the id_resolver key type
      [    0.684501] Key type id_resolver registered
      [    0.687370] Key type id_legacy registered
      [    0.690121] nfs4filelayout_init: NFSv4 File Layout Driver Registering...
      [    0.695513] nfs4flexfilelayout_init: NFSv4 Flexfile Layout Driver Registering...
      [    0.701865] fuse: init (API version 7.37)
      [    0.704977] bounce: pool size: 64 pages
      [    0.707539] io scheduler mq-deadline registered
      [    0.710775] io scheduler kyber registered
      [    0.714262] zynq-pinctrl 700.pinctrl: zynq pinctrl initialized
      [    0.723664] dma-pl330 f8003000.dma-controller: Loaded driver for PL330 DMAC-241330
      [    0.729969] dma-pl330 f8003000.dma-controller:       DBUFF-128x8bytes Num_Chans-8 Num_Peri-4 Num_Events-16
      [    0.747763] brd: module loaded
      [    0.755919] loop: module loaded
      [    0.758213] Registered mathworks_ip class
      [    0.761657] SPI driver spidev has no spi_device_id for adi,swspi
      [    0.769991] spi-nor spi1.0: found s25fl128s1, expected n25q128a11
      [    0.774906] spi-nor spi1.0: s25fl128s1 (16384 Kbytes)
      [    0.778832] 5 fixed-partitions partitions found on MTD device spi1.0
      [    0.783883] Creating 5 MTD partitions on "spi1.0":
      [    0.787366] 0x000000000000-0x000000500000 : "boot"
      [    0.792333] 0x000000500000-0x000000520000 : "bootenv"
      [    0.797426] 0x000000520000-0x000000540000 : "config"
      [    0.802453] 0x000000540000-0x000000fc0000 : "image"
      [    0.807382] 0x000000fc0000-0x000001000000 : "spare"
      [    0.812656] MACsec IEEE 802.1AE
      [    0.815670] tun: Universal TUN/TAP device driver, 1.6
      [    0.822051] macb e000b000.ethernet eth0: Cadence GEM rev 0x00020118 at 0xe000b000 irq 45 (00:0a:35:00:01:55)
      [    0.831115] usbcore: registered new interface driver asix
      [    0.835263] usbcore: registered new interface driver ax88179_178a
      [    0.840108] usbcore: registered new interface driver cdc_ether
      [    0.844669] usbcore: registered new interface driver net1080
      [    0.849070] usbcore: registered new interface driver cdc_subset
      [    0.853710] usbcore: registered new interface driver zaurus
      [    0.858055] usbcore: registered new interface driver cdc_ncm
      [    0.862436] usbcore: registered new interface driver r8153_ecm
      [    0.868594] usbcore: registered new interface driver uas
      [    0.872654] usbcore: registered new interface driver usb-storage
      [    0.877443] usbcore: registered new interface driver usbserial_generic
      [    0.882711] usbserial: USB Serial support registered for generic
      [    0.887443] usbcore: registered new interface driver ftdi_sio
      [    0.891919] usbserial: USB Serial support registered for FTDI USB Serial Device
      [    0.897968] usbcore: registered new interface driver upd78f0730
      [    0.902596] usbserial: USB Serial support registered for upd78f0730
      [    0.987587] ULPI transceiver vendor/product ID 0x0424/0x0007
      [    0.991865] Found SMSC USB3320 ULPI transceiver.
      [    0.995250] ULPI integrity check: passed.
      [    0.998055] ci_hdrc ci_hdrc.0: EHCI Host Controller
      [    1.001655] ci_hdrc ci_hdrc.0: new USB bus registered, assigned bus number 1
      [    1.047579] ci_hdrc ci_hdrc.0: USB 2.0 started, EHCI 1.00
      [    1.051849] usb usb1: New USB device found, idVendor=1d6b, idProduct=0002, bcdDevice= 6.01
      [    1.058832] usb usb1: New USB device strings: Mfr=3, Product=2, SerialNumber=1
      [    1.064752] usb usb1: Product: EHCI Host Controller
      [    1.068329] usb usb1: Manufacturer: Linux 6.1.70-284094-g54eb23f4b5c6 ehci_hcd
      [    1.074239] usb usb1: SerialNumber: ci_hdrc.0
      [    1.077957] hub 1-0:1.0: USB hub found
      [    1.080433] hub 1-0:1.0: 1 port detected
      [    1.085112] SPI driver ads7846 has no spi_device_id for ti,tsc2046
      [    1.089929] SPI driver ads7846 has no spi_device_id for ti,ads7843
      [    1.094844] SPI driver ads7846 has no spi_device_id for ti,ads7845
      [    1.099734] SPI driver ads7846 has no spi_device_id for ti,ads7873
      [    1.104945] i2c_dev: i2c /dev entries driver
      [    1.115647] si570 1-005d: registered, current frequency 156250000 Hz
      [    1.120826] i2c i2c-0: Added multiplexed i2c bus 1
      [    1.124713] i2c 2-0039: Fixed dependency cycle(s) with /fpga-axi@0/axi_hdmi@70e00000/port/endpoint
      [    1.132588] adv7511 2-0039: supply avdd not found, using dummy regulator
      [    1.138153] adv7511 2-0039: supply dvdd not found, using dummy regulator
      [    1.143612] adv7511 2-0039: supply pvdd not found, using dummy regulator
      [    1.149078] adv7511 2-0039: supply bgvdd not found, using dummy regulator
      [    1.154617] adv7511 2-0039: supply dvdd-3v not found, using dummy regulator
      [    1.171996] i2c i2c-0: Added multiplexed i2c bus 2
      [    1.176015] at24 3-0054: supply vcc not found, using dummy regulator
      [    1.182394] at24 3-0054: 1024 byte 24c08 EEPROM, writable, 1 bytes/write
      [    1.187902] i2c i2c-0: Added multiplexed i2c bus 3
      [    1.191851] pca953x 4-0021: supply vcc not found, using dummy regulator
      [    1.197287] pca953x 4-0021: using no AI
      [    1.202644] i2c i2c-0: Added multiplexed i2c bus 4
      [    1.209193] rtc-pcf8563 5-0051: low voltage detected, date/time is not reliable.
      [    1.215473] rtc-pcf8563 5-0051: registered as rtc0
      [    1.220384] rtc-pcf8563 5-0051: low voltage detected, date/time is not reliable.
      [    1.226470] rtc-pcf8563 5-0051: hctosys: unable to read the hardware clock
      [    1.233442] i2c i2c-0: Added multiplexed i2c bus 5
      [    1.237455] at24 6-0050: supply vcc not found, using dummy regulator
      [    1.243513] at24 6-0050: 256 byte 24c02 EEPROM, writable, 1 bytes/write
      [    1.249146] i2c i2c-0: Added multiplexed i2c bus 6
      [    1.252909] i2c i2c-0: Added multiplexed i2c bus 7
      [    1.256664] i2c i2c-0: Added multiplexed i2c bus 8
      [    1.260174] pca954x 0-0074: registered 8 multiplexed busses for I2C switch pca9548
      [    1.267448] gspca_main: v2.14.0 registered
      [    1.270340] usbcore: registered new interface driver uvcvideo
      [    1.278263] cdns-wdt f8005000.watchdog: Xilinx Watchdog Timer with timeout 10s
      [    1.284479] Xilinx Zynq CpuIdle Driver started
      [    1.287635] failed to register cpuidle driver
      [    1.290952] sdhci: Secure Digital Host Controller Interface driver
      [    1.295821] sdhci: Copyright(c) Pierre Ossman
      [    1.298898] sdhci-pltfm: SDHCI platform and OF driver helper
      [    1.304819] ledtrig-cpu: registered to indicate activity on CPUs
      [    1.309633] hid: raw HID events driver (C) Jiri Kosina
      [    1.315942] usbcore: registered new interface driver usbhid
      [    1.320231] usbhid: USB HID core driver
      [    1.323253] SPI driver fb_seps525 has no spi_device_id for syncoam,seps525
      [    1.327592] mmc0: SDHCI controller on e0100000.mmc [e0100000.mmc] using ADMA
      [    1.337855] ad8366 spi0.4: supply vcc not found, using dummy regulator
      [    1.343590] ad8366 spi0.6: supply vcc not found, using dummy regulator
      [    1.352363] adf5355 spi0.5: supply vcc not found, using dummy regulator
      [    1.362205] ad9162 spi0.2: Failed to setup device
      [    1.366185] SPI driver adis16475 has no spi_device_id for adi,adis16470
      [    1.371566] SPI driver adis16475 has no spi_device_id for adi,adis16475-1
      [    1.377057] SPI driver adis16475 has no spi_device_id for adi,adis16475-2
      [    1.382559] SPI driver adis16475 has no spi_device_id for adi,adis16475-3
      [    1.388070] SPI driver adis16475 has no spi_device_id for adi,adis16477-1
      [    1.393557] SPI driver adis16475 has no spi_device_id for adi,adis16477-2
      [    1.399062] SPI driver adis16475 has no spi_device_id for adi,adis16477-3
      [    1.404545] SPI driver adis16475 has no spi_device_id for adi,adis16465-1
      [    1.410069] SPI driver adis16475 has no spi_device_id for adi,adis16465-2
      [    1.415552] SPI driver adis16475 has no spi_device_id for adi,adis16465-3
      [    1.421066] SPI driver adis16475 has no spi_device_id for adi,adis16467-1
      [    1.426567] SPI driver adis16475 has no spi_device_id for adi,adis16467-2
      [    1.432080] SPI driver adis16475 has no spi_device_id for adi,adis16467-3
      [    1.437576] SPI driver adis16475 has no spi_device_id for adi,adis16500
      [    1.442884] SPI driver adis16475 has no spi_device_id for adi,adis16501
      [    1.442902] mmc0: new high speed SDHC card at address 0001
      [    1.448199] SPI driver adis16475 has no spi_device_id for adi,adis16505-1
      [    1.453032] mmcblk0: mmc0:0001 USD 29.1 GiB
      [    1.457873] SPI driver adis16475 has no spi_device_id for adi,adis16505-2
      [    1.466303] SPI driver adis16475 has no spi_device_id for adi,adis16505-3
      [    1.471871] SPI driver adis16475 has no spi_device_id for adi,adis16507-1
      [    1.471895]  mmcblk0: p1 p2 p3
      [    1.477353] SPI driver adis16475 has no spi_device_id for adi,adis16507-2
      [    1.484577] SPI driver adis16475 has no spi_device_id for adi,adis16507-3
      [    1.490064] SPI driver adis16475 has no spi_device_id for adi,adis16575-2
      [    1.495538] SPI driver adis16475 has no spi_device_id for adi,adis16575-3
      [    1.501025] SPI driver adis16475 has no spi_device_id for adi,adis16576-2
      [    1.506501] SPI driver adis16475 has no spi_device_id for adi,adis16576-3
      [    1.511988] SPI driver adis16475 has no spi_device_id for adi,adis16577-2
      [    1.517464] SPI driver adis16475 has no spi_device_id for adi,adis16577-3
      [    1.545247] axi_adxcvr_drv 44a50000.axi-adxcvr-rx: AXI-ADXCVR-RX (17.05.a) using CPLL on GTX2 at 0x44A50000. Number of lanes: 8.
      [    1.556730] axi-jesd204-rx 44aa0000.axi-jesd204-rx: AXI-JESD204-RX (1.07.a) at 0x44AA0000. Encoder 8b10b, width 4/4, lanes 8.
      [    1.568558] axi_sysid 45000000.axi-sysid-0: AXI System ID core version (1.01.a) found
      [    1.575220] axi_sysid 45000000.axi-sysid-0: [fmcomms11] [DAC_FIFO_ADDR_WIDTH=15 ADC_FIFO_ADDR_WIDTH=15] on [zc706] git branch <hdl_2023_r2> git <2156ac7e874a1dc321d9f64a325009fafe563419> clean [2024-11-01 19:06:31] UTC
      [    1.594050] fpga_manager fpga0: Xilinx Zynq FPGA Manager registered
      [    1.599967] usbcore: registered new interface driver snd-usb-audio
      [    1.608355] NET: Registered PF_INET6 protocol family
      [    1.613399] Segment Routing with IPv6
      [    1.615817] In-situ OAM (IOAM) with IPv6
      [    1.618543] sit: IPv6, IPv4 and MPLS over IPv4 tunneling driver
      [    1.623863] NET: Registered PF_PACKET protocol family
      [    1.627836] NET: Registered PF_IEEE802154 protocol family
      [    1.631965] Key type dns_resolver registered
      [    1.635122] zynq_pm_remap_ocm: OCM pool is not available
      [    1.639146] zynq_pm_suspend_init: Unable to map OCM.
      [    1.642820] Registering SWP/SWPB emulation handler
      [    1.656736] of-fpga-region fpga-full: FPGA Region probed
      [    1.661752] [drm] Initialized axi_hdmi_drm 1.0.0 20120930 for 70e00000.axi_hdmi on minor 0
      [    1.670813] axi-hdmi 70e00000.axi_hdmi: [drm] Cannot find any crtc or sizes
      [    1.677969] axi-hdmi 70e00000.axi_hdmi: [drm] Cannot find any crtc or sizes
      [    1.688743] axi-hdmi 70e00000.axi_hdmi: [drm] Cannot find any crtc or sizes
      [    1.824564] ad9467 spi0.1: AD9625 PLL LOCKED
      [    1.831282] axi_adxcvr_drv 44a60000.axi-adxcvr-tx: AXI-ADXCVR-TX (17.05.a) using QPLL on GTX2 at 0x44A60000. Number of lanes: 8.
      [    1.842393] axi-jesd204-tx 44a90000.axi-jesd204-tx: AXI-JESD204-TX (1.06.a) at 0x44A90000. Encoder 8b10b, width 4/4, lanes 8, jesd204-fsm.
      [    1.856648] debugfs: File 'Capture' in directory 'dapm' already present!
      [    1.883375] cf_axi_adc 44a10000.axi-ad9625-hpc: ADI AIM (10.03.\x00) at 0x44A10000 mapped to 0x(ptrval) probed ADC AD9625 as MASTER
      [    1.895691] input: gpio_keys as /devices/soc0/gpio_keys/input/input0
      [    1.901275] of_cfs_init
      [    1.902441] of_cfs_init: OK
      [    1.904204] clk: Not disabling unused clocks
      [    1.907167] ALSA device list:
      [    1.908857]   #0: HDMI monitor
      [    1.930671] EXT4-fs (mmcblk0p2): mounted filesystem with ordered data mode. Quota mode: disabled.
      [    1.938316] VFS: Mounted root (ext4 filesystem) on device 179:2.
      [    1.969063] devtmpfs: mounted
      [    1.972318] Freeing unused kernel image (initmem) memory: 1024K
      [    1.977676] Run /sbin/init as init process
      [    1.980462]   with arguments:
      [    1.980468]     /sbin/init
      [    1.980474]   with environment:
      [    1.980479]     HOME=/
      [    1.980484]     TERM=linux
      [    2.574965] systemd[1]: System time before build time, advancing clock.
      [    2.641886] systemd[1]: systemd 247.3-7+rpi1+deb11u6 running in system mode. (+PAM +AUDIT +SELINUX +IMA +APPARMOR +SMACK +SYSVINIT +UTMP +LIBCRYPTSETUP +GCRYPT +GNUTLS +ACL +XZ +LZ4 +ZSTD +SECCOMP +BLKID +ELFUTILS +KMOD +IDN2 -IDN +PCRE2 default-hierarchy=unified)
      [    2.664691] systemd[1]: Detected architecture arm.
      [    2.719172] systemd[1]: Set hostname to <analog>.
      [    4.789207] systemd[1]: /lib/systemd/system/plymouth-start.service:16: Unit configured to use KillMode=none. This is unsafe, as it disables systemd's process lifecycle management for the service. Please update your service to use a safer KillMode=, such as 'mixed' or 'control-group'. Support for KillMode=none is deprecated and will eventually be removed.
      [    5.012166] systemd[1]: /lib/systemd/system/iiod.service:14: Invalid environment assignment, ignoring: $IIOD_EXTRA_OPTS=
      [    5.154082] systemd[1]: Queued start job for default target Graphical Interface.
      [    7.427581] random: crng init done
      [    7.430108] systemd[1]: system-getty.slice: unit configures an IP firewall, but the local system does not support BPF/cgroup firewalling.
      [    7.441205] systemd[1]: (This warning is only shown for the first unit using IP firewalling.)
      [    7.449645] systemd[1]: Created slice system-getty.slice.
      [    7.498630] systemd[1]: Created slice system-modprobe.slice.
      [    7.548590] systemd[1]: Created slice system-serial\x2dgetty.slice.
      [    7.598547] systemd[1]: Created slice system-systemd\x2dfsck.slice.
      [    7.648309] systemd[1]: Created slice User and Session Slice.
      [    7.698206] systemd[1]: Started Forward Password Requests to Wall Directory Watch.
      [    7.748089] systemd[1]: Condition check resulted in Arbitrary Executable File Formats File System Automount Point being skipped.
      [    7.759749] systemd[1]: Reached target Slices.
      [    7.797981] systemd[1]: Reached target Swap.
      [    7.837825] systemd[1]: Listening on Syslog Socket.
      [    7.878477] systemd[1]: Listening on fsck to fsckd communication Socket.
      [    7.928073] systemd[1]: Listening on initctl Compatibility Named Pipe.
      [    8.012039] systemd[1]: Condition check resulted in Journal Audit Socket being skipped.
      [    8.019758] systemd[1]: Listening on Journal Socket (/dev/log).
      [    8.068734] systemd[1]: Listening on Journal Socket.
      [    8.108573] systemd[1]: Listening on udev Control Socket.
      [    8.158473] systemd[1]: Listening on udev Kernel Socket.
      [    8.208709] systemd[1]: Condition check resulted in Huge Pages File System being skipped.
      [    8.216218] systemd[1]: Condition check resulted in POSIX Message Queue File System being skipped.
      [    8.268125] systemd[1]: Mounting RPC Pipe File System...
      [    8.311463] systemd[1]: Mounting Kernel Debug File System...
      [    8.348342] systemd[1]: Condition check resulted in Kernel Trace File System being skipped.
      [    8.355994] systemd[1]: Condition check resulted in Kernel Module supporting RPCSEC_GSS being skipped.
      [    8.418588] systemd[1]: Starting Restore / save the current clock...
      [    8.463606] systemd[1]: Starting Set the console keyboard layout...
      [    8.507967] systemd[1]: Condition check resulted in Create list of static device nodes for the current kernel being skipped.
      [    8.522819] systemd[1]: Starting Load Kernel Module configfs...
      [    8.561681] systemd[1]: Starting Load Kernel Module drm...
      [    8.591618] systemd[1]: Starting Load Kernel Module fuse...
      [    8.621990] systemd[1]: Condition check resulted in Set Up Additional Binary Formats being skipped.
      [    8.630253] systemd[1]: Condition check resulted in File System Check on Root Device being skipped.
      [    8.641809] systemd[1]: Starting Journal Service...
      [    8.674426] systemd[1]: Starting Load Kernel Modules...
      [    8.712123] systemd[1]: Starting Remount Root and Kernel File Systems...
      [    8.738782] systemd[1]: Starting Coldplug All udev Devices...
      [    8.797233] systemd[1]: Mounted RPC Pipe File System.
      [    8.848730] systemd[1]: Mounted Kernel Debug File System.
      [    8.889138] systemd[1]: Finished Restore / save the current clock.
      [    8.974218] systemd[1]: modprobe@configfs.service: Succeeded.
      [    9.068645] systemd[1]: Finished Load Kernel Module configfs.
      [    9.109601] systemd[1]: modprobe@drm.service: Succeeded.
      [    9.117807] systemd[1]: Finished Load Kernel Module drm.
      [    9.129856] systemd[1]: modprobe@fuse.service: Succeeded.
      [    9.157822] systemd[1]: Finished Load Kernel Module fuse.
      [    9.208613] systemd[1]: systemd-modules-load.service: Main process exited, code=exited, status=1/FAILURE
      [    9.228160] systemd[1]: systemd-modules-load.service: Failed with result 'exit-code'.
      [    9.238632] systemd[1]: Failed to start Load Kernel Modules.
      [    9.258041] EXT4-fs (mmcblk0p2): re-mounted. Quota mode: disabled.
      [    9.269450] systemd[1]: Started Journal Service.
      [    9.555014] systemd-journald[102]: Received client request to flush runtime journal.
      [    9.595144] systemd-journald[102]: File /var/log/journal/f9e04b53f8684535980c0631e0310355/system.journal corrupted or uncleanly shut down, renaming and replacing.
      [   12.012677] platform 44a00000.axi-ad9162-hpc: deferred probe pending
      [   18.208913] Adding 102396k swap on /var/swap.  Priority:-2 extents:1 across:102396k SS
      [   19.202370] macb e000b000.ethernet eth0: PHY [e000b000.ethernet-ffffffff:07] driver [Marvell 88E1116R] (irq=POLL)
      [   19.202402] macb e000b000.ethernet eth0: configuring for phy/rgmii-id link mode
      [   22.330018] macb e000b000.ethernet eth0: Link is Up - 1Gbps/Full - flow control off
      [   22.330059] IPv6: ADDRCONF(NETDEV_CHANGE): eth0: link becomes ready

Useful commands for the serial terminal
^^^^^^^^^^^^^^^^^^^^^^^^^^^^^^^^^^^^^^^^^^^^^^^^^^^^^^^^^^^^^^^^^^^^^^^^^^^^^^^

The below commands are to be run in the serial terminal connected to the FPGA.

To find out the IP of the FPGA board, run the following command and take the
IP specified at "eth0 inet":

.. shell::

   $ifconfig

To see the IIO devices detected, run:

.. shell::

   $iio_info | grep iio:device

.. Add here the output of the command

To use the :dokuwiki:`JESD204 status utility <resources/tools-software/linux-software/jesd_status>`,
run:

.. shell::

   $jesd_status

Additionally, if running ``stty rows 30`` before running ``jesd_status``, you
can expand the visible area of it and see more than 4 lanes.

To power off the system, run the following command, and wait for the final
message to be printed, then power off the FPGA board from the switch as well.

.. shell::

   $poweroff

To reboot the system, run:

.. shell::

   $reboot

.. important::

   Even though this is Linux, this is a persistent file system. Care should
   be taken not to corrupt the file system -- always shut down properly, don't
   just turn off the power switch. You can do this from the terminal with
   :code:`sudo shutdown -h now` or the above-mentioned :code:`poweroff` command.

   If you are using a local display connection, you can also use the GUI
   power off button:

   .. image:: ../images/shutdown.png
      :width: 300
