.. _ad_fmcdaq2_ebz quickstart zcu102:

ZCU102 Quickstart
===============================================================================

This guide provides some quick instructions on how to setup the
:adi:`AD-FMCDAQ2-EBZ` on:

- :xilinx:`ZCU102` FMC0 HPC0

.. image:: ../../images/zcu102.jpg
   :width: 900

.. esd-warning::

Using Linux as software
-------------------------------------------------------------------------------

Necessary files
~~~~~~~~~~~~~~~~~~~~~~~~~~~~~~~~~~~~~~~~~~~~~~~~~~~~~~~~~~~~~~~~~~~~~~~~~~~~~~~

.. note::

  The SD card includes several folders in the root directory of the BOOT
  partition. In order to configure the SD card to work with a specific FPGA
  board and ADI hardware, several files must be copied onto the root directory.
  Using the host PC, drag and drop the required files onto the BOOT partition,
  and use the EJECT function when removing the SD card from the reader.

The following files are needed for the system to boot:

- HDL boot image: ``BOOT.BIN``
- Linux Kernel image: ``Image``
- Linux device tree: ``system.dtb``

They can either be taken from the SD card -- already generated by us, or you can
build them manually:

- Instructions on how to choose the boot files from the SD card can be found in
  the **Platform-Specific Manual Steps** section from here:
  :external+kuiper:ref:`hardware-configuration`.
- Instructions on how to manually build the boot files from source can be found
  here:

   - :ref:`linux-kernel zynqmp`
   - :external+hdl:ref:`daq2` build documentation. More HDL build details at
     :external+hdl:ref:`build_hdl`.

.. important::

  Some projects provide multiple devicetree files in the SD card's boot folders.
  Make sure you select the devicetree that matches your specific use case.

Required Software
~~~~~~~~~~~~~~~~~~~~~~~~~~~~~~~~~~~~~~~~~~~~~~~~~~~~~~~~~~~~~~~~~~~~~~~~~~~~~~~

- SD Card 16GB imaged with :external+kuiper:doc:`Kuiper <index>` (check out that
  guide on how to do it, then come back to this section)
- A UART terminal (Putty/Tera Term/Minicom, etc.) with baud rate 115200 (8N1)

Required Hardware
~~~~~~~~~~~~~~~~~~~~~~~~~~~~~~~~~~~~~~~~~~~~~~~~~~~~~~~~~~~~~~~~~~~~~~~~~~~~~~~

- AMD Xilinx :xilinx:`ZCU102` Rev 1.0 FPGA board and its power supply
- :adi:`AD-FMCDAQ2-EBZ` FMC evaluation board
- SD card with at least 16GB of memory
- Micro-USB cable (UART)
- LAN cable (Ethernet)
- (Optional) 2x SMA cable for analog signal loopback
- (Optional) Ethernet cable
- (Optional) USB keyboard & mouse and a HDMI compatible monitor

More details as to why you need these, can be found at :ref:`ad_fmcdaq2_ebz prerequisites`.

Testing
~~~~~~~~~~~~~~~~~~~~~~~~~~~~~~~~~~~~~~~~~~~~~~~~~~~~~~~~~~~~~~~~~~~~~~~~~~~~~~~

Creating the setup
^^^^^^^^^^^^^^^^^^^^^^^^^^^^^^^^^^^^^^^^^^^^^^^^^^^^^^^^^^^^^^^^^^^^^^^^^^^^^^^

.. image:: ./../images/ad-fmcdaq2-ebz_zcu102_setup_linux.png
   :width: 900

.. caution::

    This project was tested with **VADJ = 1.8V**

In the following example, we will make a physical loopback between the ADC and
the DAC channels on the evaluation board, using SMA cables.

Follow the steps in this order, to avoid damaging the components:

You will need to:

#. Get the :xilinx:`ZCU102 <products/boards-and-kits/ek-u1-zcu102-g.html>`
#. Insert the SD-CARD into the SD Card Interface Connector (J100)
#. Plug the AD-FMCDAQ2-EBZ into the HPC0 FMC0 Connector
#. Connect USB UART J83 (Micro USB) to your host PC
#. (Optional) Connect a monitor to the FPGA by HDMI, and a mouse and a keyboard
#. Plug the Power Supply into 12V Power input connector (J52)
#. Configure :xilinx:`ZCU102` for SD card boot mode (mode SW6[4:1] switch in the
   position **OFF,OFF,OFF,ON** as seen in the below picture)
#. Turn on the power switch on the FPGA board
#. Observe Kernel and serial console output messages on your terminal (use the
   first ttyUSB or COM port registered)

Boot messages
^^^^^^^^^^^^^^^^^^^^^^^^^^^^^^^^^^^^^^^^^^^^^^^^^^^^^^^^^^^^^^^^^^^^^^^^^^^^^^^

.. collapsible:: Complete boot log

    ::

      U-Boot 2018.01-21442-gf06dec3cab (May 22 2024 - 17:46:13 +0300) Xilinx ZynqMP ZCU102 revA, Build: jenkins-development-build_uboot-31
      I2C:   ready
      DRAM:  4 GiB
      EL Level:       EL2
      Chip ID:        zu9eg
      MMC:   sdhci@ff170000: 0 (SD)
      *** Warning - bad CRC, using default environment
      In:    serial@ff000000
      Out:   serial@ff000000
      Err:   serial@ff000000
      Bootmode: LVL_SHFT_SD_MODE1
      Net:   ZYNQ GEM: ff0e0000, phyaddr 15, interface rgmii-id
      Warning: ethernet@ff0e0000 using MAC address from ROM
      eth0: ethernet@ff0e0000
      Hit any key to stop autoboot:  0
      switch to partitions #0, OK
      mmc0 is current device
      Device: sdhci@ff170000
      Manufacturer ID: 1d
      OEM: 4144
      Name: 00000
      Tran Speed: 50000000
      Rd Block Len: 512
      SD version 3.0
      High Capacity: Yes
      Capacity: 29.1 GiB
      Bus Width: 4-bit
      Erase Group Size: 512 Bytes
      reading uEnv.txt
      407 bytes read in 23 ms (16.6 KiB/s)
      Loaded environment from uEnv.txt
      Importing environment from SD ...
      Running uenvcmd ...
      Copying Linux from SD to RAM...
      ** No boot file defined **
      reading system.dtb
      59222 bytes read in 32 ms (1.8 MiB/s)
      reading Image
      38605312 bytes read in 2552 ms (14.4 MiB/s)
      ## Flattened Device Tree blob at 04000000
      Booting using the fdt blob at 0x4000000
      Loading Device Tree to 000000000ffee000, end 000000000ffff755 ... OK
      Starting kernel ...
      [    0.000000] Booting Linux on physical CPU 0x0000000000 [0x410fd034]
      [    0.000000] Linux version 6.1.70-284114-g2e8908932dfd (jenkins@romlxbuild1) (aarch64-xilinx-linux-gcc.real (GCC) 12.2.0, GNU ld (GNU Binutils) 2.39.0.20220819) #1061 SMP Tue Mar 18 16:40:12 EET 2025
      [    0.000000] Machine model: ZynqMP ZCU102 Rev1.0
      [    0.000000] earlycon: cdns0 at MMIO 0x00000000ff000000 (options '115200n8')
      [    0.000000] printk: bootconsole [cdns0] enabled
      [    0.000000] efi: UEFI not found.
      [    0.000000] Zone ranges:
      [    0.000000]   DMA      [mem 0x0000000000000000-0x00000000ffffffff]
      [    0.000000]   DMA32    empty
      [    0.000000]   Normal   [mem 0x0000000100000000-0x000000087fffffff]
      [    0.000000] Movable zone start for each node
      [    0.000000] Early memory node ranges
      [    0.000000]   node   0: [mem 0x0000000000000000-0x000000007fffffff]
      [    0.000000]   node   0: [mem 0x0000000800000000-0x000000087fffffff]
      [    0.000000] Initmem setup node 0 [mem 0x0000000000000000-0x000000087fffffff]
      [    0.000000] cma: Reserved 256 MiB at 0x0000000070000000
      [    0.000000] psci: probing for conduit method from DT.
      [    0.000000] psci: PSCIv1.1 detected in firmware.
      [    0.000000] psci: Using standard PSCI v0.2 function IDs
      [    0.000000] psci: MIGRATE_INFO_TYPE not supported.
      [    0.000000] psci: SMC Calling Convention v1.2
      [    0.000000] percpu: Embedded 18 pages/cpu s34536 r8192 d31000 u73728
      [    0.000000] Detected VIPT I-cache on CPU0
      [    0.000000] CPU features: detected: ARM erratum 845719
      [    0.000000] alternatives: applying boot alternatives
      [    0.000000] Built 1 zonelists, mobility grouping on.  Total pages: 1034240
      [    0.000000] Kernel command line: console=ttyPS0,115200 root=/dev/mmcblk0p2 rw earlycon rootfstype=ext4 rootwait clk_ignore_unused cpuidle.off=1 root=/dev/mmcblk0p2 rw rootwait
      [    0.000000] Dentry cache hash table entries: 524288 (order: 10, 4194304 bytes, linear)
      [    0.000000] Inode-cache hash table entries: 262144 (order: 9, 2097152 bytes, linear)
      [    0.000000] mem auto-init: stack:all(zero), heap alloc:off, heap free:off
      [    0.000000] software IO TLB: area num 4.
      [    0.000000] software IO TLB: mapped [mem 0x000000006c000000-0x0000000070000000] (64MB)
      [    0.000000] Memory: 3755116K/4194304K available (17408K kernel code, 1732K rwdata, 15684K rodata, 2752K init, 658K bss, 177044K reserved, 262144K cma-reserved)
      [    0.000000] rcu: Hierarchical RCU implementation.
      [    0.000000] rcu:     RCU event tracing is enabled.
      [    0.000000] rcu:     RCU restricting CPUs from NR_CPUS=8 to nr_cpu_ids=4.
      [    0.000000] rcu: RCU calculated value of scheduler-enlistment delay is 25 jiffies.
      [    0.000000] rcu: Adjusting geometry for rcu_fanout_leaf=16, nr_cpu_ids=4
      [    0.000000] NR_IRQS: 64, nr_irqs: 64, preallocated irqs: 0
      [    0.000000] GIC: Adjusting CPU interface base to 0x00000000f902f000
      [    0.000000] Root IRQ handler: gic_handle_irq
      [    0.000000] GIC: Using split EOI/Deactivate mode
      [    0.000000] rcu: srcu_init: Setting srcu_struct sizes based on contention.
      [    0.000000] arch_timer: cp15 timer(s) running at 100.00MHz (phys).
      [    0.000000] clocksource: arch_sys_counter: mask: 0x1ffffffffffffff max_cycles: 0x171024e7e0, max_idle_ns: 440795205315 ns
      [    0.000000] sched_clock: 57 bits at 100MHz, resolution 10ns, wraps every 4398046511100ns
      [    0.008428] Console: colour dummy device 80x25
      [    0.012485] Calibrating delay loop (skipped), value calculated using timer frequency.. 200.00 BogoMIPS (lpj=400000)
      [    0.022839] pid_max: default: 32768 minimum: 301
      [    0.027566] Mount-cache hash table entries: 8192 (order: 4, 65536 bytes, linear)
      [    0.034787] Mountpoint-cache hash table entries: 8192 (order: 4, 65536 bytes, linear)
      [    0.043540] rcu: Hierarchical SRCU implementation.
      [    0.047321] rcu:     Max phase no-delay instances is 1000.
      [    0.052775] EFI services will not be available.
      [    0.057164] smp: Bringing up secondary CPUs ...
      [    0.061906] Detected VIPT I-cache on CPU1
      [    0.061980] CPU1: Booted secondary processor 0x0000000001 [0x410fd034]
      [    0.062400] Detected VIPT I-cache on CPU2
      [    0.062456] CPU2: Booted secondary processor 0x0000000002 [0x410fd034]
      [    0.062854] Detected VIPT I-cache on CPU3
      [    0.062910] CPU3: Booted secondary processor 0x0000000003 [0x410fd034]
      [    0.062957] smp: Brought up 1 node, 4 CPUs
      [    0.096968] SMP: Total of 4 processors activated.
      [    0.101640] CPU features: detected: 32-bit EL0 Support
      [    0.106744] CPU features: detected: CRC32 instructions
      [    0.111901] CPU: All CPU(s) started at EL2
      [    0.115914] alternatives: applying system-wide alternatives
      [    0.122510] devtmpfs: initialized
      [    0.130998] Registered cp15_barrier emulation handler
      [    0.131052] Registered setend emulation handler
      [    0.135034] clocksource: jiffies: mask: 0xffffffff max_cycles: 0xffffffff, max_idle_ns: 7645041785100000 ns
      [    0.144610] futex hash table entries: 1024 (order: 4, 65536 bytes, linear)
      [    0.157445] pinctrl core: initialized pinctrl subsystem
      [    0.158369] NET: Registered PF_NETLINK/PF_ROUTE protocol family
      [    0.163755] DMA: preallocated 512 KiB GFP_KERNEL pool for atomic allocations
      [    0.170025] DMA: preallocated 512 KiB GFP_KERNEL|GFP_DMA pool for atomic allocations
      [    0.177774] DMA: preallocated 512 KiB GFP_KERNEL|GFP_DMA32 pool for atomic allocations
      [    0.185542] audit: initializing netlink subsys (disabled)
      [    0.190947] audit: type=2000 audit(0.120:1): state=initialized audit_enabled=0 res=1
      [    0.191349] hw-breakpoint: found 6 breakpoint and 4 watchpoint registers.
      [    0.205361] ASID allocator initialised with 65536 entries
      [    0.230937] HugeTLB: registered 1.00 GiB page size, pre-allocated 0 pages
      [    0.232077] HugeTLB: 0 KiB vmemmap can be freed for a 1.00 GiB page
      [    0.238317] HugeTLB: registered 32.0 MiB page size, pre-allocated 0 pages
      [    0.245077] HugeTLB: 0 KiB vmemmap can be freed for a 32.0 MiB page
      [    0.251286] HugeTLB: registered 2.00 MiB page size, pre-allocated 0 pages
      [    0.258030] HugeTLB: 0 KiB vmemmap can be freed for a 2.00 MiB page
      [    0.264259] HugeTLB: registered 64.0 KiB page size, pre-allocated 0 pages
      [    0.271005] HugeTLB: 0 KiB vmemmap can be freed for a 64.0 KiB page
      [    0.345304] raid6: neonx8   gen()  2260 MB/s
      [    0.413362] raid6: neonx4   gen()  2214 MB/s
      [    0.481426] raid6: neonx2   gen()  2122 MB/s
      [    0.549475] raid6: neonx1   gen()  1813 MB/s
      [    0.617534] raid6: int64x8  gen()  1391 MB/s
      [    0.685601] raid6: int64x4  gen()  1568 MB/s
      [    0.753656] raid6: int64x2  gen()  1391 MB/s
      [    0.821725] raid6: int64x1  gen()  1034 MB/s
      [    0.821765] raid6: using algorithm neonx8 gen() 2260 MB/s
      [    0.893774] raid6: .... xor() 1651 MB/s, rmw enabled
      [    0.893818] raid6: using neon recovery algorithm
      [    0.898091] iommu: Default domain type: Translated
      [    0.902527] iommu: DMA domain TLB invalidation policy: strict mode
      [    0.908955] SCSI subsystem initialized
      [    0.912618] usbcore: registered new interface driver usbfs
      [    0.917948] usbcore: registered new interface driver hub
      [    0.923219] usbcore: registered new device driver usb
      [    0.928377] mc: Linux media interface: v0.10
      [    0.932484] videodev: Linux video capture interface: v2.00
      [    0.937954] pps_core: LinuxPPS API ver. 1 registered
      [    0.942840] pps_core: Software ver. 5.3.6 - Copyright 2005-2007 Rodolfo Giometti <giometti@linux.it>
      [    0.951925] PTP clock support registered
      [    0.955831] EDAC MC: Ver: 3.0.0
      [    0.959256] zynqmp-ipi-mbox mailbox@ff9905c0: Registered ZynqMP IPI mbox with TX/RX channels.
      [    0.967875] jesd204: created con: id=0, topo=0, link=0, /fpga-axi@0/axi-adxcvr-rx@84a50000 <-> /fpga-axi@0/axi-jesd204-rx@84aa0000
      [    0.979084] jesd204: created con: id=1, topo=0, link=0, /fpga-axi@0/axi-jesd204-rx@84aa0000 <-> /fpga-axi@0/axi-ad9680-hpc@84a10000
      [    0.990846] jesd204: created con: id=2, topo=1, link=0, /fpga-axi@0/axi-adxcvr-tx@84a60000 <-> /fpga-axi@0/axi-jesd204-tx@84a90000
      [    1.002522] jesd204: created con: id=3, topo=1, link=0, /fpga-axi@0/axi-jesd204-tx@84a90000 <-> /fpga-axi@0/axi-ad9144-hpc@84a04000
      [    1.014310] jesd204: created con: id=4, topo=0, link=0, /fpga-axi@0/axi-ad9680-hpc@84a10000 <-> /axi/spi@ff040000/ad9680@2
      [    1.025283] jesd204: created con: id=5, topo=1, link=0, /fpga-axi@0/axi-ad9144-hpc@84a04000 <-> /axi/spi@ff040000/ad9144@1
      [    1.036263] jesd204: /axi/spi@ff040000/ad9680@2: JESD204[0:0] transition uninitialized -> initialized
      [    1.045426] jesd204: /axi/spi@ff040000/ad9144@1: JESD204[1:0] transition uninitialized -> initialized
      [    1.054593] jesd204: found 8 devices and 2 topologies
      [    1.059656] FPGA manager framework
      [    1.063013] Advanced Linux Sound Architecture Driver Initialized.
      [    1.069481] Bluetooth: Core ver 2.22
      [    1.072595] NET: Registered PF_BLUETOOTH protocol family
      [    1.077862] Bluetooth: HCI device and connection manager initialized
      [    1.084179] Bluetooth: HCI socket layer initialized
      [    1.089021] Bluetooth: L2CAP socket layer initialized
      [    1.094047] Bluetooth: SCO socket layer initialized
      [    1.099393] clocksource: Switched to clocksource arch_sys_counter
      [    1.105075] VFS: Disk quotas dquot_6.6.0
      [    1.108863] VFS: Dquot-cache hash table entries: 512 (order 0, 4096 bytes)
      [    1.120593] NET: Registered PF_INET protocol family
      [    1.120789] IP idents hash table entries: 65536 (order: 7, 524288 bytes, linear)
      [    1.130581] tcp_listen_portaddr_hash hash table entries: 2048 (order: 3, 32768 bytes, linear)
      [    1.136367] Table-perturb hash table entries: 65536 (order: 6, 262144 bytes, linear)
      [    1.144041] TCP established hash table entries: 32768 (order: 6, 262144 bytes, linear)
      [    1.152112] TCP bind hash table entries: 32768 (order: 8, 1048576 bytes, linear)
      [    1.160095] TCP: Hash tables configured (established 32768 bind 32768)
      [    1.165819] UDP hash table entries: 2048 (order: 4, 65536 bytes, linear)
      [    1.172478] UDP-Lite hash table entries: 2048 (order: 4, 65536 bytes, linear)
      [    1.179646] NET: Registered PF_UNIX/PF_LOCAL protocol family
      [    1.185422] RPC: Registered named UNIX socket transport module.
      [    1.191009] RPC: Registered udp transport module.
      [    1.195684] RPC: Registered tcp transport module.
      [    1.200346] RPC: Registered tcp NFSv4.1 backchannel transport module.
      [    1.207392] PCI: CLS 0 bytes, default 64
      [    1.211411] hw perfevents: enabled with armv8_pmuv3 PMU driver, 7 counters available
      [    1.219280] Initialise system trusted keyrings
      [    1.222850] workingset: timestamp_bits=62 max_order=20 bucket_order=0
      [    1.229723] NFS: Registering the id_resolver key type
      [    1.234193] Key type id_resolver registered
      [    1.238320] Key type id_legacy registered
      [    1.242314] nfs4filelayout_init: NFSv4 File Layout Driver Registering...
      [    1.248960] nfs4flexfilelayout_init: NFSv4 Flexfile Layout Driver Registering...
      [    1.256331] jffs2: version 2.2. (NAND) (SUMMARY)  � 2001-2006 Red Hat, Inc.
      [    1.263484] fuse: init (API version 7.37)
      [    1.303979] NET: Registered PF_ALG protocol family
      [    1.304027] xor: measuring software checksum speed
      [    1.311798]    8regs           :  2521 MB/sec
      [    1.316113]    32regs          :  2522 MB/sec
      [    1.320717]    arm64_neon      :  2356 MB/sec
      [    1.320861] xor: using function: 32regs (2522 MB/sec)
      [    1.325887] Key type asymmetric registered
      [    1.329950] Asymmetric key parser 'x509' registered
      [    1.334824] Block layer SCSI generic (bsg) driver version 0.4 loaded (major 246)
      [    1.342150] io scheduler mq-deadline registered
      [    1.346645] io scheduler kyber registered
      [    1.383995] Serial: 8250/16550 driver, 4 ports, IRQ sharing disabled
      [    1.391474] brd: module loaded
      [    1.394715] loop: module loaded
      [    1.395070] Registered mathworks_ip class
      [    1.396737] mtdoops: mtd device (mtddev=name/number) must be supplied
      [    1.405462] tun: Universal TUN/TAP device driver, 1.6
      [    1.407725] CAN device driver interface
      [    1.412167] SPI driver wl1271_spi has no spi_device_id for ti,wl1271
      [    1.417749] SPI driver wl1271_spi has no spi_device_id for ti,wl1273
      [    1.424061] SPI driver wl1271_spi has no spi_device_id for ti,wl1281
      [    1.430374] SPI driver wl1271_spi has no spi_device_id for ti,wl1283
      [    1.436688] SPI driver wl1271_spi has no spi_device_id for ti,wl1285
      [    1.443003] SPI driver wl1271_spi has no spi_device_id for ti,wl1801
      [    1.449322] SPI driver wl1271_spi has no spi_device_id for ti,wl1805
      [    1.455633] SPI driver wl1271_spi has no spi_device_id for ti,wl1807
      [    1.461946] SPI driver wl1271_spi has no spi_device_id for ti,wl1831
      [    1.468260] SPI driver wl1271_spi has no spi_device_id for ti,wl1835
      [    1.474576] SPI driver wl1271_spi has no spi_device_id for ti,wl1837
      [    1.480994] usbcore: registered new interface driver asix
      [    1.486294] usbcore: registered new interface driver ax88179_178a
      [    1.492329] usbcore: registered new interface driver cdc_ether
      [    1.498125] usbcore: registered new interface driver net1080
      [    1.503754] usbcore: registered new interface driver cdc_subset
      [    1.509628] usbcore: registered new interface driver zaurus
      [    1.515183] usbcore: registered new interface driver cdc_ncm
      [    1.520802] usbcore: registered new interface driver r8153_ecm
      [    1.527761] usbcore: registered new interface driver uas
      [    1.531876] usbcore: registered new interface driver usb-storage
      [    1.537861] usbcore: registered new interface driver usbserial_generic
      [    1.544309] usbserial: USB Serial support registered for generic
      [    1.550282] usbcore: registered new interface driver ftdi_sio
      [    1.555989] usbserial: USB Serial support registered for FTDI USB Serial Device
      [    1.563260] usbcore: registered new interface driver upd78f0730
      [    1.569135] usbserial: USB Serial support registered for upd78f0730
      [    1.576369] SPI driver ads7846 has no spi_device_id for ti,tsc2046
      [    1.581494] SPI driver ads7846 has no spi_device_id for ti,ads7843
      [    1.587633] SPI driver ads7846 has no spi_device_id for ti,ads7845
      [    1.593774] SPI driver ads7846 has no spi_device_id for ti,ads7873
      [    1.600482] rtc_zynqmp ffa60000.rtc: registered as rtc0
      [    1.605119] rtc_zynqmp ffa60000.rtc: setting system clock to 2026-03-11T15:01:22 UTC (1773241282)
      [    1.613991] i2c_dev: i2c /dev entries driver
      [    1.620051] usbcore: registered new interface driver uvcvideo
      [    1.625464] Bluetooth: HCI UART driver ver 2.3
      [    1.628299] Bluetooth: HCI UART protocol H4 registered
      [    1.633393] Bluetooth: HCI UART protocol BCSP registered
      [    1.638681] Bluetooth: HCI UART protocol LL registered
      [    1.643770] Bluetooth: HCI UART protocol ATH3K registered
      [    1.649147] Bluetooth: HCI UART protocol Three-wire (H5) registered
      [    1.655405] Bluetooth: HCI UART protocol Intel registered
      [    1.660742] Bluetooth: HCI UART protocol QCA registered
      [    1.665940] usbcore: registered new interface driver bcm203x
      [    1.671561] usbcore: registered new interface driver bpa10x
      [    1.677095] usbcore: registered new interface driver bfusb
      [    1.682551] usbcore: registered new interface driver btusb
      [    1.688018] usbcore: registered new interface driver ath3k
      [    1.693499] EDAC MC: ECC not enabled
      [    1.697133] EDAC DEVICE0: Giving out device to module zynqmp-ocm-edac controller zynqmp_ocm: DEV ff960000.memory-controller (INTERRUPT)
      [    1.709459] sdhci: Secure Digital Host Controller Interface driver
      [    1.715222] sdhci: Copyright(c) Pierre Ossman
      [    1.719545] sdhci-pltfm: SDHCI platform and OF driver helper
      [    1.725631] ledtrig-cpu: registered to indicate activity on CPUs
      [    1.731191] SMCCC: SOC_ID: ID = jep106:0049:0000 Revision = 0x24738093
      [    1.737696] zynqmp_firmware_probe Platform Management API v1.1
      [    1.743463] zynqmp_firmware_probe Trustzone version v1.0
      [    1.778681] zynqmp-aes zynqmp-aes.0: will run requests pump with realtime priority
      [    1.780918] usbcore: registered new interface driver usbhid
      [    1.786153] usbhid: USB HID core driver
      [    1.790128] SPI driver fb_seps525 has no spi_device_id for syncoam,seps525
      [    1.802819] SPI driver adis16475 has no spi_device_id for adi,adis16470
      [    1.803791] SPI driver adis16475 has no spi_device_id for adi,adis16475-1
      [    1.810534] SPI driver adis16475 has no spi_device_id for adi,adis16475-2
      [    1.817280] SPI driver adis16475 has no spi_device_id for adi,adis16475-3
      [    1.824027] SPI driver adis16475 has no spi_device_id for adi,adis16477-1
      [    1.830774] SPI driver adis16475 has no spi_device_id for adi,adis16477-2
      [    1.837522] SPI driver adis16475 has no spi_device_id for adi,adis16477-3
      [    1.844269] SPI driver adis16475 has no spi_device_id for adi,adis16465-1
      [    1.851015] SPI driver adis16475 has no spi_device_id for adi,adis16465-2
      [    1.857762] SPI driver adis16475 has no spi_device_id for adi,adis16465-3
      [    1.864509] SPI driver adis16475 has no spi_device_id for adi,adis16467-1
      [    1.871260] SPI driver adis16475 has no spi_device_id for adi,adis16467-2
      [    1.878009] SPI driver adis16475 has no spi_device_id for adi,adis16467-3
      [    1.884751] SPI driver adis16475 has no spi_device_id for adi,adis16500
      [    1.891324] SPI driver adis16475 has no spi_device_id for adi,adis16501
      [    1.897900] SPI driver adis16475 has no spi_device_id for adi,adis16505-1
      [    1.904645] SPI driver adis16475 has no spi_device_id for adi,adis16505-2
      [    1.911393] SPI driver adis16475 has no spi_device_id for adi,adis16505-3
      [    1.918139] SPI driver adis16475 has no spi_device_id for adi,adis16507-1
      [    1.924886] SPI driver adis16475 has no spi_device_id for adi,adis16507-2
      [    1.931633] SPI driver adis16475 has no spi_device_id for adi,adis16507-3
      [    1.938380] SPI driver adis16475 has no spi_device_id for adi,adis16575-2
      [    1.945127] SPI driver adis16475 has no spi_device_id for adi,adis16575-3
      [    1.951875] SPI driver adis16475 has no spi_device_id for adi,adis16576-2
      [    1.958621] SPI driver adis16475 has no spi_device_id for adi,adis16576-3
      [    1.965368] SPI driver adis16475 has no spi_device_id for adi,adis16577-2
      [    1.972117] SPI driver adis16475 has no spi_device_id for adi,adis16577-3
      [    1.979972] axi_sysid 85000000.axi-sysid-0: AXI System ID core version (1.01.a) found
      [    1.986830] axi_sysid 85000000.axi-sysid-0: [daq2] [RX:M=2 L=4 S=1 TX:M=2 L=4 S=1 ADC_OFFLOAD:TYPE=0 SIZE=1048576 DAC_OFFLOAD:TYPE=0 SIZE=1048576] on [zcu102] git branch <hdl_2023_r2> git <2156ac7e874a1dc321d9f64a325009fafe563419> clean [2024-11-01 15:44:45] UTC
      [    2.010338] fpga_manager fpga0: Xilinx ZynqMP FPGA Manager registered
      [    2.016592] usbcore: registered new interface driver snd-usb-audio
      [    2.024146] pktgen: Packet Generator for packet performance testing. Version: 2.75
      [    2.030265] Initializing XFRM netlink socket
      [    2.034116] NET: Registered PF_INET6 protocol family
      [    2.039513] Segment Routing with IPv6
      [    2.042634] In-situ OAM (IOAM) with IPv6
      [    2.046561] sit: IPv6, IPv4 and MPLS over IPv4 tunneling driver
      [    2.052731] NET: Registered PF_PACKET protocol family
      [    2.057414] NET: Registered PF_KEY protocol family
      [    2.062252] can: controller area network core
      [    2.066512] NET: Registered PF_CAN protocol family
      [    2.071247] can: raw protocol
      [    2.074188] can: broadcast manager protocol
      [    2.078348] can: netlink gateway - max_hops=1
      [    2.082741] Bluetooth: RFCOMM TTY layer initialized
      [    2.087514] Bluetooth: RFCOMM socket layer initialized
      [    2.092620] Bluetooth: RFCOMM ver 1.11
      [    2.096340] Bluetooth: BNEP (Ethernet Emulation) ver 1.3
      [    2.101607] Bluetooth: BNEP filters: protocol multicast
      [    2.106798] Bluetooth: BNEP socket layer initialized
      [    2.111728] Bluetooth: HIDP (Human Interface Emulation) ver 1.2
      [    2.117611] Bluetooth: HIDP socket layer initialized
      [    2.122658] 9pnet: Installing 9P2000 support
      [    2.126788] NET: Registered PF_IEEE802154 protocol family
      [    2.132179] Key type dns_resolver registered
      [    2.136686] registered taskstats version 1
      [    2.140448] Loading compiled-in X.509 certificates
      [    2.145630] Btrfs loaded, crc32c=crc32c-generic, zoned=no, fsverity=no
      [    2.151845] alg: No test for xilinx-zynqmp-rsa (zynqmp-rsa)
      [    2.560354] ff000000.serial: ttyPS0 at MMIO 0xff000000 (irq = 23, base_baud = 6249999) is a xuartps
      [    2.569387] printk: console [ttyPS0] enabled
      [    2.569387] printk: console [ttyPS0] enabled
      [    2.573693] printk: bootconsole [cdns0] disabled
      [    2.573693] printk: bootconsole [cdns0] disabled
      [    2.583356] ff010000.serial: ttyPS1 at MMIO 0xff010000 (irq = 24, base_baud = 6249999) is a xuartps
      [    2.597666] nwl-pcie fd0e0000.pcie: host bridge /axi/pcie@fd0e0000 ranges:
      [    2.604563] nwl-pcie fd0e0000.pcie:      MEM 0x00e0000000..0x00efffffff -> 0x00e0000000
      [    2.612568] nwl-pcie fd0e0000.pcie:      MEM 0x0600000000..0x07ffffffff -> 0x0600000000
      [    2.620666] nwl-pcie fd0e0000.pcie: Link is DOWN
      [    2.625485] nwl-pcie fd0e0000.pcie: PCI host bridge to bus 0000:00
      [    2.631661] pci_bus 0000:00: root bus resource [bus 00-ff]
      [    2.637146] pci_bus 0000:00: root bus resource [mem 0xe0000000-0xefffffff]
      [    2.644016] pci_bus 0000:00: root bus resource [mem 0x600000000-0x7ffffffff pref]
      [    2.651512] pci 0000:00:00.0: [10ee:d021] type 01 class 0x060400
      [    2.657572] pci 0000:00:00.0: PME# supported from D0 D1 D2 D3hot
      [    2.665742] pci 0000:00:00.0: bridge configuration invalid ([bus 00-00]), reconfiguring
      [    2.673860] pci_bus 0000:01: busn_res: [bus 01-ff] end is updated to 01
      [    2.680486] pci 0000:00:00.0: PCI bridge to [bus 01]
      [    2.687922] xilinx-zynqmp-dpdma fd4c0000.dma-controller: Xilinx DPDMA engine is probed
      [    2.696974] ad9523 spi1.0: supply vcc not found, using dummy regulator
      [    2.744889] spi-nor spi0.0: SPI-NOR-UniqueID 4a960c00191f0016007c7bc4aaf2
      [    2.751681] spi-nor spi0.0: found mt25qu512a, expected m25p80
      [    2.757684] spi-nor spi0.0: mt25qu512a (131072 Kbytes)
      [    2.762939] 4 fixed-partitions partitions found on MTD device spi0.0
      [    2.769288] Creating 4 MTD partitions on "spi0.0":
      [    2.774071] 0x000000000000-0x000000100000 : "qspi-fsbl-uboot"
      [    2.780630] 0x000000100000-0x000000600000 : "qspi-linux"
      [    2.786679] 0x000000600000-0x000000620000 : "qspi-device-tree"
      [    2.793184] 0x000000620000-0x000000c00000 : "qspi-rootfs"
      [    2.801920] macb ff0e0000.ethernet: Not enabling partial store and forward
      [    2.832365] xilinx-axipmon ffa00000.perf-monitor: Probed Xilinx APM
      [    2.838913] xilinx-axipmon fd0b0000.perf-monitor: Probed Xilinx APM
      [    2.845410] xilinx-axipmon fd490000.perf-monitor: Probed Xilinx APM
      [    2.851891] xilinx-axipmon ffa10000.perf-monitor: Probed Xilinx APM
      [    2.859137] i2c i2c-0: using pinctrl states for GPIO recovery
      [    2.865060] i2c i2c-0: using generic GPIOs for recovery
      [    2.870662] pca953x 0-0020: supply vcc not found, using dummy regulator
      [    2.877351] pca953x 0-0020: using no AI
      [    2.881907] gpio-318 (sel0): hogged as output/low
      [    2.886812] gpio-319 (sel1): hogged as output/high
      [    2.891800] gpio-320 (sel2): hogged as output/high
      [    2.896791] gpio-321 (sel3): hogged as output/high
      [    2.901951] pca953x 0-0021: supply vcc not found, using dummy regulator
      [    2.908625] pca953x 0-0021: using no AI
      [    2.914183] ina2xx 2-0040: power monitor ina226 (Rshunt = 5000 uOhm)
      [    2.921178] ina2xx 2-0041: power monitor ina226 (Rshunt = 5000 uOhm)
      [    2.928173] ina2xx 2-0042: power monitor ina226 (Rshunt = 5000 uOhm)
      [    2.935160] ina2xx 2-0043: power monitor ina226 (Rshunt = 5000 uOhm)
      [    2.942148] ina2xx 2-0044: power monitor ina226 (Rshunt = 5000 uOhm)
      [    2.949136] ina2xx 2-0045: power monitor ina226 (Rshunt = 5000 uOhm)
      [    2.956127] ina2xx 2-0046: power monitor ina226 (Rshunt = 5000 uOhm)
      [    2.963123] ina2xx 2-0047: power monitor ina226 (Rshunt = 5000 uOhm)
      [    2.970113] ina2xx 2-004a: power monitor ina226 (Rshunt = 5000 uOhm)
      [    2.977108] ina2xx 2-004b: power monitor ina226 (Rshunt = 5000 uOhm)
      [    2.983519] i2c i2c-0: Added multiplexed i2c bus 2
      [    2.989068] ina2xx 3-0040: power monitor ina226 (Rshunt = 2000 uOhm)
      [    2.996059] ina2xx 3-0041: power monitor ina226 (Rshunt = 5000 uOhm)
      [    3.003048] ina2xx 3-0042: power monitor ina226 (Rshunt = 5000 uOhm)
      [    3.010034] ina2xx 3-0043: power monitor ina226 (Rshunt = 5000 uOhm)
      [    3.017043] ina2xx 3-0044: power monitor ina226 (Rshunt = 5000 uOhm)
      [    3.024038] ina2xx 3-0045: power monitor ina226 (Rshunt = 5000 uOhm)
      [    3.031033] ina2xx 3-0046: power monitor ina226 (Rshunt = 5000 uOhm)
      [    3.038026] ina2xx 3-0047: power monitor ina226 (Rshunt = 5000 uOhm)
      [    3.044437] i2c i2c-0: Added multiplexed i2c bus 3
      [    3.116867] i2c i2c-0: Added multiplexed i2c bus 4
      [    3.121828] i2c i2c-0: Added multiplexed i2c bus 5
      [    3.126621] pca954x 0-0075: registered 4 multiplexed busses for I2C mux pca9544
      [    3.133997] cdns-i2c ff020000.i2c: 400 kHz mmio ff020000 irq 47
      [    3.140952] i2c i2c-1: using pinctrl states for GPIO recovery
      [    3.146878] i2c i2c-1: using generic GPIOs for recovery
      [    3.152859] at24 6-0054: supply vcc not found, using dummy regulator
      [    3.159760] at24 6-0054: 1024 byte 24c08 EEPROM, writable, 1 bytes/write
      [    3.166519] i2c i2c-1: Added multiplexed i2c bus 6
      [    3.171911] si5341 7-0036: no regulator set, defaulting vdd_sel to 2.5V for out
      [    3.179221] si5341 7-0036: no regulator set, defaulting vdd_sel to 2.5V for out
      [    3.186527] si5341 7-0036: no regulator set, defaulting vdd_sel to 2.5V for out
      [    3.193826] si5341 7-0036: no regulator set, defaulting vdd_sel to 2.5V for out
      [    3.201129] si5341 7-0036: no regulator set, defaulting vdd_sel to 2.5V for out
      [    3.208435] si5341 7-0036: no regulator set, defaulting vdd_sel to 2.5V for out
      [    3.215734] si5341 7-0036: no regulator set, defaulting vdd_sel to 2.5V for out
      [    3.223034] si5341 7-0036: no regulator set, defaulting vdd_sel to 2.5V for out
      [    3.231460] si5341 7-0036: Chip: 5341 Grade: 1 Rev: 3
      [    3.269656] i2c i2c-1: Added multiplexed i2c bus 7
      [    3.277317] si570 8-005d: registered, current frequency 300000000 Hz
      [    3.283722] i2c i2c-1: Added multiplexed i2c bus 8
      [    3.303481] si570 9-005d: registered, current frequency 148500000 Hz
      [    3.309894] i2c i2c-1: Added multiplexed i2c bus 9
      [    3.314921] si5324 10-0069: si5328 probed
      [    3.379725] si5324 10-0069: si5328 probe successful
      [    3.384652] i2c i2c-1: Added multiplexed i2c bus 10
      [    3.389699] i2c i2c-1: Added multiplexed i2c bus 11
      [    3.394755] i2c i2c-1: Added multiplexed i2c bus 12
      [    3.399796] i2c i2c-1: Added multiplexed i2c bus 13
      [    3.404678] pca954x 1-0074: registered 8 multiplexed busses for I2C switch pca9548
      [    3.413841] at24 14-0050: supply vcc not found, using dummy regulator
      [    3.420635] at24 14-0050: 256 byte 24c02 EEPROM, writable, 1 bytes/write
      [    3.427399] i2c i2c-1: Added multiplexed i2c bus 14
      [    3.432451] i2c i2c-1: Added multiplexed i2c bus 15
      [    3.437510] i2c i2c-1: Added multiplexed i2c bus 16
      [    3.442563] i2c i2c-1: Added multiplexed i2c bus 17
      [    3.447614] i2c i2c-1: Added multiplexed i2c bus 18
      [    3.452669] i2c i2c-1: Added multiplexed i2c bus 19
      [    3.457720] i2c i2c-1: Added multiplexed i2c bus 20
      [    3.462772] i2c i2c-1: Added multiplexed i2c bus 21
      [    3.467651] pca954x 1-0075: registered 8 multiplexed busses for I2C switch pca9548
      [    3.475269] cdns-i2c ff030000.i2c: 400 kHz mmio ff030000 irq 48
      [    3.484653] cdns-wdt fd4d0000.watchdog: Xilinx Watchdog Timer with timeout 60s
      [    3.511767] cf_axi_dds 84a04000.axi-ad9144-hpc: Analog Devices CF_AXI_DDS_DDS MASTER (9.02.b) at 0x84A04000 mapped to 0x(____ptrval____), probed DDS (null)
      [    3.526319] mmc0: SDHCI controller on ff170000.mmc [ff170000.mmc] using ADMA 64-bit
      [    3.534816] axi_adxcvr_drv 84a50000.axi-adxcvr-rx: AXI-ADXCVR-RX (17.05.a) using CPLL on GTH4 at 0x84A50000. Number of lanes: 4.
      [    3.547498] axi_adxcvr_drv 84a60000.axi-adxcvr-tx: AXI-ADXCVR-TX (17.05.a) using QPLL on GTH4 at 0x84A60000. Number of lanes: 4.
      [    3.559582] axi-jesd204-rx 84aa0000.axi-jesd204-rx: AXI-JESD204-RX (1.07.a) at 0x84AA0000. Encoder 8b10b, width 4/4, lanes 4, jesd204-fsm.
      [    3.572413] jesd204: /axi/spi@ff040000/ad9144@1,jesd204:0,parent=spi1.1: JESD204[1:0] transition initialized -> probed
      [    3.583127] jesd204: /axi/spi@ff040000/ad9144@1,jesd204:0,parent=spi1.1: JESD204[1:0] transition probed -> initialized
      [    3.593837] jesd204: /axi/spi@ff040000/ad9144@1,jesd204:0,parent=spi1.1: JESD204[1:0] transition initialized -> probed
      [    3.604540] jesd204: /axi/spi@ff040000/ad9144@1,jesd204:0,parent=spi1.1: JESD204[1:0] transition probed -> idle
      [    3.614634] jesd204: /axi/spi@ff040000/ad9144@1,jesd204:0,parent=spi1.1: JESD204[1:0] transition idle -> device_init
      [    3.625156] jesd204: /axi/spi@ff040000/ad9144@1,jesd204:0,parent=spi1.1: JESD204[1:0] transition device_init -> link_init
      [    3.636123] jesd204: /axi/spi@ff040000/ad9144@1,jesd204:0,parent=spi1.1: JESD204[1:0] transition link_init -> link_supported
      [    3.647347] jesd204: /axi/spi@ff040000/ad9144@1,jesd204:0,parent=spi1.1: JESD204[1:0] transition link_supported -> link_pre_setup
      [    3.659002] jesd204: /axi/spi@ff040000/ad9144@1,jesd204:0,parent=spi1.1: JESD204[1:0] transition link_pre_setup -> clk_sync_stage1
      [    3.670742] jesd204: /axi/spi@ff040000/ad9144@1,jesd204:0,parent=spi1.1: JESD204[1:0] transition clk_sync_stage1 -> clk_sync_stage2
      [    3.682573] jesd204: /axi/spi@ff040000/ad9144@1,jesd204:0,parent=spi1.1: JESD204[1:0] transition clk_sync_stage2 -> clk_sync_stage3
      [    3.735674] mmc0: new high speed SDHC card at address 0001
      [    3.738467] jesd204: /axi/spi@ff040000/ad9144@1,jesd204:0,parent=spi1.1: JESD204[1:0] transition clk_sync_stage3 -> link_setup
      [    3.741556] mmcblk0: mmc0:0001 00000 29.1 GiB
      [    3.752543] jesd204: /axi/spi@ff040000/ad9144@1,jesd204:0,parent=spi1.1: JESD204[1:0] transition link_setup -> opt_setup_stage1
      [    3.768454] jesd204: /axi/spi@ff040000/ad9144@1,jesd204:0,parent=spi1.1: JESD204[1:0] transition opt_setup_stage1 -> opt_setup_stage2
      [    3.780458] jesd204: /axi/spi@ff040000/ad9144@1,jesd204:0,parent=spi1.1: JESD204[1:0] transition opt_setup_stage2 -> opt_setup_stage3
      [    3.792461] jesd204: /axi/spi@ff040000/ad9144@1,jesd204:0,parent=spi1.1: JESD204[1:0] transition opt_setup_stage3 -> opt_setup_stage4
      [    3.804469] jesd204: /axi/spi@ff040000/ad9144@1,jesd204:0,parent=spi1.1: JESD204[1:0] transition opt_setup_stage4 -> opt_setup_stage5
      [    3.816477] jesd204: /axi/spi@ff040000/ad9144@1,jesd204:0,parent=spi1.1: JESD204[1:0] transition opt_setup_stage5 -> clocks_enable
      [    3.828258]  mmcblk0: p1 p2 p3
      [    3.828279] jesd204: /axi/spi@ff040000/ad9144@1,jesd204:0,parent=spi1.1: JESD204[1:0] transition clocks_enable -> link_enable
      [    3.851693] ad9144 spi1.1: Link0 code grp sync: f
      [    3.856397] ad9144 spi1.1: Link0 frame sync stat: f
      [    3.861266] ad9144 spi1.1: Link0 good checksum stat: f
      [    3.866395] ad9144 spi1.1: Link0 init lane_sync stat: f
      [    3.871611] ad9144 spi1.1: Link0 4 lanes @ 10000000 kBps
      [    3.876915] jesd204: /axi/spi@ff040000/ad9144@1,jesd204:0,parent=spi1.1: JESD204[1:0] transition link_enable -> link_running
      [    3.888132] jesd204: /axi/spi@ff040000/ad9144@1,jesd204:0,parent=spi1.1: JESD204[1:0] transition link_running -> opt_post_running_stage
      [    3.900315] axi-jesd204-tx 84a90000.axi-jesd204-tx: AXI-JESD204-TX (1.06.a) at 0x84A90000. Encoder 8b10b, width 4/4, lanes 4, jesd204-fsm.
      [    3.913853] zynqmp-display fd4a0000.display: vtc bridge property not present
      [    3.924374] xilinx-dp-snd-codec fd4a0000.display:zynqmp-dp-snd-codec0: Failed to get required clock freq
      [    3.933872] xilinx-dp-snd-codec: probe of fd4a0000.display:zynqmp-dp-snd-codec0 failed with error -22
      [    3.943417] xilinx-dp-snd-pcm zynqmp_dp_snd_pcm0: Xilinx DisplayPort Sound PCM probed
      [    3.951504] xilinx-dp-snd-pcm zynqmp_dp_snd_pcm1: Xilinx DisplayPort Sound PCM probed
      [    3.959720] OF: graph: no port node found in /axi/display@fd4a0000
      [    3.966249] xlnx-drm xlnx-drm.0: bound fd4a0000.display (ops 0xffffffc0091e3e98)
      [    5.051417] zynqmp-display fd4a0000.display: [drm] Cannot find any crtc or sizes
      [    5.059093] [drm] Initialized xlnx 1.0.0 20130509 for fd4a0000.display on minor 0
      [    5.066594] zynqmp-display fd4a0000.display: ZynqMP DisplayPort Subsystem driver probed
      [    5.074814] ahci-ceva fd0c0000.ahci: supply ahci not found, using dummy regulator
      [    5.082373] ahci-ceva fd0c0000.ahci: supply phy not found, using dummy regulator
      [    5.089837] ahci-ceva fd0c0000.ahci: supply target not found, using dummy regulator
      [    5.097710] ahci-ceva fd0c0000.ahci: AHCI 0001.0301 32 slots 2 ports 6 Gbps 0x3 impl platform mode
      [    5.106665] ahci-ceva fd0c0000.ahci: flags: 64bit ncq sntf pm clo only pmp fbs pio slum part ccc sds apst
      [    5.117141] scsi host0: ahci-ceva
      [    5.120748] scsi host1: ahci-ceva
      [    5.124171] ata1: SATA max UDMA/133 mmio [mem 0xfd0c0000-0xfd0c1fff] port 0x100 irq 54
      [    5.132088] ata2: SATA max UDMA/133 mmio [mem 0xfd0c0000-0xfd0c1fff] port 0x180 irq 54
      [    5.159792] ad9208 spi1.2: ad9680 PLL LOCKED
      [    5.164322] ad9208 spi1.2: ad9680 Rev. 3 Grade 10 (API 1.0.1) probed
      [    5.172407] macb ff0e0000.ethernet: Not enabling partial store and forward
      [    5.181312] macb ff0e0000.ethernet eth0: Cadence GEM rev 0x50070106 at 0xff0e0000 irq 44 (00:0a:35:07:fe:31)
      [    5.237986] jesd204: /axi/spi@ff040000/ad9680@2,jesd204:1,parent=spi1.2: JESD204[0:0] transition initialized -> probed
      [    5.248709] jesd204: /axi/spi@ff040000/ad9680@2,jesd204:1,parent=spi1.2: JESD204[0:0] transition probed -> initialized
      [    5.259412] jesd204: /axi/spi@ff040000/ad9680@2,jesd204:1,parent=spi1.2: JESD204[0:0] transition initialized -> probed
      [    5.270109] jesd204: /axi/spi@ff040000/ad9680@2,jesd204:1,parent=spi1.2: JESD204[0:0] transition probed -> idle
      [    5.280195] jesd204: /axi/spi@ff040000/ad9680@2,jesd204:1,parent=spi1.2: JESD204[0:0] transition idle -> device_init
      [    5.290716] jesd204: /axi/spi@ff040000/ad9680@2,jesd204:1,parent=spi1.2: JESD204[0:0] transition device_init -> link_init
      [    5.301685] jesd204: /axi/spi@ff040000/ad9680@2,jesd204:1,parent=spi1.2: JESD204[0:0] transition link_init -> link_supported
      [    5.312910] jesd204: /axi/spi@ff040000/ad9680@2,jesd204:1,parent=spi1.2: JESD204[0:0] transition link_supported -> link_pre_setup
      [    5.324559] jesd204: /axi/spi@ff040000/ad9680@2,jesd204:1,parent=spi1.2: JESD204[0:0] transition link_pre_setup -> clk_sync_stage1
      [    5.336293] jesd204: /axi/spi@ff040000/ad9680@2,jesd204:1,parent=spi1.2: JESD204[0:0] transition clk_sync_stage1 -> clk_sync_stage2
      [    5.348116] jesd204: /axi/spi@ff040000/ad9680@2,jesd204:1,parent=spi1.2: JESD204[0:0] transition clk_sync_stage2 -> clk_sync_stage3
      [    5.359939] jesd204: /axi/spi@ff040000/ad9680@2,jesd204:1,parent=spi1.2: JESD204[0:0] transition clk_sync_stage3 -> link_setup
      [    5.371335] jesd204: /axi/spi@ff040000/ad9680@2,jesd204:1,parent=spi1.2: JESD204[0:0] transition link_setup -> opt_setup_stage1
      [    5.382810] jesd204: /axi/spi@ff040000/ad9680@2,jesd204:1,parent=spi1.2: JESD204[0:0] transition opt_setup_stage1 -> opt_setup_stage2
      [    5.394805] jesd204: /axi/spi@ff040000/ad9680@2,jesd204:1,parent=spi1.2: JESD204[0:0] transition opt_setup_stage2 -> opt_setup_stage3
      [    5.406801] jesd204: /axi/spi@ff040000/ad9680@2,jesd204:1,parent=spi1.2: JESD204[0:0] transition opt_setup_stage3 -> opt_setup_stage4
      [    5.418797] jesd204: /axi/spi@ff040000/ad9680@2,jesd204:1,parent=spi1.2: JESD204[0:0] transition opt_setup_stage4 -> opt_setup_stage5
      [    5.432932] jesd204: /axi/spi@ff040000/ad9680@2,jesd204:1,parent=spi1.2: JESD204[0:0] transition opt_setup_stage5 -> clocks_enable
      [    5.444681] jesd204: /axi/spi@ff040000/ad9680@2,jesd204:1,parent=spi1.2: JESD204[0:0] transition clocks_enable -> link_enable
      [    5.458690] ata1: SATA link down (SStatus 0 SControl 330)
      [    5.464116] ata2: SATA link down (SStatus 0 SControl 330)
      [    5.469543] jesd204: /axi/spi@ff040000/ad9680@2,jesd204:1,parent=spi1.2: JESD204[0:0] transition link_enable -> link_running
      [    5.480765] jesd204: /axi/spi@ff040000/ad9680@2,jesd204:1,parent=spi1.2: JESD204[0:0] transition link_running -> opt_post_running_stage
      [    5.492945] cf_axi_adc 84a10000.axi-ad9680-hpc: ADI AIM (10.03.) at 0x84A10000 mapped to 0x(____ptrval____) probed ADC AD9680 as MASTER
      [    5.513988] input: gpio-keys as /devices/platform/gpio-keys/input/input0
      [    5.521076] of_cfs_init
      [    5.523546] of_cfs_init: OK
      [    5.526387] cfg80211: Loading compiled-in X.509 certificates for regulatory database
      [    5.572188] cfg80211: Loaded X.509 cert 'sforshee: 00b28ddf47aef9cea7'
      [    5.579478] cfg80211: Loaded X.509 cert 'wens: 61c038651aabdcf94bd0ac7ff06c7248db18c600'
      [    5.587587] clk: Not disabling unused clocks
      [    5.592124] ALSA device list:
      [    5.595081]   No soundcards found.
      [    5.598757] platform regulatory.0: Direct firmware load for regulatory.db failed with error -2
      [    5.607367] cfg80211: failed to load regulatory.db
      [    5.878993] EXT4-fs (mmcblk0p2): recovery complete
      [    5.886204] EXT4-fs (mmcblk0p2): mounted filesystem with ordered data mode. Quota mode: none.
      [    5.894769] VFS: Mounted root (ext4 filesystem) on device 179:2.
      [    5.907861] devtmpfs: mounted
      [    5.911697] Freeing unused kernel memory: 2752K
      [    5.916327] Run /sbin/init as init process
      [    6.155466] zynqmp-display fd4a0000.display: [drm] Cannot find any crtc or sizes
      [    6.482495] systemd[1]: systemd 247.3-7+rpi1+deb11u6 running in system mode. (+PAM +AUDIT +SELINUX +IMA +APPARMOR +SMACK +SYSVINIT +UTMP +LIBCRYPTSETUP +GCRYPT +GNUTLS +ACL +XZ +LZ4 +ZSTD +SECCOMP +BLKID +ELFUTILS +KMOD +IDN2 -IDN +PCRE2 default-hierarchy=unified)
      [    6.506448] systemd[1]: Detected architecture arm64.
      Welcome to Kuiper GNU/Linux 11.2 (bullseye)!
      [    6.536274] systemd[1]: Set hostname to <analog>.
      [    7.835312] systemd[1]: /lib/systemd/system/plymouth-start.service:16: Unit configured to use KillMode=none. This is unsafe, as it disables systemd's process lifecycle management for the service. Please update your service to use a safer KillMode=, such as 'mixed' or 'control-group'. Support for KillMode=none is deprecated and will eventually be removed.
      [    8.044326] systemd[1]: Queued start job for default target Graphical Interface.
      [    8.903396] random: crng init done
      [    8.907012] systemd[1]: system-getty.slice: unit configures an IP firewall, but the local system does not support BPF/cgroup firewalling.
      [    8.919388] systemd[1]: (This warning is only shown for the first unit using IP firewalling.)
      [    8.928474] systemd[1]: Created slice system-getty.slice.
      [  OK  ] Created slice system-getty.slice.
      [    8.951878] systemd[1]: Created slice system-modprobe.slice.
      [  OK  ] Created slice system-modprobe.slice.
      [    8.971816] systemd[1]: Created slice system-serial\x2dgetty.slice.
      [  OK  ] Created slice system-serial\x2dgetty.slice.
      [    8.995875] systemd[1]: Created slice system-systemd\x2dfsck.slice.
      [  OK  ] Created slice system-systemd\x2dfsck.slice.
      [    9.019687] systemd[1]: Created slice User and Session Slice.
      [  OK  ] Created slice User and Session Slice.
      [    9.039741] systemd[1]: Started Forward Password Requests to Wall Directory Watch.
      [  OK  ] Started Forward Password R&uests to Wall Directory Watch.
      [    9.063700] systemd[1]: Condition check resulted in Arbitrary Executable File Formats File System Automount Point being skipped.
      [    9.076086] systemd[1]: Reached target Slices.
      [  OK  ] Reached target Slices.
      [    9.091601] systemd[1]: Reached target Swap.
      [  OK  ] Reached target Swap.
      [    9.116170] systemd[1]: Listening on Syslog Socket.
      [  OK  ] Listening on Syslog Socket.
      [    9.131843] systemd[1]: Listening on fsck to fsckd communication Socket.
      [  OK  ] Listening on fsck to fsckd communication Socket.
      [    9.155667] systemd[1]: Listening on initctl Compatibility Named Pipe.
      [  OK  ] Listening on initctl Compatibility Named Pipe.
      [    9.180147] systemd[1]: Listening on Journal Audit Socket.
      [  OK  ] Listening on Journal Audit Socket.
      [    9.199801] systemd[1]: Listening on Journal Socket (/dev/log).
      [  OK  ] Listening on Journal Socket (/dev/log).
      [    9.223876] systemd[1]: Listening on Journal Socket.
      [  OK  ] Listening on Journal Socket.
      [    9.246924] systemd[1]: Listening on udev Control Socket.
      [  OK  ] Listening on udev Control Socket.
      [    9.267808] systemd[1]: Listening on udev Kernel Socket.
      [  OK  ] Listening on udev Kernel Socket.
      [    9.303581] systemd[1]: Mounting Huge Pages File System...
              Mounting Huge Pages File System...
      [    9.321374] systemd[1]: Mounting POSIX Message Queue File System...
              Mounting POSIX Message Queue File System...
      [    9.345257] systemd[1]: Mounting RPC Pipe File System...
              Mounting RPC Pipe File System...
      [    9.361474] systemd[1]: Mounting Kernel Debug File System...
              Mounting Kernel Debug File System...
      [    9.379928] systemd[1]: Condition check resulted in Kernel Trace File System being skipped.
      [    9.388669] systemd[1]: Condition check resulted in Kernel Module supporting RPCSEC_GSS being skipped.
      [    9.401381] systemd[1]: Starting Restore / save the current clock...
              Starting Restore / save the current clock...
      [    9.426115] systemd[1]: Starting Set the console keyboard layout...
              Starting Set the console keyboard layout...
      [    9.448399] systemd[1]: Condition check resulted in Create list of static device nodes for the current kernel being skipped.
      [    9.483841] systemd[1]: Starting Load Kernel Module configfs...
              Starting Load Kernel Module configfs...
      [    9.501854] systemd[1]: Starting Load Kernel Module drm...
              Starting Load Kernel Module drm...
      [    9.521828] systemd[1]: Starting Load Kernel Module fuse...
              Starting Load Kernel Module fuse...
      [    9.542316] systemd[1]: Condition check resulted in Set Up Additional Binary Formats being skipped.
      [    9.551635] systemd[1]: Condition check resulted in File System Check on Root Device being skipped.
      [    9.575806] systemd[1]: Starting Journal Service...
              Starting Journal Service...
      [    9.595434] systemd[1]: Starting Load Kernel Modules...
              Starting Load Kernel Modules...
      [    9.613749] systemd[1]: Starting Remount Root and Kernel File Systems...
              Starting Remount Root and Kernel File Systems...
      [    9.637659] systemd[1]: Starting Coldplug All udev Devices...
              Starting Coldplug All udev Devices...
      [    9.662287] systemd[1]: Mounted Huge Pages File System.
      [  OK  ] Mounted Huge Pages File System.
      [    9.684665] systemd[1]: Mounted POSIX Message Queue File System.
      [  OK  ] Mounted POSIX Message Queue File System.
      [    9.720269] systemd[1]: Mounted RPC Pipe File System.
      [  OK  ] Mounted RPC Pipe File System.
      [    9.735965] systemd[1]: Mounted Kernel Debug File System.
      [  OK  ] Mounted Kernel Debug File System.
      [    9.756436] systemd[1]: Finished Restore / save the current clock.
      [  OK  ] Finished Restore / save the current clock.
      [    9.780559] systemd[1]: Finished Set the console keyboard layout.
      [  OK  ] Finished Set the console keyboard layout.
      [    9.804546] systemd[1]: modprobe@configfs.service: Succeeded.
      [    9.810989] systemd[1]: Finished Load Kernel Module configfs.
      [  OK  ] Finished Load Kernel Module configfs.
      [    9.832135] systemd[1]: Started Journal Service.
      [  OK  ] Started Journal Service.
      [  OK  ] Finished Load Kernel Module drm.
      [  OK  ] Finished Load Kernel Module fuse.
      [FAILED] Failed to start Load Kernel Modules.
      [    9.901395] EXT4-fs (mmcblk0p2): re-mounted. Quota mode: none.
      [  OK  ] Finished Remount Root and Kernel File Systems.
              Mounting FUSE Control File System...
              Mounting Kernel Configuration File System...
              Starting Flush Journal to Persistent Storage...
              Starting Load/Save Random Seed...
      [   10.024910] systemd-journald[185]: Received client request to flush runtime journal.
              Starting Apply Kernel Variables...
              Starting Create System Users...
      [  OK  ] Mounted FUSE Control File System.
      [  OK  ] Mounted Kernel Configuration File System.
      [  OK  ] Finished Load/Save Random Seed.
      [  OK  ] Finished Apply Kernel Variables.
      [  OK  ] Finished Create System Users.
              Starting Create Static Device Nodes in /dev...
      [  OK  ] Finished Create Static Device Nodes in /dev.
      [  OK  ] Reached target Local File Systems (Pre).
              Starting Rule-based Manage&for Device Events and Files...
      [  OK  ] Finished Coldplug All udev Devices.
              Starting Helper to synchronize boot up for ifupdown...
              Starting Wait for udev To &plete Device Initialization...
      [  OK  ] Finished Flush Journal to Persistent Storage.
      [  OK  ] Finished Helper to synchronize boot up for ifupdown.
      [  OK  ] Started Rule-based Manager for Device Events and Files.
              Starting Show Plymouth Boot Screen...
      [  OK  ] Started Show Plymouth Boot Screen.
      [  OK  ] Started Forward Password R&s to Plymouth Directory Watch.
      [  OK  ] Reached target Local Encrypted Volumes.
      [  OK  ] Found device /dev/ttyPS0.
      [  OK  ] Found device /dev/disk/by-partuuid/a22286d2-01.
      [  OK  ] Found device /dev/ttyS0.
      [  OK  ] Finished Wait for udev To Complete Device Initialization.
      [  OK  ] Reached target Hardware activated USB gadget.
      [  OK  ] Listening on Load/Save RF &itch Status /dev/rfkill Watch.
              Starting File System Check&isk/by-partuuid/a22286d2-01...
              Starting Load Kernel Modules...
      [  OK  ] Started File System Check Daemon to report status.
      [FAILED] Failed to start Load Kernel Modules.
      See 'systemctl status systemd-modules-load.service' for details.
      [  OK  ] Finished File System Check&/disk/by-partuuid/a22286d2-01.
              Mounting /boot...
      [  OK  ] Mounted /boot.
      [  OK  ] Reached target Local File Systems.
              Starting Set console font and keymap...
              Starting Raise network interfaces...
              Starting Preprocess NFS configuration...
              Starting Tell Plymouth To Write Out Runtime Data...
              Starting Create Volatile Files and Directories...
      [  OK  ] Finished Set console font and keymap.
      [  OK  ] Finished Preprocess NFS configuration.
      [  OK  ] Reached target NFS client services.
      [  OK  ] Reached target Remote File Systems (Pre).
      [  OK  ] Reached target Remote File Systems.
      [  OK  ] Finished Tell Plymouth To Write Out Runtime Data.
      [  OK  ] Finished Create Volatile Files and Directories.
              Starting Network Time Synchronization...
              Starting Update UTMP about System Boot/Shutdown...
      [  OK  ] Finished Update UTMP about System Boot/Shutdown.
              Starting Load Kernel Modules...
      [  OK  ] Started Network Time Synchronization.
      [  OK  ] Reached target System Time Set.
      [  OK  ] Reached target System Time Synchronized.
      [FAILED] Failed to start Load Kernel Modules.
      See 'systemctl status systemd-modules-load.service' for details.
      [  OK  ] Finished Raise network interfaces.
      [  OK  ] Reached target System Initialization.
      [  OK  ] Started CUPS Scheduler.
      [  OK  ] Started Daily apt download activities.
      [  OK  ] Started Daily apt upgrade and clean activities.
      [  OK  ] Started Periodic ext4 Onli&ata Check for All Filesystems.
      [  OK  ] Started Discard unused blocks once a week.
      [  OK  ] Started Daily rotation of log files.
      [  OK  ] Started Daily man-db regeneration.
      [  OK  ] Started Daily Cleanup of Temporary Directories.
      [  OK  ] Reached target Paths.
      [  OK  ] Reached target Timers.
      [  OK  ] Listening on Avahi mDNS/DNS-SD Stack Activation Socket.
      [  OK  ] Listening on CUPS Scheduler.
      [  OK  ] Listening on D-Bus System Message Bus Socket.
      [  OK  ] Listening on Erlang Port Mapper Daemon Activation Socket.
      [  OK  ] Listening on GPS (Global P&ioning System) Daemon Sockets.
      [  OK  ] Listening on triggerhappy.socket.
      [  OK  ] Reached target Sockets.
      [  OK  ] Reached target Basic System.
              Starting Analog Devices power up/down sequence...
              Starting Avahi mDNS/DNS-SD Stack...
      [  OK  ] Started Regular background program processing daemon.
      [  OK  ] Started D-Bus System Message Bus.
              Starting dphys-swapfile - &unt, and delete a swap file...
              Starting Remove Stale Onli&t4 Metadata Check Snapshots...
      [  OK  ] Started fan-control.
              Starting Fix DP audio and X11 for Jupiter...
              Starting Creating IIOD Context Attributes......
              Starting Authorization Manager...
              Starting DHCP Client Daemon...
              Starting LSB: Switch to on&nless shift key is pressed)...
              Starting LSB: rng-tools (Debian variant)...
              Starting System Logging Service...
              Starting User Login Management...
              Starting triggerhappy global hotkey daemon...
              Starting Disk Manager...
              Starting WPA supplicant...
              Starting Rotate log files...
              Starting Daily man-db regeneration...
      [  OK  ] Started triggerhappy global hotkey daemon.
      [  OK  ] Started DHCP Client Daemon.
      [  OK  ] Finished Fix DP audio and X11 for Jupiter.
      [  OK  ] Started System Logging Service.
      [  OK  ] Started LSB: rng-tools (Debian variant).
      [  OK  ] Finished dphys-swapfile - &mount, and delete a swap file.
      [  OK  ] Finished Rotate log files.
      [  OK  ] Started User Login Management.
      [  OK  ] Started Avahi mDNS/DNS-SD Stack.
      [  OK  ] Started WPA supplicant.
      [  OK  ] Reached target Network.
      [  OK  ] Reached target Network is Online.
              Starting CUPS Scheduler...
      [  OK  ] Started Erlang Port Mapper Daemon.
              Starting Load USB gadget scheme...
              Starting HTTP based time synchronization tool...
              Starting Internet superserver...
              Starting /etc/rc.local Compatibility...
              Starting OpenBSD Secure Shell server...
              Starting Permit User Sessions...
      [  OK  ] Started Unattended Upgrades Shutdown.
      [  OK  ] Started /etc/rc.local Compatibility.
      [  OK  ] Started Authorization Manager.
              Starting Modem Manager...
      [  OK  ] Started HTTP based time synchronization tool.
      [  OK  ] Finished Permit User Sessions.
              Starting Light Display Manager...
              Starting Hold until boot process finishes up...
      [  OK  ] Finished Load USB gadget scheme.
              Mounting Mount FunctionFS instance...
      [  OK  ] Found device /dev/ttyGS0.
      [  OK  ] Started Internet superserver.
      [  OK  ] Mounted Mount FunctionFS instance.
      [  OK  ] Finished Creating IIOD Context Attributes....
      [  OK  ] Started IIO Daemon.
              Starting IIO Daemon with USB FFS support...
              Stopping IIO Daemon...
      [  OK  ] Stopped IIO Daemon.
      [  OK  ] Started IIO Daemon with USB FFS support.
              Starting Start USB gadget scheme...
      [FAILED] Failed to start VNC Server for X11.
      Raspbian GNU/Linux 11 analog ttyPS0
      analog login: root (automatic login)
      Linux analog 6.1.70-284114-g2e8908932dfd #1061 SMP Tue Mar 18 16:40:12 EET 2025 aarch64
      The programs included with the Debian GNU/Linux system are free software;
      the exact distribution terms for each program are described in the
      individual files in /usr/share/doc/*/copyright.
      Debian GNU/Linux comes with ABSOLUTELY NO WARRANTY, to the extent
      permitted by applicable law.
      Last login: Mon Mar  9 14:12:45 GMT 2026 on ttyPS0
      root@analog:~#

Useful commands for the serial terminal
^^^^^^^^^^^^^^^^^^^^^^^^^^^^^^^^^^^^^^^^^^^^^^^^^^^^^^^^^^^^^^^^^^^^^^^^^^^^^^^

The below commands are to be run in the serial terminal connected to the FPGA.

To find out the IP of the FPGA board, run the following command and take the IP
specified at "eth0 inet":

.. shell::

   $ifconfig

To see the IIO devices detected, run:

.. shell::

   $iio_info | grep iio:device
    iio:device0: xilinx-ams iio:device1: ad9523-1 iio:device2: ad7291
    iio:device3: axi-ad9144-hpc (buffer capable) iio:device4: axi-ad9680-hpc
    (buffer capable)

To use the :dokuwiki:`JESD204 status utility <resources/tools-software/linux-software/jesd_status>`, run:

.. shell::

   $jesd_status

Additionally, if running ``stty rows 30`` before running ``jesd_status``, you
can expand the visible area of it and see more than 4 lanes.

To power off the system, run the following command, and wait for the final
message to be printed, then power off the FPGA board from the switch as well.

.. shell::

   $poweroff

To reboot the system, run:

.. shell::

   $reboot

.. important::

   Even thought this is Linux, this is a persistent file systems. Care should be
   taken not to corrupt the file system -- please shut down things, don't just
   turn off the power switch. Depending on your monitor, the standard power off
   could be hiding. You can do this from the terminal as well with :code:`sudo
   shutdown -h now` or the above-mentioned command for powering off.

IIO Oscilloscope
~~~~~~~~~~~~~~~~~~~~~~~~~~~~~~~~~~~~~~~~~~~~~~~~~~~~~~~~~~~~~~~~~~~~~~~~~~~~~~~

**Local IIO Oscilloscope**

#. Ignore your PC, and now interact on the USB mouse/keyboard on the ZynqMP
   device

#. Captured Loopback Signal Time Domain

   .. image:: ./../images/ad-fmcdaq2-ebz_zcu102_time_domain_linux.png
        :width: 900

#. Captured Loopback Signal Frequency Domain

   .. image:: ./../images/ad-fmcdaq2-ebz_zcu102_frequency_domain_linux.png
        :width: 900

**Remote IIO Oscilloscope**

#. Disconnect the USB mouse/keyboard from the USB 2.0 ULPI Controller, w/Micro-B
   Connector (J83)
#. Connect USB UART J83 (Micro USB) to your host PC
#. Plug your ethernet cable into the RJ45 ethernet connector(P12)
#. Observe kernel and serial console messages on your UART terminal (use the
   first ttyUSB or COM port resisted)
#. Run the ifconfig command on your UART terminal and get your board IP

   .. image:: ./../images/ifconfig_zcu102.png
        :width: 900

#. Open IIO Scope application and type ip:board_ip in the URI tab

   .. image:: ./../images/iio_osc_connection_zcu102_fmcdaq2.png

.. important::

   Even thought this is Linux, this is a persistent file systems. Care should be
   taken not to corrupt the file system -- please shut down things, don't just
   turn off the power switch. Depending on your monitor, the standard power off
   could be hiding. You can do this from the terminal as well with ``sudo
   shutdown -h now``

Using no-OS as software
-------------------------------------------------------------------------------

Necessary files
~~~~~~~~~~~~~~~~~~~~~~~~~~~~~~~~~~~~~~~~~~~~~~~~~~~~~~~~~~~~~~~~~~~~~~~~~~~~~~~

The following files are needed for the system to boot:

- HDL boot file: ``system_top.xsa``
- no-OS project: :git-no-os:`projects/fmcdaq2`

Instructions on how to build the boot files from source can be found here:

- More no-OS build details at :external+no-OS:doc:`build_guide`.
- :external+hdl:ref:`daq2`. More HDL build details at
  :external+hdl:ref:`build_hdl`.

Required Software
~~~~~~~~~~~~~~~~~~~~~~~~~~~~~~~~~~~~~~~~~~~~~~~~~~~~~~~~~~~~~~~~~~~~~~~~~~~~~~~

- AMD Xilinx Vivado and Vitis (downloading Vitis from `here
  <https://www.xilinx.com/support/download/index.html/content/xilinx/en/downloadNav/vitis.html>`_
  will include Vivado as well)
- An UART terminal (Putty/Tera Term/Minicom, etc.), Baud rate 115200 (8N1)

Required Hardware
~~~~~~~~~~~~~~~~~~~~~~~~~~~~~~~~~~~~~~~~~~~~~~~~~~~~~~~~~~~~~~~~~~~~~~~~~~~~~~~

- AMD Xilinx :xilinx:`ZCU102` Rev 1.1 or higher FPGA board and its power supply
- :adi:`AD-FMCDAQ2-EBZ` FMC evaluation board
- 2x Micro-USB cables, one for UART and one for JTAG
- (Optional) 2x SMA cable for analog signal loopback

More details as to why you need these, can be found at :ref:`ad_fmcdaq2_ebz prerequisites`.

Testing
~~~~~~~~~~~~~~~~~~~~~~~~~~~~~~~~~~~~~~~~~~~~~~~~~~~~~~~~~~~~~~~~~~~~~~~~~~~~~~~

Creating the setup
^^^^^^^^^^^^^^^^^^^^^^^^^^^^^^^^^^^^^^^^^^^^^^^^^^^^^^^^^^^^^^^^^^^^^^^^^^^^^^^

.. image:: ./../images/ad-fmcdaq2-ebz_zcu102_no-OS.jpg
   :width: 900

.. caution::

    This project was tested with **VADJ = 1.8V**

Follow the steps in this order, to avoid damaging the components:

#. Connect the :adi:`AD-FMCDAQ2-EBZ` FMC board to the ZCU102 **HPC0** FMC0
   socket
#. Configure :xilinx:`ZCU102` for JTAG boot mode (mode SW6[4:1] switch in the
   position **ON,ON,ON,ON**)
#. Connect USB UART J83 (Micro USB) to your host PC
#. Connect USB JTAG (Micro USB) to your host PC
#. (Optional) Connect the external clock generator and/or loopback cables
#. Turn on the power switch on the FPGA board
#. Observe console output messages on your terminal (use the first ttyUSB or COM
   port registered)

Console output
^^^^^^^^^^^^^^^^^^^^^^^^^^^^^^^^^^^^^^^^^^^^^^^^^^^^^^^^^^^^^^^^^^^^^^^^^^^^^^^

The following is what is printed in the serial console, after you have connected
to the proper ttyUSB or COM port:

.. collapsible:: Complete boot log

   ::

      Zynq MP First Stage Boot Loader
      Release 2023.2   Mar 12 2026  -  08:31:43
      PMU-FW is not running, certain applications may not be supported.
      Available sampling rates:
              1 - ADC 1000 MSPS; DAC 1000 MSPS
              2 - ADC  500 MSPS; DAC 1000 MSPS
              3 - ADC  500 MSPS; DAC  500 MSPS
              4 - ADC  600 MSPS; DAC  600 MSPS
              5 - ADC 1000 MSPS; DAC 2000 MSPS (2x interpolation)
      choose an option [default 1]:
      4 - ADC  600 MSPS; DAC  600 MSPS
      ad9144_xcvr: OK (6000000 kHz)
      ad9680_xcvr: OK (6000000 kHz)
      ad9680_adc: Successfully initialized (599987792 Hz)
      ad9144_dac: Successfully initialized (599987792 Hz)
      ad9680_xcvr: OK (6000000 kHz)
      ad9144_xcvr: OK (6000000 kHz)
      Link0 code grp sync: f
      Link0 frame sync stat: f
      Link0 good checksum stat: f
      Link0 init lane_sync stat: f
      Link0 4 lanes @ 6000000 kBps
      ad9680_jesd status:
              Link is enabled
              Measured Link Clock: 149.997 MHz
              Reported Link Clock: 150.000 MHz
              Lane rate: 6000.000 MHz
              Lane rate / 40: 150.000 MHz
              LMFC rate: 18.750 MHz
              Link status: DATA
              SYSREF captured: Yes
              SYSREF alignment error: No
      ad9144_jesd status:
              Link is enabled
              Measured Link Clock: 149.997 MHz
              Reported Link Clock: 150.000 MHz
              Lane rate: 6000.000 MHz
              Lane rate / 40: 150.000 MHz
              LMFC rate: 18.750 MHz
              SYNC~: deasserted
              Link status: DATA
              SYSREF captured: Yes
              SYSREF alignment error: No

      daq2: setup and configuration is done

       SAMPLE NO. |     CH1     |     CH 2     |
          0       |    0x0b52   |    0x0c1b    |
          1       |    0x0c36   |    0x0c56    |
          2       |    0x0ba9   |    0x0c57    |
          3       |    0x09b2   |    0x0c37    |
          4       |    0x069c   |    0x0bea    |
          5       |    0x02b8   |    0x0b79    |
          6       |    0xfe81   |    0x0ae2    |
          7       |    0xfa81   |    0x0a20    |
          8       |    0xf71e   |    0x093a    |
          9       |    0xf4ca   |    0x0835    |
         10       |    0xf3ca   |    0x071a    |
         11       |    0xf43a   |    0x05e7    |
         12       |    0xf60e   |    0x049a    |
         13       |    0xf90c   |    0x033d    |
         14       |    0xfce0   |    0x01dc    |
         15       |    0x0115   |    0x006d    |
         16       |    0x0525   |    0xff02    |
         17       |    0x089b   |    0xfd91    |
         18       |    0x0b09   |    0xfc2c    |
         19       |    0x0c2c   |    0xfadd    |
         20       |    0x0bdd   |    0xf996    |
         21       |    0x0a23   |    0xf86a    |
         22       |    0x073c   |    0xf752    |
         23       |    0x0374   |    0xf65c    |
         24       |    0xff40   |    0xf583    |
         25       |    0xfb2e   |    0xf4cf    |
         26       |    0xf7a4   |    0xf442    |
         27       |    0xf51d   |    0xf3d6    |
         28       |    0xf3de   |    0xf397    |
         29       |    0xf40e   |    0xf384    |
         30       |    0xf5a4   |    0xf39b    |
         31       |    0xf876   |    0xf3dc    |
         32       |    0xfc2b   |    0xf446    |
         33       |    0x0054   |    0xf4cf    |
         34       |    0x0475   |    0xf583    |
         35       |    0x0809   |    0xf65e    |
         36       |    0x0ab2   |    0xf756    |
         37       |    0x0c0c   |    0xf873    |
         38       |    0x0c04   |    0xf99e    |
         39       |    0x0a8b   |    0xfae7    |
         40       |    0x07d3   |    0xfc3a    |
         41       |    0x042d   |    0xfd9f    |
         42       |    0x0006   |    0xff0a    |
         43       |    0xfbe5   |    0x007b    |
         44       |    0xf83a   |    0x01e8    |
         45       |    0xf57b   |    0x034d    |
         46       |    0xf3fc   |    0x04a5    |
         47       |    0xf3e2   |    0x05eb    |
         48       |    0xf545   |    0x0727    |
         49       |    0xf7dd   |    0x0842    |
         50       |    0xfb76   |    0x0942    |
         51       |    0xff96   |    0x0a22    |
         52       |    0x03bc   |    0x0ae6    |
         53       |    0x0774   |    0x0b7e    |
         54       |    0x0a4f   |    0x0bf4    |
         55       |    0x0bed   |    0x0c40    |
         56       |    0x0c1c   |    0x0c5a    |
         57       |    0x0aec   |    0x0c50    |
         58       |    0x0866   |    0x0c1d    |
         59       |    0x04e2   |    0x0bc4    |
         60       |    0x00cb   |    0x0b37    |
         61       |    0xfc98   |    0x0a8f    |
         62       |    0xf8d1   |    0x09c1    |
         63       |    0xf5e2   |    0x08cf    |
         64       |    0xf423   |    0x07c4    |
         65       |    0xf3d4   |    0x0698    |
         66       |    0xf4ed   |    0x0559    |
         67       |    0xf752   |    0x0405    |
         68       |    0xfabe   |    0x02a6    |
         69       |    0xfed1   |    0x0139    |
         70       |    0x0306   |    0xffcd    |
         71       |    0x06d9   |    0xfe5e    |
         72       |    0x09e0   |    0xfcfe    |
         73       |    0x0bbe   |    0xfb9c    |
         74       |    0x0c2e   |    0xfa46    |
         75       |    0x0b3e   |    0xf915    |
         76       |    0x08ed   |    0xf7ea    |
         77       |    0x0590   |    0xf6e3    |
         78       |    0x0188   |    0xf5f6    |
         79       |    0xfd54   |    0xf532    |
         80       |    0xf973   |    0xf489    |
         81       |    0xf651   |    0xf411    |
         82       |    0xf45c   |    0xf3b6    |
         83       |    0xf3c5   |    0xf385    |
         84       |    0xf49b   |    0xf386    |
         85       |    0xf6cd   |    0xf3b0    |
         86       |    0xfa19   |    0xf405    |
         87       |    0xfe11   |    0xf47e    |
         88       |    0x0244   |    0xf51e    |
         89       |    0x0634   |    0xf5de    |
         90       |    0x096b   |    0xf6cc    |
         91       |    0x0b7e   |    0xf7ce    |
         92       |    0x0c40   |    0xf8f5    |
         93       |    0x0b7e   |    0xfa2b    |
         94       |    0x096d   |    0xfb7e    |
         95       |    0x0639   |    0xfcd3    |
         96       |    0x0248   |    0xfe3e    |
         97       |    0xfe15   |    0xffad    |
         98       |    0xfa14   |    0x0117    |
         99       |    0xf6d2   |    0x0285    |
        100       |    0xf4a1   |    0x03e3    |
        101       |    0xf3c5   |    0x0537    |
        102       |    0xf462   |    0x067f    |
        103       |    0xf653   |    0x07a5    |
        104       |    0xf96c   |    0x08b6    |
        105       |    0xfd50   |    0x09a8    |
        106       |    0x0189   |    0x0a7e    |
        107       |    0x058a   |    0x0b29    |
        108       |    0x08e7   |    0x0baf    |
        109       |    0x0b36   |    0x0c15    |
        110       |    0x0c34   |    0x0c50    |
        111       |    0x0bbd   |    0x0c5c    |
        112       |    0x09e0   |    0x0c41    |
        113       |    0x06db   |    0x0bf6    |
        114       |    0x030a   |    0x0b8a    |
        115       |    0xfed8   |    0x0af3    |
        116       |    0xfac6   |    0x0a3a    |
        117       |    0xf754   |    0x095c    |
        118       |    0xf4ee   |    0x085d    |
        119       |    0xf3d1   |    0x0744    |
        120       |    0xf423   |    0x0611    |
        121       |    0xf5e3   |    0x04c3    |
        122       |    0xf8cc   |    0x036b    |
        123       |    0xfc9b   |    0x0208    |
        124       |    0x00c7   |    0x009d    |
        125       |    0x04de   |    0xff2e    |
        126       |    0x0863   |    0xfdc3    |
        127       |    0x0ae5   |    0xfc5d    |
        128       |    0x0c21   |    0xfb06    |
        129       |    0x0bef   |    0xf9bf    |
        130       |    0x0a4e   |    0xf88c    |
        131       |    0x0779   |    0xf773    |
        132       |    0x03bf   |    0xf67f    |
        133       |    0xff99   |    0xf59c    |
        134       |    0xfb7d   |    0xf4e4    |
        135       |    0xf7e4   |    0xf451    |
        136       |    0xf544   |    0xf3e2    |
        137       |    0xf3e8   |    0xf39f    |
        138       |    0xf3f9   |    0xf388    |
        139       |    0xf577   |    0xf395    |
        140       |    0xf838   |    0xf3d1    |
        141       |    0xfbdd   |    0xf42e    |
        142       |    0x0007   |    0xf4bc    |
        143       |    0x0425   |    0xf56d    |
        144       |    0x07d0   |    0xf643    |
        145       |    0x0a8c   |    0xf739    |
        146       |    0x0c05   |    0xf84c    |
        147       |    0x0c14   |    0xf978    |
        148       |    0x0ab3   |    0xfaba    |
        149       |    0x0812   |    0xfc10    |
        150       |    0x0476   |    0xfd70    |
        151       |    0x0056   |    0xfede    |
        152       |    0xfc2c   |    0x004a    |
        153       |    0xf874   |    0x01b8    |
        154       |    0xf5a8   |    0x031c    |
        155       |    0xf409   |    0x0479    |
        156       |    0xf3e0   |    0x05ca    |
        157       |    0xf512   |    0x0700    |
        158       |    0xf7a3   |    0x081d    |
        159       |    0xfb27   |    0x0928    |
        160       |    0xff43   |    0x0a09    |
        161       |    0x036c   |    0x0ace    |
        162       |    0x0734   |    0x0b6b    |
        163       |    0x0a23   |    0x0be3    |
        164       |    0x0bd9   |    0x0c37    |
        165       |    0x0c28   |    0x0c5b    |
        166       |    0x0b0b   |    0x0c53    |
        167       |    0x089d   |    0x0c26    |
        168       |    0x052c   |    0x0bca    |
        169       |    0x011e   |    0x0b55    |
        170       |    0xfceb   |    0x0ab0    |
        171       |    0xf915   |    0x09dc    |
        172       |    0xf613   |    0x08f7    |
        173       |    0xf43e   |    0x07ec    |
        174       |    0xf3cb   |    0x06c5    |
        175       |    0xf4cc   |    0x0581    |
        176       |    0xf716   |    0x0433    |
        177       |    0xfa7c   |    0x02dd    |
        178       |    0xfe7e   |    0x016e    |
        179       |    0x02b1   |    0x0000    |
        180       |    0x0695   |    0xfe91    |
        181       |    0x09ad   |    0xfd2e    |
        182       |    0x0ba1   |    0xfbcd    |
        183       |    0x0c37   |    0xfa77    |
        184       |    0x0b5a   |    0xf93b    |
        185       |    0x091f   |    0xf811    |
        186       |    0x05d8   |    0xf706    |
        187       |    0x01db   |    0xf619    |
        188       |    0xfda5   |    0xf545    |
        189       |    0xf9b2   |    0xf4a3    |
        190       |    0xf685   |    0xf418    |
        191       |    0xf479   |    0xf3c2    |
        192       |    0xf3c1   |    0xf390    |
        193       |    0xf483   |    0xf38d    |
        194       |    0xf697   |    0xf3ab    |
        195       |    0xf9cd   |    0xf3f5    |
        196       |    0xfdc0   |    0xf46f    |
        197       |    0x01f9   |    0xf501    |
        198       |    0x05f0   |    0xf5c5    |
        199       |    0x0937   |    0xf6a5    |
        200       |    0x0b62   |    0xf7ac    |
        201       |    0x0c39   |    0xf8c6    |
        202       |    0x0b9d   |    0xfa05    |
        203       |    0x09a1   |    0xfb4d    |
        204       |    0x067a   |    0xfca7    |
        205       |    0x029a   |    0xfe0b    |
        206       |    0xfe65   |    0xff7d    |
        207       |    0xfa5f   |    0x00e5    |
        208       |    0xf706   |    0x0252    |
        209       |    0xf4b6   |    0x03b3    |
        210       |    0xf3ca   |    0x0509    |
        211       |    0xf446   |    0x064f    |
        212       |    0xf620   |    0x077d    |
        213       |    0xf92d   |    0x089a    |
        214       |    0xfd01   |    0x098e    |
        215       |    0x0132   |    0x0a64    |
        216       |    0x0546   |    0x0b16    |
        217       |    0x08af   |    0x0ba9    |
        218       |    0x0b15   |    0x0c0b    |
        219       |    0x0c2b   |    0x0c4f    |
        220       |    0x0bd5   |    0x0c5b    |
        221       |    0x0a12   |    0x0c43    |
        222       |    0x071c   |    0x0c06    |
        223       |    0x0356   |    0x0ba0    |
        224       |    0xff28   |    0x0b11    |
        225       |    0xfb10   |    0x0a54    |
        226       |    0xf791   |    0x0983    |
        227       |    0xf50d   |    0x0885    |
        228       |    0xf3dd   |    0x076a    |
        229       |    0xf416   |    0x063e    |
        230       |    0xf5af   |    0x04f9    |
        231       |    0xf88d   |    0x03a0    |
        232       |    0xfc47   |    0x023a    |
        233       |    0x006f   |    0x00d3    |
        234       |    0x0496   |    0xff62    |
        235       |    0x0823   |    0xfdf3    |
        236       |    0x0abd   |    0xfc8e    |
        237       |    0x0c16   |    0xfb3a    |
        238       |    0x0c02   |    0xf9ed    |
        239       |    0x0a80   |    0xf8bd    |
        240       |    0x07bd   |    0xf79b    |
        241       |    0x0412   |    0xf699    |
        242       |    0xffec   |    0xf5bb    |
        243       |    0xfbc1   |    0xf4f8    |
        244       |    0xf81f   |    0xf466    |
        245       |    0xf569   |    0xf3f2    |
        246       |    0xf3f8   |    0xf3ab    |
        247       |    0xf3ed   |    0xf38b    |
        248       |    0xf550   |    0xf392    |
        249       |    0xf7f5   |    0xf3c3    |
        250       |    0xfb93   |    0xf423    |
        251       |    0xffb2   |    0xf4a3    |
        252       |    0x03d8   |    0xf554    |
        253       |    0x0791   |    0xf621    |
        254       |    0x0a5c   |    0xf711    |
        255       |    0x0bf7   |    0xf823    |
        256       |    0x0c1a   |    0xf94b    |
        257       |    0x0ad9   |    0xfa93    |
        258       |    0x084d   |    0xfbe7    |
        259       |    0x04c1   |    0xfd44    |
        260       |    0x00ab   |    0xfeab    |
        261       |    0xfc77   |    0x001c    |
        262       |    0xf8b8   |    0x0188    |
        263       |    0xf5d4   |    0x02ec    |
        264       |    0xf41f   |    0x044f    |
        265       |    0xf3d1   |    0x059a    |
        266       |    0xf4f7   |    0x06ce    |
        267       |    0xf768   |    0x07f1    |
        268       |    0xfada   |    0x0905    |
        269       |    0xfeed   |    0x09ef    |
        270       |    0x031e   |    0x0ab4    |
        271       |    0x06f1   |    0x0b54    |
        272       |    0x09f2   |    0x0bd7    |
        273       |    0x0bc0   |    0x0c29    |
        274       |    0x0c2f   |    0x0c59    |
        275       |    0x0b2d   |    0x0c5c    |
        276       |    0x08d4   |    0x0c32    |
        277       |    0x056f   |    0x0bdf    |
        278       |    0x016d   |    0x0b65    |
        279       |    0xfd37   |    0x0ac3    |
        280       |    0xf956   |    0x09f7    |
        281       |    0xf641   |    0x0915    |
        282       |    0xf451   |    0x0810    |
        283       |    0xf3c3   |    0x06ef    |
        284       |    0xf4a9   |    0x05af    |
        285       |    0xf6e1   |    0x0464    |
        286       |    0xfa34   |    0x030e    |
        287       |    0xfe31   |    0x01a2    |
        288       |    0x0263   |    0x0038    |
        289       |    0x064f   |    0xfec6    |
        290       |    0x0979   |    0xfd5a    |
        291       |    0x0b8c   |    0xfbf9    |
        292       |    0x0c33   |    0xfaac    |
        293       |    0x0b7a   |    0xf964    |
        294       |    0x0956   |    0xf83d    |
        295       |    0x061a   |    0xf728    |
        296       |    0x022b   |    0xf637    |
        297       |    0xfdfb   |    0xf567    |
        298       |    0xf9fb   |    0xf4b6    |
        299       |    0xf6ba   |    0xf42d    |
        300       |    0xf492   |    0xf3cf    |
        301       |    0xf3c2   |    0xf392    |
        302       |    0xf46c   |    0xf388    |
        303       |    0xf663   |    0xf3a5    |
        304       |    0xf984   |    0xf3ed    |
        305       |    0xfd72   |    0xf459    |
        306       |    0x01a8   |    0xf4eb    |
        307       |    0x05a9   |    0xf5aa    |
        308       |    0x0901   |    0xf685    |
        309       |    0x0b42   |    0xf783    |
        310       |    0x0c31   |    0xf8a5    |
        311       |    0x0bb7   |    0xf9d8    |
        312       |    0x09d0   |    0xfb21    |
        313       |    0x06c2   |    0xfc79    |
        314       |    0x02ee   |    0xfdde    |
        315       |    0xfeb6   |    0xff49    |
        316       |    0xfaad   |    0x00b8    |
        317       |    0xf740   |    0x0226    |
        318       |    0xf4df   |    0x038a    |
        319       |    0xf3cc   |    0x04df    |
        320       |    0xf42d   |    0x0624    |
        321       |    0xf5ef   |    0x075a    |
        322       |    0xf8e6   |    0x0873    |
        323       |    0xfcb4   |    0x0966    |
        324       |    0x00e5   |    0x0a45    |
        325       |    0x04f7   |    0x0afc    |
        326       |    0x0876   |    0x0b95    |
        327       |    0x0aee   |    0x0c06    |
        328       |    0x0c26   |    0x0c43    |
        329       |    0x0be9   |    0x0c5b    |
        330       |    0x0a3d   |    0x0c4e    |
        331       |    0x0763   |    0x0c12    |
        332       |    0x03a1   |    0x0baf    |
        333       |    0xff7b   |    0x0b28    |
        334       |    0xfb59   |    0x0a74    |
        335       |    0xf7ca   |    0x099e    |
        336       |    0xf534   |    0x08ab    |
        337       |    0xf3e5   |    0x078f    |
        338       |    0xf400   |    0x066e    |
        339       |    0xf58c   |    0x0527    |
        340       |    0xf851   |    0x03d1    |
        341       |    0xfbfc   |    0x0273    |
        342       |    0x0026   |    0x0103    |
        343       |    0x0445   |    0xff98    |
        344       |    0x07ea   |    0xfe2d    |
        345       |    0x0a97   |    0xfcc7    |
        346       |    0x0c09   |    0xfb69    |
        347       |    0x0c0c   |    0xfa18    |
        348       |    0x0aa4   |    0xf8e1    |
        349       |    0x07f6   |    0xf7c6    |
        350       |    0x045d   |    0xf6bb    |
        351       |    0x0039   |    0xf5d9    |
        352       |    0xfc10   |    0xf515    |
        353       |    0xf85e   |    0xf478    |
        354       |    0xf595   |    0xf406    |
        355       |    0xf407   |    0xf3ad    |
        356       |    0xf3e1   |    0xf390    |
        357       |    0xf52a   |    0xf391    |
        358       |    0xf7bb   |    0xf3bb    |
        359       |    0xfb45   |    0xf417    |
        360       |    0xff60   |    0xf492    |
        361       |    0x0389   |    0xf53d    |
        362       |    0x0753   |    0xf602    |
        363       |    0x0a31   |    0xf6f2    |
        364       |    0x0be0   |    0xf7fd    |
        365       |    0x0c29   |    0xf925    |
        366       |    0x0af8   |    0xfa63    |
        367       |    0x0886   |    0xfbb0    |
        368       |    0x050c   |    0xfd12    |
        369       |    0x00f9   |    0xfe7b    |
        370       |    0xfcca   |    0xffe6    |
        371       |    0xf8fd   |    0x0157    |
        372       |    0xf601   |    0x02bf    |
        373       |    0xf432   |    0x041a    |
        374       |    0xf3cc   |    0x056b    |
        375       |    0xf4d3   |    0x06ae    |
        376       |    0xf72f   |    0x07d4    |
        377       |    0xfa92   |    0x08df    |
        378       |    0xfe9d   |    0x09d2    |
        379       |    0x02d2   |    0x0a9c    |
        380       |    0x06ac   |    0x0b46    |
        381       |    0x09c2   |    0x0bcb    |
        382       |    0x0baf   |    0x0c22    |
        383       |    0x0c39   |    0x0c55    |
        384       |    0x0b50   |    0x0c5f    |
        385       |    0x0911   |    0x0c38    |
        386       |    0x05bc   |    0x0be9    |
        387       |    0x01bd   |    0x0b75    |
        388       |    0xfd84   |    0x0adc    |
        389       |    0xf99e   |    0x0a1c    |
        390       |    0xf673   |    0x0937    |
        391       |    0xf46a   |    0x0836    |
        392       |    0xf3c6   |    0x071b    |
        393       |    0xf48a   |    0x05df    |
        394       |    0xf6ac   |    0x0493    |
        395       |    0xf9ee   |    0x033c    |
        396       |    0xfddf   |    0x01d3    |
        397       |    0x0215   |    0x006c    |
        398       |    0x0609   |    0xfefe    |
        399       |    0x094c   |    0xfd8d    |
        400       |    0x0b6e   |    0xfc2e    |
        401       |    0x0c38   |    0xfad9    |
        402       |    0x0b94   |    0xf993    |
        403       |    0x098e   |    0xf861    |
        404       |    0x0663   |    0xf751    |
        405       |    0x027e   |    0xf656    |
        406       |    0xfe48   |    0xf580    |
        407       |    0xfa4b   |    0xf4cc    |
        408       |    0xf6f5   |    0xf43d    |
        409       |    0xf4b4   |    0xf3d9    |
        410       |    0xf3c5   |    0xf39f    |
        411       |    0xf449   |    0xf388    |
        412       |    0xf634   |    0xf3a2    |
        413       |    0xf941   |    0xf3e0    |
        414       |    0xfd22   |    0xf44a    |
        415       |    0x0154   |    0xf4da    |
        416       |    0x055e   |    0xf590    |
        417       |    0x08c7   |    0xf669    |
        418       |    0x0b24   |    0xf765    |
        419       |    0x0c2f   |    0xf878    |
        420       |    0x0bcc   |    0xf9af    |
        421       |    0x0a00   |    0xfaf9    |
        422       |    0x0709   |    0xfc4b    |
        423       |    0x0338   |    0xfdae    |
        424       |    0xff04   |    0xff1b    |
        425       |    0xfaf7   |    0x0087    |
        426       |    0xf776   |    0x01f1    |
        427       |    0xf503   |    0x035c    |
        428       |    0xf3d7   |    0x04b3    |
        429       |    0xf41a   |    0x05ff    |
        430       |    0xf5c5   |    0x072d    |
        431       |    0xf8ab   |    0x0849    |
        432       |    0xfc65   |    0x0950    |
        433       |    0x0094   |    0x0a2d    |
        434       |    0x04af   |    0x0aec    |
        435       |    0x0838   |    0x0b84    |
        436       |    0x0acc   |    0x0bf8    |
        437       |    0x0c19   |    0x0c3a    |
        438       |    0x0bfd   |    0x0c5e    |
        439       |    0x0a6b   |    0x0c4e    |
        440       |    0x07a0   |    0x0c21    |
        441       |    0x03f4   |    0x0bc0    |
        442       |    0xffca   |    0x0b3c    |
        443       |    0xfba2   |    0x0a8e    |
        444       |    0xf804   |    0x09b9    |
        445       |    0xf55b   |    0x08ce    |
        446       |    0xf3ef   |    0x07bf    |
        447       |    0xf3f2   |    0x0692    |
        448       |    0xf55c   |    0x0551    |
        449       |    0xf80a   |    0x0402    |
        450       |    0xfbae   |    0x02a2    |
        451       |    0xffd2   |    0x0131    |
        452       |    0x03fa   |    0xffc9    |
        453       |    0x07a6   |    0xfe5b    |
        454       |    0x0a70   |    0xfcf1    |
        455       |    0x0bfc   |    0xfb9e    |
        456       |    0x0c19   |    0xfa48    |
        457       |    0x0ac7   |    0xf910    |
        458       |    0x0836   |    0xf7e4    |
        459       |    0x04a6   |    0xf6e4    |
        460       |    0x008d   |    0xf5f7    |
        461       |    0xfc5f   |    0xf532    |
        462       |    0xf8a1   |    0xf48d    |
        463       |    0xf5c0   |    0xf40a    |
        464       |    0xf419   |    0xf3b6    |
        465       |    0xf3d6   |    0xf38a    |
        466       |    0xf505   |    0xf38e    |
        467       |    0xf77d   |    0xf3b9    |
        468       |    0xfafc   |    0xf409    |
        469       |    0xff11   |    0xf485    |
        470       |    0x0342   |    0xf523    |
        471       |    0x070d   |    0xf5e5    |
        472       |    0x0a03   |    0xf6d4    |
        473       |    0x0bcc   |    0xf7dc    |
        474       |    0x0c2f   |    0xf8fc    |
        475       |    0x0b1d   |    0xfa35    |
        476       |    0x08bf   |    0xfb84    |
        477       |    0x0556   |    0xfcdc    |
        478       |    0x014e   |    0xfe47    |
        479       |    0xfd16   |    0xffb2    |
        480       |    0xf93e   |    0x012b    |
        481       |    0xf631   |    0x0294    |
        482       |    0xf44c   |    0x03ed    |
        483       |    0xf3cb   |    0x053f    |
        484       |    0xf4b2   |    0x0680    |
        485       |    0xf6f3   |    0x07b1    |
        486       |    0xfa4b   |    0x08c1    |
        487       |    0xfe52   |    0x09b4    |
        488       |    0x0283   |    0x0a7e    |
        489       |    0x066d   |    0x0b34    |
        490       |    0x098d   |    0x0bb9    |
        491       |    0x0b94   |    0x0c1a    |
        492       |    0x0c38   |    0x0c54    |
        493       |    0x0b6b   |    0x0c5e    |
        494       |    0x0944   |    0x0c42    |
        495       |    0x0601   |    0x0bf9    |
        496       |    0x020d   |    0x0b8d    |
        497       |    0xfdd2   |    0x0af6    |
        498       |    0xf9e4   |    0x0a38    |
        499       |    0xf6a7   |    0x0959    |
        500       |    0xf48e   |    0x085c    |
        501       |    0xf3c2   |    0x073b    |
        502       |    0xf46f   |    0x060f    |
        503       |    0xf678   |    0x04c1    |
        504       |    0xf9a2   |    0x036b    |
        505       |    0xfd8e   |    0x0200    |
        506       |    0x01ca   |    0x0097    |
        507       |    0x05c1   |    0xff2a    |
        508       |    0x090d   |    0xfdc0    |
        509       |    0x0b51   |    0xfc5d    |
        510       |    0x0c36   |    0xfb07    |
        511       |    0x0bab   |    0xf9bf    |
        512       |    0x09c0   |    0xf889    |
        513       |    0x06ab   |    0xf777    |
        514       |    0x02ce   |    0xf676    |
        515       |    0xfe95   |    0xf59b    |
        516       |    0xfa8e   |    0xf4e4    |
        517       |    0xf725   |    0xf453    |
        518       |    0xf4d3   |    0xf3e5    |
        519       |    0xf3d0   |    0xf3a1    |
        520       |    0xf431   |    0xf388    |
        521       |    0xf605   |    0xf39c    |
        522       |    0xf905   |    0xf3d4    |
        523       |    0xfcd5   |    0xf439    |
        524       |    0x0108   |    0xf4c6    |
        525       |    0x0518   |    0xf573    |
        526       |    0x088a   |    0xf64b    |
        527       |    0x0afd   |    0xf73d    |
        528       |    0x0c28   |    0xf855    |
        529       |    0x0be1   |    0xf985    |
        530       |    0x0a2f   |    0xfac5    |
        531       |    0x0745   |    0xfc1d    |
        532       |    0x0383   |    0xfd7c    |
        533       |    0xff5d   |    0xfee9    |
        534       |    0xfb40   |    0x0057    |
        535       |    0xf7af   |    0x01c3    |
        536       |    0xf529   |    0x032a    |
        537       |    0xf3df   |    0x0483    |
        538       |    0xf409   |    0x05cd    |
        539       |    0xf59a   |    0x0704    |
        540       |    0xf861   |    0x082a    |
        541       |    0xfc14   |    0x092d    |
        542       |    0x003d   |    0x0a11    |
        543       |    0x0464   |    0x0ad3    |
        544       |    0x07fb   |    0x0b71    |
        545       |    0x0aa8   |    0x0be5    |
        546       |    0x0c0a   |    0x0c37    |
        547       |    0x0c04   |    0x0c5b    |
        548       |    0x0a96   |    0x0c57    |
        549       |    0x07e2   |    0x0c2f    |
        550       |    0x043d   |    0x0bd2    |
        551       |    0x001b   |    0x0b51    |
        552       |    0xfbf3   |    0x0aa7    |
        553       |    0xf847   |    0x09e2    |
        554       |    0xf582   |    0x08f1    |
        555       |    0xf3fd   |    0x07e0    |
        556       |    0xf3eb   |    0x06c1    |
        557       |    0xf53c   |    0x0580    |
        558       |    0xf7d6   |    0x042e    |
        559       |    0xfb64   |    0x02d1    |
        560       |    0xff7f   |    0x016a    |
        561       |    0x03aa   |    0xfffa    |
        562       |    0x0764   |    0xfe8f    |
        563       |    0x0a46   |    0xfd25    |
        564       |    0x0be6   |    0xfbc6    |
        565       |    0x0c28   |    0xfa74    |
        566       |    0x0af2   |    0xf939    |
        567       |    0x0870   |    0xf811    |
        568       |    0x04f3   |    0xf6ff    |
        569       |    0x00dd   |    0xf614    |
        570       |    0xfcad   |    0xf54a    |
        571       |    0xf8e0   |    0xf4a2    |
        572       |    0xf5eb   |    0xf41f    |
        573       |    0xf42d   |    0xf3c0    |
        574       |    0xf3cf   |    0xf398    |
        575       |    0xf4e2   |    0xf38b    |
        576       |    0xf745   |    0xf3ae    |
        577       |    0xfab1   |    0xf3f9    |
        578       |    0xfec0   |    0xf473    |
        579       |    0x02f2   |    0xf50d    |
        580       |    0x06c9   |    0xf5cf    |
        581       |    0x09d3   |    0xf6b0    |
        582       |    0x0bba   |    0xf7b9    |
        583       |    0x0c3b   |    0xf8d4    |
        584       |    0x0b45   |    0xfa0c    |
        585       |    0x08f6   |    0xfb5f    |
        586       |    0x059f   |    0xfcb1    |
        587       |    0x01a3   |    0xfe1c    |
        588       |    0xfd64   |    0xff86    |
        589       |    0xf984   |    0x00f5    |
        590       |    0xf65f   |    0x025e    |
        591       |    0xf460   |    0x03c3    |
        592       |    0xf3be   |    0x0512    |
        593       |    0xf491   |    0x065a    |
        594       |    0xf6c0   |    0x0787    |
        595       |    0xf9ff   |    0x089c    |
        596       |    0xfdfc   |    0x0997    |
        597       |    0x0234   |    0x0a66    |
        598       |    0x0625   |    0x0b1d    |
        599       |    0x095c   |    0x0ba9    |
        600       |    0x0b7d   |    0x0c14    |
        601       |    0x0c39   |    0x0c4b    |
        602       |    0x0b87   |    0x0c5f    |
        603       |    0x097b   |    0x0c46    |
        604       |    0x064b   |    0x0c0e    |
        605       |    0x025b   |    0x0b98    |
        606       |    0xfe29   |    0x0b0c    |
        607       |    0xfa29   |    0x0a56    |
        608       |    0xf6df   |    0x097c    |
        609       |    0xf4a3   |    0x087f    |
        610       |    0xf3ca   |    0x0767    |
        611       |    0xf450   |    0x0636    |
        612       |    0xf645   |    0x04ef    |
        613       |    0xf95d   |    0x039d    |
        614       |    0xfd3e   |    0x0238    |
        615       |    0x0172   |    0x00cc    |
        616       |    0x0576   |    0xff62    |
        617       |    0x08d9   |    0xfdf0    |
        618       |    0x0b31   |    0xfc8f    |
        619       |    0x0c2e   |    0xfb37    |
        620       |    0x0bc7   |    0xf9ed    |
        621       |    0x09f1   |    0xf8b4    |
        622       |    0x06e9   |    0xf79a    |
        623       |    0x031d   |    0xf698    |
        624       |    0xfeeb   |    0xf5bb    |
        625       |    0xfad4   |    0xf4fd    |
        626       |    0xf762   |    0xf463    |
        627       |    0xf4f3   |    0xf3f5    |
        628       |    0xf3d7   |    0xf3a9    |
        629       |    0xf426   |    0xf38a    |
        630       |    0xf5d3   |    0xf394    |
        631       |    0xf8c0   |    0xf3c6    |
        632       |    0xfc84   |    0xf42a    |
        633       |    0x00b0   |    0xf4af    |
        634       |    0x04ca   |    0xf55b    |
        635       |    0x0850   |    0xf62e    |
        636       |    0x0add   |    0xf71e    |
        637       |    0x0c1d   |    0xf830    |
        638       |    0x0bf1   |    0xf956    |
        639       |    0x0a5c   |    0xfa9a    |
        640       |    0x0788   |    0xfbee    |
        641       |    0x03d5   |    0xfd4f    |
        642       |    0xffaa   |    0xfebf    |
        643       |    0xfb8e   |    0x0026    |
        644       |    0xf7f2   |    0x0191    |
