.. imported from: https://wiki.analog.com/resources/eval/user-guides/adrv9009/quickstart/zc706

.. _adrv9009 quickstart zc706:

ADRV9009-W/Zynq ZC706 Quick Start Guide
=======================================

This guide provides some quick instructions (still takes awhile to download, and
set things up) on how to setup the ADRV9009-W on:

- :xilinx:`ZC706 <ZC706>` (rev 1.1 or higher)

.. figure:: https://wiki.analog.com/_media/resources/eval/user-guides/adrv9009/quickstart/adrv9009_zc706_quickstart.jpg
   :width: 600px

Requirements
------------

- You need a Host PC (Windows or Linux).
- You need a SD card writer connected to above PC (Supported USB SD
  readers/writers are OK).
- USB keyboard/mouse for the Zynq or ZED Device
- HDMI Display (monitor or TV) (FULL HD only!)

Creating / Configuring the SD Card
----------------------------------

:dokuwiki:`Create SD Image for Zynq Boards. (it is a single image for all boards) <resources/tools-software/linux-software/zynq_images>`

.. todo:: .. include: /wiki/common.rst

   :start-after: .. start-esd-warning
   :end-before: .. end-esd-warning

Setting up the hardware (ZC706)
-------------------------------

You will need to:

#. Get the :xilinx:`ZC706 <ZC706>`:

::

   - {{http://www.xilinx.com/images/product-images/zc706-base-board.jpg}}

#. Insert the SD-CARD into the SD Card Interface Connector (J30)
#. Plug the ADRV9009-W into the HPC Connector
#. Plug your HDMI display device into the HDMI Video Connector (P1)
#. Plug your USB mouse/keyboard into the USB 2.0 ULPI Controller, w/Micro-B
   Connector (J49)
#. Plug the Power Supply into 12V Power input connector (J22) (DO NOT turn the
   device on).

#. Set the jumpers: The main one is: SW11 - Big Blue Switch in the middle, which
   controls the Boot Mode, it needs to be set: 1: Down, 2: Down, 3: Up, 4: Up,
   5: Down. Other Jumpers can be checked via looking at the picture. (click the
   picture to make it bigger)

   .. figure:: https://wiki.analog.com/_media/resources/fpga/xilinx/fmc/ad-fmcjesdadc1-ebz/zc706plusfmcjesdadc1.png
      :width: 200px

#. Turn it on.
#. Wait ~30 seconds for the ``DONE`` LED to turn green. This is above the power
   switch.
#. Wait another ~30 seconds for the HDMI display device to start showing signs
   of life.
#. The follow the instructions for the type of demo that you want to do.

Messages
--------

::

   U-Boot 2018.01-21439-gd244ce5 (Jul 29 2021 - 16:31:12 +0100) Xilinx Zynq ZC706, Build: jenkins-development-build_uboot-1

   Model: Zynq ZC706 Development Board
   Board: Xilinx Zynq
   Silicon: v3.1
   I2C:   ready
   DRAM:  ECC disabled 1 GiB
   MMC:   sdhci@e0100000: 0 (SD)
   SF: Detected s25fl128s_64k with page size 512 Bytes, erase size 128 KiB, total 32 MiB
   *** Warning - bad CRC, using default environment

   In:    serial@e0001000
   Out:   serial@e0001000
   Err:   serial@e0001000
   Net:   ZYNQ GEM: e000b000, phyaddr 7, interface rgmii-id
   eth0: ethernet@e000b000
   reading uEnv.txt
   407 bytes read in 16 ms (24.4 KiB/s)
   Importing environment from SD ...
   Hit any key to stop autoboot:  0
   Device: sdhci@e0100000
   Manufacturer ID: 27
   OEM: 5048
   Name: SD16G
   Tran Speed: 50000000
   Rd Block Len: 512
   SD version 3.0
   High Capacity: Yes
   Capacity: 14.4 GiB
   Bus Width: 4-bit
   Erase Group Size: 512 Bytes
   reading uEnv.txt
   407 bytes read in 16 ms (24.4 KiB/s)
   Loaded environment from uEnv.txt
   Importing environment from SD ...
   Running uenvcmd ...
   Copying Linux from SD to RAM...
   reading uImage
   6985272 bytes read in 411 ms (16.2 MiB/s)
   reading devicetree.dtb
   43645 bytes read in 30 ms (1.4 MiB/s)
   **Unable to read file uramdisk.image.gz**
   ## Booting kernel from Legacy Image at 03000000 ...
      Image Name:   Linux-5.10.0-97902-g12401977df5e
      Image Type:   ARM Linux Kernel Image (uncompressed)
      Data Size:    6985208 Bytes = 6.7 MiB
      Load Address: 00008000
      Entry Point:  00008000
      Verifying Checksum ... OK
   ## Flattened Device Tree blob at 02a00000
      Booting using the fdt blob at 0x2a00000
      Loading Kernel Image ... OK
      Loading Device Tree to 1fff2000, end 1ffffa7c ... OK

   Starting kernel ...

   Booting Linux on physical CPU 0x0
   Linux version 5.10.0-97902-g12401977df5e (jenkins@romlxbuild1.adlk.analog.com) (arm-xilinx-linux-gnueabi-gcc.real (GCC) 10.2.0, GNU ld (GNU Binutils) 2.35.0.20200730) #4050 SMP PREEMPT Tue Dec 14 06:49:30 GMT 2021
   CPU: ARMv7 Processor [413fc090] revision 0 (ARMv7), cr=18c5387d
   CPU: PIPT / VIPT nonaliasing data cache, VIPT aliasing instruction cache
   OF: fdt: Machine model: Xilinx Zynq ZC706
   OF: fdt: earlycon: stdout-path /amba@0/uart@E0001000 not found
   Memory policy: Data cache writealloc
   cma: Reserved 128 MiB at 0x38000000
   Zone ranges:
     Normal   [mem 0x0000000000000000-0x000000002fffffff]
     HighMem  [mem 0x0000000030000000-0x000000003fffffff]
   Movable zone start for each node
   Early memory node ranges
     node   0: [mem 0x0000000000000000-0x000000003fffffff]
   Initmem setup node 0 [mem 0x0000000000000000-0x000000003fffffff]
   percpu: Embedded 15 pages/cpu s29900 r8192 d23348 u61440
   Built 1 zonelists, mobility grouping on.  Total pages: 260608
   Kernel command line: console=ttyPS0,115200 root=/dev/mmcblk0p2 rw earlycon rootfstype=ext4 rootwait clk_ignore_unused cpuidle.off=1
   Dentry cache hash table entries: 131072 (order: 7, 524288 bytes, linear)
   Inode-cache hash table entries: 65536 (order: 6, 262144 bytes, linear)
   mem auto-init: stack:off, heap alloc:off, heap free:off
   Memory: 887300K/1048576K available (10240K kernel code, 829K rwdata, 7180K rodata, 1024K init, 166K bss, 30204K reserved, 131072K cma-reserved, 131072K highmem)
   rcu: Preemptible hierarchical RCU implementation.
   rcu:    RCU event tracing is enabled.
   rcu:    RCU restricting CPUs from NR_CPUS=4 to nr_cpu_ids=2.
           Trampoline variant of Tasks RCU enabled.
   rcu: RCU calculated value of scheduler-enlistment delay is 10 jiffies.
   rcu: Adjusting geometry for rcu_fanout_leaf=16, nr_cpu_ids=2
   NR_IRQS: 16, nr_irqs: 16, preallocated irqs: 16
   efuse mapped to (ptrval)
   slcr mapped to (ptrval)
   L2C: platform modifies aux control register: 0x72360000 -> 0x72760000
   L2C: DT/platform modifies aux control register: 0x72360000 -> 0x72760000
   L2C-310 erratum 769419 enabled
   L2C-310 enabling early BRESP for Cortex-A9
   L2C-310 full line of zeros enabled for Cortex-A9
   L2C-310 ID prefetch enabled, offset 1 lines
   L2C-310 dynamic clock gating enabled, standby mode enabled
   L2C-310 cache controller enabled, 8 ways, 512 kB
   L2C-310: CACHE_ID 0x410000c8, AUX_CTRL 0x76760001
   random: get_random_bytes called from start_kernel+0x33c/0x4d8 with crng_init=0
   zynq_clock_init: clkc starts at (ptrval)
   Zynq clock init
   sched_clock: 64 bits at 333MHz, resolution 3ns, wraps every 4398046511103ns
   clocksource: arm_global_timer: mask: 0xffffffffffffffff max_cycles: 0x4ce07af025, max_idle_ns: 440795209040 ns
   Switching to timer-based delay loop, resolution 3ns
   clocksource: ttc_clocksource: mask: 0xffff max_cycles: 0xffff, max_idle_ns: 537538477 ns
   timer #0 at (ptrval), irq=25
   Console: colour dummy device 80x30
   Calibrating delay loop (skipped), value calculated using timer frequency.. 666.66 BogoMIPS (lpj=3333333)
   pid_max: default: 32768 minimum: 301
   Mount-cache hash table entries: 2048 (order: 1, 8192 bytes, linear)
   Mountpoint-cache hash table entries: 2048 (order: 1, 8192 bytes, linear)
   CPU: Testing write buffer coherency: ok
   CPU0: Spectre v2: using BPIALL workaround
   CPU0: thread -1, cpu 0, socket 0, mpidr 80000000
   Setting up static identity map for 0x100000 - 0x100060
   rcu: Hierarchical SRCU implementation.
   smp: Bringing up secondary CPUs ...
   CPU1: thread -1, cpu 1, socket 0, mpidr 80000001
   CPU1: Spectre v2: using BPIALL workaround
   smp: Brought up 1 node, 2 CPUs
   SMP: Total of 2 processors activated (1333.33 BogoMIPS).
   CPU: All CPU(s) started in SVC mode.
   devtmpfs: initialized
   VFP support v0.3: implementor 41 architecture 3 part 30 variant 9 rev 4
   clocksource: jiffies: mask: 0xffffffff max_cycles: 0xffffffff, max_idle_ns: 19112604462750000 ns
   futex hash table entries: 512 (order: 3, 32768 bytes, linear)
   pinctrl core: initialized pinctrl subsystem
   NET: Registered protocol family 16
   DMA: preallocated 256 KiB pool for atomic coherent allocations
   thermal_sys: Registered thermal governor 'step_wise'
   hw-breakpoint: found 5 (+1 reserved) breakpoint and 1 watchpoint registers.
   hw-breakpoint: maximum watchpoint size is 4 bytes.
   zynq-ocm f800c000.ocmc: ZYNQ OCM pool: 256 KiB @ 0x(ptrval)
   e0001000.serial: ttyPS0 at MMIO 0xe0001000 (irq = 33, base_baud = 3125000) is a xuartps
   printk: console [ttyPS0] enabled
   SCSI subsystem initialized
   usbcore: registered new interface driver usbfs
   usbcore: registered new interface driver hub
   usbcore: registered new device driver usb
   mc: Linux media interface: v0.10
   videodev: Linux video capture interface: v2.00
   jesd204: created con: id=0, topo=0, link=0, /axi/spi@e0006000/ad9528-1@0 <-> /fpga-axi@0/axi-adxcvr-tx@44a80000
   jesd204: created con: id=1, topo=0, link=2, /axi/spi@e0006000/ad9528-1@0 <-> /fpga-axi@0/axi-adxcvr-rx-os@44a50000
   jesd204: created con: id=2, topo=0, link=1, /axi/spi@e0006000/ad9528-1@0 <-> /fpga-axi@0/axi-adxcvr-rx@44a60000
   jesd204: created con: id=3, topo=0, link=2, /fpga-axi@0/axi-adxcvr-rx-os@44a50000 <-> /fpga-axi@0/axi-jesd204-rx-os@44ab0000
   jesd204: created con: id=4, topo=0, link=0, /fpga-axi@0/axi-adxcvr-tx@44a80000 <-> /fpga-axi@0/axi-jesd204-tx@44a90000
   jesd204: created con: id=5, topo=0, link=1, /fpga-axi@0/axi-adxcvr-rx@44a60000 <-> /fpga-axi@0/axi-jesd204-rx@44aa0000
   jesd204: created con: id=6, topo=0, link=0, /fpga-axi@0/axi-jesd204-tx@44a90000 <-> /fpga-axi@0/axi-adrv9009-tx-hpc@44a04000
   jesd204: created con: id=7, topo=0, link=1, /fpga-axi@0/axi-jesd204-rx@44aa0000 <-> /axi/spi@e0006000/adrv9009-phy@1
   jesd204: created con: id=8, topo=0, link=2, /fpga-axi@0/axi-jesd204-rx-os@44ab0000 <-> /axi/spi@e0006000/adrv9009-phy@1
   jesd204: created con: id=9, topo=0, link=0, /fpga-axi@0/axi-adrv9009-tx-hpc@44a04000 <-> /axi/spi@e0006000/adrv9009-phy@1
   jesd204: /axi/spi@e0006000/adrv9009-phy@1: JESD204[0] transition uninitialized -> initialized
   jesd204: /axi/spi@e0006000/adrv9009-phy@1: JESD204[1] transition uninitialized -> initialized
   jesd204: /axi/spi@e0006000/adrv9009-phy@1: JESD204[2] transition uninitialized -> initialized
   jesd204: found 9 devices and 1 topologies
   FPGA manager framework
   Advanced Linux Sound Architecture Driver Initialized.
   clocksource: Switched to clocksource arm_global_timer
   NET: Registered protocol family 2
   tcp_listen_portaddr_hash hash table entries: 512 (order: 0, 6144 bytes, linear)
   TCP established hash table entries: 8192 (order: 3, 32768 bytes, linear)
   TCP bind hash table entries: 8192 (order: 4, 65536 bytes, linear)
   TCP: Hash tables configured (established 8192 bind 8192)
   UDP hash table entries: 512 (order: 2, 16384 bytes, linear)
   UDP-Lite hash table entries: 512 (order: 2, 16384 bytes, linear)
   NET: Registered protocol family 1
   hw perfevents: no interrupt-affinity property for /pmu@f8891000, guessing.
   hw perfevents: enabled with armv7_cortex_a9 PMU driver, 7 counters available
   workingset: timestamp_bits=30 max_order=18 bucket_order=0
   bounce: pool size: 64 pages
   io scheduler mq-deadline registered
   io scheduler kyber registered
   zynq-pinctrl 700.pinctrl: zynq pinctrl initialized
   dma-pl330 f8003000.dmac: Loaded driver for PL330 DMAC-241330
   dma-pl330 f8003000.dmac:        DBUFF-128x8bytes Num_Chans-8 Num_Peri-4 Num_Events-16
   brd: module loaded
   loop: module loaded
   Registered mathworks_ip class
   spi-nor spi1.0: found s25fl128s1, expected n25q128a11
   random: fast init done
   random: crng init done
   spi-nor spi1.0: trying to lock already unlocked area
   spi-nor spi1.0: s25fl128s1 (32768 Kbytes)
   5 fixed-partitions partitions found on MTD device spi1.0
   Creating 5 MTD partitions on "spi1.0":
   0x000000000000-0x000000500000 : "boot"
   0x000000500000-0x000000520000 : "bootenv"
   0x000000520000-0x000000540000 : "config"
   0x000000540000-0x000000fc0000 : "image"
   0x000000fc0000-0x000002000000 : "spare"
   MACsec IEEE 802.1AE
   libphy: Fixed MDIO Bus: probed
   tun: Universal TUN/TAP device driver, 1.6
   libphy: MACB_mii_bus: probed
   macb e000b000.ethernet eth0: Cadence GEM rev 0x00020118 at 0xe000b000 irq 36 (00:0a:35:00:01:22)
   usbcore: registered new interface driver asix
   usbcore: registered new interface driver ax88179_178a
   usbcore: registered new interface driver cdc_ether
   usbcore: registered new interface driver net1080
   usbcore: registered new interface driver cdc_subset
   usbcore: registered new interface driver zaurus
   usbcore: registered new interface driver cdc_ncm
   ehci_hcd: USB 2.0 'Enhanced' Host Controller (EHCI) Driver
   usbcore: registered new interface driver uas
   usbcore: registered new interface driver usb-storage
   usbcore: registered new interface driver usbserial_generic
   usbserial: USB Serial support registered for generic
   usbcore: registered new interface driver ftdi_sio
   usbserial: USB Serial support registered for FTDI USB Serial Device
   usbcore: registered new interface driver upd78f0730
   usbserial: USB Serial support registered for upd78f0730
   ULPI transceiver vendor/product ID 0x0424/0x0007
   Found SMSC USB3320 ULPI transceiver.
   ULPI integrity check: passed.
   ci_hdrc ci_hdrc.0: EHCI Host Controller
   ci_hdrc ci_hdrc.0: new USB bus registered, assigned bus number 1
   ci_hdrc ci_hdrc.0: USB 2.0 started, EHCI 1.00
   usb usb1: New USB device found, idVendor=1d6b, idProduct=0002, bcdDevice= 5.10
   usb usb1: New USB device strings: Mfr=3, Product=2, SerialNumber=1
   usb usb1: Product: EHCI Host Controller
   usb usb1: Manufacturer: Linux 5.10.0-97902-g12401977df5e ehci_hcd
   usb usb1: SerialNumber: ci_hdrc.0
   hub 1-0:1.0: USB hub found
   hub 1-0:1.0: 1 port detected
   udc-core: couldn't find an available UDC - added [g_mass_storage] to list of pending drivers
   i2c /dev entries driver
   si570 1-005d: registered, current frequency 156250000 Hz
   i2c i2c-0: Added multiplexed i2c bus 1
   adv7511 2-0039: supply avdd not found, using dummy regulator
   adv7511 2-0039: supply dvdd not found, using dummy regulator
   adv7511 2-0039: supply pvdd not found, using dummy regulator
   adv7511 2-0039: supply bgvdd not found, using dummy regulator
   adv7511 2-0039: supply dvdd-3v not found, using dummy regulator
   i2c i2c-0: Added multiplexed i2c bus 2
   at24 3-0054: supply vcc not found, using dummy regulator
   at24 3-0054: 1024 byte 24c08 EEPROM, writable, 1 bytes/write
   i2c i2c-0: Added multiplexed i2c bus 3
   pca953x 4-0021: supply vcc not found, using dummy regulator
   pca953x 4-0021: using no AI
   i2c i2c-0: Added multiplexed i2c bus 4
   rtc-pcf8563 5-0051: registered as rtc0
   rtc-pcf8563 5-0051: setting system clock to 2021-12-16T16:35:30 UTC (1639672530)
   i2c i2c-0: Added multiplexed i2c bus 5
   at24 6-0050: supply vcc not found, using dummy regulator
   at24 6-0050: 256 byte 24c02 EEPROM, writable, 1 bytes/write
   at24 6-0054: supply vcc not found, using dummy regulator
   usb 1-1: new full-speed USB device number 2 using ci_hdrc
   usb 1-1: New USB device found, idVendor=413c, idProduct=301d, bcdDevice= 0.12
   usb 1-1: New USB device strings: Mfr=1, Product=2, SerialNumber=0
   usb 1-1: Product: Dell Universal Receiver
   usb 1-1: Manufacturer: Dell
   xiic-i2c 41600000.i2c: Timeout waiting at Tx empty
   xiic-i2c 41600000.i2c: Timeout waiting at Tx empty
   regulator-dummy: Underflow of regulator enable count
   i2c i2c-0: Added multiplexed i2c bus 6
   i2c i2c-0: Added multiplexed i2c bus 7
   i2c i2c-0: Added multiplexed i2c bus 8
   pca954x 0-0074: registered 8 multiplexed busses for I2C switch pca9548
   usbcore: registered new interface driver uvcvideo
   USB Video Class driver (1.1.1)
   gspca_main: v2.14.0 registered
   cdns-wdt f8005000.watchdog: Xilinx Watchdog Timer with timeout 10s
   Xilinx Zynq CpuIdle Driver started
   failed to register cpuidle driver
   sdhci: Secure Digital Host Controller Interface driver
   sdhci: Copyright(c) Pierre Ossman
   sdhci-pltfm: SDHCI platform and OF driver helper
   ledtrig-cpu: registered to indicate activity on CPUs
   hid: raw HID events driver (C) Jiri Kosina
   input: Dell Dell Universal Receiver as /devices/soc0/axi/e0002000.usb/ci_hdrc.0/usb1/1-1/1-1:1.0/0003:413C:301D.0001/input/input0
   mmc0: SDHCI controller on e0100000.mmc [e0100000.mmc] using ADMA
   mmc0: new high speed SDHC card at address 5048
   mmcblk0: mmc0:5048 SD16G 14.4 GiB
    mmcblk0: p1 p2 p3
   hid-generic 0003:413C:301D.0001: input,hidraw0: USB HID v1.11 Keyboard [Dell Dell Universal Receiver] on usb-ci_hdrc.0-1/input0
   input: Dell Dell Universal Receiver Mouse as /devices/soc0/axi/e0002000.usb/ci_hdrc.0/usb1/1-1/1-1:1.1/0003:413C:301D.0002/input/input1
   input: Dell Dell Universal Receiver Consumer Control as /devices/soc0/axi/e0002000.usb/ci_hdrc.0/usb1/1-1/1-1:1.1/0003:413C:301D.0002/input/input2
   input: Dell Dell Universal Receiver System Control as /devices/soc0/axi/e0002000.usb/ci_hdrc.0/usb1/1-1/1-1:1.1/0003:413C:301D.0002/input/input3
   hid-generic 0003:413C:301D.0002: input,hidraw1: USB HID v1.11 Mouse [Dell Dell Universal Receiver] on usb-ci_hdrc.0-1/input1
   hid-generic 0003:413C:301D.0003: hiddev96,hidraw2: USB HID v1.11 Device [Dell Dell Universal Receiver] on usb-ci_hdrc.0-1/input2
   usbcore: registered new interface driver usbhid
   usbhid: USB HID core driver
   adrv9009 spi0.1: adrv9009_probe : enter
   ad9528 spi0.0: supply vcc not found, using dummy regulator
   jesd204: /axi/spi@e0006000/ad9528-1@0,jesd204:0,parent=spi0.0: Using as SYSREF provider
   axi_adxcvr 44a60000.axi-adxcvr-rx: AXI-ADXCVR-RX (17.05.a) using CPLL on GTX2 at 0x44A60000. Number of lanes: 2.
   axi_adxcvr 44a50000.axi-adxcvr-rx-os: AXI-ADXCVR-RX (17.05.a) using CPLL on GTX2 at 0x44A50000. Number of lanes: 2.
   axi_adxcvr 44a80000.axi-adxcvr-tx: AXI-ADXCVR-TX (17.05.a) using QPLL on GTX2 at 0x44A80000. Number of lanes: 4.
   axi_sysid 45000000.axi-sysid-0: AXI System ID core version (1.01.a) found
   axi_sysid 45000000.axi-sysid-0: [adrv9009] on [zc706] git branch <master> git <fb17147eb4b482e1c022ad1993638be71fcff63a> clean [2021-12-14 13:57:06] UTC
   fpga_manager fpga0: Xilinx Zynq FPGA Manager registered
   usbcore: registered new interface driver snd-usb-audio
   NET: Registered protocol family 10
   Segment Routing with IPv6
   sit: IPv6, IPv4 and MPLS over IPv4 tunneling driver
   NET: Registered protocol family 17
   NET: Registered protocol family 36
   Registering SWP/SWPB emulation handler
   [drm] Initialized axi_hdmi_drm 1.0.0 20120930 for 70e00000.axi_hdmi on minor 0
   Console: switching to colour frame buffer device 240x67
   axi-hdmi 70e00000.axi_hdmi: [drm] fb0: axi_hdmi_drmdrm frame buffer device
   adrv9009 spi0.1: adrv9009_probe : enter
   cf_axi_dds 44a04000.axi-adrv9009-tx-hpc: Analog Devices CF_AXI_DDS_DDS MASTER (9.01.b) at 0x44A04000 mapped to 0x441182c4, probed DDS AD9371
   axi-jesd204-rx 44aa0000.axi-jesd204-rx: AXI-JESD204-RX (1.07.a) at 0x44AA0000. Encoder 8b10b, width 4/4, lanes 2, jesd204-fsm.
   axi-jesd204-rx 44ab0000.axi-jesd204-rx-os: AXI-JESD204-RX (1.07.a) at 0x44AB0000. Encoder 8b10b, width 4/4, lanes 2, jesd204-fsm.
   jesd204: /axi/spi@e0006000/adrv9009-phy@1,jesd204:1,parent=spi0.1: JESD204[0] transition initialized -> probed
   jesd204: /axi/spi@e0006000/adrv9009-phy@1,jesd204:1,parent=spi0.1: JESD204[1] transition initialized -> probed
   jesd204: /axi/spi@e0006000/adrv9009-phy@1,jesd204:1,parent=spi0.1: JESD204[2] transition initialized -> probed
   jesd204: /axi/spi@e0006000/adrv9009-phy@1,jesd204:1,parent=spi0.1: JESD204[0] transition probed -> idle
   jesd204: /axi/spi@e0006000/adrv9009-phy@1,jesd204:1,parent=spi0.1: JESD204[1] transition probed -> idle
   jesd204: /axi/spi@e0006000/adrv9009-phy@1,jesd204:1,parent=spi0.1: JESD204[2] transition probed -> idle
   jesd204: /axi/spi@e0006000/adrv9009-phy@1,jesd204:1,parent=spi0.1: JESD204[0] transition idle -> device_init
   jesd204: /axi/spi@e0006000/adrv9009-phy@1,jesd204:1,parent=spi0.1: JESD204[1] transition idle -> device_init
   jesd204: /axi/spi@e0006000/adrv9009-phy@1,jesd204:1,parent=spi0.1: JESD204[2] transition idle -> device_init
   jesd204: /axi/spi@e0006000/adrv9009-phy@1,jesd204:1,parent=spi0.1: JESD204[0] transition device_init -> link_init
   jesd204: /axi/spi@e0006000/adrv9009-phy@1,jesd204:1,parent=spi0.1: JESD204[1] transition device_init -> link_init
   jesd204: /axi/spi@e0006000/adrv9009-phy@1,jesd204:1,parent=spi0.1: JESD204[2] transition device_init -> link_init
   jesd204: /axi/spi@e0006000/adrv9009-phy@1,jesd204:1,parent=spi0.1: JESD204[0] transition link_init -> link_supported
   jesd204: /axi/spi@e0006000/adrv9009-phy@1,jesd204:1,parent=spi0.1: JESD204[1] transition link_init -> link_supported
   jesd204: /axi/spi@e0006000/adrv9009-phy@1,jesd204:1,parent=spi0.1: JESD204[2] transition link_init -> link_supported
   jesd204: /axi/spi@e0006000/adrv9009-phy@1,jesd204:1,parent=spi0.1: JESD204[0] transition link_supported -> link_pre_setup
   jesd204: /axi/spi@e0006000/adrv9009-phy@1,jesd204:1,parent=spi0.1: JESD204[1] transition link_supported -> link_pre_setup
   jesd204: /axi/spi@e0006000/adrv9009-phy@1,jesd204:1,parent=spi0.1: JESD204[2] transition link_supported -> link_pre_setup
   jesd204: /axi/spi@e0006000/adrv9009-phy@1,jesd204:1,parent=spi0.1: JESD204[0] transition link_pre_setup -> clk_sync_stage1
   jesd204: /axi/spi@e0006000/adrv9009-phy@1,jesd204:1,parent=spi0.1: JESD204[1] transition link_pre_setup -> clk_sync_stage1
   jesd204: /axi/spi@e0006000/adrv9009-phy@1,jesd204:1,parent=spi0.1: JESD204[2] transition link_pre_setup -> clk_sync_stage1
   jesd204: /axi/spi@e0006000/adrv9009-phy@1,jesd204:1,parent=spi0.1: JESD204[0] transition clk_sync_stage1 -> clk_sync_stage2
   jesd204: /axi/spi@e0006000/adrv9009-phy@1,jesd204:1,parent=spi0.1: JESD204[1] transition clk_sync_stage1 -> clk_sync_stage2
   jesd204: /axi/spi@e0006000/adrv9009-phy@1,jesd204:1,parent=spi0.1: JESD204[2] transition clk_sync_stage1 -> clk_sync_stage2
   jesd204: /axi/spi@e0006000/adrv9009-phy@1,jesd204:1,parent=spi0.1: JESD204[0] transition clk_sync_stage2 -> clk_sync_stage3
   jesd204: /axi/spi@e0006000/adrv9009-phy@1,jesd204:1,parent=spi0.1: JESD204[1] transition clk_sync_stage2 -> clk_sync_stage3
   jesd204: /axi/spi@e0006000/adrv9009-phy@1,jesd204:1,parent=spi0.1: JESD204[2] transition clk_sync_stage2 -> clk_sync_stage3
   adrv9009 spi0.1: ADIHAL_resetHw
   jesd204: /axi/spi@e0006000/adrv9009-phy@1,jesd204:1,parent=spi0.1: JESD204[0] transition clk_sync_stage3 -> link_setup
   jesd204: /axi/spi@e0006000/adrv9009-phy@1,jesd204:1,parent=spi0.1: JESD204[1] transition clk_sync_stage3 -> link_setup
   jesd204: /axi/spi@e0006000/adrv9009-phy@1,jesd204:1,parent=spi0.1: JESD204[2] transition clk_sync_stage3 -> link_setup
   jesd204: /axi/spi@e0006000/adrv9009-phy@1,jesd204:1,parent=spi0.1: JESD204[0] transition link_setup -> opt_setup_stage1
   jesd204: /axi/spi@e0006000/adrv9009-phy@1,jesd204:1,parent=spi0.1: JESD204[1] transition link_setup -> opt_setup_stage1
   jesd204: /axi/spi@e0006000/adrv9009-phy@1,jesd204:1,parent=spi0.1: JESD204[2] transition link_setup -> opt_setup_stage1
   jesd204: /axi/spi@e0006000/adrv9009-phy@1,jesd204:1,parent=spi0.1: JESD204[0] transition opt_setup_stage1 -> opt_setup_stage2
   jesd204: /axi/spi@e0006000/adrv9009-phy@1,jesd204:1,parent=spi0.1: JESD204[1] transition opt_setup_stage1 -> opt_setup_stage2
   jesd204: /axi/spi@e0006000/adrv9009-phy@1,jesd204:1,parent=spi0.1: JESD204[2] transition opt_setup_stage1 -> opt_setup_stage2
   jesd204: /axi/spi@e0006000/adrv9009-phy@1,jesd204:1,parent=spi0.1: JESD204[0] transition opt_setup_stage2 -> opt_setup_stage3
   jesd204: /axi/spi@e0006000/adrv9009-phy@1,jesd204:1,parent=spi0.1: JESD204[1] transition opt_setup_stage2 -> opt_setup_stage3
   jesd204: /axi/spi@e0006000/adrv9009-phy@1,jesd204:1,parent=spi0.1: JESD204[2] transition opt_setup_stage2 -> opt_setup_stage3
   jesd204: /axi/spi@e0006000/adrv9009-phy@1,jesd204:1,parent=spi0.1: JESD204[0] transition opt_setup_stage3 -> opt_setup_stage4
   jesd204: /axi/spi@e0006000/adrv9009-phy@1,jesd204:1,parent=spi0.1: JESD204[1] transition opt_setup_stage3 -> opt_setup_stage4
   jesd204: /axi/spi@e0006000/adrv9009-phy@1,jesd204:1,parent=spi0.1: JESD204[2] transition opt_setup_stage3 -> opt_setup_stage4
   jesd204: /axi/spi@e0006000/adrv9009-phy@1,jesd204:1,parent=spi0.1: JESD204[0] transition opt_setup_stage4 -> opt_setup_stage5
   jesd204: /axi/spi@e0006000/adrv9009-phy@1,jesd204:1,parent=spi0.1: JESD204[1] transition opt_setup_stage4 -> opt_setup_stage5
   jesd204: /axi/spi@e0006000/adrv9009-phy@1,jesd204:1,parent=spi0.1: JESD204[2] transition opt_setup_stage4 -> opt_setup_stage5
   jesd204: /axi/spi@e0006000/adrv9009-phy@1,jesd204:1,parent=spi0.1: JESD204[0] transition opt_setup_stage5 -> clocks_enable
   jesd204: /axi/spi@e0006000/adrv9009-phy@1,jesd204:1,parent=spi0.1: JESD204[1] transition opt_setup_stage5 -> clocks_enable
   jesd204: /axi/spi@e0006000/adrv9009-phy@1,jesd204:1,parent=spi0.1: JESD204[2] transition opt_setup_stage5 -> clocks_enable
   jesd204: /axi/spi@e0006000/adrv9009-phy@1,jesd204:1,parent=spi0.1: JESD204[0] transition clocks_enable -> link_enable
   jesd204: /axi/spi@e0006000/adrv9009-phy@1,jesd204:1,parent=spi0.1: JESD204[1] transition clocks_enable -> link_enable
   jesd204: /axi/spi@e0006000/adrv9009-phy@1,jesd204:1,parent=spi0.1: JESD204[2] transition clocks_enable -> link_enable
   jesd204: /axi/spi@e0006000/adrv9009-phy@1,jesd204:1,parent=spi0.1: JESD204[0] transition link_enable -> link_running
   jesd204: /axi/spi@e0006000/adrv9009-phy@1,jesd204:1,parent=spi0.1: JESD204[1] transition link_enable -> link_running
   jesd204: /axi/spi@e0006000/adrv9009-phy@1,jesd204:1,parent=spi0.1: JESD204[2] transition link_enable -> link_running
   adrv9009 spi0.1: adrv9009_info: adrv9009 Rev 192, Firmware 6.0.2 API version: 3.6.0.5 successfully initialized via jesd204-fsm
   jesd204: /axi/spi@e0006000/adrv9009-phy@1,jesd204:1,parent=spi0.1: JESD204[0] transition link_running -> opt_post_running_stage
   jesd204: /axi/spi@e0006000/adrv9009-phy@1,jesd204:1,parent=spi0.1: JESD204[1] transition link_running -> opt_post_running_stage
   jesd204: /axi/spi@e0006000/adrv9009-phy@1,jesd204:1,parent=spi0.1: JESD204[2] transition link_running -> opt_post_running_stage
   axi-jesd204-tx 44a90000.axi-jesd204-tx: AXI-JESD204-TX (1.06.a) at 0x44A90000. Encoder 8b10b, width 4/4, lanes 4, jesd204-fsm.
   cf_axi_adc 44a00000.axi-adrv9009-rx-hpc: ADI AIM (10.01.b) at 0x44A00000 mapped to 0xaa88b4be, probed ADC ADRV9009 as MASTER
   input: gpio_keys as /devices/soc0/gpio_keys/input/input4
   clk: Not disabling unused clocks
   ALSA device list:
     #0: HDMI monitor
   EXT4-fs (mmcblk0p2): recovery complete
   EXT4-fs (mmcblk0p2): mounted filesystem with ordered data mode. Opts: (null)
   VFS: Mounted root (ext4 filesystem) on device 179:2.
   devtmpfs: mounted
   Freeing unused kernel memory: 1024K
   Run /sbin/init as init process
   systemd[1]: systemd 241 running in system mode. (+PAM +AUDIT +SELINUX +IMA +APPARMOR +SMACK +SYSVINIT +UTMP +LIBCRYPTSETUP +GCRYPT +GNUTLS +ACL +XZ +LZ4 +SECCOMP +BLKID +ELFUTILS +KMOD -IDN2 +IDN -PCRE2 default-hierarchy=hybrid)
   systemd[1]: Detected architecture arm.

   Welcome to Kuiper GNU/Linux 10 (buster)!

   systemd[1]: Set hostname to <analog>.
   systemd[1]: File /lib/systemd/system/systemd-journald.service:12 configures an IP firewall (IPAddressDeny=any), but the local system does not support BPF/cgroup based firewalling.
   systemd[1]: Proceeding WITHOUT firewalling in effect! (This warning is only shown for the first loaded unit using IP firewalling.)
   systemd[1]: /etc/systemd/system/tof-server.service:1: Assignment outside of section. Ignoring.
   systemd[1]: /etc/systemd/system/tof-server.service:2: Assignment outside of section. Ignoring.
   systemd[1]: Listening on udev Control Socket.
   [  OK  ] Listening on udev Control Socket.
   systemd[1]: Listening on Journal Socket.
   [  OK  ] Listening on Journal Socket.
   systemd[1]: Created slice system-serial\x2dgetty.slice.
   [  OK  ] Created slice system-serial\x2dgetty.slice.
            Starting Restore / save the current clock...
            Starting Load Kernel Modules...
   [  OK  ] Created slice User and Session Slice.
   [  OK  ] Created slice system-systemd\x2dfsck.slice.
   [  OK  ] Reached target Slices.
            Mounting Kernel Debug File System...
   [  OK  ] Listening on initctl Compatibility Named Pipe.
   [  OK  ] Listening on Syslog Socket.
   [  OK  ] Listening on udev Kernel Socket.
            Starting udev Coldplug all Devices...
   [  OK  ] Listening on fsck to fsckd communication Socket.
   [  OK  ] Listening on Journal Socket (/dev/log).
            Starting Journal Service...
            Starting Set the console keyboard layout...
   [  OK  ] Reached target Swap.
   [  OK  ] Started Forward Password R…uests to Wall Directory Watch.
   [  OK  ] Created slice system-getty.slice.
            Mounting RPC Pipe File System...
   [  OK  ] Started Restore / save the current clock.
   [FAILED] Failed to start Load Kernel Modules.
   See 'systemctl status systemd-modules-load.service' for details.
   [  OK  ] Mounted Kernel Debug File System.
   [FAILED] Failed to mount RPC Pipe File System.
   See 'systemctl status run-rpc_pipefs.mount' for details.
   [DEPEND] Dependency failed for RPC …ice for NFS client and server.
   [DEPEND] Dependency failed for RPC …curity service for NFS server.
   [  OK  ] Started Journal Service.
   [  OK  ] Reached target NFS client services.
   [  OK  ] Reached target Remote File Systems (Pre).
   [  OK  ] Reached target Remote File Systems.
            Mounting Kernel Configuration File System...
            Starting Apply Kernel Variables...
            Starting Remount Root and Kernel File Systems...
   [  OK  ] Started Set the console keyboard layout.
   [  OK  ] Started udev Coldplug all Devices.
   [  OK  ] Mounted Kernel Configuration File System.
   [  OK  ] Started Apply Kernel Variables.
            Starting Helper to synchronize boot up for ifupdown...
   [  OK  ] Started Helper to synchronize boot up for ifupdown.
   [  OK  ] Started Remount Root and Kernel File Systems.
            Starting Flush Journal to Persistent Storage...
            Starting Create System Users...
            Starting Load/Save Random Seed...
   [  OK  ] Started Flush Journal to Persistent Storage.
   [  OK  ] Started Create System Users.
   [  OK  ] Started Load/Save Random Seed.
            Starting Create Static Device Nodes in /dev...
   [  OK  ] Started Create Static Device Nodes in /dev.
   [  OK  ] Reached target Local File Systems (Pre).
            Starting udev Kernel Device Manager...
   [  OK  ] Started udev Kernel Device Manager.
            Starting Show Plymouth Boot Screen...
   [  OK  ] Started Show Plymouth Boot Screen.
   [  OK  ] Started Forward Password R…s to Plymouth Directory Watch.
   [  OK  ] Reached target Local Encrypted Volumes.
   [  OK  ] Found device /dev/ttyPS0.
            Starting Load Kernel Modules...
   [FAILED] Failed to start Load Kernel Modules.
   See 'systemctl status systemd-modules-load.service' for details.
   [  OK  ] Found device /dev/disk/by-partuuid/004ba301-01.
            Starting File System Check…isk/by-partuuid/004ba301-01...
   [  OK  ] Started File System Check Daemon to report status.
   [  OK  ] Started File System Check …/disk/by-partuuid/004ba301-01.
            Mounting /boot...
   [  OK  ] Mounted /boot.
   [  OK  ] Reached target Local File Systems.
            Starting Preprocess NFS configuration...
            Starting Create Volatile Files and Directories...
            Starting Tell Plymouth To Write Out Runtime Data...
            Starting Raise network interfaces...
            Starting Set console font and keymap...
   [  OK  ] Started Preprocess NFS configuration.
   [  OK  ] Started Tell Plymouth To Write Out Runtime Data.
   [  OK  ] Started Set console font and keymap.
   [  OK  ] Started Create Volatile Files and Directories.
            Starting Network Time Synchronization...
            Starting Update UTMP about System Boot/Shutdown...
   [  OK  ] Started Update UTMP about System Boot/Shutdown.
   [  OK  ] Started Network Time Synchronization.
   [  OK  ] Reached target System Time Synchronized.
   [  OK  ] Reached target System Initialization.
   [  OK  ] Started Daily man-db regeneration.
   [  OK  ] Listening on triggerhappy.socket.
   [  OK  ] Started Daily Cleanup of Temporary Directories.
   [  OK  ] Listening on D-Bus System Message Bus Socket.
   [  OK  ] Listening on CUPS Scheduler.
   [  OK  ] Listening on GPS (Global P…ioning System) Daemon Sockets.
   [  OK  ] Started Daily rotation of log files.
   [  OK  ] Started CUPS Scheduler.
   [  OK  ] Reached target Paths.
   [  OK  ] Started Daily apt download activities.
   [  OK  ] Started Daily apt upgrade and clean activities.
   [  OK  ] Reached target Timers.
   [  OK  ] Listening on Avahi mDNS/DNS-SD Stack Activation Socket.
   [  OK  ] Reached target Sockets.
   [  OK  ] Reached target Basic System.
   [  OK  ] Started CUPS Scheduler.
            Starting System Logging Service...
            Starting Check for Raspberry Pi EEPROM updates...
            Starting Disk Manager...
   [  OK  ] Started Manage Sound Card State (restore and store).
            Starting LSB: Switch to on…nless shift key is pressed)...
            Starting Modem Manager...
            Starting triggerhappy global hotkey daemon...
   [  OK  ] Started D-Bus System Message Bus.
            Starting WPA supplicant...
            Starting dhcpcd on all interfaces...
            Starting Login Service...
            Starting dphys-swapfile - …unt, and delete a swap file...
   [  OK  ] Started Regular background program processing daemon.
            Starting Avahi mDNS/DNS-SD Stack...
            Starting rng-tools.service...
   [  OK  ] Started tof-server.service.
            Starting Save/Restore Sound Card State...
   [  OK  ] Started triggerhappy global hotkey daemon.
   [  OK  ] Started System Logging Service.
   [  OK  ] Started Check for Raspberry Pi EEPROM updates.
   [FAILED] Failed to start rng-tools.service.
   See 'systemctl status rng-tools.service' for details.
   [  OK  ] Started Save/Restore Sound Card State.
   [  OK  ] Started dhcpcd on all interfaces.
   [  OK  ] Started Raise network interfaces.
   [  OK  ] Reached target Sound Card.
   [  OK  ] Started Login Service.
   [  OK  ] Started Avahi mDNS/DNS-SD Stack.
   [  OK  ] Started WPA supplicant.
   [  OK  ] Reached target Network.
            Starting HTTP based time synchronization tool...
   [  OK  ] Started IIO Daemon.
            Starting OpenBSD Secure Shell server...
            Starting Permit User Sessions...
   [  OK  ] Reached target Network is Online.
            Starting Internet superserver...
            Starting /etc/rc.local Compatibility...
   [  OK  ] Started Make remote CUPS printers available locally.
   [  OK  ] Started Internet superserver.
   [  OK  ] Started dphys-swapfile - s…mount, and delete a swap file.
   [  OK  ] Started HTTP based time synchronization tool.
   [  OK  ] Started Permit User Sessions.
            Starting Authorization Manager...
            Starting Light Display Manager...
   [  OK  ] Started /etc/rc.local Compatibility.
            Starting Hold until boot process finishes up...
   [  OK  ] Started Authorization Manager.

   Raspbian GNU/Linux 10 analog ttyPS0

   analog login: root (automatic login)

   Last login: Thu Dec 16 16:34:57 GMT 2021 on ttyPS0
   Linux analog 5.10.0-97902-g12401977df5e #4050 SMP PREEMPT Tue Dec 14 06:49:30 GMT 2021 armv7l

   The programs included with the Debian GNU/Linux system are free software;
   the exact distribution terms for each program are described in the
   individual files in /usr/share/doc/*/copyright.

   Debian GNU/Linux comes with ABSOLUTELY NO WARRANTY, to the extent
   permitted by applicable law.

   root@analog:~#

::

   root@analog:~# iio_info | grep iio:device
           iio:device0: ad7291
           iio:device1: xadc
           iio:device2: ad9528-1
           iio:device3: adrv9009-phy
           iio:device4: axi-adrv9009-rx-obs-hpc (buffer capable)
           iio:device5: axi-adrv9009-tx-hpc (buffer capable)
           iio:device6: axi-adrv9009-rx-hpc (buffer capable)

IIO Oscilloscope Remote
-----------------------

Please see also
here:`Oscilloscope </resources/tools-software/linux-software/iio_oscilloscope>`__

The IIO Oscilloscope application can be used to connect to another platform that
has a connected device in order to configure the device and read data from it.

Build and start osc on a network enabled Linux host.

Once the application is launched goto Settings -> Connect and enter the IP
address of the target in the popup window.

.. important::

   Even thought this is Linux, this is a persistent file systems. Care should be
   taken not to corrupt the file system – please shut down things, don"t just
   turn off the power switch. Depending on your monitor, the standard power off
   could be hiding. You can do this from the terminal as well with ""sudo
   shutdown -h now""

   .. figure:: https://wiki.analog.com/_media/resources/fpga/xilinx/fmc/ad-fmcomms1-ebz/shutdown.png
      :width: 300px
