.. _fmcomms2 quickstart zcu102:

ZCU102 Quick start
===============================================================================

This guide provides quick instructions on how to setup the
:adi:`EVAL-AD-FMCOMMS2` on:

- :xilinx:`ZCU102` FMC HPC0

.. image:: ../../images/zcu102.jpg
   :width: 900

.. esd-warning::

Using Linux as software
-------------------------------------------------------------------------------

Necessary files
~~~~~~~~~~~~~~~~~~~~~~~~~~~~~~~~~~~~~~~~~~~~~~~~~~~~~~~~~~~~~~~~~~~~~~~~~~~~~~~

The following files are needed for the system to boot:

- HDL boot image: ``BOOT.BIN``
- Linux Kernel image: ``Image``
- Linux device tree: ``system.dtb``

They can either be taken from the SD card -- already generated by us, or you
can build them manually.

In the following sections, we explain **how to take them from the SD card**.

Instructions on how to manually build the boot files from source can be found
here:

- :ref:`linux-kernel zynqmp`
- :external+hdl:ref:`_fmcomms2` build documentation. More HDL build
  details at :external+hdl:ref:`build_hdl`.

Required Software
~~~~~~~~~~~~~~~~~~~~~~~~~~~~~~~~~~~~~~~~~~~~~~~~~~~~~~~~~~~~~~~~~~~~~~~~~~~~~~~

- SD Card 16GB imaged with :external+adi-kuiper-gen:doc:`Kuiper <index>`
  (check out that guide on how to do it, then come back to this section)
- A UART terminal (Putty/Tera Term/Minicom, etc.) with baud rate 115200 (8N1)

Required Hardware
~~~~~~~~~~~~~~~~~~~~~~~~~~~~~~~~~~~~~~~~~~~~~~~~~~~~~~~~~~~~~~~~~~~~~~~~~~~~~~~

- AMD Xilinx :xilinx:`ZCU102` Rev 1.0 FPGA board and its power supply
- :adi:`EVAL-AD-FMCOMMS2` FMC board
- SD card with at least 16GB of memory
- Micro-USB cable (UART)
- LAN cable (Ethernet)
- 2x SMA cables

More details as to why you need these, can be found at
:ref:`ad9081 prerequisites`.

Testing
~~~~~~~~~~~~~~~~~~~~~~~~~~~~~~~~~~~~~~~~~~~~~~~~~~~~~~~~~~~~~~~~~~~~~~~~~~~~~~~

Creating the setup
^^^^^^^^^^^^^^^^^^^^^^^^^^^^^^^^^^^^^^^^^^^^^^^^^^^^^^^^^^^^^^^^^^^^^^^^^^^^^^^

.. image:: ../../images/ad9081_zcu102_setup.png
   :width: 800

In the following example, we will make a physical loopback between the ADC
and the DAC channels on the evaluation board, using SMA cables.

Follow the steps in this order, to avoid damaging the components:

#. Connect the SMA cables ADC0-DAC0, ADC1-DAC1, ADC2-DAC2, ADC3-DAC3
#. Connect the :adi:`EVAL-AD9081` / :adi:`EVAL-AD9082` FMC board to the ZCU102
   **HPC1** FMC1 socket
#. Insert SD card into the SD card socket on the FPGA
#. Configure :xilinx:`ZCU102` for SD card boot mode (mode SW6[4:1] switch in
   the position **OFF,OFF,OFF,ON** as seen in the below picture)

   .. image:: ../../images/zcu102_1p0_bootmode.jpg
    :width: 400

#. Plug-in an Ethernet cable from your router/switch to the Ethernet port on
   the FPGA board
#. Connect USB UART J83 (Micro USB) to your host PC
#. (Optional) Connect a monitor to the FPGA by HDMI, and a mouse and a keyboard
#. Connect the power supply for the FPGA
#. Turn on the power switch on the FPGA board
#. Observe Kernel and serial console output messages on your terminal (use
   the first ttyUSB or COM port registered)

Boot messages
^^^^^^^^^^^^^^^^^^^^^^^^^^^^^^^^^^^^^^^^^^^^^^^^^^^^^^^^^^^^^^^^^^^^^^^^^^^^^^^

The following is what is printed in the serial console, after you have
connected to the proper ttyUSB or COM port:

.. collapsible:: Complete boot log

   ::

      U-Boot 2018.01-21442-gf06dec3cab (Feb 13 2025 - 17:12:07 +0200) Xilinx ZynqMP ZCU102 revA, Build: jenkins-development-build_uboot-57

      I2C:   ready
      DRAM:  4 GiB
      EL Level:       EL2
      Chip ID:        zu9eg
      MMC:   sdhci@ff170000: 0 (SD)
      *** Warning - bad CRC, using default environment

      In:    serial@ff000000
      Out:   serial@ff000000
      Err:   serial@ff000000
      Bootmode: LVL_SHFT_SD_MODE1
      Net:   ZYNQ GEM: ff0e0000, phyaddr 15, interface rgmii-id

      Warning: ethernet@ff0e0000 using MAC address from ROM
      eth0: ethernet@ff0e0000
      Hit any key to stop autoboot:  0
      switch to partitions #0, OK
      mmc0 is current device
      Device: sdhci@ff170000
      Manufacturer ID: 3
      OEM: 5344
      Name: SK32G
      Tran Speed: 50000000
      Rd Block Len: 512
      SD version 3.0
      High Capacity: Yes
      Capacity: 29.7 GiB
      Bus Width: 4-bit
      Erase Group Size: 512 Bytes
      reading uEnv.txt
      408 bytes read in 20 ms (19.5 KiB/s)
      Loaded environment from uEnv.txt
      Importing environment from SD ...
      Running uenvcmd ...
      Copying Linux from SD to RAM...
      ** No boot file defined **
      reading system.dtb
      60903 bytes read in 27 ms (2.2 MiB/s)
      reading Image
      42289664 bytes read in 2789 ms (14.5 MiB/s)
      ## Flattened Device Tree blob at 04000000
      Booting using the fdt blob at 0x4000000
      Loading Device Tree to 000000000ffee000, end 000000000ffffde6 ... OK

      Starting kernel ...

      [    0.000000] Booting Linux on physical CPU 0x0000000000 [0x410fd034]
      [    0.000000] Linux version 6.12.0-g126deeb87ea1 (root@366ce383a5de) (aarch64-linux-gnu-gcc (Ubuntu 13.3.0-6ubuntu2~24.04) 13.3.0, GNU ld (GNU Binutils for Ubuntu) 2.42) #1 SMP Fri Feb 20 16:53:26 UTC 2026
      [    0.000000] Machine model: ZynqMP ZCU102 Rev1.0
      [    0.000000] earlycon: cdns0 at MMIO 0x00000000ff000000 (options '115200n8')
      [    0.000000] printk: legacy bootconsole [cdns0] enabled
      [    0.000000] efi: UEFI not found.
      [    0.000000] OF: reserved mem: 0x000000003ed00000..0x000000003ed3ffff (256 KiB) nomap non-reusable memory@3ed00000
      [    0.000000] OF: reserved mem: 0x000000003ef00000..0x000000003ef3ffff (256 KiB) nomap non-reusable memory@3ef00000
      [    0.000000] Zone ranges:
      [    0.000000]   DMA      [mem 0x0000000000000000-0x00000000ffffffff]
      [    0.000000]   DMA32    empty
      [    0.000000]   Normal   [mem 0x0000000100000000-0x000000087fffffff]
      [    0.000000] Movable zone start for each node
      [    0.000000] Early memory node ranges
      [    0.000000]   node   0: [mem 0x0000000000000000-0x000000003ecfffff]
      [    0.000000]   node   0: [mem 0x000000003ed00000-0x000000003ed3ffff]
      [    0.000000]   node   0: [mem 0x000000003ed40000-0x000000003eefffff]
      [    0.000000]   node   0: [mem 0x000000003ef00000-0x000000003ef3ffff]
      [    0.000000]   node   0: [mem 0x000000003ef40000-0x000000007fffffff]
      [    0.000000]   node   0: [mem 0x0000000800000000-0x000000087fffffff]
      [    0.000000] Initmem setup node 0 [mem 0x0000000000000000-0x000000087fffffff]
      [    0.000000] cma: Reserved 256 MiB at 0x0000000070000000 on node -1
      [    0.000000] psci: probing for conduit method from DT.
      [    0.000000] psci: PSCIv1.1 detected in firmware.
      [    0.000000] psci: Using standard PSCI v0.2 function IDs
      [    0.000000] psci: MIGRATE_INFO_TYPE not supported.
      [    0.000000] psci: SMC Calling Convention v1.5
      [    0.000000] percpu: Embedded 21 pages/cpu s45528 r8192 d32296 u86016
      [    0.000000] Detected VIPT I-cache on CPU0
      [    0.000000] CPU features: detected: ARM erratum 845719
      [    0.000000] alternatives: applying boot alternatives
      [    0.000000] Kernel command line: console=ttyPS0,115200 root=/dev/mmcblk0p2 rw earlycon rootfstype=ext4 rootwait clk_ignore_unused cpuidle.off=1 root=/dev/mmcblk0p2 rw rootwait
      [    0.000000] Dentry cache hash table entries: 524288 (order: 10, 4194304 bytes, linear)
      [    0.000000] Inode-cache hash table entries: 262144 (order: 9, 2097152 bytes, linear)
      [    0.000000] Built 1 zonelists, mobility grouping on.  Total pages: 1048576
      [    0.000000] mem auto-init: stack:all(zero), heap alloc:off, heap free:off
      [    0.000000] software IO TLB: area num 4.
      [    0.000000] software IO TLB: mapped [mem 0x000000006c000000-0x0000000070000000] (64MB)
      [    0.000000] SLUB: HWalign=64, Order=0-3, MinObjects=0, CPUs=4, Nodes=1
      [    0.000000] rcu: Hierarchical RCU implementation.
      [    0.000000] rcu:     RCU restricting CPUs from NR_CPUS=8 to nr_cpu_ids=4.
      [    0.000000] rcu: RCU calculated value of scheduler-enlistment delay is 25 jiffies.
      [    0.000000] rcu: Adjusting geometry for rcu_fanout_leaf=16, nr_cpu_ids=4
      [    0.000000] NR_IRQS: 64, nr_irqs: 64, preallocated irqs: 0
      [    0.000000] GIC: Adjusting CPU interface base to 0x00000000f902f000
      [    0.000000] Root IRQ handler: gic_handle_irq
      [    0.000000] GIC: Using split EOI/Deactivate mode
      [    0.000000] rcu: srcu_init: Setting srcu_struct sizes based on contention.
      [    0.000000] arch_timer: cp15 timer(s) running at 100.00MHz (phys).
      [    0.000000] clocksource: arch_sys_counter: mask: 0x1ffffffffffffff max_cycles: 0x171024e7e0, max_idle_ns: 440795205315 ns
      [    0.000000] sched_clock: 57 bits at 100MHz, resolution 10ns, wraps every 4398046511100ns
      [    0.008326] Console: colour dummy device 80x25
      [    0.012489] Calibrating delay loop (skipped), value calculated using timer frequency.. 200.00 BogoMIPS (lpj=400000)
      [    0.022840] pid_max: default: 32768 minimum: 301
      [    0.027519] Mount-cache hash table entries: 8192 (order: 4, 65536 bytes, linear)
      [    0.034787] Mountpoint-cache hash table entries: 8192 (order: 4, 65536 bytes, linear)
      [    0.062633] rcu: Hierarchical SRCU implementation.
      [    0.062678] rcu:     Max phase no-delay instances is 1000.
      [    0.067198] Timer migration: 1 hierarchy levels; 8 children per group; 1 crossnode level
      [    0.075131] EFI services will not be available.
      [    0.079696] smp: Bringing up secondary CPUs ...
      [    0.084413] Detected VIPT I-cache on CPU1
      [    0.084474] CPU1: Booted secondary processor 0x0000000001 [0x410fd034]
      [    0.084899] Detected VIPT I-cache on CPU2
      [    0.084943] CPU2: Booted secondary processor 0x0000000002 [0x410fd034]
      [    0.085344] Detected VIPT I-cache on CPU3
      [    0.085388] CPU3: Booted secondary processor 0x0000000003 [0x410fd034]
      [    0.085446] smp: Brought up 1 node, 4 CPUs
      [    0.119484] SMP: Total of 4 processors activated.
      [    0.124155] CPU: All CPU(s) started at EL2
      [    0.128222] CPU features: detected: 32-bit EL0 Support
      [    0.133325] CPU features: detected: CRC32 instructions
      [    0.138460] alternatives: applying system-wide alternatives
      [    0.144874] Memory: 3738116K/4194304K available (18432K kernel code, 1938K rwdata, 17196K rodata, 3584K init, 723K bss, 190464K reserved, 262144K cma-reserved)
      [    0.158858] devtmpfs: initialized
      [    0.168177] clocksource: jiffies: mask: 0xffffffff max_cycles: 0xffffffff, max_idle_ns: 7645041785100000 ns
      [    0.172280] futex hash table entries: 1024 (order: 4, 65536 bytes, linear)
      [    0.184452] 22240 pages in range for non-PLT usage
      [    0.184470] 513760 pages in range for PLT usage
      [    0.184615] pinctrl core: initialized pinctrl subsystem
      [    0.194664] NET: Registered PF_NETLINK/PF_ROUTE protocol family
      [    0.200145] DMA: preallocated 512 KiB GFP_KERNEL pool for atomic allocations
      [    0.206546] DMA: preallocated 512 KiB GFP_KERNEL|GFP_DMA pool for atomic allocations
      [    0.214402] DMA: preallocated 512 KiB GFP_KERNEL|GFP_DMA32 pool for atomic allocations
      [    0.222031] audit: initializing netlink subsys (disabled)
      [    0.227476] audit: type=2000 audit(0.148:1): state=initialized audit_enabled=0 res=1
      [    0.227855] hw-breakpoint: found 6 breakpoint and 4 watchpoint registers.
      [    0.241878] ASID allocator initialised with 65536 entries
      [    0.257035] platform fd0e0000.pcie: Fixed dependency cycle(s) with /axi/pcie@fd0e0000
      [    0.259281] platform fd0e0000.pcie: Fixed dependency cycle(s) with /axi/pcie@fd0e0000/legacy-interrupt-controller
      [    0.273111] platform fd4a0000.display: Fixed dependency cycle(s) with /dpcon
      [    0.276496] platform dpcon: Fixed dependency cycle(s) with /axi/display@fd4a0000
      [    0.285025] HugeTLB: registered 1.00 GiB page size, pre-allocated 0 pages
      [    0.290542] HugeTLB: 0 KiB vmemmap can be freed for a 1.00 GiB page
      [    0.296769] HugeTLB: registered 32.0 MiB page size, pre-allocated 0 pages
      [    0.303513] HugeTLB: 0 KiB vmemmap can be freed for a 32.0 MiB page
      [    0.309742] HugeTLB: registered 2.00 MiB page size, pre-allocated 0 pages
      [    0.316488] HugeTLB: 0 KiB vmemmap can be freed for a 2.00 MiB page
      [    0.322719] HugeTLB: registered 64.0 KiB page size, pre-allocated 0 pages
      [    0.329463] HugeTLB: 0 KiB vmemmap can be freed for a 64.0 KiB page
      [    0.403759] raid6: neonx8   gen()  2268 MB/s
      [    0.471831] raid6: neonx4   gen()  2218 MB/s
      [    0.539907] raid6: neonx2   gen()  2112 MB/s
      [    0.607975] raid6: neonx1   gen()  1804 MB/s
      [    0.676040] raid6: int64x8  gen()  1415 MB/s
      [    0.744108] raid6: int64x4  gen()  1566 MB/s
      [    0.812176] raid6: int64x2  gen()  1398 MB/s
      [    0.880244] raid6: int64x1  gen()  1036 MB/s
      [    0.880285] raid6: using algorithm neonx8 gen() 2268 MB/s
      [    0.948299] raid6: .... xor() 1656 MB/s, rmw enabled
      [    0.948345] raid6: using neon recovery algorithm
      [    0.952624] iommu: Default domain type: Translated
      [    0.956972] iommu: DMA domain TLB invalidation policy: strict mode
      [    0.963481] SCSI subsystem initialized
      [    0.966984] usbcore: registered new interface driver usbfs
      [    0.972307] usbcore: registered new interface driver hub
      [    0.977583] usbcore: registered new device driver usb
      [    0.982742] mc: Linux media interface: v0.10
      [    0.986843] videodev: Linux video capture interface: v2.00
      [    0.992306] pps_core: LinuxPPS API ver. 1 registered
      [    0.997193] pps_core: Software ver. 5.3.6 - Copyright 2005-2007 Rodolfo Giometti <giometti@linux.it>
      [    1.006285] PTP clock support registered
      [    1.010189] EDAC MC: Ver: 3.0.0
      [    1.013594] zynqmp-ipi-mbox mailbox@ff9905c0: Registered ZynqMP IPI mbox with TX/RX channels.
      [    1.022271] jesd204: found 0 devices and 0 topologies
      [    1.026833] FPGA manager framework
      [    1.030180] Advanced Linux Sound Architecture Driver Initialized.
      [    1.036789] Bluetooth: Core ver 2.22
      [    1.039762] NET: Registered PF_BLUETOOTH protocol family
      [    1.045029] Bluetooth: HCI device and connection manager initialized
      [    1.051346] Bluetooth: HCI socket layer initialized
      [    1.056187] Bluetooth: L2CAP socket layer initialized
      [    1.061211] Bluetooth: SCO socket layer initialized
      [    1.066466] vgaarb: loaded
      [    1.068992] clocksource: Switched to clocksource arch_sys_counter
      [    1.074947] VFS: Disk quotas dquot_6.6.0
      [    1.078691] VFS: Dquot-cache hash table entries: 512 (order 0, 4096 bytes)
      [    1.091403] NET: Registered PF_INET protocol family
      [    1.091605] IP idents hash table entries: 65536 (order: 7, 524288 bytes, linear)
      [    1.100731] tcp_listen_portaddr_hash hash table entries: 2048 (order: 3, 32768 bytes, linear)
      [    1.106507] Table-perturb hash table entries: 65536 (order: 6, 262144 bytes, linear)
      [    1.114184] TCP established hash table entries: 32768 (order: 6, 262144 bytes, linear)
      [    1.122255] TCP bind hash table entries: 32768 (order: 8, 1048576 bytes, linear)
      [    1.130215] TCP: Hash tables configured (established 32768 bind 32768)
      [    1.135957] UDP hash table entries: 2048 (order: 4, 65536 bytes, linear)
      [    1.142619] UDP-Lite hash table entries: 2048 (order: 4, 65536 bytes, linear)
      [    1.149794] NET: Registered PF_UNIX/PF_LOCAL protocol family
      [    1.155676] RPC: Registered named UNIX socket transport module.
      [    1.161151] RPC: Registered udp transport module.
      [    1.165818] RPC: Registered tcp transport module.
      [    1.170487] RPC: Registered tcp-with-tls transport module.
      [    1.175937] RPC: Registered tcp NFSv4.1 backchannel transport module.
      [    1.183349] PCI: CLS 0 bytes, default 64
      [    1.187044] Initialise system trusted keyrings
      [    1.190759] workingset: timestamp_bits=62 max_order=20 bucket_order=0
      [    1.197552] NFS: Registering the id_resolver key type
      [    1.202075] Key type id_resolver registered
      [    1.206214] Key type id_legacy registered
      [    1.210206] nfs4filelayout_init: NFSv4 File Layout Driver Registering...
      [    1.216853] nfs4flexfilelayout_init: NFSv4 Flexfile Layout Driver Registering...
      [    1.224217] jffs2: version 2.2. (NAND) (SUMMARY)  � 2001-2006 Red Hat, Inc.
      [    1.231264] fuse: init (API version 7.41)
      [    1.290648] NET: Registered PF_ALG protocol family
      [    1.290699] xor: measuring software checksum speed
      [    1.295867]    8regs           :  2517 MB/sec
      [    1.300187]    32regs          :  2522 MB/sec
      [    1.304597]    arm64_neon      :  2369 MB/sec
      [    1.307539] xor: using function: 32regs (2522 MB/sec)
      [    1.312555] Key type asymmetric registered
      [    1.316623] Asymmetric key parser 'x509' registered
      [    1.321501] Block layer SCSI generic (bsg) driver version 0.4 loaded (major 246)
      [    1.328819] io scheduler mq-deadline registered
      [    1.333317] io scheduler kyber registered
      [    1.337303] io scheduler bfq registered
      [    1.345211] ledtrig-cpu: registered to indicate activity on CPUs
      [    1.382214] Serial: 8250/16550 driver, 4 ports, IRQ sharing disabled
      [    1.390339] brd: module loaded
      [    1.393840] loop: module loaded
      [    1.394216] Registered mathworks_ip class
      [    1.395886] mtdoops: mtd device (mtddev=name/number) must be supplied
      [    1.405287] tun: Universal TUN/TAP device driver, 1.6
      [    1.406857] CAN device driver interface
      [    1.411127] SPI driver wl1271_spi has no spi_device_id for ti,wl1271
      [    1.416875] SPI driver wl1271_spi has no spi_device_id for ti,wl1273
      [    1.423188] SPI driver wl1271_spi has no spi_device_id for ti,wl1281
      [    1.429501] SPI driver wl1271_spi has no spi_device_id for ti,wl1283
      [    1.435816] SPI driver wl1271_spi has no spi_device_id for ti,wl1285
      [    1.442130] SPI driver wl1271_spi has no spi_device_id for ti,wl1801
      [    1.448445] SPI driver wl1271_spi has no spi_device_id for ti,wl1805
      [    1.454759] SPI driver wl1271_spi has no spi_device_id for ti,wl1807
      [    1.461075] SPI driver wl1271_spi has no spi_device_id for ti,wl1831
      [    1.467388] SPI driver wl1271_spi has no spi_device_id for ti,wl1835
      [    1.473702] SPI driver wl1271_spi has no spi_device_id for ti,wl1837
      [    1.480121] usbcore: registered new interface driver asix
      [    1.485408] usbcore: registered new interface driver ax88179_178a
      [    1.491455] usbcore: registered new interface driver cdc_ether
      [    1.497249] usbcore: registered new interface driver net1080
      [    1.502875] usbcore: registered new interface driver cdc_subset
      [    1.508754] usbcore: registered new interface driver zaurus
      [    1.514296] usbcore: registered new interface driver cdc_ncm
      [    1.519913] usbcore: registered new interface driver r8153_ecm
      [    1.526856] usbcore: registered new interface driver uas
      [    1.530991] usbcore: registered new interface driver usb-storage
      [    1.536997] usbcore: registered new interface driver usbserial_generic
      [    1.543441] usbserial: USB Serial support registered for generic
      [    1.549410] usbcore: registered new interface driver ftdi_sio
      [    1.555116] usbserial: USB Serial support registered for FTDI USB Serial Device
      [    1.562388] usbcore: registered new interface driver upd78f0730
      [    1.568265] usbserial: USB Serial support registered for upd78f0730
      [    1.576187] rtc_zynqmp ffa60000.rtc: registered as rtc0
      [    1.579687] rtc_zynqmp ffa60000.rtc: setting system clock to 2026-03-05T12:02:31 UTC (1772712151)
      [    1.588556] i2c_dev: i2c /dev entries driver
      [    1.593339] usbcore: registered new interface driver uvcvideo
      [    1.599926] Bluetooth: HCI UART driver ver 2.3
      [    1.602859] Bluetooth: HCI UART protocol H4 registered
      [    1.607956] Bluetooth: HCI UART protocol BCSP registered
      [    1.613254] Bluetooth: HCI UART protocol LL registered
      [    1.618334] Bluetooth: HCI UART protocol ATH3K registered
      [    1.623714] Bluetooth: HCI UART protocol Three-wire (H5) registered
      [    1.629965] Bluetooth: HCI UART protocol Intel registered
      [    1.635302] Bluetooth: HCI UART protocol QCA registered
      [    1.640503] usbcore: registered new interface driver bcm203x
      [    1.646123] usbcore: registered new interface driver bpa10x
      [    1.651654] usbcore: registered new interface driver bfusb
      [    1.657108] usbcore: registered new interface driver btusb
      [    1.662570] usbcore: registered new interface driver ath3k
      [    1.668086] EDAC MC: ECC not enabled
      [    1.671874] sdhci: Secure Digital Host Controller Interface driver
      [    1.677678] sdhci: Copyright(c) Pierre Ossman
      [    1.681997] sdhci-pltfm: SDHCI platform and OF driver helper
      [    1.687864] SMCCC: SOC_ID: ID = jep106:0049:0000 Revision = 0x24738093
      [    1.694189] zynqmp_firmware_probe Platform Management API v1.1
      [    1.699936] zynqmp_firmware_probe Trustzone version v1.0
      [    1.736230] zynqmp-aes zynqmp-aes.0: will run requests pump with realtime priority
      [    1.738361] zynqmp_rsa zynqmp_rsa.0: This driver is deprecated. Please migrate to xilinx-rsa driver
      [    1.747566] usbcore: registered new interface driver usbhid
      [    1.752705] usbhid: USB HID core driver
      [    1.756668] SPI driver fb_seps525 has no spi_device_id for syncoam,seps525
      [    1.771618] hw perfevents: enabled with armv8_cortex_a53 PMU driver, 7 (0,8000003f) counters available
      [    1.775814] axi_sysid 85000000.axi-sysid-0: AXI System ID core version (1.01.a) found
      [    1.783241] axi_sysid 85000000.axi-sysid-0: [fmcomms2] on [zcu102] git branch <main> git <5da8736cb717e92a827934dd1c272b5c07c8e871> clean [2026-02-23 12:33:10] UTC
      [    1.798308] fpga_manager fpga0: Xilinx ZynqMP FPGA Manager registered
      [    1.804374] usbcore: registered new interface driver snd-usb-audio
      [    1.811694] pktgen: Packet Generator for packet performance testing. Version: 2.75
      [    1.818196] Initializing XFRM netlink socket
      [    1.821957] NET: Registered PF_INET6 protocol family
      [    1.827402] Segment Routing with IPv6
      [    1.830501] In-situ OAM (IOAM) with IPv6
      [    1.834414] sit: IPv6, IPv4 and MPLS over IPv4 tunneling driver
      [    1.840599] NET: Registered PF_PACKET protocol family
      [    1.845265] NET: Registered PF_KEY protocol family
      [    1.850115] can: controller area network core
      [    1.854366] NET: Registered PF_CAN protocol family
      [    1.859099] can: raw protocol
      [    1.862040] can: broadcast manager protocol
      [    1.866194] can: netlink gateway - max_hops=1
      [    1.870609] Bluetooth: RFCOMM TTY layer initialized
      [    1.875369] Bluetooth: RFCOMM socket layer initialized
      [    1.880474] Bluetooth: RFCOMM ver 1.11
      [    1.884187] Bluetooth: BNEP (Ethernet Emulation) ver 1.3
      [    1.889463] Bluetooth: BNEP filters: protocol multicast
      [    1.894651] Bluetooth: BNEP socket layer initialized
      [    1.899579] Bluetooth: HIDP (Human Interface Emulation) ver 1.2
      [    1.905464] Bluetooth: HIDP socket layer initialized
      [    1.910571] 9pnet: Installing 9P2000 support
      [    1.914642] NET: Registered PF_IEEE802154 protocol family
      [    1.920028] Key type dns_resolver registered
      [    1.932219] registered taskstats version 1
      [    1.932261] Loading compiled-in X.509 certificates
      [    1.941431] Btrfs loaded, zoned=no, fsverity=no
      [    1.941689] alg: No test for xilinx-zynqmp-rsa (zynqmp-rsa)
      [    1.954912] ff000000.serial: ttyPS0 at MMIO 0xff000000 (irq = 22, base_baud = 6249999) is a xuartps
      [    1.963947] printk: legacy console [ttyPS0] enabled
      [    1.963947] printk: legacy console [ttyPS0] enabled
      [    1.968867] printk: legacy bootconsole [cdns0] disabled
      [    1.968867] printk: legacy bootconsole [cdns0] disabled
      [    1.980680] ff010000.serial: ttyPS1 at MMIO 0xff010000 (irq = 23, base_baud = 6249999) is a xuartps
      [    1.998181] ad9361 spi1.0: ad9361_probe : enter (ad9361)
      [    2.004450] ad9361 spi1.0: No GPIOs defined for ext band ctrl
      [    2.252506] ad9361 spi1.0: ad9361_probe : AD936x Rev 0 successfully initialized
      [    2.260746] spi-nor spi0.0: SPI-NOR-UniqueID 4a960c0004f2ff1d006417c58c4b
      [    2.267535] spi-nor spi0.0: found mt25qu512a, expected m25p80
      [    2.273800] 4 fixed-partitions partitions found on MTD device spi0.0
      [    2.280156] Creating 4 MTD partitions on "spi0.0":
      [    2.284943] 0x000000000000-0x000000100000 : "qspi-fsbl-uboot"
      [    2.291648] 0x000000100000-0x000000600000 : "qspi-linux"
      [    2.297782] 0x000000600000-0x000000620000 : "qspi-device-tree"
      [    2.304419] 0x000000620000-0x000000c00000 : "qspi-rootfs"
      [    2.315396] xilinx-axipmon ffa00000.perf-monitor: Probed Xilinx APM
      [    2.322061] xilinx-axipmon fd0b0000.perf-monitor: Probed Xilinx APM
      [    2.328643] xilinx-axipmon fd490000.perf-monitor: Probed Xilinx APM
      [    2.335241] xilinx-axipmon ffa10000.perf-monitor: Probed Xilinx APM
      [    2.342525] i2c i2c-0: using pinctrl states for GPIO recovery
      [    2.348473] i2c i2c-0: using generic GPIOs for recovery
      [    2.354105] pca953x 0-0020: supply vcc not found, using dummy regulator
      [    2.360800] pca953x 0-0020: using no AI
      [    2.366388] pca953x 0-0021: supply vcc not found, using dummy regulator
      [    2.373079] pca953x 0-0021: using no AI
      [    2.377782] pca954x 0-0075: supply vdd not found, using dummy regulator
      [    2.385000] ina2xx 2-0040: supply vs not found, using dummy regulator
      [    2.392282] ina2xx 2-0040: power monitor ina226 (Rshunt = 5000 uOhm)
      [    2.398874] ina2xx 2-0041: supply vs not found, using dummy regulator
      [    2.406059] ina2xx 2-0041: power monitor ina226 (Rshunt = 5000 uOhm)
      [    2.412646] ina2xx 2-0042: supply vs not found, using dummy regulator
      [    2.419819] ina2xx 2-0042: power monitor ina226 (Rshunt = 5000 uOhm)
      [    2.426428] ina2xx 2-0043: supply vs not found, using dummy regulator
      [    2.433597] ina2xx 2-0043: power monitor ina226 (Rshunt = 5000 uOhm)
      [    2.440184] ina2xx 2-0044: supply vs not found, using dummy regulator
      [    2.447367] ina2xx 2-0044: power monitor ina226 (Rshunt = 5000 uOhm)
      [    2.453971] ina2xx 2-0045: supply vs not found, using dummy regulator
      [    2.461141] ina2xx 2-0045: power monitor ina226 (Rshunt = 5000 uOhm)
      [    2.467729] ina2xx 2-0046: supply vs not found, using dummy regulator
      [    2.474906] ina2xx 2-0046: power monitor ina226 (Rshunt = 5000 uOhm)
      [    2.481519] ina2xx 2-0047: supply vs not found, using dummy regulator
      [    2.488689] ina2xx 2-0047: power monitor ina226 (Rshunt = 5000 uOhm)
      [    2.495282] ina2xx 2-004a: supply vs not found, using dummy regulator
      [    2.502468] ina2xx 2-004a: power monitor ina226 (Rshunt = 5000 uOhm)
      [    2.509080] ina2xx 2-004b: supply vs not found, using dummy regulator
      [    2.516252] ina2xx 2-004b: power monitor ina226 (Rshunt = 5000 uOhm)
      [    2.522681] i2c i2c-0: Added multiplexed i2c bus 2
      [    2.527864] ina2xx 3-0040: supply vs not found, using dummy regulator
      [    2.535116] ina2xx 3-0040: power monitor ina226 (Rshunt = 2000 uOhm)
      [    2.541731] ina2xx 3-0041: supply vs not found, using dummy regulator
      [    2.548907] ina2xx 3-0041: power monitor ina226 (Rshunt = 5000 uOhm)
      [    2.555506] ina2xx 3-0042: supply vs not found, using dummy regulator
      [    2.562686] ina2xx 3-0042: power monitor ina226 (Rshunt = 5000 uOhm)
      [    2.569291] ina2xx 3-0043: supply vs not found, using dummy regulator
      [    2.576458] ina2xx 3-0043: power monitor ina226 (Rshunt = 5000 uOhm)
      [    2.583040] ina2xx 3-0044: supply vs not found, using dummy regulator
      [    2.590226] ina2xx 3-0044: power monitor ina226 (Rshunt = 5000 uOhm)
      [    2.596830] ina2xx 3-0045: supply vs not found, using dummy regulator
      [    2.604001] ina2xx 3-0045: power monitor ina226 (Rshunt = 5000 uOhm)
      [    2.610600] ina2xx 3-0046: supply vs not found, using dummy regulator
      [    2.617781] ina2xx 3-0046: power monitor ina226 (Rshunt = 5000 uOhm)
      [    2.624384] ina2xx 3-0047: supply vs not found, using dummy regulator
      [    2.631560] ina2xx 3-0047: power monitor ina226 (Rshunt = 5000 uOhm)
      [    2.637986] i2c i2c-0: Added multiplexed i2c bus 3
      [    2.689533] i2c i2c-0: Added multiplexed i2c bus 4
      [    2.694524] i2c i2c-0: Added multiplexed i2c bus 5
      [    2.699315] pca954x 0-0075: registered 4 multiplexed busses for I2C mux pca9544
      [    2.706709] cdns-i2c ff020000.i2c: 400 kHz mmio ff020000 irq 41
      [    2.713755] i2c i2c-1: using pinctrl states for GPIO recovery
      [    2.719691] i2c i2c-1: using generic GPIOs for recovery
      [    2.725348] pca954x 1-0074: supply vdd not found, using dummy regulator
      [    2.732461] at24 6-0054: supply vcc not found, using dummy regulator
      [    2.739367] at24 6-0054: 1024 byte 24c08 EEPROM, writable, 1 bytes/write
      [    2.746137] i2c i2c-1: Added multiplexed i2c bus 6
      [    2.751556] si5341 7-0036: no regulator set, defaulting vdd_sel to 2.5V for out
      [    2.758866] si5341 7-0036: no regulator set, defaulting vdd_sel to 2.5V for out
      [    2.766175] si5341 7-0036: no regulator set, defaulting vdd_sel to 2.5V for out
      [    2.773479] si5341 7-0036: no regulator set, defaulting vdd_sel to 2.5V for out
      [    2.780787] si5341 7-0036: no regulator set, defaulting vdd_sel to 2.5V for out
      [    2.788096] si5341 7-0036: no regulator set, defaulting vdd_sel to 2.5V for out
      [    2.795404] si5341 7-0036: no regulator set, defaulting vdd_sel to 2.5V for out
      [    2.802705] si5341 7-0036: no regulator set, defaulting vdd_sel to 2.5V for out
      [    2.810803] si5341 7-0036: Chip: 5341 Grade: 1 Rev: 3
      [    2.839915] i2c i2c-1: Added multiplexed i2c bus 7
      [    2.847008] si570 8-005d: registered, current frequency 300000000 Hz
      [    2.853428] i2c i2c-1: Added multiplexed i2c bus 8
      [    2.860468] si570 9-005d: registered, current frequency 156250000 Hz
      [    2.866890] i2c i2c-1: Added multiplexed i2c bus 9
      [    2.871939] si5324 10-0069: si5328 probed
      [    2.926890] si5324 10-0069: si5328 probe successful
      [    2.931832] i2c i2c-1: Added multiplexed i2c bus 10
      [    2.936891] i2c i2c-1: Added multiplexed i2c bus 11
      [    2.941957] i2c i2c-1: Added multiplexed i2c bus 12
      [    2.947024] i2c i2c-1: Added multiplexed i2c bus 13
      [    2.951907] pca954x 1-0074: registered 8 multiplexed busses for I2C switch pca9548
      [    2.959686] pca954x 1-0075: supply vdd not found, using dummy regulator
      [    2.967834] at24 14-0050: supply vcc not found, using dummy regulator
      [    2.974572] at24 14-0050: 256 byte 24c02 EEPROM, writable, 1 bytes/write
      [    2.981337] i2c i2c-1: Added multiplexed i2c bus 14
      [    2.986405] i2c i2c-1: Added multiplexed i2c bus 15
      [    2.991473] i2c i2c-1: Added multiplexed i2c bus 16
      [    2.996541] i2c i2c-1: Added multiplexed i2c bus 17
      [    3.001606] i2c i2c-1: Added multiplexed i2c bus 18
      [    3.006674] i2c i2c-1: Added multiplexed i2c bus 19
      [    3.011732] i2c i2c-1: Added multiplexed i2c bus 20
      [    3.016796] i2c i2c-1: Added multiplexed i2c bus 21
      [    3.021686] pca954x 1-0075: registered 8 multiplexed busses for I2C switch pca9548
      [    3.029311] cdns-i2c ff030000.i2c: 400 kHz mmio ff030000 irq 42
      [    3.038686] cdns-wdt fd4d0000.watchdog: Xilinx Watchdog Timer with timeout 60s
      [    3.097439] mmc0: SDHCI controller on ff170000.mmc [ff170000.mmc] using ADMA 64-bit
      [    3.149817] mmc0: new high speed SDHC card at address aaaa
      [    3.155687] mmcblk0: mmc0:aaaa SK32G 29.7 GiB
      [    3.161522]  mmcblk0: p1 p2 p3
      [    3.890529] cf_axi_adc 99020000.cf-ad9361-lpc: ADI AIM (10.03.) probed ADC AD9361 as MASTER
      [    3.913545] cf_axi_dds 99024000.cf-ad9361-dds-core-lpc: Analog Devices CF_AXI_DDS_DDS MASTER (9.02.b) at 0x99024000 mapped to 0x(____ptrval____), probed DDS AD9361
      [    3.928648] nwl-pcie fd0e0000.pcie: host bridge /axi/pcie@fd0e0000 ranges:
      [    3.935551] nwl-pcie fd0e0000.pcie:      MEM 0x00e0000000..0x00efffffff -> 0x00e0000000
      [    3.943565] nwl-pcie fd0e0000.pcie:      MEM 0x0600000000..0x07ffffffff -> 0x0600000000
      [    3.951720] nwl-pcie fd0e0000.pcie: Link is DOWN
      [    3.956805] nwl-pcie fd0e0000.pcie: PCI host bridge to bus 0000:00
      [    3.962997] pci_bus 0000:00: root bus resource [bus 00-ff]
      [    3.968481] pci_bus 0000:00: root bus resource [mem 0xe0000000-0xefffffff]
      [    3.975369] pci_bus 0000:00: root bus resource [mem 0x600000000-0x7ffffffff pref]
      [    3.982876] pci 0000:00:00.0: [10ee:d021] type 01 class 0x060400 PCIe Root Port
      [    3.990201] pci 0000:00:00.0: PCI bridge to [bus 00]
      [    3.995167] pci 0000:00:00.0:   bridge window [mem 0x00000000-0x000fffff]
      [    4.001965] pci 0000:00:00.0:   bridge window [mem 0x00000000-0x000fffff 64bit pref]
      [    4.009750] pci 0000:00:00.0: PME# supported from D0 D1 D2 D3hot
      [    4.017912] pci 0000:00:00.0: bridge configuration invalid ([bus 00-00]), reconfiguring
      [    4.026049] pci_bus 0000:01: busn_res: [bus 01-ff] end is updated to 01
      [    4.032678] pci 0000:00:00.0: PCI bridge to [bus 01]
      [    4.037658] pci_bus 0000:00: resource 4 [mem 0xe0000000-0xefffffff]
      [    4.043927] pci_bus 0000:00: resource 5 [mem 0x600000000-0x7ffffffff pref]
      [    4.051072] ahci-ceva fd0c0000.ahci: supply ahci not found, using dummy regulator
      [    4.058655] ahci-ceva fd0c0000.ahci: supply phy not found, using dummy regulator
      [    4.066140] ahci-ceva fd0c0000.ahci: supply target not found, using dummy regulator
      [    4.074038] ahci-ceva fd0c0000.ahci: AHCI vers 0001.0301, 32 command slots, 6 Gbps, platform mode
      [    4.082917] ahci-ceva fd0c0000.ahci: 2/2 ports implemented (port mask 0x3)
      [    4.089797] ahci-ceva fd0c0000.ahci: flags: 64bit ncq sntf pm clo only pmp fbs pio slum part ccc sds apst
      [    4.100431] scsi host0: ahci-ceva
      [    4.104079] scsi host1: ahci-ceva
      [    4.107517] ata1: SATA max UDMA/133 mmio [mem 0xfd0c0000-0xfd0c1fff] port 0x100 irq 49 lpm-pol 0
      [    4.116308] ata2: SATA max UDMA/133 mmio [mem 0xfd0c0000-0xfd0c1fff] port 0x180 irq 49 lpm-pol 0
      [    4.129072] macb ff0e0000.ethernet eth0: Cadence GEM rev 0x50070106 at 0xff0e0000 irq 38 (00:0a:35:07:fb:7b)
      [    4.164119] input: gpio-keys as /devices/platform/gpio-keys/input/input0
      [    4.171226] of_cfs_init
      [    4.173694] of_cfs_init: OK
      [    4.176560] cfg80211: Loading compiled-in X.509 certificates for regulatory database
      [    4.222255] Loaded X.509 cert 'sforshee: 00b28ddf47aef9cea7'
      [    4.228661] Loaded X.509 cert 'wens: 61c038651aabdcf94bd0ac7ff06c7248db18c600'
      [    4.235982] platform regulatory.0: Direct firmware load for regulatory.db failed with error -2
      [    4.241112] clk: Not disabling unused clocks
      [    4.244599] cfg80211: failed to load regulatory.db
      [    4.248855] PM: genpd: Disabling unused power domains
      [    4.259016] ALSA device list:
      [    4.261984]   No soundcards found.
      [    4.435319] ata2: SATA link down (SStatus 0 SControl 330)
      [    4.440741] ata1: SATA link down (SStatus 0 SControl 330)
      [    6.688907] EXT4-fs (mmcblk0p2): recovery complete
      [    6.695141] EXT4-fs (mmcblk0p2): mounted filesystem b4bb726c-7177-464e-bfa0-b363bd939163 r/w with ordered data mode. Quota mode: none.
      [    6.707295] VFS: Mounted root (ext4 filesystem) on device 179:2.
      [    6.721031] devtmpfs: mounted
      [    6.724894] Freeing unused kernel memory: 3584K
      [    6.729483] Run /sbin/init as init process
      [    7.343408] systemd[1]: Failed to find module 'autofs4'
      [    7.413063] systemd[1]: systemd 257.9-1~deb13u1 running in system mode (+PAM +AUDIT +SELINUX +APPARMOR +IMA +IPE +SMACK +SECCOMP +GCRYPT -GNUTLS +OPENSSL +ACL +BLKID +CURL +ELFUTILS +FIDO2 +IDN2 -IDN +IPTC +KMOD +LIBCRYPTSETUP +LIBCRYPTSETUP_PLUGINS +LIBFDISK +PCRE2 +PWQUALITY +P11KIT +QRENCODE +TPM2 +BZIP2 +LZ4 +XZ +ZLIB +ZSTD +BPF_FRAMEWORK +BTF -XKBCOMMON -UTMP +SYSVINIT +LIBARCHIVE)
      [    7.447329] systemd[1]: Detected architecture arm64.

      Welcome to Debian GNU/Linux 13 (trixie)!

      [    7.481695] systemd[1]: Hostname set to <analog>.
      [    7.580600] systemd[1]: bpf-restrict-fs: BPF LSM hook not enabled in the kernel, BPF LSM not supported.
      [    8.788669] systemd-sysv-generator[176]: SysV service '/etc/init.d/extend-rootfs-once' lacks a native systemd unit file, automatically generating a unit file for compatibility.
      [    8.804550] systemd-sysv-generator[176]: Please update package to include a native systemd unit file.
      [    8.813777] systemd-sysv-generator[176]: � This compatibility logic is deprecated, expect removal soon. �
      [    9.335335] systemd[1]: Queued start job for default target graphical.target.
      [    9.348442] systemd[1]: Created slice system-getty.slice - Slice /system/getty.
      [  OK  ] Created slice system-getty.slice - Slice /system/getty.
      [    9.369999] systemd[1]: Created slice system-modprobe.slice - Slice /system/modprobe.
      [  OK  ] Created slice system-modprobe.slice - Slice /system/modprobe.
      [    9.389963] systemd[1]: Created slice system-serial\x2dgetty.slice - Slice /system/serial-getty.
      [  OK  ] Created slice system-serial\x2dget&slice - Slice /system/serial-getty.
      [    9.409926] systemd[1]: Created slice system-systemd\x2dfsck.slice - Slice /system/systemd-fsck.
      [  OK  ] Created slice system-systemd\x2dfs&slice - Slice /system/systemd-fsck.
      [    9.429424] systemd[1]: Created slice user.slice - User and Session Slice.
      [  OK  ] Created slice user.slice - User and Session Slice.
      [    9.449237] systemd[1]: Started systemd-ask-password-wall.path - Forward Password Requests to Wall Directory Watch.
      [  OK  ] Started systemd-ask-password-wall.&d Requests to Wall Directory Watch.
      [    9.473245] systemd[1]: proc-sys-fs-binfmt_misc.automount - Arbitrary Executable File Formats File System Automount Point was skipped because of an unmet condition check (ConditionPathExists=/proc/sys/fs/binfmt_misc).
      [    9.492625] systemd[1]: Expecting device dev-disk-by\x2dpartuuid-455e774c\x2d01.device - /dev/disk/by-partuuid/455e774c-01...
              Expecting device dev-disk-by\x2dpa&dev/disk/by-partuuid/455e774c-01...
      [    9.517067] systemd[1]: Expecting device dev-ttyGS0.device - /dev/ttyGS0...
              Expecting device dev-ttyGS0.device - /dev/ttyGS0...
      [    9.537060] systemd[1]: Expecting device dev-ttyGS1.device - /dev/ttyGS1...
              Expecting device dev-ttyGS1.device - /dev/ttyGS1...
      [    9.557052] systemd[1]: Expecting device dev-ttyPS0.device - /dev/ttyPS0...
              Expecting device dev-ttyPS0.device - /dev/ttyPS0...
      [    9.577056] systemd[1]: Expecting device dev-ttyS0.device - /dev/ttyS0...
              Expecting device dev-ttyS0.device - /dev/ttyS0...
      [    9.597180] systemd[1]: Reached target nss-user-lookup.target - User and Group Name Lookups.
      [  OK  ] Reached target nss-user-lookup.target - User and Group Name Lookups.
      [    9.617107] systemd[1]: Reached target remote-fs.target - Remote File Systems.
      [  OK  ] Reached target remote-fs.target - Remote File Systems.
      [    9.637083] systemd[1]: Reached target slices.target - Slice Units.
      [  OK  ] Reached target slices.target - Slice Units.
      [    9.657121] systemd[1]: Reached target swap.target - Swaps.
      [  OK  ] Reached target swap.target - Swaps.
      [    9.677374] systemd[1]: Listening on systemd-creds.socket - Credential Encryption/Decryption.
      [  OK  ] Listening on systemd-creds.socket - Credential Encryption/Decryption.
      [    9.697307] systemd[1]: Listening on systemd-initctl.socket - initctl Compatibility Named Pipe.
      [  OK  ] Listening on systemd-initctl.socke&- initctl Compatibility Named Pipe.
      [    9.717332] systemd[1]: Listening on systemd-journald-dev-log.socket - Journal Socket (/dev/log).
      [  OK  ] Listening on systemd-journald-dev-&socket - Journal Socket (/dev/log).
      [    9.737339] systemd[1]: Listening on systemd-journald.socket - Journal Sockets.
      [  OK  ] Listening on systemd-journald.socket - Journal Sockets.
      [    9.757170] systemd[1]: systemd-pcrextend.socket - TPM PCR Measurements was skipped because of an unmet condition check (ConditionSecurity=measured-uki).
      [    9.770976] systemd[1]: systemd-pcrlock.socket - Make TPM PCR Policy was skipped because of an unmet condition check (ConditionSecurity=measured-uki).
      [    9.784774] systemd[1]: Listening on systemd-udevd-control.socket - udev Control Socket.
      [  OK  ] Listening on systemd-udevd-control.socket - udev Control Socket.
      [    9.805226] systemd[1]: Listening on systemd-udevd-kernel.socket - udev Kernel Socket.
      [  OK  ] Listening on systemd-udevd-kernel.socket - udev Kernel Socket.
      [    9.828049] systemd[1]: Mounting dev-hugepages.mount - Huge Pages File System...
              Mounting dev-hugepages.mount - Huge Pages File System...
      [    9.851313] systemd[1]: Mounting dev-mqueue.mount - POSIX Message Queue File System...
              Mounting dev-mqueue.mount - POSIX Message Q[    9.862091] systemd[1]: Mounting run-lock.mount - Legacy Locks Directory /run/lock...
      ueue File System...
              Mounting run-lock.mount - Legacy Locks Directory /run/lock...
      [    9.902018] systemd[1]: Mounting sys-kernel-debug.mount - Kernel Debug File System...
              Mounting sys-kernel-debug.mount - Kernel Debug File System...
      [    9.925636] systemd[1]: sys-kernel-tracing.mount - Kernel Trace File System was skipped because of an unmet condition check (ConditionPathExists=/sys/kernel/tracing).
      [    9.943518] systemd[1]: Mounting tmp.mount - Temporary Directory /tmp...
              Mounting tmp.mount - Temporary Directory /tmp...
      [    9.964041] systemd[1]: Starting fake-hwclock-load.service - Restore the current clock...
              Starting fake-hwclock-load.service - Restor[    9.973711] systemd[1]: kmod-static-nodes.service - Create List of Static Device Nodes was skipped because of an unmet condition check (ConditionFileNotEmpty=/lib/modules/6.12.0-g126deeb87ea1/modules.devname).
      e the current clock...
      [    9.999769] systemd[1]: Starting modprobe@configfs.service - Load Kernel Module configfs...
              Starting modprobe@configfs.service - Load Kernel Module configfs...
      [   10.030115] systemd[1]: Starting modprobe@drm.service - Load Kernel Module drm...
              Starting modprobe@drm.service - Load Kernel Module drm...
      [   10.052122] systemd[1]: Starting modprobe@efi_pstore.service - Load Kernel Module efi_pstore...
              Starting modprobe@efi_pstore.servi& - Loa[   10.064410] systemd[1]: Starting modprobe@fuse.service - Load Kernel Module fuse...
      d Kernel Module efi_pstore...
              Starting modprobe@fuse.service - Load Kernel Module fuse...
      [   10.099888] systemd[1]: systemd-hibernate-clear.service - Clear Stale Hibernate Storage Info was skipped because of an unmet condition check (ConditionPathExists=/sys/firmware/efi/efivars/HibernateLocation-8cf2644b-4b0b-428f-9387-6d876050dc67).
      [   10.122706] systemd[1]: systemd-journald.service: unit configures an IP firewall, but the local system does not support BPF/cgroup firewalling.
      [   10.135594] systemd[1]: systemd-journald.service: (This warning is only shown for the first unit using IP firewalling.)
      [   10.148504] systemd[1]: Starting systemd-journald.service - Journal Service...
              Starting systemd-journald.service - Journal Service...
      [   10.172895] systemd[1]: Starting systemd-modules-load.service - Load Kernel Modules...
              Starting systemd-modules-load.service - Load Kernel Modules...
      [   10.193255] systemd[1]: systemd-pcrmachine.service - TPM PCR Machine ID Measurement was skipped because of an unmet condition check (ConditionSecurity=measured-uki).
      [   10.210863] systemd[1]: Starting systemd-tmpfiles-setup-dev-early.service - Create Static Device Nodes in /dev gracefully...
              Starting systemd-tmpfiles-setup-de& Device Nodes in /dev gracefully...
      [   10.233305] systemd[1]: systemd-tpm2-setup-early.service - Early TPM SRK Setup was skipped because of an unmet condition check (ConditionSecurity=measured-uki).
      [   10.250445] systemd[1]: Starting systemd-udev-load-credentials.service - Load udev Rules from Credentials...
              Starting systemd-udev-load-credent&Load u[   10.261855] systemd-journald[193]: Collecting audit messages is disabled.
      dev Rules from Credentials...
      [   10.285642] systemd[1]: Starting systemd-udev-trigger.service - Coldplug All udev Devices...
              Starting systemd-udev-trigger.service - Coldplug All udev Devices...
      [   10.312094] systemd[1]: Mounted dev-hugepages.mount - Huge Pages File System.
      [  OK  ] Mounted dev-hugepages.mount - Huge Pages File System.
      [   10.333727] systemd[1]: Mounted dev-mqueue.mount - POSIX Message Queue File System.
      [  OK  ] Mounted dev-mqueue.mount - POSIX Message Queue File System.
      [   10.353567] systemd[1]: Mounted run-lock.mount - Legacy Locks Directory /run/lock.
      [  OK  ] Mounted run-lock.mount - Legacy Locks Directory /run/lock.
      [   10.373788] systemd[1]: Mounted sys-kernel-debug.mount - Kernel Debug File System.
      [  OK  ] Mounted sys-kernel-debug.mount - Kernel Debug File System.
      [   10.393538] systemd[1]: Mounted tmp.mount - Temporary Directory /tmp.
      [  OK  ] Mounted tmp.mount - Temporary Directory /tmp.
      [   10.413657] systemd[1]: Started systemd-journald.service - Journal Service.
      [  OK  ] Started systemd-journald.service - Journal Service.
      [  OK  ] Finished fake-hwclock-load.service - Restore the current clock.
      [  OK  ] Finished modprobe@configfs.service - Load Kernel Module configfs.
      [  OK  ] Finished modprobe@drm.service - Load Kernel Module drm.
      [  OK  ] Finished modprobe@efi_pstore.service - Load Kernel Module efi_pstore.
      [  OK  ] Finished modprobe@fuse.service - Load Kernel Module fuse.
      [  OK  ] Finished systemd-modules-load.service - Load Kernel Modules.
      [  OK  ] Finished systemd-tmpfiles-setup-de&ic Device Nodes in /dev gracefully.
      [  OK  ] Finished systemd-udev-load-credent&- Load udev Rules from Credentials.
              Mounting sys-fs-fuse-connections.mount - FUSE Control File System...
              Mounting sys-kernel-config.mount - Kernel Configuration File System...
              Starting systemd-remount-fs.servic&unt Root and Kernel File Systems...
              Starting systemd-sysctl.service - Apply Kernel Variables...
      [  OK  ] Mounted sys-fs-fuse-connections.mount - FUSE Control File System.
      [  OK  ] Mounted sys-kernel-config.mount - Kernel Configuration File System.
      [  OK  ] Finished systemd-sysctl.service - Apply Kernel Variables.
      [  OK  ] Finished systemd-remount-fs.servic&mount Root and Kernel File Systems.
              Starting systemd-journal-flush.ser&sh Journal to Persistent Storage...
              Starting systemd-random-seed.service - Load/Save OS Random Seed...
              Starting systemd-sysusers.service - Create System Users...
      [  OK  ] Finished systemd-random-seed.service - Load/Save OS Random Seed.
      [  OK  ] Finished systemd-sysusers.service - Create System Users.
              Starting systemd-tmpfiles-setup-de&eate Static Device Nodes in /dev...
      [  OK  ] Finished systemd-tmpfiles-setup-de&Create Static Device Nodes in /dev.
      [  OK  ] Reached target local-fs-pre.target&Preparation for Local File Systems.
              Starting systemd-udevd.service - R&ager for Device Events and Files...
      [  OK  ] Finished systemd-journal-flush.ser&lush Journal to Persistent Storage.
      [  OK  ] Finished systemd-udev-trigger.service - Coldplug All udev Devices.
              Starting ifupdown-pre.service - He&synchronize boot up for ifupdown...
      [  OK  ] Finished ifupdown-pre.service - He&o synchronize boot up for ifupdown.
      [  OK  ] Started systemd-udevd.service - Ru&anager for Device Events and Files.
              Starting plymouth-start.service - Show Plymouth Boot Screen...
      [  OK  ] Found device dev-ttyPS0.device - /dev/ttyPS0.
      mtdoops: mtd device (mtddev=name/number) must be supplied
      systemd[1]: Failed to find module 'autofs4'
      [  OK  ] Started plymouth-start.service - Show Plymouth Boot Screen.
      [  OK  ] Found device dev-disk-by\x2dpartuu& /dev/disk/by-partuuid/455e774c-01.
      [  OK  ] Started systemd-ask-password-plymo&quests to Plymouth Directory Watch.
      [  OK  ] Reached target paths.target - Path Units.
      [  OK  ] Reached target usb-gadget.target - Hardware activated USB gadget.
      [  OK  ] Listening on systemd-rfkill.socket&ll Switch Status /dev/rfkill Watch.
              Starting fake-hwclock-load.service - Restore the current clock...
              Starting modprobe@efi_pstore.servi& - Load Kernel Module efi_pstore...
              Starting systemd-udev-settle.servi&o Complete Device Initialization...
      [  OK  ] Finished modprobe@efi_pstore.service - Load Kernel Module efi_pstore.
      [  OK  ] Finished fake-hwclock-load.service - Restore the current clock.
              Starting systemd-fsck@dev-disk-by\&dev/disk/by-partuuid/455e774c-01...
      [  OK  ] Finished systemd-udev-settle.servi& To Complete Device Initialization.
      [  OK  ] Finished systemd-fsck@dev-disk-by\& /dev/disk/by-partuuid/455e774c-01.
              Mounting boot.mount - /boot...
      [  OK  ] Mounted boot.mount - /boot.
      [  OK  ] Reached target local-fs.target - Local File Systems.
      [  OK  ] Listening on systemd-sysext.socket& System Extension Image Management.
              Starting networking.service - Raise network interfaces...
              Starting plymouth-read-write.servi&ymouth To Write Out Runtime Data...
              Starting systemd-tmpfiles-setup.se&ate System Files and Directories...
      [  OK  ] Finished plymouth-read-write.servi&Plymouth To Write Out Runtime Data.
      [  OK  ] Finished systemd-tmpfiles-setup.se&reate System Files and Directories.
              Starting ldconfig.service - Rebuild Dynamic Linker Cache...
              Starting systemd-journal-catalog-u&ervice - Rebuild Journal Catalog...
              Starting fake-hwclock-load.service - Restore the current clock...
              Starting modprobe@efi_pstore.servi& - Load Kernel Module efi_pstore...
      [  OK  ] Finished modprobe@efi_pstore.service - Load Kernel Module efi_pstore.
      [  OK  ] Finished fake-hwclock-load.service - Restore the current clock.
      [  OK  ] Finished networking.service - Raise network interfaces.
      [  OK  ] Finished systemd-journal-catalog-u&.service - Rebuild Journal Catalog.
      [  OK  ] Finished ldconfig.service - Rebuild Dynamic Linker Cache.
              Starting systemd-update-done.service - Update is Completed...
      [  OK  ] Finished systemd-update-done.service - Update is Completed.
      [  OK  ] Reached target sysinit.target - System Initialization.
      [  OK  ] Started apt-daily.timer - Daily apt download activities.
      [  OK  ] Started apt-daily-upgrade.timer - &y apt upgrade and clean activities.
      [  OK  ] Started dpkg-db-backup.timer - Daily dpkg database backup timer.
      [  OK  ] Started e2scrub_all.timer - Period&Metadata Check for All Filesystems.
      [  OK  ] Started fake-hwclock-save.timer - Periodically save current clock.
      [  OK  ] Started fstrim.timer - Discard unused filesystem blocks once a week.
      [  OK  ] Started logrotate.timer - Daily rotation of log files.
      [  OK  ] Started man-db.timer - Daily man-db regeneration.
      [  OK  ] Started ntpsec-rotate-stats.timer - Rotate ntpd stats daily.
      [  OK  ] Started systemd-tmpfiles-clean.tim&y Cleanup of Temporary Directories.
      [  OK  ] Reached target timers.target - Timer Units.
      [  OK  ] Listening on avahi-daemon.socket -&DNS/DNS-SD Stack Activation Socket.
      [  OK  ] Listening on dbus.socket - D-Bus System Message Bus Socket.
      [  OK  ] Listening on sshd-unix-local.socke&temd-ssh-generator, AF_UNIX Local).
      [  OK  ] Listening on systemd-hostnamed.socket - Hostname Service Socket.
      [  OK  ] Reached target sockets.target - Socket Units.
      [  OK  ] Reached target basic.target - Basic System.
              Starting accounts-daemon.service - Accounts Service...
              Starting adi-power.service - Analog Devices power up/down sequence...
              Starting avahi-daemon.service - Avahi mDNS/DNS-SD Stack...
              Starting blueman-mechanism.service - Bluetooth management mechanism...
      [  OK  ] Started cron.service - Regular background program processing daemon.
              Starting dbus.service - D-Bus System Message Bus...
              Starting e2scrub_reap.service - Re&ne ext4 Metadata Check Snapshots...
              Starting extend-rootfs-once.servic&oot filesystem to fill partition...
      [  OK  ] Started fan-control.service - fan-control.
              Starting fix-display-port.service - Fix DP audio and X11...
              Starting iiod_context_attr.service&ating IIOD Context Attributes......
              Starting systemd-logind.service - User Login Management...
              Starting udisks2.service - Disk Manager...
      [FAILED] Failed to start iiod_context_attr.&reating IIOD Context Attributes....
      See 'systemctl status iiod_context_attr.service' for details.
      [  OK  ] Started systemd-logind.service - User Login Management.
      [  OK  ] Finished fix-display-port.service - Fix DP audio and X11.
      [  OK  ] Started dbus.service - D-Bus System Message Bus.
              Starting NetworkManager.service - Network Manager...
              Starting wpa_supplicant.service - WPA supplicant...
      [  OK  ] Started avahi-daemon.service - Avahi mDNS/DNS-SD Stack.
      [  OK  ] Started wpa_supplicant.service - WPA supplicant.
      [  OK  ] Finished adi-power.service - Analog Devices power up/down sequence.
              Starting systemd-hostnamed.service - Hostname Service...
              Starting polkit.service - Authorization Manager...
      [  OK  ] Started systemd-hostnamed.service - Hostname Service.
              Starting NetworkManager-dispatcher&anager Script Dispatcher Service...
      [  OK  ] Started polkit.service - Authorization Manager.
      [  OK  ] Started accounts-daemon.service - Accounts Service.
      [  OK  ] Started NetworkManager-dispatcher.& Manager Script Dispatcher Service.
      [  OK  ] Started NetworkManager.service - Network Manager.
      [  OK  ] Reached target network.target - Network.
              Starting gt.service - Load USB gadget scheme...
              Starting htpdate.service - HTTP based time synchronization tool...
              Starting ntpsec.service - Network Time Service...
              Starting ssh.service - OpenBSD Secure Shell server...
              Starting systemd-user-sessions.service - Permit User Sessions...
      [  OK  ] Started udiskie.service - Udiskie &rvice for managing removable media.
      [FAILED] Failed to start gt.service - Load USB gadget scheme.
      See 'systemctl status gt.service' for details.
      [DEPEND] Dependency failed for dev-iio_ffs.mount - Mount FunctionFS instance.
      [DEPEND] Dependency failed for iiod_ffs.ser& - IIO Daemon with USB FFS support.
      [DEPEND] Dependency failed for gt-start.service - Start USB gadget scheme.
      [  OK  ] Started udisks2.service - Disk Manager.
      [  OK  ] Reached target gt.target - Hardware activated USB gadget.
      [  OK  ] Finished systemd-user-sessions.service - Permit User Sessions.
              Starting lightdm.service - Light Display Manager...
              Starting plymouth-quit-wait.servic&d until boot process finishes up...
      [  OK  ] Started htpdate.service - HTTP based time synchronization tool.
      [  OK  ] Started ntpsec.service - Network Time Service.

      Debian GNU/Linux 13 analog ttyPS0

      analog login: root (automatic login)

      Linux analog 6.12.0-g126deeb87ea1 #1 SMP Fri Feb 20 16:53:26 UTC 2026 aarch64

      The programs included with the Debian GNU/Linux system are free software;
      the exact distribution terms for each program are described in the
      individual files in /usr/share/doc/*/copyright.

      Debian GNU/Linux comes with ABSOLUTELY NO WARRANTY, to the extent
      permitted by applicable law.
      root@analog:~#


Useful commands for the serial terminal
^^^^^^^^^^^^^^^^^^^^^^^^^^^^^^^^^^^^^^^^^^^^^^^^^^^^^^^^^^^^^^^^^^^^^^^^^^^^^^^

The below commands are to be run in the serial terminal connected to the FPGA.

To find out the IP of the FPGA board, run the following command and take the
IP specified at "eth0 inet":

.. shell::

   $ifconfig

To see the IIO devices detected, run:

.. shell::

   $iio_info | grep iio:device
    iio:device0: xilinx-ams
    iio:device1: hmc7044
    iio:device2: axi-ad9081-rx-hpc (buffer capable)
    iio:device3: axi-ad9081-tx-hpc (buffer capable)

To see the EEPROM specifications, run:

.. shell::

   $fru-dump -b /sys/bus/i2c/devices/15-0050/eeprom

To use the :dokuwiki:`JESD204 status utility <resources/tools-software/linux-software/jesd_status>`,
run:

.. shell::

   $jesd_status

Additionally, if running ``stty rows 30`` before running ``jesd_status``, you
can expand the visible area of it and see more than 4 lanes.

To power off the system, run the following command, and wait for the final
message to be printed, then power off the FPGA board from the switch as well.

.. shell::

   $poweroff

To reboot the system, run:

.. shell::

   $reboot

.. important::

   Even thought this is Linux, this is a persistent file systems. Care should
   be taken not to corrupt the file system -- please shut down things, don't
   just turn off the power switch. Depending on your monitor, the standard
   power off could be hiding. You can do this from the terminal as well with
   :code:`sudo shutdown -h now` or the above-mentioned command for powering
   off.

.. include:: ../../common/using-iio-osc.rst

About the IIO devices
^^^^^^^^^^^^^^^^^^^^^^^^^^^^^^^^^^^^^^^^^^^^^^^^^^^^^^^^^^^^^^^^^^^^^^^^^^^^^^^

Main receivers RX1, RX2, RX3, and RX4 are handled by the axi-ad9081-rx-hpc IIO
device.

Channels:

- IIO device channel: ``axi-ad9081-rx-hpc``
- Receiver inputs:

  - {``voltage0_i``, ``voltage0_q``}: RX1
  - {``voltage1_i``, ``voltage1_q``}: RX2
  - {``voltage2_i``, ``voltage2_q``}: RX3
  - {``voltage3_i``, ``voltage3_q``}: RX4

Using no-OS as software
-------------------------------------------------------------------------------

Necessary files
~~~~~~~~~~~~~~~~~~~~~~~~~~~~~~~~~~~~~~~~~~~~~~~~~~~~~~~~~~~~~~~~~~~~~~~~~~~~~~~

The following files are needed for the system to boot:

- HDL boot file: ``system_top.xsa``
- no-OS project: :git-no-os:`projects/ad9081`

Instructions on how to build the boot files from source can be found here:

- :external+no-OS:doc:`projects/adc/ad9081`. More no-OS build
  details at :external+no-OS:doc:`build_guide`.
- :external+hdl:ref:`ad9081_fmca_ebz`. More HDL build details at
  :external+hdl:ref:`build_hdl`.

Required Software
~~~~~~~~~~~~~~~~~~~~~~~~~~~~~~~~~~~~~~~~~~~~~~~~~~~~~~~~~~~~~~~~~~~~~~~~~~~~~~~

- AMD Xilinx Vivado and Vitis (downloading Vitis from
  `here <https://www.xilinx.com/support/download/index.html/content/xilinx/en/downloadNav/vitis.html>`_
  will include Vivado as well)
- An UART terminal (Putty/Tera Term/Minicom, etc.), Baud rate 115200 (8N1)

Required Hardware
~~~~~~~~~~~~~~~~~~~~~~~~~~~~~~~~~~~~~~~~~~~~~~~~~~~~~~~~~~~~~~~~~~~~~~~~~~~~~~~

- AMD Xilinx :xilinx:`ZCU102` Rev 1.0 FPGA board and its power supply
- :adi:`EVAL-AD9081` / :adi:`EVAL-AD9082` FMC evaluation board
- 2x Micro-USB cables, one for UART and one for JTAG
- (Optional) USB keyboard & mouse and a HDMI-compatible monitor

More details as to why you need these, can be found at
:ref:`ad9081 prerequisites`.

Testing
~~~~~~~~~~~~~~~~~~~~~~~~~~~~~~~~~~~~~~~~~~~~~~~~~~~~~~~~~~~~~~~~~~~~~~~~~~~~~~~

Creating the setup
^^^^^^^^^^^^^^^^^^^^^^^^^^^^^^^^^^^^^^^^^^^^^^^^^^^^^^^^^^^^^^^^^^^^^^^^^^^^^^^

.. image:: ../../images/ad9081_zcu102_setup.png
   :width: 800

Follow the steps in this order, to avoid damaging the components:

#. Connect the :adi:`EVAL-AD9081` / :adi:`EVAL-AD9082` FMC board to the ZCU102
   **HPC1** FMC1 socket
#. Configure :xilinx:`ZCU102` for JTAG boot mode (mode SW6[4:1] switch in
   the position **ON,ON,ON,ON**)
#. Connect USB UART J83 (Micro USB) to your host PC
#. Connect USB JTAG (Micro USB) to your host PC
#. (Optional) Connect a monitor to the FPGA by HDMI, and a mouse and a keyboard
#. Turn on the power switch on the FPGA board
#. Observe console output messages on your terminal (use the first ttyUSB or
   COM port registered)

Console output
^^^^^^^^^^^^^^^^^^^^^^^^^^^^^^^^^^^^^^^^^^^^^^^^^^^^^^^^^^^^^^^^^^^^^^^^^^^^^^^

The following is what is printed in the serial console, after you have
connected to the proper ttyUSB or COM port:

.. collapsible:: Complete boot log

   ::

      Xilinx Zynq MP First Stage Boot Loader

..
   TBD

.. include:: ../../common/using-iio-osc.rst
